000 (1132.004.000) 2025-12-25 18:43:11 Job submitted from host: <130.199.48.160:9618?addrs=[2620-0-210-a002--160]-9618+130.199.48.160-9618&alias=eicsub02.sdcc.bnl.gov&noUDP&sock=schedd_1122_32c5>
...
001 (1132.004.000) 2025-12-25 18:43:31 Job executing on host: <130.199.149.88:9618?addrs=[2620-0-210-9008--88]-9618+130.199.149.88-9618&alias=spool0222.sdcc.bnl.gov&noUDP&sock=startd_407865_3919>
	SlotName: slot1_23@spool0222.sdcc.bnl.gov
	CondorScratchDir = "/home/condor/local/sdcc/execute/dir_1110085"
	Cpus = 1
	Disk = 14765
	Memory = 4096
	xferslots = 0
...
006 (1132.004.000) 2025-12-25 18:43:44 Image size of job updated: 42176
	42  -  MemoryUsage of job (MB)
	42176  -  ResidentSetSize of job (KB)
...
006 (1132.004.000) 2025-12-25 18:48:44 Image size of job updated: 2015560
	1969  -  MemoryUsage of job (MB)
	2015556  -  ResidentSetSize of job (KB)
...
006 (1132.004.000) 2025-12-25 18:53:46 Image size of job updated: 2017828
	1971  -  MemoryUsage of job (MB)
	2017676  -  ResidentSetSize of job (KB)
...
006 (1132.004.000) 2025-12-25 18:58:46 Image size of job updated: 2021200
	1974  -  MemoryUsage of job (MB)
	2021200  -  ResidentSetSize of job (KB)
...
006 (1132.004.000) 2025-12-25 19:03:46 Image size of job updated: 2023996
	1975  -  MemoryUsage of job (MB)
	2022216  -  ResidentSetSize of job (KB)
...
006 (1132.004.000) 2025-12-25 19:06:55 Image size of job updated: 2334820
	1975  -  MemoryUsage of job (MB)
	2022216  -  ResidentSetSize of job (KB)
...
005 (1132.004.000) 2025-12-25 19:06:55 Job terminated.
	(1) Normal termination (return value 0)
		Usr 0 00:15:10, Sys 0 00:00:40  -  Run Remote Usage
		Usr 0 00:00:00, Sys 0 00:00:00  -  Run Local Usage
		Usr 0 00:15:10, Sys 0 00:00:40  -  Total Remote Usage
		Usr 0 00:00:00, Sys 0 00:00:00  -  Total Local Usage
	0  -  Run Bytes Sent By Job
	0  -  Run Bytes Received By Job
	0  -  Total Bytes Sent By Job
	0  -  Total Bytes Received By Job
	Partitionable Resources :    Usage  Request Allocated 
	   Cpus                 :     0.76        1         1 
	   Disk (KB)            :     1           1     14765 
	   Memory (MB)          :  1975        4096      4096 
	   TimeExecute (s)      :  1404                       
	   TimeSlotBusy (s)     :  1405                       
	   xferslots            :                           0 

	Job terminated of its own accord at 2025-12-26T00:06:55Z with exit-code 0.
...
