000 (1132.185.000) 2025-12-25 18:43:11 Job submitted from host: <130.199.48.160:9618?addrs=[2620-0-210-a002--160]-9618+130.199.48.160-9618&alias=eicsub02.sdcc.bnl.gov&noUDP&sock=schedd_1122_32c5>
...
001 (1132.185.000) 2025-12-25 18:50:37 Job executing on host: <130.199.184.201:9618?addrs=130.199.184.201-9618&alias=spool1776.sdcc.bnl.gov&noUDP&sock=startd_107283_d08b>
	SlotName: slot1_38@spool1776.sdcc.bnl.gov
	CondorScratchDir = "/home/condor/local/sdcc/execute/dir_378808"
	Cpus = 1
	Disk = 7408
	Memory = 4096
	xferslots = 0
...
006 (1132.185.000) 2025-12-25 18:50:45 Image size of job updated: 60220
	59  -  MemoryUsage of job (MB)
	60220  -  ResidentSetSize of job (KB)
...
006 (1132.185.000) 2025-12-25 18:55:45 Image size of job updated: 2017388
	1971  -  MemoryUsage of job (MB)
	2017324  -  ResidentSetSize of job (KB)
...
006 (1132.185.000) 2025-12-25 19:00:46 Image size of job updated: 2020536
	1974  -  MemoryUsage of job (MB)
	2020476  -  ResidentSetSize of job (KB)
...
006 (1132.185.000) 2025-12-25 19:05:47 Image size of job updated: 2023652
	1976  -  MemoryUsage of job (MB)
	2022516  -  ResidentSetSize of job (KB)
...
006 (1132.185.000) 2025-12-25 19:08:26 Image size of job updated: 2320896
	1976  -  MemoryUsage of job (MB)
	2022516  -  ResidentSetSize of job (KB)
...
005 (1132.185.000) 2025-12-25 19:08:26 Job terminated.
	(1) Normal termination (return value 0)
		Usr 0 00:15:12, Sys 0 00:00:12  -  Run Remote Usage
		Usr 0 00:00:00, Sys 0 00:00:00  -  Run Local Usage
		Usr 0 00:15:12, Sys 0 00:00:12  -  Total Remote Usage
		Usr 0 00:00:00, Sys 0 00:00:00  -  Total Local Usage
	0  -  Run Bytes Sent By Job
	0  -  Run Bytes Received By Job
	0  -  Total Bytes Sent By Job
	0  -  Total Bytes Received By Job
	Partitionable Resources :    Usage  Request Allocated 
	   Cpus                 :     0.89        1         1 
	   Disk (KB)            :     1           1      7408 
	   Memory (MB)          :  1976        4096      4096 
	   TimeExecute (s)      :  1069                       
	   TimeSlotBusy (s)     :  1070                       
	   xferslots            :                           0 
...
