000 (1132.120.000) 2025-12-25 18:43:11 Job submitted from host: <130.199.48.160:9618?addrs=[2620-0-210-a002--160]-9618+130.199.48.160-9618&alias=eicsub02.sdcc.bnl.gov&noUDP&sock=schedd_1122_32c5>
...
001 (1132.120.000) 2025-12-25 18:48:04 Job executing on host: <130.199.149.76:9618?addrs=[2620-0-210-9008--76]-9618+130.199.149.76-9618&alias=spool0210.sdcc.bnl.gov&noUDP&sock=startd_408258_9a43>
	SlotName: slot1_13@spool0210.sdcc.bnl.gov
	CondorScratchDir = "/home/condor/local/sdcc/execute/dir_410250"
	Cpus = 1
	Disk = 14765
	Memory = 4096
	xferslots = 0
...
006 (1132.120.000) 2025-12-25 18:48:18 Image size of job updated: 28516
	28  -  MemoryUsage of job (MB)
	28516  -  ResidentSetSize of job (KB)
...
006 (1132.120.000) 2025-12-25 18:53:19 Image size of job updated: 2017860
	1971  -  MemoryUsage of job (MB)
	2017860  -  ResidentSetSize of job (KB)
...
006 (1132.120.000) 2025-12-25 18:58:20 Image size of job updated: 2021300
	1974  -  MemoryUsage of job (MB)
	2021284  -  ResidentSetSize of job (KB)
...
006 (1132.120.000) 2025-12-25 19:07:53 Image size of job updated: 2308104
	1974  -  MemoryUsage of job (MB)
	2021284  -  ResidentSetSize of job (KB)
...
005 (1132.120.000) 2025-12-25 19:07:53 Job terminated.
	(1) Normal termination (return value 0)
		Usr 0 00:13:35, Sys 0 00:00:31  -  Run Remote Usage
		Usr 0 00:00:00, Sys 0 00:00:00  -  Run Local Usage
		Usr 0 00:13:35, Sys 0 00:00:31  -  Total Remote Usage
		Usr 0 00:00:00, Sys 0 00:00:00  -  Total Local Usage
	0  -  Run Bytes Sent By Job
	0  -  Run Bytes Received By Job
	0  -  Total Bytes Sent By Job
	0  -  Total Bytes Received By Job
	Partitionable Resources :    Usage  Request Allocated 
	   Cpus                 :     0.64        1         1 
	   Disk (KB)            :     1           1     14765 
	   Memory (MB)          :  1974        4096      4096 
	   TimeExecute (s)      :  1189                       
	   TimeSlotBusy (s)     :  1189                       
	   xferslots            :                           0 

	Job terminated of its own accord at 2025-12-26T00:07:53Z with exit-code 0.
...
