000 (1132.072.000) 2025-12-25 18:43:11 Job submitted from host: <130.199.48.160:9618?addrs=[2620-0-210-a002--160]-9618+130.199.48.160-9618&alias=eicsub02.sdcc.bnl.gov&noUDP&sock=schedd_1122_32c5>
...
001 (1132.072.000) 2025-12-25 18:46:29 Job executing on host: <130.199.149.221:9618?addrs=[2620-0-210-9012--221]-9618+130.199.149.221-9618&alias=spool0651.sdcc.bnl.gov&noUDP&sock=startd_383117_cb21>
	SlotName: slot1_21@spool0651.sdcc.bnl.gov
	CondorScratchDir = "/home/condor/local/sdcc/execute/dir_226960"
	Cpus = 1
	Disk = 14709
	Memory = 4096
	xferslots = 0
...
006 (1132.072.000) 2025-12-25 18:46:42 Image size of job updated: 23220
	23  -  MemoryUsage of job (MB)
	23220  -  ResidentSetSize of job (KB)
...
006 (1132.072.000) 2025-12-25 18:51:42 Image size of job updated: 2017688
	1971  -  MemoryUsage of job (MB)
	2017296  -  ResidentSetSize of job (KB)
...
006 (1132.072.000) 2025-12-25 18:56:43 Image size of job updated: 2022168
	1971  -  MemoryUsage of job (MB)
	2017296  -  ResidentSetSize of job (KB)
...
006 (1132.072.000) 2025-12-25 19:01:44 Image size of job updated: 2026192
	1971  -  MemoryUsage of job (MB)
	2017296  -  ResidentSetSize of job (KB)
...
006 (1132.072.000) 2025-12-25 19:06:43 Image size of job updated: 2324168
	1971  -  MemoryUsage of job (MB)
	2017296  -  ResidentSetSize of job (KB)
...
005 (1132.072.000) 2025-12-25 19:06:43 Job terminated.
	(1) Normal termination (return value 0)
		Usr 0 00:13:56, Sys 0 00:00:28  -  Run Remote Usage
		Usr 0 00:00:00, Sys 0 00:00:00  -  Run Local Usage
		Usr 0 00:13:56, Sys 0 00:00:28  -  Total Remote Usage
		Usr 0 00:00:00, Sys 0 00:00:00  -  Total Local Usage
	0  -  Run Bytes Sent By Job
	0  -  Run Bytes Received By Job
	0  -  Total Bytes Sent By Job
	0  -  Total Bytes Received By Job
	Partitionable Resources :    Usage  Request Allocated 
	   Cpus                 :     0.79        1         1 
	   Disk (KB)            :     1           1     14709 
	   Memory (MB)          :  1971        4096      4096 
	   TimeExecute (s)      :  1214                       
	   TimeSlotBusy (s)     :  1215                       
	   xferslots            :                           0 

	Job terminated of its own accord at 2025-12-26T00:06:43Z with exit-code 0.
...
