000 (1132.190.000) 2025-12-25 18:43:11 Job submitted from host: <130.199.48.160:9618?addrs=[2620-0-210-a002--160]-9618+130.199.48.160-9618&alias=eicsub02.sdcc.bnl.gov&noUDP&sock=schedd_1122_32c5>
...
001 (1132.190.000) 2025-12-25 18:50:37 Job executing on host: <130.199.207.212:9618?addrs=[2620-0-210-9040--212]-9618+130.199.207.212-9618&alias=spool1499.sdcc.bnl.gov&noUDP&sock=startd_25641_26fc>
	SlotName: slot1_23@spool1499.sdcc.bnl.gov
	CondorScratchDir = "/home/condor/local/sdcc/execute/dir_3049866"
	Cpus = 1
	Disk = 7408
	Memory = 4096
	xferslots = 0
...
006 (1132.190.000) 2025-12-25 18:50:45 Image size of job updated: 83264
	82  -  MemoryUsage of job (MB)
	83264  -  ResidentSetSize of job (KB)
...
006 (1132.190.000) 2025-12-25 18:55:45 Image size of job updated: 2017784
	1971  -  MemoryUsage of job (MB)
	2017784  -  ResidentSetSize of job (KB)
...
006 (1132.190.000) 2025-12-25 19:00:46 Image size of job updated: 2020420
	1971  -  MemoryUsage of job (MB)
	2017784  -  ResidentSetSize of job (KB)
...
006 (1132.190.000) 2025-12-25 19:05:46 Image size of job updated: 2022444
	1976  -  MemoryUsage of job (MB)
	2022444  -  ResidentSetSize of job (KB)
...
006 (1132.190.000) 2025-12-25 19:10:46 Image size of job updated: 2023388
	1976  -  MemoryUsage of job (MB)
	2022956  -  ResidentSetSize of job (KB)
...
006 (1132.190.000) 2025-12-25 19:14:44 Image size of job updated: 2337960
	1976  -  MemoryUsage of job (MB)
	2022956  -  ResidentSetSize of job (KB)
...
005 (1132.190.000) 2025-12-25 19:14:44 Job terminated.
	(1) Normal termination (return value 0)
		Usr 0 00:15:35, Sys 0 00:00:19  -  Run Remote Usage
		Usr 0 00:00:00, Sys 0 00:00:00  -  Run Local Usage
		Usr 0 00:15:35, Sys 0 00:00:19  -  Total Remote Usage
		Usr 0 00:00:00, Sys 0 00:00:00  -  Total Local Usage
	0  -  Run Bytes Sent By Job
	0  -  Run Bytes Received By Job
	0  -  Total Bytes Sent By Job
	0  -  Total Bytes Received By Job
	Partitionable Resources :    Usage  Request Allocated 
	   Cpus                 :     0.68        1         1 
	   Disk (KB)            :     1           1      7408 
	   Memory (MB)          :  1976        4096      4096 
	   TimeExecute (s)      :  1447                       
	   TimeSlotBusy (s)     :  1447                       
	   xferslots            :                           0 
...
