000 (1132.188.000) 2025-12-25 18:43:11 Job submitted from host: <130.199.48.160:9618?addrs=[2620-0-210-a002--160]-9618+130.199.48.160-9618&alias=eicsub02.sdcc.bnl.gov&noUDP&sock=schedd_1122_32c5>
...
001 (1132.188.000) 2025-12-25 18:50:37 Job executing on host: <130.199.207.209:9618?addrs=[2620-0-210-9040--209]-9618+130.199.207.209-9618&alias=spool1496.sdcc.bnl.gov&noUDP&sock=startd_25916_2fb2>
	SlotName: slot1_33@spool1496.sdcc.bnl.gov
	CondorScratchDir = "/home/condor/local/sdcc/execute/dir_2859474"
	Cpus = 1
	Disk = 7408
	Memory = 4096
	xferslots = 0
...
006 (1132.188.000) 2025-12-25 18:50:45 Image size of job updated: 85352
	84  -  MemoryUsage of job (MB)
	85352  -  ResidentSetSize of job (KB)
...
006 (1132.188.000) 2025-12-25 18:55:45 Image size of job updated: 2019504
	1973  -  MemoryUsage of job (MB)
	2019504  -  ResidentSetSize of job (KB)
...
006 (1132.188.000) 2025-12-25 19:00:46 Image size of job updated: 2022712
	1974  -  MemoryUsage of job (MB)
	2020856  -  ResidentSetSize of job (KB)
...
006 (1132.188.000) 2025-12-25 19:05:46 Image size of job updated: 2044480
	1995  -  MemoryUsage of job (MB)
	2042728  -  ResidentSetSize of job (KB)
...
006 (1132.188.000) 2025-12-25 19:10:46 Image size of job updated: 2044556
	1995  -  MemoryUsage of job (MB)
	2042728  -  ResidentSetSize of job (KB)
...
006 (1132.188.000) 2025-12-25 19:14:42 Image size of job updated: 2339788
	1995  -  MemoryUsage of job (MB)
	2042728  -  ResidentSetSize of job (KB)
...
005 (1132.188.000) 2025-12-25 19:14:42 Job terminated.
	(1) Normal termination (return value 0)
		Usr 0 00:15:53, Sys 0 00:00:20  -  Run Remote Usage
		Usr 0 00:00:00, Sys 0 00:00:00  -  Run Local Usage
		Usr 0 00:15:53, Sys 0 00:00:20  -  Total Remote Usage
		Usr 0 00:00:00, Sys 0 00:00:00  -  Total Local Usage
	0  -  Run Bytes Sent By Job
	0  -  Run Bytes Received By Job
	0  -  Total Bytes Sent By Job
	0  -  Total Bytes Received By Job
	Partitionable Resources :    Usage  Request Allocated 
	   Cpus                 :     0.65        1         1 
	   Disk (KB)            :     1           1      7408 
	   Memory (MB)          :  1995        4096      4096 
	   TimeExecute (s)      :  1445                       
	   TimeSlotBusy (s)     :  1445                       
	   xferslots            :                           0 
...
