000 (1132.199.000) 2025-12-25 18:43:11 Job submitted from host: <130.199.48.160:9618?addrs=[2620-0-210-a002--160]-9618+130.199.48.160-9618&alias=eicsub02.sdcc.bnl.gov&noUDP&sock=schedd_1122_32c5>
...
001 (1132.199.000) 2025-12-25 18:50:37 Job executing on host: <130.199.149.178:9618?addrs=[2620-0-210-9011--178]-9618+130.199.149.178-9618&alias=spool0294.sdcc.bnl.gov&noUDP&sock=startd_221246_aa5b>
	SlotName: slot1_2@spool0294.sdcc.bnl.gov
	CondorScratchDir = "/home/condor/local/sdcc/execute/dir_787817"
	Cpus = 1
	Disk = 14765
	Memory = 4096
	xferslots = 0
...
006 (1132.199.000) 2025-12-25 18:50:51 Image size of job updated: 21528
	22  -  MemoryUsage of job (MB)
	21528  -  ResidentSetSize of job (KB)
...
006 (1132.199.000) 2025-12-25 18:55:52 Image size of job updated: 2018052
	1971  -  MemoryUsage of job (MB)
	2018052  -  ResidentSetSize of job (KB)
...
006 (1132.199.000) 2025-12-25 19:00:52 Image size of job updated: 2022896
	1976  -  MemoryUsage of job (MB)
	2022896  -  ResidentSetSize of job (KB)
...
006 (1132.199.000) 2025-12-25 19:05:53 Image size of job updated: 2024280
	1977  -  MemoryUsage of job (MB)
	2024280  -  ResidentSetSize of job (KB)
...
006 (1132.199.000) 2025-12-25 19:09:30 Image size of job updated: 2308720
	1977  -  MemoryUsage of job (MB)
	2024280  -  ResidentSetSize of job (KB)
...
005 (1132.199.000) 2025-12-25 19:09:30 Job terminated.
	(1) Normal termination (return value 0)
		Usr 0 00:12:50, Sys 0 00:00:31  -  Run Remote Usage
		Usr 0 00:00:00, Sys 0 00:00:00  -  Run Local Usage
		Usr 0 00:12:50, Sys 0 00:00:31  -  Total Remote Usage
		Usr 0 00:00:00, Sys 0 00:00:00  -  Total Local Usage
	0  -  Run Bytes Sent By Job
	0  -  Run Bytes Received By Job
	0  -  Total Bytes Sent By Job
	0  -  Total Bytes Received By Job
	Partitionable Resources :    Usage  Request Allocated 
	   Cpus                 :     0.74        1         1 
	   Disk (KB)            :     1           1     14765 
	   Memory (MB)          :  1977        4096      4096 
	   TimeExecute (s)      :  1133                       
	   TimeSlotBusy (s)     :  1133                       
	   xferslots            :                           0 

	Job terminated of its own accord at 2025-12-26T00:09:30Z with exit-code 0.
...
