000 (1132.247.000) 2025-12-25 18:43:11 Job submitted from host: <130.199.48.160:9618?addrs=[2620-0-210-a002--160]-9618+130.199.48.160-9618&alias=eicsub02.sdcc.bnl.gov&noUDP&sock=schedd_1122_32c5>
...
001 (1132.247.000) 2025-12-25 18:50:41 Job executing on host: <130.199.149.145:9618?addrs=[2620-0-210-9010--145]-9618+130.199.149.145-9618&alias=spool0267.sdcc.bnl.gov&noUDP&sock=startd_407868_2c29>
	SlotName: slot1_12@spool0267.sdcc.bnl.gov
	CondorScratchDir = "/home/condor/local/sdcc/execute/dir_547597"
	Cpus = 1
	Disk = 14765
	Memory = 4096
	xferslots = 0
...
006 (1132.247.000) 2025-12-25 18:50:54 Image size of job updated: 60164
	59  -  MemoryUsage of job (MB)
	60164  -  ResidentSetSize of job (KB)
...
006 (1132.247.000) 2025-12-25 18:55:54 Image size of job updated: 2019312
	1972  -  MemoryUsage of job (MB)
	2019312  -  ResidentSetSize of job (KB)
...
006 (1132.247.000) 2025-12-25 19:00:55 Image size of job updated: 2023136
	1976  -  MemoryUsage of job (MB)
	2023136  -  ResidentSetSize of job (KB)
...
006 (1132.247.000) 2025-12-25 19:05:56 Image size of job updated: 2026144
	1978  -  MemoryUsage of job (MB)
	2024496  -  ResidentSetSize of job (KB)
...
006 (1132.247.000) 2025-12-25 19:10:19 Image size of job updated: 2330996
	1978  -  MemoryUsage of job (MB)
	2024496  -  ResidentSetSize of job (KB)
...
005 (1132.247.000) 2025-12-25 19:10:19 Job terminated.
	(1) Normal termination (return value 0)
		Usr 0 00:13:27, Sys 0 00:00:29  -  Run Remote Usage
		Usr 0 00:00:00, Sys 0 00:00:00  -  Run Local Usage
		Usr 0 00:13:27, Sys 0 00:00:29  -  Total Remote Usage
		Usr 0 00:00:00, Sys 0 00:00:00  -  Total Local Usage
	0  -  Run Bytes Sent By Job
	0  -  Run Bytes Received By Job
	0  -  Total Bytes Sent By Job
	0  -  Total Bytes Received By Job
	Partitionable Resources :    Usage  Request Allocated 
	   Cpus                 :     0.83        1         1 
	   Disk (KB)            :     1           1     14765 
	   Memory (MB)          :  1978        4096      4096 
	   TimeExecute (s)      :  1179                       
	   TimeSlotBusy (s)     :  1179                       
	   xferslots            :                           0 

	Job terminated of its own accord at 2025-12-26T00:10:19Z with exit-code 0.
...
