000 (1132.174.000) 2025-12-25 18:43:11 Job submitted from host: <130.199.48.160:9618?addrs=[2620-0-210-a002--160]-9618+130.199.48.160-9618&alias=eicsub02.sdcc.bnl.gov&noUDP&sock=schedd_1122_32c5>
...
001 (1132.174.000) 2025-12-25 18:49:40 Job executing on host: <130.199.207.205:9618?addrs=[2620-0-210-9040--205]-9618+130.199.207.205-9618&alias=spool1492.sdcc.bnl.gov&noUDP&sock=startd_25754_ea55>
	SlotName: slot1_26@spool1492.sdcc.bnl.gov
	CondorScratchDir = "/home/condor/local/sdcc/execute/dir_4151307"
	Cpus = 1
	Disk = 7408
	Memory = 4096
	xferslots = 0
...
006 (1132.174.000) 2025-12-25 18:49:49 Image size of job updated: 60672
	60  -  MemoryUsage of job (MB)
	60672  -  ResidentSetSize of job (KB)
...
006 (1132.174.000) 2025-12-25 18:54:49 Image size of job updated: 2018432
	1972  -  MemoryUsage of job (MB)
	2018432  -  ResidentSetSize of job (KB)
...
006 (1132.174.000) 2025-12-25 18:59:49 Image size of job updated: 2019048
	1972  -  MemoryUsage of job (MB)
	2018432  -  ResidentSetSize of job (KB)
...
006 (1132.174.000) 2025-12-25 19:04:50 Image size of job updated: 2020660
	1973  -  MemoryUsage of job (MB)
	2020308  -  ResidentSetSize of job (KB)
...
006 (1132.174.000) 2025-12-25 19:09:50 Image size of job updated: 2024220
	1977  -  MemoryUsage of job (MB)
	2024220  -  ResidentSetSize of job (KB)
...
006 (1132.174.000) 2025-12-25 19:14:21 Image size of job updated: 2275236
	1977  -  MemoryUsage of job (MB)
	2024220  -  ResidentSetSize of job (KB)
...
005 (1132.174.000) 2025-12-25 19:14:21 Job terminated.
	(1) Normal termination (return value 0)
		Usr 0 00:15:53, Sys 0 00:00:19  -  Run Remote Usage
		Usr 0 00:00:00, Sys 0 00:00:00  -  Run Local Usage
		Usr 0 00:15:53, Sys 0 00:00:19  -  Total Remote Usage
		Usr 0 00:00:00, Sys 0 00:00:00  -  Total Local Usage
	0  -  Run Bytes Sent By Job
	0  -  Run Bytes Received By Job
	0  -  Total Bytes Sent By Job
	0  -  Total Bytes Received By Job
	Partitionable Resources :    Usage  Request Allocated 
	   Cpus                 :     0.51        1         1 
	   Disk (KB)            :     1           1      7408 
	   Memory (MB)          :  1977        4096      4096 
	   TimeExecute (s)      :  1481                       
	   TimeSlotBusy (s)     :  1481                       
	   xferslots            :                           0 
...
