000 (1132.213.000) 2025-12-25 18:43:11 Job submitted from host: <130.199.48.160:9618?addrs=[2620-0-210-a002--160]-9618+130.199.48.160-9618&alias=eicsub02.sdcc.bnl.gov&noUDP&sock=schedd_1122_32c5>
...
001 (1132.213.000) 2025-12-25 18:50:39 Job executing on host: <130.199.149.137:9618?addrs=[2620-0-210-9010--137]-9618+130.199.149.137-9618&alias=spool0259.sdcc.bnl.gov&noUDP&sock=startd_408958_24cd>
	SlotName: slot1_12@spool0259.sdcc.bnl.gov
	CondorScratchDir = "/home/condor/local/sdcc/execute/dir_3784613"
	Cpus = 1
	Disk = 14765
	Memory = 4096
	xferslots = 0
...
006 (1132.213.000) 2025-12-25 18:50:52 Image size of job updated: 62680
	62  -  MemoryUsage of job (MB)
	62680  -  ResidentSetSize of job (KB)
...
006 (1132.213.000) 2025-12-25 18:55:52 Image size of job updated: 2022520
	1976  -  MemoryUsage of job (MB)
	2022520  -  ResidentSetSize of job (KB)
...
006 (1132.213.000) 2025-12-25 19:00:53 Image size of job updated: 2024832
	1978  -  MemoryUsage of job (MB)
	2024832  -  ResidentSetSize of job (KB)
...
006 (1132.213.000) 2025-12-25 19:05:53 Image size of job updated: 2044340
	1996  -  MemoryUsage of job (MB)
	2042956  -  ResidentSetSize of job (KB)
...
006 (1132.213.000) 2025-12-25 19:10:08 Image size of job updated: 2341384
	1996  -  MemoryUsage of job (MB)
	2042956  -  ResidentSetSize of job (KB)
...
005 (1132.213.000) 2025-12-25 19:10:08 Job terminated.
	(1) Normal termination (return value 0)
		Usr 0 00:12:56, Sys 0 00:00:27  -  Run Remote Usage
		Usr 0 00:00:00, Sys 0 00:00:00  -  Run Local Usage
		Usr 0 00:12:56, Sys 0 00:00:27  -  Total Remote Usage
		Usr 0 00:00:00, Sys 0 00:00:00  -  Total Local Usage
	0  -  Run Bytes Sent By Job
	0  -  Run Bytes Received By Job
	0  -  Total Bytes Sent By Job
	0  -  Total Bytes Received By Job
	Partitionable Resources :    Usage  Request Allocated 
	   Cpus                 :     0.65        1         1 
	   Disk (KB)            :     1           1     14765 
	   Memory (MB)          :  1996        4096      4096 
	   TimeExecute (s)      :  1169                       
	   TimeSlotBusy (s)     :  1170                       
	   xferslots            :                           0 

	Job terminated of its own accord at 2025-12-26T00:10:08Z with exit-code 0.
...
