000 (1132.245.000) 2025-12-25 18:43:11 Job submitted from host: <130.199.48.160:9618?addrs=[2620-0-210-a002--160]-9618+130.199.48.160-9618&alias=eicsub02.sdcc.bnl.gov&noUDP&sock=schedd_1122_32c5>
...
001 (1132.245.000) 2025-12-25 18:50:40 Job executing on host: <130.199.207.214:9618?addrs=[2620-0-210-9040--214]-9618+130.199.207.214-9618&alias=spool1501.sdcc.bnl.gov&noUDP&sock=startd_25592_a4f8>
	SlotName: slot1_20@spool1501.sdcc.bnl.gov
	CondorScratchDir = "/home/condor/local/sdcc/execute/dir_341870"
	Cpus = 1
	Disk = 7408
	Memory = 4096
	xferslots = 0
...
006 (1132.245.000) 2025-12-25 18:50:49 Image size of job updated: 61844
	61  -  MemoryUsage of job (MB)
	61844  -  ResidentSetSize of job (KB)
...
006 (1132.245.000) 2025-12-25 18:55:49 Image size of job updated: 2020168
	1973  -  MemoryUsage of job (MB)
	2020168  -  ResidentSetSize of job (KB)
...
006 (1132.245.000) 2025-12-25 19:00:49 Image size of job updated: 2024680
	1978  -  MemoryUsage of job (MB)
	2024680  -  ResidentSetSize of job (KB)
...
006 (1132.245.000) 2025-12-25 19:05:50 Image size of job updated: 2024972
	1978  -  MemoryUsage of job (MB)
	2024880  -  ResidentSetSize of job (KB)
...
006 (1132.245.000) 2025-12-25 19:10:50 Image size of job updated: 2028576
	1982  -  MemoryUsage of job (MB)
	2028576  -  ResidentSetSize of job (KB)
...
006 (1132.245.000) 2025-12-25 19:14:01 Image size of job updated: 2332172
	1982  -  MemoryUsage of job (MB)
	2028576  -  ResidentSetSize of job (KB)
...
005 (1132.245.000) 2025-12-25 19:14:02 Job terminated.
	(1) Normal termination (return value 0)
		Usr 0 00:14:18, Sys 0 00:00:21  -  Run Remote Usage
		Usr 0 00:00:00, Sys 0 00:00:00  -  Run Local Usage
		Usr 0 00:14:18, Sys 0 00:00:21  -  Total Remote Usage
		Usr 0 00:00:00, Sys 0 00:00:00  -  Total Local Usage
	0  -  Run Bytes Sent By Job
	0  -  Run Bytes Received By Job
	0  -  Total Bytes Sent By Job
	0  -  Total Bytes Received By Job
	Partitionable Resources :    Usage  Request Allocated 
	   Cpus                 :     0.59        1         1 
	   Disk (KB)            :     1           1      7408 
	   Memory (MB)          :  1982        4096      4096 
	   TimeExecute (s)      :  1401                       
	   TimeSlotBusy (s)     :  1402                       
	   xferslots            :                           0 
...
