000 (1132.037.000) 2025-12-25 18:43:11 Job submitted from host: <130.199.48.160:9618?addrs=[2620-0-210-a002--160]-9618+130.199.48.160-9618&alias=eicsub02.sdcc.bnl.gov&noUDP&sock=schedd_1122_32c5>
...
001 (1132.037.000) 2025-12-25 18:45:00 Job executing on host: <130.199.207.212:9618?addrs=[2620-0-210-9040--212]-9618+130.199.207.212-9618&alias=spool1499.sdcc.bnl.gov&noUDP&sock=startd_25641_26fc>
	SlotName: slot1_34@spool1499.sdcc.bnl.gov
	CondorScratchDir = "/home/condor/local/sdcc/execute/dir_3041537"
	Cpus = 1
	Disk = 7408
	Memory = 4096
	xferslots = 0
...
006 (1132.037.000) 2025-12-25 18:45:08 Image size of job updated: 60676
	60  -  MemoryUsage of job (MB)
	60676  -  ResidentSetSize of job (KB)
...
006 (1132.037.000) 2025-12-25 18:50:08 Image size of job updated: 2019220
	1949  -  MemoryUsage of job (MB)
	1995176  -  ResidentSetSize of job (KB)
...
006 (1132.037.000) 2025-12-25 18:55:09 Image size of job updated: 2020780
	1974  -  MemoryUsage of job (MB)
	2020780  -  ResidentSetSize of job (KB)
...
006 (1132.037.000) 2025-12-25 19:00:09 Image size of job updated: 2021684
	1975  -  MemoryUsage of job (MB)
	2021684  -  ResidentSetSize of job (KB)
...
006 (1132.037.000) 2025-12-25 19:05:10 Image size of job updated: 2023708
	1975  -  MemoryUsage of job (MB)
	2021684  -  ResidentSetSize of job (KB)
...
006 (1132.037.000) 2025-12-25 19:08:43 Image size of job updated: 2338820
	1975  -  MemoryUsage of job (MB)
	2021684  -  ResidentSetSize of job (KB)
...
005 (1132.037.000) 2025-12-25 19:08:43 Job terminated.
	(1) Normal termination (return value 0)
		Usr 0 00:15:25, Sys 0 00:00:18  -  Run Remote Usage
		Usr 0 00:00:00, Sys 0 00:00:00  -  Run Local Usage
		Usr 0 00:15:25, Sys 0 00:00:18  -  Total Remote Usage
		Usr 0 00:00:00, Sys 0 00:00:00  -  Total Local Usage
	0  -  Run Bytes Sent By Job
	0  -  Run Bytes Received By Job
	0  -  Total Bytes Sent By Job
	0  -  Total Bytes Received By Job
	Partitionable Resources :    Usage  Request Allocated 
	   Cpus                 :     0.68        1         1 
	   Disk (KB)            :     1           1      7408 
	   Memory (MB)          :  1975        4096      4096 
	   TimeExecute (s)      :  1423                       
	   TimeSlotBusy (s)     :  1423                       
	   xferslots            :                           0 
...
