000 (1132.034.000) 2025-12-25 18:43:11 Job submitted from host: <130.199.48.160:9618?addrs=[2620-0-210-a002--160]-9618+130.199.48.160-9618&alias=eicsub02.sdcc.bnl.gov&noUDP&sock=schedd_1122_32c5>
...
001 (1132.034.000) 2025-12-25 18:44:43 Job executing on host: <130.199.149.238:9618?addrs=[2620-0-210-9007--238]-9618+130.199.149.238-9618&alias=spool0632.sdcc.bnl.gov&noUDP&sock=startd_1517466_ee8b>
	SlotName: slot1_20@spool0632.sdcc.bnl.gov
	CondorScratchDir = "/home/condor/local/sdcc/execute/dir_371325"
	Cpus = 1
	Disk = 14709
	Memory = 4096
	xferslots = 0
...
006 (1132.034.000) 2025-12-25 18:44:56 Image size of job updated: 22032
	22  -  MemoryUsage of job (MB)
	22032  -  ResidentSetSize of job (KB)
...
006 (1132.034.000) 2025-12-25 18:49:56 Image size of job updated: 2019808
	1973  -  MemoryUsage of job (MB)
	2019808  -  ResidentSetSize of job (KB)
...
006 (1132.034.000) 2025-12-25 18:54:57 Image size of job updated: 2022976
	1976  -  MemoryUsage of job (MB)
	2022976  -  ResidentSetSize of job (KB)
...
006 (1132.034.000) 2025-12-25 18:59:58 Image size of job updated: 2027340
	1980  -  MemoryUsage of job (MB)
	2026680  -  ResidentSetSize of job (KB)
...
006 (1132.034.000) 2025-12-25 19:04:58 Image size of job updated: 2027340
	1980  -  MemoryUsage of job (MB)
	2026728  -  ResidentSetSize of job (KB)
...
006 (1132.034.000) 2025-12-25 19:06:00 Image size of job updated: 2326248
	1980  -  MemoryUsage of job (MB)
	2026728  -  ResidentSetSize of job (KB)
...
005 (1132.034.000) 2025-12-25 19:06:00 Job terminated.
	(1) Normal termination (return value 0)
		Usr 0 00:13:55, Sys 0 00:00:43  -  Run Remote Usage
		Usr 0 00:00:00, Sys 0 00:00:00  -  Run Local Usage
		Usr 0 00:13:55, Sys 0 00:00:43  -  Total Remote Usage
		Usr 0 00:00:00, Sys 0 00:00:00  -  Total Local Usage
	0  -  Run Bytes Sent By Job
	0  -  Run Bytes Received By Job
	0  -  Total Bytes Sent By Job
	0  -  Total Bytes Received By Job
	Partitionable Resources :    Usage  Request Allocated 
	   Cpus                 :     0.72        1         1 
	   Disk (KB)            :     1           1     14709 
	   Memory (MB)          :  1980        4096      4096 
	   TimeExecute (s)      :  1277                       
	   TimeSlotBusy (s)     :  1278                       
	   xferslots            :                           0 

	Job terminated of its own accord at 2025-12-26T00:06:00Z with exit-code 0.
...
