000 (1132.092.000) 2025-12-25 18:43:11 Job submitted from host: <130.199.48.160:9618?addrs=[2620-0-210-a002--160]-9618+130.199.48.160-9618&alias=eicsub02.sdcc.bnl.gov&noUDP&sock=schedd_1122_32c5>
...
001 (1132.092.000) 2025-12-25 18:47:38 Job executing on host: <130.199.207.201:9618?addrs=[2620-0-210-9040--201]-9618+130.199.207.201-9618&alias=spool1488.sdcc.bnl.gov&noUDP&sock=startd_25997_d261>
	SlotName: slot1_27@spool1488.sdcc.bnl.gov
	CondorScratchDir = "/home/condor/local/sdcc/execute/dir_4145238"
	Cpus = 1
	Disk = 7408
	Memory = 4096
	xferslots = 0
...
006 (1132.092.000) 2025-12-25 18:47:47 Image size of job updated: 60692
	60  -  MemoryUsage of job (MB)
	60692  -  ResidentSetSize of job (KB)
...
006 (1132.092.000) 2025-12-25 18:52:47 Image size of job updated: 2019128
	1972  -  MemoryUsage of job (MB)
	2018596  -  ResidentSetSize of job (KB)
...
006 (1132.092.000) 2025-12-25 18:57:47 Image size of job updated: 2022716
	1976  -  MemoryUsage of job (MB)
	2022716  -  ResidentSetSize of job (KB)
...
006 (1132.092.000) 2025-12-25 19:02:48 Image size of job updated: 2025192
	1976  -  MemoryUsage of job (MB)
	2022716  -  ResidentSetSize of job (KB)
...
006 (1132.092.000) 2025-12-25 19:07:48 Image size of job updated: 2038948
	1992  -  MemoryUsage of job (MB)
	2038948  -  ResidentSetSize of job (KB)
...
006 (1132.092.000) 2025-12-25 19:12:49 Image size of job updated: 2040968
	1992  -  MemoryUsage of job (MB)
	2038948  -  ResidentSetSize of job (KB)
...
006 (1132.092.000) 2025-12-25 19:13:52 Image size of job updated: 2312020
	1992  -  MemoryUsage of job (MB)
	2038948  -  ResidentSetSize of job (KB)
...
005 (1132.092.000) 2025-12-25 19:13:52 Job terminated.
	(1) Normal termination (return value 0)
		Usr 0 00:16:07, Sys 0 00:00:24  -  Run Remote Usage
		Usr 0 00:00:00, Sys 0 00:00:00  -  Run Local Usage
		Usr 0 00:16:07, Sys 0 00:00:24  -  Total Remote Usage
		Usr 0 00:00:00, Sys 0 00:00:00  -  Total Local Usage
	0  -  Run Bytes Sent By Job
	0  -  Run Bytes Received By Job
	0  -  Total Bytes Sent By Job
	0  -  Total Bytes Received By Job
	Partitionable Resources :    Usage  Request Allocated 
	   Cpus                 :     0.68        1         1 
	   Disk (KB)            :     1           1      7408 
	   Memory (MB)          :  1992        4096      4096 
	   TimeExecute (s)      :  1574                       
	   TimeSlotBusy (s)     :  1574                       
	   xferslots            :                           0 
...
