000 (1132.025.000) 2025-12-25 18:43:11 Job submitted from host: <130.199.48.160:9618?addrs=[2620-0-210-a002--160]-9618+130.199.48.160-9618&alias=eicsub02.sdcc.bnl.gov&noUDP&sock=schedd_1122_32c5>
...
001 (1132.025.000) 2025-12-25 18:44:42 Job executing on host: <130.199.149.155:9618?addrs=[2620-0-210-9010--155]-9618+130.199.149.155-9618&alias=spool0277.sdcc.bnl.gov&noUDP&sock=startd_407505_499f>
	SlotName: slot1_13@spool0277.sdcc.bnl.gov
	CondorScratchDir = "/home/condor/local/sdcc/execute/dir_2744533"
	Cpus = 1
	Disk = 14765
	Memory = 4096
	xferslots = 0
...
006 (1132.025.000) 2025-12-25 18:44:55 Image size of job updated: 20904
	21  -  MemoryUsage of job (MB)
	20904  -  ResidentSetSize of job (KB)
...
006 (1132.025.000) 2025-12-25 18:49:55 Image size of job updated: 2017704
	1971  -  MemoryUsage of job (MB)
	2017704  -  ResidentSetSize of job (KB)
...
006 (1132.025.000) 2025-12-25 18:54:56 Image size of job updated: 2021020
	1974  -  MemoryUsage of job (MB)
	2020660  -  ResidentSetSize of job (KB)
...
006 (1132.025.000) 2025-12-25 18:59:56 Image size of job updated: 2027128
	1980  -  MemoryUsage of job (MB)
	2027128  -  ResidentSetSize of job (KB)
...
006 (1132.025.000) 2025-12-25 19:04:57 Image size of job updated: 2027136
	1980  -  MemoryUsage of job (MB)
	2027128  -  ResidentSetSize of job (KB)
...
006 (1132.025.000) 2025-12-25 19:06:02 Image size of job updated: 2295012
	1980  -  MemoryUsage of job (MB)
	2027128  -  ResidentSetSize of job (KB)
...
005 (1132.025.000) 2025-12-25 19:06:02 Job terminated.
	(1) Normal termination (return value 0)
		Usr 0 00:13:53, Sys 0 00:00:34  -  Run Remote Usage
		Usr 0 00:00:00, Sys 0 00:00:00  -  Run Local Usage
		Usr 0 00:13:53, Sys 0 00:00:34  -  Total Remote Usage
		Usr 0 00:00:00, Sys 0 00:00:00  -  Total Local Usage
	0  -  Run Bytes Sent By Job
	0  -  Run Bytes Received By Job
	0  -  Total Bytes Sent By Job
	0  -  Total Bytes Received By Job
	Partitionable Resources :    Usage  Request Allocated 
	   Cpus                 :     0.74        1         1 
	   Disk (KB)            :     1           1     14765 
	   Memory (MB)          :  1980        4096      4096 
	   TimeExecute (s)      :  1280                       
	   TimeSlotBusy (s)     :  1280                       
	   xferslots            :                           0 

	Job terminated of its own accord at 2025-12-26T00:06:02Z with exit-code 0.
...
