000 (1132.078.000) 2025-12-25 18:43:11 Job submitted from host: <130.199.48.160:9618?addrs=[2620-0-210-a002--160]-9618+130.199.48.160-9618&alias=eicsub02.sdcc.bnl.gov&noUDP&sock=schedd_1122_32c5>
...
001 (1132.078.000) 2025-12-25 18:46:43 Job executing on host: <130.199.186.81:9618?addrs=[2620-0-210-9054--81]-9618+130.199.186.81-9618&alias=spool1844.sdcc.bnl.gov&noUDP&sock=startd_25334_fd9c>
	SlotName: slot1_77@spool1844.sdcc.bnl.gov
	CondorScratchDir = "/home/condor/local/sdcc/execute/dir_1937289"
	Cpus = 1
	Disk = 7408
	Memory = 4096
	xferslots = 0
...
006 (1132.078.000) 2025-12-25 18:46:51 Image size of job updated: 62756
	62  -  MemoryUsage of job (MB)
	62756  -  ResidentSetSize of job (KB)
...
006 (1132.078.000) 2025-12-25 18:51:52 Image size of job updated: 2021236
	1973  -  MemoryUsage of job (MB)
	2019840  -  ResidentSetSize of job (KB)
...
006 (1132.078.000) 2025-12-25 18:56:53 Image size of job updated: 2026328
	1979  -  MemoryUsage of job (MB)
	2026084  -  ResidentSetSize of job (KB)
...
006 (1132.078.000) 2025-12-25 19:01:53 Image size of job updated: 2028864
	1981  -  MemoryUsage of job (MB)
	2028476  -  ResidentSetSize of job (KB)
...
006 (1132.078.000) 2025-12-25 19:04:05 Image size of job updated: 2328616
	1981  -  MemoryUsage of job (MB)
	2028476  -  ResidentSetSize of job (KB)
...
005 (1132.078.000) 2025-12-25 19:04:05 Job terminated.
	(1) Normal termination (return value 0)
		Usr 0 00:14:45, Sys 0 00:00:13  -  Run Remote Usage
		Usr 0 00:00:00, Sys 0 00:00:00  -  Run Local Usage
		Usr 0 00:14:45, Sys 0 00:00:13  -  Total Remote Usage
		Usr 0 00:00:00, Sys 0 00:00:00  -  Total Local Usage
	0  -  Run Bytes Sent By Job
	0  -  Run Bytes Received By Job
	0  -  Total Bytes Sent By Job
	0  -  Total Bytes Received By Job
	Partitionable Resources :    Usage  Request Allocated 
	   Cpus                 :     0.83        1         1 
	   Disk (KB)            :     1           1      7408 
	   Memory (MB)          :  1981        4096      4096 
	   TimeExecute (s)      :  1042                       
	   TimeSlotBusy (s)     :  1042                       
	   xferslots            :                           0 
...
