000 (1132.222.000) 2025-12-25 18:43:11 Job submitted from host: <130.199.48.160:9618?addrs=[2620-0-210-a002--160]-9618+130.199.48.160-9618&alias=eicsub02.sdcc.bnl.gov&noUDP&sock=schedd_1122_32c5>
...
001 (1132.222.000) 2025-12-25 18:50:39 Job executing on host: <130.199.149.102:9618?addrs=[2620-0-210-9009--102]-9618+130.199.149.102-9618&alias=spool0230.sdcc.bnl.gov&noUDP&sock=startd_338475_29fe>
	SlotName: slot1_7@spool0230.sdcc.bnl.gov
	CondorScratchDir = "/home/condor/local/sdcc/execute/dir_1052757"
	Cpus = 1
	Disk = 14765
	Memory = 4096
	xferslots = 0
...
006 (1132.222.000) 2025-12-25 18:50:52 Image size of job updated: 38280
	38  -  MemoryUsage of job (MB)
	38280  -  ResidentSetSize of job (KB)
...
006 (1132.222.000) 2025-12-25 18:55:52 Image size of job updated: 2019832
	1973  -  MemoryUsage of job (MB)
	2019832  -  ResidentSetSize of job (KB)
...
006 (1132.222.000) 2025-12-25 19:00:53 Image size of job updated: 2026340
	1979  -  MemoryUsage of job (MB)
	2026340  -  ResidentSetSize of job (KB)
...
006 (1132.222.000) 2025-12-25 19:05:53 Image size of job updated: 2027300
	1980  -  MemoryUsage of job (MB)
	2027224  -  ResidentSetSize of job (KB)
...
006 (1132.222.000) 2025-12-25 19:10:54 Image size of job updated: 2334796
	2281  -  MemoryUsage of job (MB)
	2334796  -  ResidentSetSize of job (KB)
...
005 (1132.222.000) 2025-12-25 19:10:56 Job terminated.
	(1) Normal termination (return value 0)
		Usr 0 00:13:46, Sys 0 00:00:28  -  Run Remote Usage
		Usr 0 00:00:00, Sys 0 00:00:00  -  Run Local Usage
		Usr 0 00:13:46, Sys 0 00:00:28  -  Total Remote Usage
		Usr 0 00:00:00, Sys 0 00:00:00  -  Total Local Usage
	0  -  Run Bytes Sent By Job
	0  -  Run Bytes Received By Job
	0  -  Total Bytes Sent By Job
	0  -  Total Bytes Received By Job
	Partitionable Resources :    Usage  Request Allocated 
	   Cpus                 :     0.71        1         1 
	   Disk (KB)            :     1           1     14765 
	   Memory (MB)          :  2281        4096      4096 
	   TimeExecute (s)      :  1217                       
	   TimeSlotBusy (s)     :  1218                       
	   xferslots            :                           0 

	Job terminated of its own accord at 2025-12-26T00:10:56Z with exit-code 0.
...
