000 (1132.069.000) 2025-12-25 18:43:11 Job submitted from host: <130.199.48.160:9618?addrs=[2620-0-210-a002--160]-9618+130.199.48.160-9618&alias=eicsub02.sdcc.bnl.gov&noUDP&sock=schedd_1122_32c5>
...
001 (1132.069.000) 2025-12-25 18:46:28 Job executing on host: <130.199.157.137:9618?addrs=[2620-0-210-9006--137]-9618+130.199.157.137-9618&alias=spool0677.sdcc.bnl.gov&noUDP&sock=startd_390969_da33>
	SlotName: slot1_35@spool0677.sdcc.bnl.gov
	CondorScratchDir = "/home/condor/local/sdcc/execute/dir_4128698"
	Cpus = 1
	Disk = 14709
	Memory = 4096
	xferslots = 0
...
006 (1132.069.000) 2025-12-25 18:46:42 Image size of job updated: 93648
	92  -  MemoryUsage of job (MB)
	93648  -  ResidentSetSize of job (KB)
...
006 (1132.069.000) 2025-12-25 18:51:42 Image size of job updated: 2015744
	1969  -  MemoryUsage of job (MB)
	2015276  -  ResidentSetSize of job (KB)
...
006 (1132.069.000) 2025-12-25 18:56:42 Image size of job updated: 2017928
	1971  -  MemoryUsage of job (MB)
	2017928  -  ResidentSetSize of job (KB)
...
006 (1132.069.000) 2025-12-25 19:01:43 Image size of job updated: 2019920
	1973  -  MemoryUsage of job (MB)
	2019812  -  ResidentSetSize of job (KB)
...
006 (1132.069.000) 2025-12-25 19:06:43 Image size of job updated: 2021696
	1974  -  MemoryUsage of job (MB)
	2021300  -  ResidentSetSize of job (KB)
...
006 (1132.069.000) 2025-12-25 19:09:52 Image size of job updated: 2328240
	1974  -  MemoryUsage of job (MB)
	2021300  -  ResidentSetSize of job (KB)
...
005 (1132.069.000) 2025-12-25 19:09:52 Job terminated.
	(1) Normal termination (return value 0)
		Usr 0 00:16:10, Sys 0 00:00:28  -  Run Remote Usage
		Usr 0 00:00:00, Sys 0 00:00:00  -  Run Local Usage
		Usr 0 00:16:10, Sys 0 00:00:28  -  Total Remote Usage
		Usr 0 00:00:00, Sys 0 00:00:00  -  Total Local Usage
	0  -  Run Bytes Sent By Job
	0  -  Run Bytes Received By Job
	0  -  Total Bytes Sent By Job
	0  -  Total Bytes Received By Job
	Partitionable Resources :    Usage  Request Allocated 
	   Cpus                 :     0.73        1         1 
	   Disk (KB)            :     1           1     14709 
	   Memory (MB)          :  1974        4096      4096 
	   TimeExecute (s)      :  1404                       
	   TimeSlotBusy (s)     :  1404                       
	   xferslots            :                           0 

	Job terminated of its own accord at 2025-12-26T00:09:52Z with exit-code 0.
...
