000 (1132.228.000) 2025-12-25 18:43:11 Job submitted from host: <130.199.48.160:9618?addrs=[2620-0-210-a002--160]-9618+130.199.48.160-9618&alias=eicsub02.sdcc.bnl.gov&noUDP&sock=schedd_1122_32c5>
...
001 (1132.228.000) 2025-12-25 18:50:39 Job executing on host: <130.199.149.87:9618?addrs=[2620-0-210-9008--87]-9618+130.199.149.87-9618&alias=spool0221.sdcc.bnl.gov&noUDP&sock=startd_408226_7999>
	SlotName: slot1_6@spool0221.sdcc.bnl.gov
	CondorScratchDir = "/home/condor/local/sdcc/execute/dir_553487"
	Cpus = 1
	Disk = 14765
	Memory = 4096
	xferslots = 0
...
006 (1132.228.000) 2025-12-25 18:50:53 Image size of job updated: 51068
	50  -  MemoryUsage of job (MB)
	51068  -  ResidentSetSize of job (KB)
...
006 (1132.228.000) 2025-12-25 18:55:54 Image size of job updated: 2018680
	1970  -  MemoryUsage of job (MB)
	2016544  -  ResidentSetSize of job (KB)
...
006 (1132.228.000) 2025-12-25 19:00:55 Image size of job updated: 2021792
	1975  -  MemoryUsage of job (MB)
	2021792  -  ResidentSetSize of job (KB)
...
006 (1132.228.000) 2025-12-25 19:05:55 Image size of job updated: 2024428
	1977  -  MemoryUsage of job (MB)
	2023432  -  ResidentSetSize of job (KB)
...
006 (1132.228.000) 2025-12-25 19:09:36 Image size of job updated: 2313100
	1977  -  MemoryUsage of job (MB)
	2023432  -  ResidentSetSize of job (KB)
...
005 (1132.228.000) 2025-12-25 19:09:36 Job terminated.
	(1) Normal termination (return value 0)
		Usr 0 00:12:37, Sys 0 00:00:25  -  Run Remote Usage
		Usr 0 00:00:00, Sys 0 00:00:00  -  Run Local Usage
		Usr 0 00:12:37, Sys 0 00:00:25  -  Total Remote Usage
		Usr 0 00:00:00, Sys 0 00:00:00  -  Total Local Usage
	0  -  Run Bytes Sent By Job
	0  -  Run Bytes Received By Job
	0  -  Total Bytes Sent By Job
	0  -  Total Bytes Received By Job
	Partitionable Resources :    Usage  Request Allocated 
	   Cpus                 :     0.74        1         1 
	   Disk (KB)            :     1           1     14765 
	   Memory (MB)          :  1977        4096      4096 
	   TimeExecute (s)      :  1137                       
	   TimeSlotBusy (s)     :  1137                       
	   xferslots            :                           0 

	Job terminated of its own accord at 2025-12-26T00:09:36Z with exit-code 0.
...
