000 (1132.167.000) 2025-12-25 18:43:11 Job submitted from host: <130.199.48.160:9618?addrs=[2620-0-210-a002--160]-9618+130.199.48.160-9618&alias=eicsub02.sdcc.bnl.gov&noUDP&sock=schedd_1122_32c5>
...
001 (1132.167.000) 2025-12-25 18:49:27 Job executing on host: <130.199.149.104:9618?addrs=[2620-0-210-9009--104]-9618+130.199.149.104-9618&alias=spool0232.sdcc.bnl.gov&noUDP&sock=startd_407891_73a4>
	SlotName: slot1_17@spool0232.sdcc.bnl.gov
	CondorScratchDir = "/home/condor/local/sdcc/execute/dir_3805142"
	Cpus = 1
	Disk = 14765
	Memory = 4096
	xferslots = 0
...
006 (1132.167.000) 2025-12-25 18:49:41 Image size of job updated: 32324
	32  -  MemoryUsage of job (MB)
	32324  -  ResidentSetSize of job (KB)
...
006 (1132.167.000) 2025-12-25 18:54:42 Image size of job updated: 2020972
	1974  -  MemoryUsage of job (MB)
	2020972  -  ResidentSetSize of job (KB)
...
006 (1132.167.000) 2025-12-25 18:59:42 Image size of job updated: 2027384
	1980  -  MemoryUsage of job (MB)
	2027048  -  ResidentSetSize of job (KB)
...
006 (1132.167.000) 2025-12-25 19:04:42 Image size of job updated: 2027676
	1981  -  MemoryUsage of job (MB)
	2027664  -  ResidentSetSize of job (KB)
...
006 (1132.167.000) 2025-12-25 19:09:43 Image size of job updated: 2027836
	1981  -  MemoryUsage of job (MB)
	2027664  -  ResidentSetSize of job (KB)
...
006 (1132.167.000) 2025-12-25 19:11:13 Image size of job updated: 2313244
	1981  -  MemoryUsage of job (MB)
	2027664  -  ResidentSetSize of job (KB)
...
005 (1132.167.000) 2025-12-25 19:11:13 Job terminated.
	(1) Normal termination (return value 0)
		Usr 0 00:14:25, Sys 0 00:00:42  -  Run Remote Usage
		Usr 0 00:00:00, Sys 0 00:00:00  -  Run Local Usage
		Usr 0 00:14:25, Sys 0 00:00:42  -  Total Remote Usage
		Usr 0 00:00:00, Sys 0 00:00:00  -  Total Local Usage
	0  -  Run Bytes Sent By Job
	0  -  Run Bytes Received By Job
	0  -  Total Bytes Sent By Job
	0  -  Total Bytes Received By Job
	Partitionable Resources :    Usage  Request Allocated 
	   Cpus                 :     0.67        1         1 
	   Disk (KB)            :     1           1     14765 
	   Memory (MB)          :  1981        4096      4096 
	   TimeExecute (s)      :  1306                       
	   TimeSlotBusy (s)     :  1306                       
	   xferslots            :                           0 

	Job terminated of its own accord at 2025-12-26T00:11:13Z with exit-code 0.
...
