000 (1132.196.000) 2025-12-25 18:43:11 Job submitted from host: <130.199.48.160:9618?addrs=[2620-0-210-a002--160]-9618+130.199.48.160-9618&alias=eicsub02.sdcc.bnl.gov&noUDP&sock=schedd_1122_32c5>
...
001 (1132.196.000) 2025-12-25 18:50:37 Job executing on host: <130.199.149.90:9618?addrs=[2620-0-210-9008--90]-9618+130.199.149.90-9618&alias=spool0224.sdcc.bnl.gov&noUDP&sock=startd_55881_bb04>
	SlotName: slot1_22@spool0224.sdcc.bnl.gov
	CondorScratchDir = "/home/condor/local/sdcc/execute/dir_2580920"
	Cpus = 1
	Disk = 14765
	Memory = 4096
	xferslots = 0
...
006 (1132.196.000) 2025-12-25 18:50:51 Image size of job updated: 30792
	31  -  MemoryUsage of job (MB)
	30792  -  ResidentSetSize of job (KB)
...
006 (1132.196.000) 2025-12-25 18:55:52 Image size of job updated: 2018240
	1971  -  MemoryUsage of job (MB)
	2018240  -  ResidentSetSize of job (KB)
...
006 (1132.196.000) 2025-12-25 19:00:52 Image size of job updated: 2020828
	1974  -  MemoryUsage of job (MB)
	2020520  -  ResidentSetSize of job (KB)
...
006 (1132.196.000) 2025-12-25 19:05:53 Image size of job updated: 2024064
	1977  -  MemoryUsage of job (MB)
	2023916  -  ResidentSetSize of job (KB)
...
006 (1132.196.000) 2025-12-25 19:10:54 Image size of job updated: 2223880
	2172  -  MemoryUsage of job (MB)
	2223880  -  ResidentSetSize of job (KB)
...
006 (1132.196.000) 2025-12-25 19:11:04 Image size of job updated: 2341468
	2172  -  MemoryUsage of job (MB)
	2223880  -  ResidentSetSize of job (KB)
...
005 (1132.196.000) 2025-12-25 19:11:04 Job terminated.
	(1) Normal termination (return value 0)
		Usr 0 00:13:35, Sys 0 00:00:37  -  Run Remote Usage
		Usr 0 00:00:00, Sys 0 00:00:00  -  Run Local Usage
		Usr 0 00:13:35, Sys 0 00:00:37  -  Total Remote Usage
		Usr 0 00:00:00, Sys 0 00:00:00  -  Total Local Usage
	0  -  Run Bytes Sent By Job
	0  -  Run Bytes Received By Job
	0  -  Total Bytes Sent By Job
	0  -  Total Bytes Received By Job
	Partitionable Resources :    Usage  Request Allocated 
	   Cpus                 :     0.71        1         1 
	   Disk (KB)            :     1           1     14765 
	   Memory (MB)          :  2172        4096      4096 
	   TimeExecute (s)      :  1227                       
	   TimeSlotBusy (s)     :  1227                       
	   xferslots            :                           0 

	Job terminated of its own accord at 2025-12-26T00:11:04Z with exit-code 0.
...
