000 (1132.008.000) 2025-12-25 18:43:11 Job submitted from host: <130.199.48.160:9618?addrs=[2620-0-210-a002--160]-9618+130.199.48.160-9618&alias=eicsub02.sdcc.bnl.gov&noUDP&sock=schedd_1122_32c5>
...
001 (1132.008.000) 2025-12-25 18:43:31 Job executing on host: <130.199.149.88:9618?addrs=[2620-0-210-9008--88]-9618+130.199.149.88-9618&alias=spool0222.sdcc.bnl.gov&noUDP&sock=startd_407865_3919>
	SlotName: slot1_28@spool0222.sdcc.bnl.gov
	CondorScratchDir = "/home/condor/local/sdcc/execute/dir_1110089"
	Cpus = 1
	Disk = 14765
	Memory = 4096
	xferslots = 0
...
006 (1132.008.000) 2025-12-25 18:43:44 Image size of job updated: 40812
	40  -  MemoryUsage of job (MB)
	40812  -  ResidentSetSize of job (KB)
...
006 (1132.008.000) 2025-12-25 18:48:44 Image size of job updated: 2016920
	1970  -  MemoryUsage of job (MB)
	2016920  -  ResidentSetSize of job (KB)
...
006 (1132.008.000) 2025-12-25 18:53:45 Image size of job updated: 2017612
	1970  -  MemoryUsage of job (MB)
	2016920  -  ResidentSetSize of job (KB)
...
006 (1132.008.000) 2025-12-25 18:58:45 Image size of job updated: 2020312
	1973  -  MemoryUsage of job (MB)
	2019852  -  ResidentSetSize of job (KB)
...
006 (1132.008.000) 2025-12-25 19:03:45 Image size of job updated: 2021072
	1974  -  MemoryUsage of job (MB)
	2020848  -  ResidentSetSize of job (KB)
...
006 (1132.008.000) 2025-12-25 19:05:10 Image size of job updated: 2326912
	1974  -  MemoryUsage of job (MB)
	2020848  -  ResidentSetSize of job (KB)
...
005 (1132.008.000) 2025-12-25 19:05:10 Job terminated.
	(1) Normal termination (return value 0)
		Usr 0 00:13:40, Sys 0 00:00:45  -  Run Remote Usage
		Usr 0 00:00:00, Sys 0 00:00:00  -  Run Local Usage
		Usr 0 00:13:40, Sys 0 00:00:45  -  Total Remote Usage
		Usr 0 00:00:00, Sys 0 00:00:00  -  Total Local Usage
	0  -  Run Bytes Sent By Job
	0  -  Run Bytes Received By Job
	0  -  Total Bytes Sent By Job
	0  -  Total Bytes Received By Job
	Partitionable Resources :    Usage  Request Allocated 
	   Cpus                 :     0.65        1         1 
	   Disk (KB)            :     1           1     14765 
	   Memory (MB)          :  1974        4096      4096 
	   TimeExecute (s)      :  1299                       
	   TimeSlotBusy (s)     :  1299                       
	   xferslots            :                           0 

	Job terminated of its own accord at 2025-12-26T00:05:10Z with exit-code 0.
...
