000 (1132.089.000) 2025-12-25 18:43:11 Job submitted from host: <130.199.48.160:9618?addrs=[2620-0-210-a002--160]-9618+130.199.48.160-9618&alias=eicsub02.sdcc.bnl.gov&noUDP&sock=schedd_1122_32c5>
...
001 (1132.089.000) 2025-12-25 18:47:13 Job executing on host: <130.199.207.209:9618?addrs=[2620-0-210-9040--209]-9618+130.199.207.209-9618&alias=spool1496.sdcc.bnl.gov&noUDP&sock=startd_25916_2fb2>
	SlotName: slot1_26@spool1496.sdcc.bnl.gov
	CondorScratchDir = "/home/condor/local/sdcc/execute/dir_2852384"
	Cpus = 1
	Disk = 7408
	Memory = 4096
	xferslots = 0
...
006 (1132.089.000) 2025-12-25 18:47:22 Image size of job updated: 93836
	92  -  MemoryUsage of job (MB)
	93836  -  ResidentSetSize of job (KB)
...
006 (1132.089.000) 2025-12-25 18:52:23 Image size of job updated: 2018664
	1972  -  MemoryUsage of job (MB)
	2018664  -  ResidentSetSize of job (KB)
...
006 (1132.089.000) 2025-12-25 19:02:24 Image size of job updated: 2022956
	1976  -  MemoryUsage of job (MB)
	2022636  -  ResidentSetSize of job (KB)
...
006 (1132.089.000) 2025-12-25 19:07:24 Image size of job updated: 2027028
	1976  -  MemoryUsage of job (MB)
	2022636  -  ResidentSetSize of job (KB)
...
006 (1132.089.000) 2025-12-25 19:10:49 Image size of job updated: 2337844
	1976  -  MemoryUsage of job (MB)
	2022636  -  ResidentSetSize of job (KB)
...
005 (1132.089.000) 2025-12-25 19:10:49 Job terminated.
	(1) Normal termination (return value 0)
		Usr 0 00:15:36, Sys 0 00:00:22  -  Run Remote Usage
		Usr 0 00:00:00, Sys 0 00:00:00  -  Run Local Usage
		Usr 0 00:15:36, Sys 0 00:00:22  -  Total Remote Usage
		Usr 0 00:00:00, Sys 0 00:00:00  -  Total Local Usage
	0  -  Run Bytes Sent By Job
	0  -  Run Bytes Received By Job
	0  -  Total Bytes Sent By Job
	0  -  Total Bytes Received By Job
	Partitionable Resources :    Usage  Request Allocated 
	   Cpus                 :     0.71        1         1 
	   Disk (KB)            :     1           1      7408 
	   Memory (MB)          :  1976        4096      4096 
	   TimeExecute (s)      :  1416                       
	   TimeSlotBusy (s)     :  1416                       
	   xferslots            :                           0 
...
