000 (1132.099.000) 2025-12-25 18:43:11 Job submitted from host: <130.199.48.160:9618?addrs=[2620-0-210-a002--160]-9618+130.199.48.160-9618&alias=eicsub02.sdcc.bnl.gov&noUDP&sock=schedd_1122_32c5>
...
001 (1132.099.000) 2025-12-25 18:47:39 Job executing on host: <130.199.207.209:9618?addrs=[2620-0-210-9040--209]-9618+130.199.207.209-9618&alias=spool1496.sdcc.bnl.gov&noUDP&sock=startd_25916_2fb2>
	SlotName: slot1_18@spool1496.sdcc.bnl.gov
	CondorScratchDir = "/home/condor/local/sdcc/execute/dir_2853342"
	Cpus = 1
	Disk = 7408
	Memory = 4096
	xferslots = 0
...
006 (1132.099.000) 2025-12-25 18:47:47 Image size of job updated: 93828
	92  -  MemoryUsage of job (MB)
	93828  -  ResidentSetSize of job (KB)
...
006 (1132.099.000) 2025-12-25 18:52:47 Image size of job updated: 2014676
	1968  -  MemoryUsage of job (MB)
	2014676  -  ResidentSetSize of job (KB)
...
006 (1132.099.000) 2025-12-25 18:57:48 Image size of job updated: 2018100
	1969  -  MemoryUsage of job (MB)
	2016172  -  ResidentSetSize of job (KB)
...
006 (1132.099.000) 2025-12-25 19:02:49 Image size of job updated: 2039312
	1990  -  MemoryUsage of job (MB)
	2037664  -  ResidentSetSize of job (KB)
...
006 (1132.099.000) 2025-12-25 19:11:07 Image size of job updated: 2354560
	1990  -  MemoryUsage of job (MB)
	2037664  -  ResidentSetSize of job (KB)
...
005 (1132.099.000) 2025-12-25 19:11:07 Job terminated.
	(1) Normal termination (return value 0)
		Usr 0 00:15:36, Sys 0 00:00:20  -  Run Remote Usage
		Usr 0 00:00:00, Sys 0 00:00:00  -  Run Local Usage
		Usr 0 00:15:36, Sys 0 00:00:20  -  Total Remote Usage
		Usr 0 00:00:00, Sys 0 00:00:00  -  Total Local Usage
	0  -  Run Bytes Sent By Job
	0  -  Run Bytes Received By Job
	0  -  Total Bytes Sent By Job
	0  -  Total Bytes Received By Job
	Partitionable Resources :    Usage  Request Allocated 
	   Cpus                 :     0.74        1         1 
	   Disk (KB)            :     1           1      7408 
	   Memory (MB)          :  1990        4096      4096 
	   TimeExecute (s)      :  1408                       
	   TimeSlotBusy (s)     :  1409                       
	   xferslots            :                           0 
...
