000 (1132.156.000) 2025-12-25 18:43:11 Job submitted from host: <130.199.48.160:9618?addrs=[2620-0-210-a002--160]-9618+130.199.48.160-9618&alias=eicsub02.sdcc.bnl.gov&noUDP&sock=schedd_1122_32c5>
...
001 (1132.156.000) 2025-12-25 18:49:13 Job executing on host: <130.199.149.134:9618?addrs=[2620-0-210-9010--134]-9618+130.199.149.134-9618&alias=spool0256.sdcc.bnl.gov&noUDP&sock=startd_408511_ac84>
	SlotName: slot1_22@spool0256.sdcc.bnl.gov
	CondorScratchDir = "/home/condor/local/sdcc/execute/dir_710627"
	Cpus = 1
	Disk = 14765
	Memory = 4096
	xferslots = 0
...
006 (1132.156.000) 2025-12-25 18:49:27 Image size of job updated: 96268
	95  -  MemoryUsage of job (MB)
	96268  -  ResidentSetSize of job (KB)
...
006 (1132.156.000) 2025-12-25 18:54:28 Image size of job updated: 2017972
	1971  -  MemoryUsage of job (MB)
	2017432  -  ResidentSetSize of job (KB)
...
006 (1132.156.000) 2025-12-25 18:59:28 Image size of job updated: 2021404
	1975  -  MemoryUsage of job (MB)
	2021404  -  ResidentSetSize of job (KB)
...
006 (1132.156.000) 2025-12-25 19:04:28 Image size of job updated: 2023752
	1975  -  MemoryUsage of job (MB)
	2021456  -  ResidentSetSize of job (KB)
...
006 (1132.156.000) 2025-12-25 19:09:29 Image size of job updated: 2024384
	1977  -  MemoryUsage of job (MB)
	2023812  -  ResidentSetSize of job (KB)
...
006 (1132.156.000) 2025-12-25 19:12:02 Image size of job updated: 2339008
	1977  -  MemoryUsage of job (MB)
	2023812  -  ResidentSetSize of job (KB)
...
005 (1132.156.000) 2025-12-25 19:12:02 Job terminated.
	(1) Normal termination (return value 0)
		Usr 0 00:15:09, Sys 0 00:00:50  -  Run Remote Usage
		Usr 0 00:00:00, Sys 0 00:00:00  -  Run Local Usage
		Usr 0 00:15:09, Sys 0 00:00:50  -  Total Remote Usage
		Usr 0 00:00:00, Sys 0 00:00:00  -  Total Local Usage
	0  -  Run Bytes Sent By Job
	0  -  Run Bytes Received By Job
	0  -  Total Bytes Sent By Job
	0  -  Total Bytes Received By Job
	Partitionable Resources :    Usage  Request Allocated 
	   Cpus                 :     0.65        1         1 
	   Disk (KB)            :     1           1     14765 
	   Memory (MB)          :  1977        4096      4096 
	   TimeExecute (s)      :  1369                       
	   TimeSlotBusy (s)     :  1369                       
	   xferslots            :                           0 

	Job terminated of its own accord at 2025-12-26T00:12:02Z with exit-code 0.
...
