000 (1132.227.000) 2025-12-25 18:43:11 Job submitted from host: <130.199.48.160:9618?addrs=[2620-0-210-a002--160]-9618+130.199.48.160-9618&alias=eicsub02.sdcc.bnl.gov&noUDP&sock=schedd_1122_32c5>
...
001 (1132.227.000) 2025-12-25 18:50:39 Job executing on host: <130.199.149.170:9618?addrs=[2620-0-210-9011--170]-9618+130.199.149.170-9618&alias=spool0286.sdcc.bnl.gov&noUDP&sock=startd_403561_0fb7>
	SlotName: slot1_9@spool0286.sdcc.bnl.gov
	CondorScratchDir = "/home/condor/local/sdcc/execute/dir_4079900"
	Cpus = 1
	Disk = 14765
	Memory = 4096
	xferslots = 0
...
006 (1132.227.000) 2025-12-25 18:50:53 Image size of job updated: 24896
	25  -  MemoryUsage of job (MB)
	24896  -  ResidentSetSize of job (KB)
...
006 (1132.227.000) 2025-12-25 18:55:54 Image size of job updated: 2021236
	1974  -  MemoryUsage of job (MB)
	2021236  -  ResidentSetSize of job (KB)
...
006 (1132.227.000) 2025-12-25 19:00:54 Image size of job updated: 2023256
	1976  -  MemoryUsage of job (MB)
	2023256  -  ResidentSetSize of job (KB)
...
006 (1132.227.000) 2025-12-25 19:05:54 Image size of job updated: 2027816
	1976  -  MemoryUsage of job (MB)
	2023256  -  ResidentSetSize of job (KB)
...
006 (1132.227.000) 2025-12-25 19:10:55 Image size of job updated: 2028356
	1981  -  MemoryUsage of job (MB)
	2028320  -  ResidentSetSize of job (KB)
...
006 (1132.227.000) 2025-12-25 19:11:08 Image size of job updated: 2335088
	1981  -  MemoryUsage of job (MB)
	2028356  -  ResidentSetSize of job (KB)
...
005 (1132.227.000) 2025-12-25 19:11:08 Job terminated.
	(1) Normal termination (return value 0)
		Usr 0 00:13:51, Sys 0 00:00:27  -  Run Remote Usage
		Usr 0 00:00:00, Sys 0 00:00:00  -  Run Local Usage
		Usr 0 00:13:51, Sys 0 00:00:27  -  Total Remote Usage
		Usr 0 00:00:00, Sys 0 00:00:00  -  Total Local Usage
	0  -  Run Bytes Sent By Job
	0  -  Run Bytes Received By Job
	0  -  Total Bytes Sent By Job
	0  -  Total Bytes Received By Job
	Partitionable Resources :    Usage  Request Allocated 
	   Cpus                 :     0.69        1         1 
	   Disk (KB)            :     1           1     14765 
	   Memory (MB)          :  1981        4096      4096 
	   TimeExecute (s)      :  1229                       
	   TimeSlotBusy (s)     :  1229                       
	   xferslots            :                           0 

	Job terminated of its own accord at 2025-12-26T00:11:08Z with exit-code 0.
...
