000 (1132.217.000) 2025-12-25 18:43:11 Job submitted from host: <130.199.48.160:9618?addrs=[2620-0-210-a002--160]-9618+130.199.48.160-9618&alias=eicsub02.sdcc.bnl.gov&noUDP&sock=schedd_1122_32c5>
...
001 (1132.217.000) 2025-12-25 18:50:39 Job executing on host: <130.199.149.185:9618?addrs=[2620-0-210-9011--185]-9618+130.199.149.185-9618&alias=spool0591.sdcc.bnl.gov&noUDP&sock=startd_112579_ee89>
	SlotName: slot1_8@spool0591.sdcc.bnl.gov
	CondorScratchDir = "/home/condor/local/sdcc/execute/dir_3569288"
	Cpus = 1
	Disk = 14709
	Memory = 4096
	xferslots = 0
...
006 (1132.217.000) 2025-12-25 18:50:52 Image size of job updated: 59368
	58  -  MemoryUsage of job (MB)
	59368  -  ResidentSetSize of job (KB)
...
006 (1132.217.000) 2025-12-25 18:55:52 Image size of job updated: 2016124
	1969  -  MemoryUsage of job (MB)
	2016124  -  ResidentSetSize of job (KB)
...
006 (1132.217.000) 2025-12-25 19:00:53 Image size of job updated: 2020692
	1974  -  MemoryUsage of job (MB)
	2020692  -  ResidentSetSize of job (KB)
...
006 (1132.217.000) 2025-12-25 19:10:54 Image size of job updated: 2040700
	1974  -  MemoryUsage of job (MB)
	2020692  -  ResidentSetSize of job (KB)
...
006 (1132.217.000) 2025-12-25 19:13:06 Image size of job updated: 2346224
	1974  -  MemoryUsage of job (MB)
	2020692  -  ResidentSetSize of job (KB)
...
005 (1132.217.000) 2025-12-25 19:13:06 Job terminated.
	(1) Normal termination (return value 0)
		Usr 0 00:14:55, Sys 0 00:00:46  -  Run Remote Usage
		Usr 0 00:00:00, Sys 0 00:00:00  -  Run Local Usage
		Usr 0 00:14:55, Sys 0 00:00:46  -  Total Remote Usage
		Usr 0 00:00:00, Sys 0 00:00:00  -  Total Local Usage
	0  -  Run Bytes Sent By Job
	0  -  Run Bytes Received By Job
	0  -  Total Bytes Sent By Job
	0  -  Total Bytes Received By Job
	Partitionable Resources :    Usage  Request Allocated 
	   Cpus                 :     0.73        1         1 
	   Disk (KB)            :     1           1     14709 
	   Memory (MB)          :  1974        4096      4096 
	   TimeExecute (s)      :  1347                       
	   TimeSlotBusy (s)     :  1348                       
	   xferslots            :                           0 

	Job terminated of its own accord at 2025-12-26T00:13:06Z with exit-code 0.
...
