000 (1132.223.000) 2025-12-25 18:43:11 Job submitted from host: <130.199.48.160:9618?addrs=[2620-0-210-a002--160]-9618+130.199.48.160-9618&alias=eicsub02.sdcc.bnl.gov&noUDP&sock=schedd_1122_32c5>
...
001 (1132.223.000) 2025-12-25 18:50:39 Job executing on host: <130.199.149.169:9618?addrs=[2620-0-210-9011--169]-9618+130.199.149.169-9618&alias=spool0285.sdcc.bnl.gov&noUDP&sock=startd_408265_d168>
	SlotName: slot1_1@spool0285.sdcc.bnl.gov
	CondorScratchDir = "/home/condor/local/sdcc/execute/dir_1939442"
	Cpus = 1
	Disk = 14765
	Memory = 4096
	xferslots = 0
...
006 (1132.223.000) 2025-12-25 18:50:52 Image size of job updated: 47936
	47  -  MemoryUsage of job (MB)
	47936  -  ResidentSetSize of job (KB)
...
006 (1132.223.000) 2025-12-25 18:55:52 Image size of job updated: 2021888
	1975  -  MemoryUsage of job (MB)
	2021888  -  ResidentSetSize of job (KB)
...
006 (1132.223.000) 2025-12-25 19:00:53 Image size of job updated: 2021892
	1975  -  MemoryUsage of job (MB)
	2021888  -  ResidentSetSize of job (KB)
...
006 (1132.223.000) 2025-12-25 19:05:53 Image size of job updated: 2024244
	1977  -  MemoryUsage of job (MB)
	2023524  -  ResidentSetSize of job (KB)
...
006 (1132.223.000) 2025-12-25 19:10:53 Image size of job updated: 2187688
	2137  -  MemoryUsage of job (MB)
	2187688  -  ResidentSetSize of job (KB)
...
006 (1132.223.000) 2025-12-25 19:11:02 Image size of job updated: 2332624
	2137  -  MemoryUsage of job (MB)
	2187688  -  ResidentSetSize of job (KB)
...
005 (1132.223.000) 2025-12-25 19:11:02 Job terminated.
	(1) Normal termination (return value 0)
		Usr 0 00:13:30, Sys 0 00:00:28  -  Run Remote Usage
		Usr 0 00:00:00, Sys 0 00:00:00  -  Run Local Usage
		Usr 0 00:13:30, Sys 0 00:00:28  -  Total Remote Usage
		Usr 0 00:00:00, Sys 0 00:00:00  -  Total Local Usage
	0  -  Run Bytes Sent By Job
	0  -  Run Bytes Received By Job
	0  -  Total Bytes Sent By Job
	0  -  Total Bytes Received By Job
	Partitionable Resources :    Usage  Request Allocated 
	   Cpus                 :     0.71        1         1 
	   Disk (KB)            :     1           1     14765 
	   Memory (MB)          :  2137        4096      4096 
	   TimeExecute (s)      :  1223                       
	   TimeSlotBusy (s)     :  1224                       
	   xferslots            :                           0 

	Job terminated of its own accord at 2025-12-26T00:11:02Z with exit-code 0.
...
