000 (1132.203.000) 2025-12-25 18:43:11 Job submitted from host: <130.199.48.160:9618?addrs=[2620-0-210-a002--160]-9618+130.199.48.160-9618&alias=eicsub02.sdcc.bnl.gov&noUDP&sock=schedd_1122_32c5>
...
001 (1132.203.000) 2025-12-25 18:50:37 Job executing on host: <130.199.149.222:9618?addrs=[2620-0-210-9012--222]-9618+130.199.149.222-9618&alias=spool0652.sdcc.bnl.gov&noUDP&sock=startd_363837_eab7>
	SlotName: slot1_8@spool0652.sdcc.bnl.gov
	CondorScratchDir = "/home/condor/local/sdcc/execute/dir_1647681"
	Cpus = 1
	Disk = 14709
	Memory = 4096
	xferslots = 0
...
006 (1132.203.000) 2025-12-25 18:50:51 Image size of job updated: 60128
	59  -  MemoryUsage of job (MB)
	60128  -  ResidentSetSize of job (KB)
...
006 (1132.203.000) 2025-12-25 18:55:52 Image size of job updated: 2018664
	1971  -  MemoryUsage of job (MB)
	2017440  -  ResidentSetSize of job (KB)
...
006 (1132.203.000) 2025-12-25 19:00:52 Image size of job updated: 2022052
	1974  -  MemoryUsage of job (MB)
	2021168  -  ResidentSetSize of job (KB)
...
006 (1132.203.000) 2025-12-25 19:05:52 Image size of job updated: 2023556
	1974  -  MemoryUsage of job (MB)
	2021168  -  ResidentSetSize of job (KB)
...
006 (1132.203.000) 2025-12-25 19:09:43 Image size of job updated: 2312860
	1974  -  MemoryUsage of job (MB)
	2021168  -  ResidentSetSize of job (KB)
...
005 (1132.203.000) 2025-12-25 19:09:43 Job terminated.
	(1) Normal termination (return value 0)
		Usr 0 00:11:39, Sys 0 00:00:22  -  Run Remote Usage
		Usr 0 00:00:00, Sys 0 00:00:00  -  Run Local Usage
		Usr 0 00:11:39, Sys 0 00:00:22  -  Total Remote Usage
		Usr 0 00:00:00, Sys 0 00:00:00  -  Total Local Usage
	0  -  Run Bytes Sent By Job
	0  -  Run Bytes Received By Job
	0  -  Total Bytes Sent By Job
	0  -  Total Bytes Received By Job
	Partitionable Resources :    Usage  Request Allocated 
	   Cpus                 :     0.62        1         1 
	   Disk (KB)            :     1           1     14709 
	   Memory (MB)          :  1974        4096      4096 
	   TimeExecute (s)      :  1146                       
	   TimeSlotBusy (s)     :  1146                       
	   xferslots            :                           0 

	Job terminated of its own accord at 2025-12-26T00:09:43Z with exit-code 0.
...
