000 (1132.052.000) 2025-12-25 18:43:11 Job submitted from host: <130.199.48.160:9618?addrs=[2620-0-210-a002--160]-9618+130.199.48.160-9618&alias=eicsub02.sdcc.bnl.gov&noUDP&sock=schedd_1122_32c5>
...
001 (1132.052.000) 2025-12-25 18:45:40 Job executing on host: <130.199.157.130:9618?addrs=[2620-0-210-9006--130]-9618+130.199.157.130-9618&alias=spool0670.sdcc.bnl.gov&noUDP&sock=startd_388092_5173>
	SlotName: slot1_38@spool0670.sdcc.bnl.gov
	CondorScratchDir = "/home/condor/local/sdcc/execute/dir_3953586"
	Cpus = 1
	Disk = 14709
	Memory = 4096
	xferslots = 0
...
006 (1132.052.000) 2025-12-25 18:45:54 Image size of job updated: 84100
	83  -  MemoryUsage of job (MB)
	84100  -  ResidentSetSize of job (KB)
...
006 (1132.052.000) 2025-12-25 18:50:55 Image size of job updated: 2018716
	1972  -  MemoryUsage of job (MB)
	2018716  -  ResidentSetSize of job (KB)
...
006 (1132.052.000) 2025-12-25 18:55:56 Image size of job updated: 2021000
	1972  -  MemoryUsage of job (MB)
	2019124  -  ResidentSetSize of job (KB)
...
006 (1132.052.000) 2025-12-25 19:00:57 Image size of job updated: 2021856
	1975  -  MemoryUsage of job (MB)
	2021852  -  ResidentSetSize of job (KB)
...
006 (1132.052.000) 2025-12-25 19:05:57 Image size of job updated: 2022116
	1975  -  MemoryUsage of job (MB)
	2021852  -  ResidentSetSize of job (KB)
...
006 (1132.052.000) 2025-12-25 19:06:25 Image size of job updated: 2328032
	1975  -  MemoryUsage of job (MB)
	2021852  -  ResidentSetSize of job (KB)
...
005 (1132.052.000) 2025-12-25 19:06:25 Job terminated.
	(1) Normal termination (return value 0)
		Usr 0 00:15:32, Sys 0 00:00:25  -  Run Remote Usage
		Usr 0 00:00:00, Sys 0 00:00:00  -  Run Local Usage
		Usr 0 00:15:32, Sys 0 00:00:25  -  Total Remote Usage
		Usr 0 00:00:00, Sys 0 00:00:00  -  Total Local Usage
	0  -  Run Bytes Sent By Job
	0  -  Run Bytes Received By Job
	0  -  Total Bytes Sent By Job
	0  -  Total Bytes Received By Job
	Partitionable Resources :    Usage  Request Allocated 
	   Cpus                 :     0.79        1         1 
	   Disk (KB)            :     1           1     14709 
	   Memory (MB)          :  1975        4096      4096 
	   TimeExecute (s)      :  1245                       
	   TimeSlotBusy (s)     :  1249                       
	   xferslots            :                           0 

	Job terminated of its own accord at 2025-12-26T00:06:25Z with exit-code 0.
...
