000 (1132.082.000) 2025-12-25 18:43:11 Job submitted from host: <130.199.48.160:9618?addrs=[2620-0-210-a002--160]-9618+130.199.48.160-9618&alias=eicsub02.sdcc.bnl.gov&noUDP&sock=schedd_1122_32c5>
...
001 (1132.082.000) 2025-12-25 18:46:59 Job executing on host: <130.199.157.177:9618?addrs=[2620-0-210-9018--177]-9618+130.199.157.177-9618&alias=spool0849.sdcc.bnl.gov&noUDP&sock=startd_371271_af1b>
	SlotName: slot1_2@spool0849.sdcc.bnl.gov
	CondorScratchDir = "/home/condor/local/sdcc/execute/dir_3566856"
	Cpus = 1
	Disk = 7408
	Memory = 4096
	xferslots = 0
...
006 (1132.082.000) 2025-12-25 18:47:13 Image size of job updated: 20184
	20  -  MemoryUsage of job (MB)
	20184  -  ResidentSetSize of job (KB)
...
006 (1132.082.000) 2025-12-25 18:52:14 Image size of job updated: 2016864
	1970  -  MemoryUsage of job (MB)
	2016864  -  ResidentSetSize of job (KB)
...
006 (1132.082.000) 2025-12-25 18:57:14 Image size of job updated: 2019900
	1971  -  MemoryUsage of job (MB)
	2018056  -  ResidentSetSize of job (KB)
...
006 (1132.082.000) 2025-12-25 19:02:14 Image size of job updated: 2020740
	1974  -  MemoryUsage of job (MB)
	2020572  -  ResidentSetSize of job (KB)
...
006 (1132.082.000) 2025-12-25 19:07:15 Image size of job updated: 2021024
	1974  -  MemoryUsage of job (MB)
	2021024  -  ResidentSetSize of job (KB)
...
006 (1132.082.000) 2025-12-25 19:11:23 Image size of job updated: 2328648
	1974  -  MemoryUsage of job (MB)
	2021024  -  ResidentSetSize of job (KB)
...
005 (1132.082.000) 2025-12-25 19:11:23 Job terminated.
	(1) Normal termination (return value 0)
		Usr 0 00:18:41, Sys 0 00:00:23  -  Run Remote Usage
		Usr 0 00:00:00, Sys 0 00:00:00  -  Run Local Usage
		Usr 0 00:18:41, Sys 0 00:00:23  -  Total Remote Usage
		Usr 0 00:00:00, Sys 0 00:00:00  -  Total Local Usage
	0  -  Run Bytes Sent By Job
	0  -  Run Bytes Received By Job
	0  -  Total Bytes Sent By Job
	0  -  Total Bytes Received By Job
	Partitionable Resources :    Usage  Request Allocated 
	   Cpus                 :     0.74        1         1 
	   Disk (KB)            :     1           1      7408 
	   Memory (MB)          :  1974        4096      4096 
	   TimeExecute (s)      :  1464                       
	   TimeSlotBusy (s)     :  1464                       
	   xferslots            :                           0 

	Job terminated of its own accord at 2025-12-26T00:11:23Z with exit-code 0.
...
