000 (1132.113.000) 2025-12-25 18:43:11 Job submitted from host: <130.199.48.160:9618?addrs=[2620-0-210-a002--160]-9618+130.199.48.160-9618&alias=eicsub02.sdcc.bnl.gov&noUDP&sock=schedd_1122_32c5>
...
001 (1132.113.000) 2025-12-25 18:48:05 Job executing on host: <130.199.157.134:9618?addrs=[2620-0-210-9006--134]-9618+130.199.157.134-9618&alias=spool0674.sdcc.bnl.gov&noUDP&sock=startd_387653_6155>
	SlotName: slot1_27@spool0674.sdcc.bnl.gov
	CondorScratchDir = "/home/condor/local/sdcc/execute/dir_641755"
	Cpus = 1
	Disk = 14709
	Memory = 4096
	xferslots = 0
...
006 (1132.113.000) 2025-12-25 18:48:19 Image size of job updated: 23012
	13  -  MemoryUsage of job (MB)
	12900  -  ResidentSetSize of job (KB)
...
006 (1132.113.000) 2025-12-25 18:53:20 Image size of job updated: 2021052
	1974  -  MemoryUsage of job (MB)
	2021052  -  ResidentSetSize of job (KB)
...
006 (1132.113.000) 2025-12-25 18:58:20 Image size of job updated: 2021096
	1974  -  MemoryUsage of job (MB)
	2021052  -  ResidentSetSize of job (KB)
...
006 (1132.113.000) 2025-12-25 19:03:21 Image size of job updated: 2024580
	1977  -  MemoryUsage of job (MB)
	2024368  -  ResidentSetSize of job (KB)
...
006 (1132.113.000) 2025-12-25 19:08:21 Image size of job updated: 2027364
	1980  -  MemoryUsage of job (MB)
	2027364  -  ResidentSetSize of job (KB)
...
006 (1132.113.000) 2025-12-25 19:10:53 Image size of job updated: 2303976
	1980  -  MemoryUsage of job (MB)
	2027364  -  ResidentSetSize of job (KB)
...
005 (1132.113.000) 2025-12-25 19:10:53 Job terminated.
	(1) Normal termination (return value 0)
		Usr 0 00:15:39, Sys 0 00:00:22  -  Run Remote Usage
		Usr 0 00:00:00, Sys 0 00:00:00  -  Run Local Usage
		Usr 0 00:15:39, Sys 0 00:00:22  -  Total Remote Usage
		Usr 0 00:00:00, Sys 0 00:00:00  -  Total Local Usage
	0  -  Run Bytes Sent By Job
	0  -  Run Bytes Received By Job
	0  -  Total Bytes Sent By Job
	0  -  Total Bytes Received By Job
	Partitionable Resources :    Usage  Request Allocated 
	   Cpus                 :     0.75        1         1 
	   Disk (KB)            :     1           1     14709 
	   Memory (MB)          :  1980        4096      4096 
	   TimeExecute (s)      :  1368                       
	   TimeSlotBusy (s)     :  1368                       
	   xferslots            :                           0 

	Job terminated of its own accord at 2025-12-26T00:10:53Z with exit-code 0.
...
