000 (1132.061.000) 2025-12-25 18:43:11 Job submitted from host: <130.199.48.160:9618?addrs=[2620-0-210-a002--160]-9618+130.199.48.160-9618&alias=eicsub02.sdcc.bnl.gov&noUDP&sock=schedd_1122_32c5>
...
001 (1132.061.000) 2025-12-25 18:46:00 Job executing on host: <130.199.157.137:9618?addrs=[2620-0-210-9006--137]-9618+130.199.157.137-9618&alias=spool0677.sdcc.bnl.gov&noUDP&sock=startd_390969_da33>
	SlotName: slot1_20@spool0677.sdcc.bnl.gov
	CondorScratchDir = "/home/condor/local/sdcc/execute/dir_4128229"
	Cpus = 1
	Disk = 14709
	Memory = 4096
	xferslots = 0
...
006 (1132.061.000) 2025-12-25 18:46:14 Image size of job updated: 96708
	95  -  MemoryUsage of job (MB)
	96708  -  ResidentSetSize of job (KB)
...
006 (1132.061.000) 2025-12-25 18:51:15 Image size of job updated: 2019668
	1973  -  MemoryUsage of job (MB)
	2019668  -  ResidentSetSize of job (KB)
...
006 (1132.061.000) 2025-12-25 18:56:16 Image size of job updated: 2025380
	1978  -  MemoryUsage of job (MB)
	2025380  -  ResidentSetSize of job (KB)
...
006 (1132.061.000) 2025-12-25 19:01:16 Image size of job updated: 2025456
	1978  -  MemoryUsage of job (MB)
	2025380  -  ResidentSetSize of job (KB)
...
006 (1132.061.000) 2025-12-25 19:06:17 Image size of job updated: 2027804
	1980  -  MemoryUsage of job (MB)
	2027144  -  ResidentSetSize of job (KB)
...
006 (1132.061.000) 2025-12-25 19:09:51 Image size of job updated: 2276324
	1980  -  MemoryUsage of job (MB)
	2027144  -  ResidentSetSize of job (KB)
...
005 (1132.061.000) 2025-12-25 19:09:51 Job terminated.
	(1) Normal termination (return value 0)
		Usr 0 00:16:17, Sys 0 00:00:29  -  Run Remote Usage
		Usr 0 00:00:00, Sys 0 00:00:00  -  Run Local Usage
		Usr 0 00:16:17, Sys 0 00:00:29  -  Total Remote Usage
		Usr 0 00:00:00, Sys 0 00:00:00  -  Total Local Usage
	0  -  Run Bytes Sent By Job
	0  -  Run Bytes Received By Job
	0  -  Total Bytes Sent By Job
	0  -  Total Bytes Received By Job
	Partitionable Resources :    Usage  Request Allocated 
	   Cpus                 :     0.61        1         1 
	   Disk (KB)            :     1           1     14709 
	   Memory (MB)          :  1980        4096      4096 
	   TimeExecute (s)      :  1431                       
	   TimeSlotBusy (s)     :  1431                       
	   xferslots            :                           0 

	Job terminated of its own accord at 2025-12-26T00:09:51Z with exit-code 0.
...
