000 (1132.091.000) 2025-12-25 18:43:11 Job submitted from host: <130.199.48.160:9618?addrs=[2620-0-210-a002--160]-9618+130.199.48.160-9618&alias=eicsub02.sdcc.bnl.gov&noUDP&sock=schedd_1122_32c5>
...
001 (1132.091.000) 2025-12-25 18:47:14 Job executing on host: <130.199.149.201:9618?addrs=[2620-0-210-9012--201]-9618+130.199.149.201-9618&alias=spool0601.sdcc.bnl.gov&noUDP&sock=startd_389621_3a34>
	SlotName: slot1_10@spool0601.sdcc.bnl.gov
	CondorScratchDir = "/home/condor/local/sdcc/execute/dir_2343174"
	Cpus = 1
	Disk = 14709
	Memory = 4096
	xferslots = 0
...
006 (1132.091.000) 2025-12-25 18:47:27 Image size of job updated: 26160
	26  -  MemoryUsage of job (MB)
	26160  -  ResidentSetSize of job (KB)
...
006 (1132.091.000) 2025-12-25 18:52:27 Image size of job updated: 2020416
	1973  -  MemoryUsage of job (MB)
	2019848  -  ResidentSetSize of job (KB)
...
006 (1132.091.000) 2025-12-25 18:57:28 Image size of job updated: 2025104
	1978  -  MemoryUsage of job (MB)
	2025104  -  ResidentSetSize of job (KB)
...
006 (1132.091.000) 2025-12-25 19:02:28 Image size of job updated: 2026152
	1979  -  MemoryUsage of job (MB)
	2026036  -  ResidentSetSize of job (KB)
...
006 (1132.091.000) 2025-12-25 19:07:28 Image size of job updated: 2027556
	1980  -  MemoryUsage of job (MB)
	2026820  -  ResidentSetSize of job (KB)
...
006 (1132.091.000) 2025-12-25 19:08:23 Image size of job updated: 2295908
	1980  -  MemoryUsage of job (MB)
	2026820  -  ResidentSetSize of job (KB)
...
005 (1132.091.000) 2025-12-25 19:08:23 Job terminated.
	(1) Normal termination (return value 0)
		Usr 0 00:14:17, Sys 0 00:00:34  -  Run Remote Usage
		Usr 0 00:00:00, Sys 0 00:00:00  -  Run Local Usage
		Usr 0 00:14:17, Sys 0 00:00:34  -  Total Remote Usage
		Usr 0 00:00:00, Sys 0 00:00:00  -  Total Local Usage
	0  -  Run Bytes Sent By Job
	0  -  Run Bytes Received By Job
	0  -  Total Bytes Sent By Job
	0  -  Total Bytes Received By Job
	Partitionable Resources :    Usage  Request Allocated 
	   Cpus                 :     0.68        1         1 
	   Disk (KB)            :     1           1     14709 
	   Memory (MB)          :  1980        4096      4096 
	   TimeExecute (s)      :  1269                       
	   TimeSlotBusy (s)     :  1270                       
	   xferslots            :                           0 

	Job terminated of its own accord at 2025-12-26T00:08:23Z with exit-code 0.
...
