000 (1132.026.000) 2025-12-25 18:43:11 Job submitted from host: <130.199.48.160:9618?addrs=[2620-0-210-a002--160]-9618+130.199.48.160-9618&alias=eicsub02.sdcc.bnl.gov&noUDP&sock=schedd_1122_32c5>
...
001 (1132.026.000) 2025-12-25 18:44:42 Job executing on host: <130.199.149.78:9618?addrs=[2620-0-210-9008--78]-9618+130.199.149.78-9618&alias=spool0212.sdcc.bnl.gov&noUDP&sock=startd_278686_b348>
	SlotName: slot1_13@spool0212.sdcc.bnl.gov
	CondorScratchDir = "/home/condor/local/sdcc/execute/dir_2807991"
	Cpus = 1
	Disk = 14765
	Memory = 4096
	xferslots = 0
...
006 (1132.026.000) 2025-12-25 18:44:55 Image size of job updated: 21952
	22  -  MemoryUsage of job (MB)
	21952  -  ResidentSetSize of job (KB)
...
006 (1132.026.000) 2025-12-25 18:49:56 Image size of job updated: 2019064
	1972  -  MemoryUsage of job (MB)
	2019016  -  ResidentSetSize of job (KB)
...
006 (1132.026.000) 2025-12-25 18:54:57 Image size of job updated: 2020460
	1974  -  MemoryUsage of job (MB)
	2020460  -  ResidentSetSize of job (KB)
...
006 (1132.026.000) 2025-12-25 18:59:57 Image size of job updated: 2023672
	1976  -  MemoryUsage of job (MB)
	2023280  -  ResidentSetSize of job (KB)
...
006 (1132.026.000) 2025-12-25 19:04:58 Image size of job updated: 2024492
	1977  -  MemoryUsage of job (MB)
	2024028  -  ResidentSetSize of job (KB)
...
006 (1132.026.000) 2025-12-25 19:06:06 Image size of job updated: 2330564
	1977  -  MemoryUsage of job (MB)
	2024028  -  ResidentSetSize of job (KB)
...
005 (1132.026.000) 2025-12-25 19:06:07 Job terminated.
	(1) Normal termination (return value 0)
		Usr 0 00:15:13, Sys 0 00:00:25  -  Run Remote Usage
		Usr 0 00:00:00, Sys 0 00:00:00  -  Run Local Usage
		Usr 0 00:15:13, Sys 0 00:00:25  -  Total Remote Usage
		Usr 0 00:00:00, Sys 0 00:00:00  -  Total Local Usage
	0  -  Run Bytes Sent By Job
	0  -  Run Bytes Received By Job
	0  -  Total Bytes Sent By Job
	0  -  Total Bytes Received By Job
	Partitionable Resources :    Usage  Request Allocated 
	   Cpus                 :     0.71        1         1 
	   Disk (KB)            :     1           1     14765 
	   Memory (MB)          :  1977        4096      4096 
	   TimeExecute (s)      :  1284                       
	   TimeSlotBusy (s)     :  1284                       
	   xferslots            :                           0 

	Job terminated of its own accord at 2025-12-26T00:06:06Z with exit-code 0.
...
