000 (1132.046.000) 2025-12-25 18:43:11 Job submitted from host: <130.199.48.160:9618?addrs=[2620-0-210-a002--160]-9618+130.199.48.160-9618&alias=eicsub02.sdcc.bnl.gov&noUDP&sock=schedd_1122_32c5>
...
001 (1132.046.000) 2025-12-25 18:45:14 Job executing on host: <130.199.157.199:9618?addrs=[2620-0-210-9017--199]-9618+130.199.157.199-9618&alias=spool0858.sdcc.bnl.gov&noUDP&sock=startd_371294_f696>
	SlotName: slot1_15@spool0858.sdcc.bnl.gov
	CondorScratchDir = "/home/condor/local/sdcc/execute/dir_1460865"
	Cpus = 1
	Disk = 7408
	Memory = 4096
	xferslots = 0
...
006 (1132.046.000) 2025-12-25 18:45:27 Image size of job updated: 61876
	61  -  MemoryUsage of job (MB)
	61876  -  ResidentSetSize of job (KB)
...
006 (1132.046.000) 2025-12-25 18:50:27 Image size of job updated: 2019788
	1973  -  MemoryUsage of job (MB)
	2019788  -  ResidentSetSize of job (KB)
...
006 (1132.046.000) 2025-12-25 18:55:28 Image size of job updated: 2021440
	1975  -  MemoryUsage of job (MB)
	2021440  -  ResidentSetSize of job (KB)
...
006 (1132.046.000) 2025-12-25 19:00:29 Image size of job updated: 2024696
	1978  -  MemoryUsage of job (MB)
	2024696  -  ResidentSetSize of job (KB)
...
006 (1132.046.000) 2025-12-25 19:05:29 Image size of job updated: 2028996
	1982  -  MemoryUsage of job (MB)
	2028996  -  ResidentSetSize of job (KB)
...
006 (1132.046.000) 2025-12-25 19:07:17 Image size of job updated: 2335944
	1982  -  MemoryUsage of job (MB)
	2028996  -  ResidentSetSize of job (KB)
...
005 (1132.046.000) 2025-12-25 19:07:17 Job terminated.
	(1) Normal termination (return value 0)
		Usr 0 00:15:56, Sys 0 00:00:23  -  Run Remote Usage
		Usr 0 00:00:00, Sys 0 00:00:00  -  Run Local Usage
		Usr 0 00:15:56, Sys 0 00:00:23  -  Total Remote Usage
		Usr 0 00:00:00, Sys 0 00:00:00  -  Total Local Usage
	0  -  Run Bytes Sent By Job
	0  -  Run Bytes Received By Job
	0  -  Total Bytes Sent By Job
	0  -  Total Bytes Received By Job
	Partitionable Resources :    Usage  Request Allocated 
	   Cpus                 :     0.83        1         1 
	   Disk (KB)            :     1           1      7408 
	   Memory (MB)          :  1982        4096      4096 
	   TimeExecute (s)      :  1323                       
	   TimeSlotBusy (s)     :  1324                       
	   xferslots            :                           0 

	Job terminated of its own accord at 2025-12-26T00:07:17Z with exit-code 0.
...
