000 (1132.066.000) 2025-12-25 18:43:11 Job submitted from host: <130.199.48.160:9618?addrs=[2620-0-210-a002--160]-9618+130.199.48.160-9618&alias=eicsub02.sdcc.bnl.gov&noUDP&sock=schedd_1122_32c5>
...
001 (1132.066.000) 2025-12-25 18:46:14 Job executing on host: <130.199.149.237:9618?addrs=[2620-0-210-9007--237]-9618+130.199.149.237-9618&alias=spool0631.sdcc.bnl.gov&noUDP&sock=startd_379241_16a1>
	SlotName: slot1_8@spool0631.sdcc.bnl.gov
	CondorScratchDir = "/home/condor/local/sdcc/execute/dir_2493320"
	Cpus = 1
	Disk = 14709
	Memory = 4096
	xferslots = 0
...
006 (1132.066.000) 2025-12-25 18:46:28 Image size of job updated: 60188
	59  -  MemoryUsage of job (MB)
	60188  -  ResidentSetSize of job (KB)
...
006 (1132.066.000) 2025-12-25 18:51:28 Image size of job updated: 2020688
	1951  -  MemoryUsage of job (MB)
	1996984  -  ResidentSetSize of job (KB)
...
006 (1132.066.000) 2025-12-25 18:56:28 Image size of job updated: 2021244
	1974  -  MemoryUsage of job (MB)
	2021244  -  ResidentSetSize of job (KB)
...
006 (1132.066.000) 2025-12-25 19:01:29 Image size of job updated: 2023096
	1976  -  MemoryUsage of job (MB)
	2023032  -  ResidentSetSize of job (KB)
...
006 (1132.066.000) 2025-12-25 19:05:02 Image size of job updated: 2338140
	1976  -  MemoryUsage of job (MB)
	2023032  -  ResidentSetSize of job (KB)
...
005 (1132.066.000) 2025-12-25 19:05:02 Job terminated.
	(1) Normal termination (return value 0)
		Usr 0 00:13:11, Sys 0 00:00:31  -  Run Remote Usage
		Usr 0 00:00:00, Sys 0 00:00:00  -  Run Local Usage
		Usr 0 00:13:11, Sys 0 00:00:31  -  Total Remote Usage
		Usr 0 00:00:00, Sys 0 00:00:00  -  Total Local Usage
	0  -  Run Bytes Sent By Job
	0  -  Run Bytes Received By Job
	0  -  Total Bytes Sent By Job
	0  -  Total Bytes Received By Job
	Partitionable Resources :    Usage  Request Allocated 
	   Cpus                 :     0.74        1         1 
	   Disk (KB)            :     1           1     14709 
	   Memory (MB)          :  1976        4096      4096 
	   TimeExecute (s)      :  1128                       
	   TimeSlotBusy (s)     :  1128                       
	   xferslots            :                           0 

	Job terminated of its own accord at 2025-12-26T00:05:02Z with exit-code 0.
...
