000 (1132.183.000) 2025-12-25 18:43:11 Job submitted from host: <130.199.48.160:9618?addrs=[2620-0-210-a002--160]-9618+130.199.48.160-9618&alias=eicsub02.sdcc.bnl.gov&noUDP&sock=schedd_1122_32c5>
...
001 (1132.183.000) 2025-12-25 18:50:11 Job executing on host: <130.199.149.201:9618?addrs=[2620-0-210-9012--201]-9618+130.199.149.201-9618&alias=spool0601.sdcc.bnl.gov&noUDP&sock=startd_389621_3a34>
	SlotName: slot1_14@spool0601.sdcc.bnl.gov
	CondorScratchDir = "/home/condor/local/sdcc/execute/dir_2350767"
	Cpus = 1
	Disk = 14709
	Memory = 4096
	xferslots = 0
...
006 (1132.183.000) 2025-12-25 18:50:25 Image size of job updated: 59812
	59  -  MemoryUsage of job (MB)
	59812  -  ResidentSetSize of job (KB)
...
006 (1132.183.000) 2025-12-25 18:55:26 Image size of job updated: 2017580
	1971  -  MemoryUsage of job (MB)
	2017580  -  ResidentSetSize of job (KB)
...
006 (1132.183.000) 2025-12-25 19:00:26 Image size of job updated: 2022408
	1975  -  MemoryUsage of job (MB)
	2022308  -  ResidentSetSize of job (KB)
...
006 (1132.183.000) 2025-12-25 19:05:27 Image size of job updated: 2024160
	1976  -  MemoryUsage of job (MB)
	2022840  -  ResidentSetSize of job (KB)
...
006 (1132.183.000) 2025-12-25 19:10:27 Image size of job updated: 2294020
	2241  -  MemoryUsage of job (MB)
	2294020  -  ResidentSetSize of job (KB)
...
006 (1132.183.000) 2025-12-25 19:10:35 Image size of job updated: 2310488
	2241  -  MemoryUsage of job (MB)
	2294036  -  ResidentSetSize of job (KB)
...
005 (1132.183.000) 2025-12-25 19:10:35 Job terminated.
	(1) Normal termination (return value 0)
		Usr 0 00:14:01, Sys 0 00:00:31  -  Run Remote Usage
		Usr 0 00:00:00, Sys 0 00:00:00  -  Run Local Usage
		Usr 0 00:14:01, Sys 0 00:00:31  -  Total Remote Usage
		Usr 0 00:00:00, Sys 0 00:00:00  -  Total Local Usage
	0  -  Run Bytes Sent By Job
	0  -  Run Bytes Received By Job
	0  -  Total Bytes Sent By Job
	0  -  Total Bytes Received By Job
	Partitionable Resources :    Usage  Request Allocated 
	   Cpus                 :     0.74        1         1 
	   Disk (KB)            :     1           1     14709 
	   Memory (MB)          :  2241        4096      4096 
	   TimeExecute (s)      :  1224                       
	   TimeSlotBusy (s)     :  1224                       
	   xferslots            :                           0 

	Job terminated of its own accord at 2025-12-26T00:10:35Z with exit-code 0.
...
