000 (1132.019.000) 2025-12-25 18:43:11 Job submitted from host: <130.199.48.160:9618?addrs=[2620-0-210-a002--160]-9618+130.199.48.160-9618&alias=eicsub02.sdcc.bnl.gov&noUDP&sock=schedd_1122_32c5>
...
001 (1132.019.000) 2025-12-25 18:44:17 Job executing on host: <130.199.149.242:9618?addrs=[2620-0-210-9007--242]-9618+130.199.149.242-9618&alias=spool0636.sdcc.bnl.gov&noUDP&sock=startd_107934_d911>
	SlotName: slot1_7@spool0636.sdcc.bnl.gov
	CondorScratchDir = "/home/condor/local/sdcc/execute/dir_3241896"
	Cpus = 1
	Disk = 14709
	Memory = 4096
	xferslots = 0
...
006 (1132.019.000) 2025-12-25 18:44:30 Image size of job updated: 23044
	23  -  MemoryUsage of job (MB)
	23044  -  ResidentSetSize of job (KB)
...
006 (1132.019.000) 2025-12-25 18:49:30 Image size of job updated: 2023084
	1976  -  MemoryUsage of job (MB)
	2023084  -  ResidentSetSize of job (KB)
...
006 (1132.019.000) 2025-12-25 18:54:31 Image size of job updated: 2025560
	1977  -  MemoryUsage of job (MB)
	2023708  -  ResidentSetSize of job (KB)
...
006 (1132.019.000) 2025-12-25 18:59:31 Image size of job updated: 2044684
	1997  -  MemoryUsage of job (MB)
	2044684  -  ResidentSetSize of job (KB)
...
006 (1132.019.000) 2025-12-25 19:04:32 Image size of job updated: 2044964
	1997  -  MemoryUsage of job (MB)
	2044684  -  ResidentSetSize of job (KB)
...
006 (1132.019.000) 2025-12-25 19:06:02 Image size of job updated: 2356852
	1997  -  MemoryUsage of job (MB)
	2044684  -  ResidentSetSize of job (KB)
...
005 (1132.019.000) 2025-12-25 19:06:02 Job terminated.
	(1) Normal termination (return value 0)
		Usr 0 00:12:26, Sys 0 00:00:45  -  Run Remote Usage
		Usr 0 00:00:00, Sys 0 00:00:00  -  Run Local Usage
		Usr 0 00:12:26, Sys 0 00:00:45  -  Total Remote Usage
		Usr 0 00:00:00, Sys 0 00:00:00  -  Total Local Usage
	0  -  Run Bytes Sent By Job
	0  -  Run Bytes Received By Job
	0  -  Total Bytes Sent By Job
	0  -  Total Bytes Received By Job
	Partitionable Resources :    Usage  Request Allocated 
	   Cpus                 :     0.66        1         1 
	   Disk (KB)            :     1           1     14709 
	   Memory (MB)          :  1997        4096      4096 
	   TimeExecute (s)      :  1305                       
	   TimeSlotBusy (s)     :  1306                       
	   xferslots            :                           0 

	Job terminated of its own accord at 2025-12-26T00:06:02Z with exit-code 0.
...
