000 (1132.090.000) 2025-12-25 18:43:11 Job submitted from host: <130.199.48.160:9618?addrs=[2620-0-210-a002--160]-9618+130.199.48.160-9618&alias=eicsub02.sdcc.bnl.gov&noUDP&sock=schedd_1122_32c5>
...
001 (1132.090.000) 2025-12-25 18:47:13 Job executing on host: <130.199.149.103:9618?addrs=[2620-0-210-9009--103]-9618+130.199.149.103-9618&alias=spool0231.sdcc.bnl.gov&noUDP&sock=startd_408288_18e2>
	SlotName: slot1_8@spool0231.sdcc.bnl.gov
	CondorScratchDir = "/home/condor/local/sdcc/execute/dir_3711638"
	Cpus = 1
	Disk = 14765
	Memory = 4096
	xferslots = 0
...
006 (1132.090.000) 2025-12-25 18:47:27 Image size of job updated: 96260
	95  -  MemoryUsage of job (MB)
	96260  -  ResidentSetSize of job (KB)
...
006 (1132.090.000) 2025-12-25 18:52:28 Image size of job updated: 2020748
	1973  -  MemoryUsage of job (MB)
	2020164  -  ResidentSetSize of job (KB)
...
006 (1132.090.000) 2025-12-25 18:57:28 Image size of job updated: 2023976
	1973  -  MemoryUsage of job (MB)
	2020164  -  ResidentSetSize of job (KB)
...
006 (1132.090.000) 2025-12-25 19:02:29 Image size of job updated: 2027352
	1979  -  MemoryUsage of job (MB)
	2025596  -  ResidentSetSize of job (KB)
...
006 (1132.090.000) 2025-12-25 19:06:47 Image size of job updated: 2333284
	1979  -  MemoryUsage of job (MB)
	2025596  -  ResidentSetSize of job (KB)
...
005 (1132.090.000) 2025-12-25 19:06:47 Job terminated.
	(1) Normal termination (return value 0)
		Usr 0 00:13:28, Sys 0 00:00:29  -  Run Remote Usage
		Usr 0 00:00:00, Sys 0 00:00:00  -  Run Local Usage
		Usr 0 00:13:28, Sys 0 00:00:29  -  Total Remote Usage
		Usr 0 00:00:00, Sys 0 00:00:00  -  Total Local Usage
	0  -  Run Bytes Sent By Job
	0  -  Run Bytes Received By Job
	0  -  Total Bytes Sent By Job
	0  -  Total Bytes Received By Job
	Partitionable Resources :    Usage  Request Allocated 
	   Cpus                 :     0.65        1         1 
	   Disk (KB)            :     1           1     14765 
	   Memory (MB)          :  1979        4096      4096 
	   TimeExecute (s)      :  1174                       
	   TimeSlotBusy (s)     :  1174                       
	   xferslots            :                           0 

	Job terminated of its own accord at 2025-12-26T00:06:47Z with exit-code 0.
...
