000 (1132.022.000) 2025-12-25 18:43:11 Job submitted from host: <130.199.48.160:9618?addrs=[2620-0-210-a002--160]-9618+130.199.48.160-9618&alias=eicsub02.sdcc.bnl.gov&noUDP&sock=schedd_1122_32c5>
...
001 (1132.022.000) 2025-12-25 18:44:42 Job executing on host: <130.199.157.167:9618?addrs=[2620-0-210-9018--167]-9618+130.199.157.167-9618&alias=spool0839.sdcc.bnl.gov&noUDP&sock=startd_372355_c19f>
	SlotName: slot1_47@spool0839.sdcc.bnl.gov
	CondorScratchDir = "/home/condor/local/sdcc/execute/dir_2498097"
	Cpus = 1
	Disk = 7408
	Memory = 4096
	xferslots = 0
...
006 (1132.022.000) 2025-12-25 18:44:55 Image size of job updated: 62736
	62  -  MemoryUsage of job (MB)
	62736  -  ResidentSetSize of job (KB)
...
006 (1132.022.000) 2025-12-25 18:49:55 Image size of job updated: 2021320
	1974  -  MemoryUsage of job (MB)
	2021320  -  ResidentSetSize of job (KB)
...
006 (1132.022.000) 2025-12-25 18:54:55 Image size of job updated: 2022392
	1975  -  MemoryUsage of job (MB)
	2022392  -  ResidentSetSize of job (KB)
...
006 (1132.022.000) 2025-12-25 18:59:56 Image size of job updated: 2027336
	1980  -  MemoryUsage of job (MB)
	2027336  -  ResidentSetSize of job (KB)
...
006 (1132.022.000) 2025-12-25 19:04:56 Image size of job updated: 2028004
	1980  -  MemoryUsage of job (MB)
	2027336  -  ResidentSetSize of job (KB)
...
006 (1132.022.000) 2025-12-25 19:09:34 Image size of job updated: 2357596
	1980  -  MemoryUsage of job (MB)
	2027336  -  ResidentSetSize of job (KB)
...
005 (1132.022.000) 2025-12-25 19:09:34 Job terminated.
	(1) Normal termination (return value 0)
		Usr 0 00:17:44, Sys 0 00:00:18  -  Run Remote Usage
		Usr 0 00:00:00, Sys 0 00:00:00  -  Run Local Usage
		Usr 0 00:17:44, Sys 0 00:00:18  -  Total Remote Usage
		Usr 0 00:00:00, Sys 0 00:00:00  -  Total Local Usage
	0  -  Run Bytes Sent By Job
	0  -  Run Bytes Received By Job
	0  -  Total Bytes Sent By Job
	0  -  Total Bytes Received By Job
	Partitionable Resources :    Usage  Request Allocated 
	   Cpus                 :     0.74        1         1 
	   Disk (KB)            :     1           1      7408 
	   Memory (MB)          :  1980        4096      4096 
	   TimeExecute (s)      :  1493                       
	   TimeSlotBusy (s)     :  1493                       
	   xferslots            :                           0 

	Job terminated of its own accord at 2025-12-26T00:09:34Z with exit-code 0.
...
