000 (1132.015.000) 2025-12-25 18:43:11 Job submitted from host: <130.199.48.160:9618?addrs=[2620-0-210-a002--160]-9618+130.199.48.160-9618&alias=eicsub02.sdcc.bnl.gov&noUDP&sock=schedd_1122_32c5>
...
001 (1132.015.000) 2025-12-25 18:43:57 Job executing on host: <130.199.149.99:9618?addrs=[2620-0-210-9009--99]-9618+130.199.149.99-9618&alias=spool0227.sdcc.bnl.gov&noUDP&sock=startd_408401_dc3b>
	SlotName: slot1_17@spool0227.sdcc.bnl.gov
	CondorScratchDir = "/home/condor/local/sdcc/execute/dir_74277"
	Cpus = 1
	Disk = 14765
	Memory = 4096
	xferslots = 0
...
006 (1132.015.000) 2025-12-25 18:44:11 Image size of job updated: 92840
	91  -  MemoryUsage of job (MB)
	92840  -  ResidentSetSize of job (KB)
...
006 (1132.015.000) 2025-12-25 18:49:11 Image size of job updated: 2017928
	1971  -  MemoryUsage of job (MB)
	2017928  -  ResidentSetSize of job (KB)
...
006 (1132.015.000) 2025-12-25 18:54:11 Image size of job updated: 2020456
	1974  -  MemoryUsage of job (MB)
	2020456  -  ResidentSetSize of job (KB)
...
006 (1132.015.000) 2025-12-25 18:59:12 Image size of job updated: 2024548
	1976  -  MemoryUsage of job (MB)
	2022960  -  ResidentSetSize of job (KB)
...
006 (1132.015.000) 2025-12-25 19:03:08 Image size of job updated: 2325344
	1976  -  MemoryUsage of job (MB)
	2022960  -  ResidentSetSize of job (KB)
...
005 (1132.015.000) 2025-12-25 19:03:08 Job terminated.
	(1) Normal termination (return value 0)
		Usr 0 00:13:28, Sys 0 00:00:31  -  Run Remote Usage
		Usr 0 00:00:00, Sys 0 00:00:00  -  Run Local Usage
		Usr 0 00:13:28, Sys 0 00:00:31  -  Total Remote Usage
		Usr 0 00:00:00, Sys 0 00:00:00  -  Total Local Usage
	0  -  Run Bytes Sent By Job
	0  -  Run Bytes Received By Job
	0  -  Total Bytes Sent By Job
	0  -  Total Bytes Received By Job
	Partitionable Resources :    Usage  Request Allocated 
	   Cpus                 :     0.75        1         1 
	   Disk (KB)            :     1           1     14765 
	   Memory (MB)          :  1976        4096      4096 
	   TimeExecute (s)      :  1151                       
	   TimeSlotBusy (s)     :  1151                       
	   xferslots            :                           0 

	Job terminated of its own accord at 2025-12-26T00:03:08Z with exit-code 0.
...
