000 (1132.067.000) 2025-12-25 18:43:11 Job submitted from host: <130.199.48.160:9618?addrs=[2620-0-210-a002--160]-9618+130.199.48.160-9618&alias=eicsub02.sdcc.bnl.gov&noUDP&sock=schedd_1122_32c5>
...
001 (1132.067.000) 2025-12-25 18:46:28 Job executing on host: <130.199.201.219:9618?addrs=[2620-0-210-9020--219]-9618+130.199.201.219-9618&alias=spool0132.sdcc.bnl.gov&noUDP&sock=startd_380461_33f8>
	SlotName: slot1_90@spool0132.sdcc.bnl.gov
	CondorScratchDir = "/home/condor/local/sdcc/execute/dir_4069582"
	Cpus = 1
	Disk = 7408
	Memory = 4096
	xferslots = 0
...
006 (1132.067.000) 2025-12-25 18:46:42 Image size of job updated: 60672
	60  -  MemoryUsage of job (MB)
	60672  -  ResidentSetSize of job (KB)
...
006 (1132.067.000) 2025-12-25 18:51:42 Image size of job updated: 2015676
	1969  -  MemoryUsage of job (MB)
	2015676  -  ResidentSetSize of job (KB)
...
006 (1132.067.000) 2025-12-25 18:56:42 Image size of job updated: 2021516
	1974  -  MemoryUsage of job (MB)
	2020664  -  ResidentSetSize of job (KB)
...
006 (1132.067.000) 2025-12-25 19:01:43 Image size of job updated: 2037516
	1990  -  MemoryUsage of job (MB)
	2037516  -  ResidentSetSize of job (KB)
...
006 (1132.067.000) 2025-12-25 19:04:11 Image size of job updated: 2354440
	1990  -  MemoryUsage of job (MB)
	2037516  -  ResidentSetSize of job (KB)
...
005 (1132.067.000) 2025-12-25 19:04:11 Job terminated.
	(1) Normal termination (return value 0)
		Usr 0 00:14:37, Sys 0 00:00:21  -  Run Remote Usage
		Usr 0 00:00:00, Sys 0 00:00:00  -  Run Local Usage
		Usr 0 00:14:37, Sys 0 00:00:21  -  Total Remote Usage
		Usr 0 00:00:00, Sys 0 00:00:00  -  Total Local Usage
	0  -  Run Bytes Sent By Job
	0  -  Run Bytes Received By Job
	0  -  Total Bytes Sent By Job
	0  -  Total Bytes Received By Job
	Partitionable Resources :    Usage  Request Allocated 
	   Cpus                 :     0.87        1         1 
	   Disk (KB)            :     1           1      7408 
	   Memory (MB)          :  1990        4096      4096 
	   TimeExecute (s)      :  1063                       
	   TimeSlotBusy (s)     :  1063                       
	   xferslots            :                           0 

	Job terminated of its own accord at 2025-12-26T00:04:11Z with exit-code 0.
...
