000 (1132.197.000) 2025-12-25 18:43:11 Job submitted from host: <130.199.48.160:9618?addrs=[2620-0-210-a002--160]-9618+130.199.48.160-9618&alias=eicsub02.sdcc.bnl.gov&noUDP&sock=schedd_1122_32c5>
...
001 (1132.197.000) 2025-12-25 18:50:37 Job executing on host: <130.199.149.155:9618?addrs=[2620-0-210-9010--155]-9618+130.199.149.155-9618&alias=spool0277.sdcc.bnl.gov&noUDP&sock=startd_407505_499f>
	SlotName: slot1_9@spool0277.sdcc.bnl.gov
	CondorScratchDir = "/home/condor/local/sdcc/execute/dir_2756942"
	Cpus = 1
	Disk = 14765
	Memory = 4096
	xferslots = 0
...
006 (1132.197.000) 2025-12-25 18:50:50 Image size of job updated: 60828
	60  -  MemoryUsage of job (MB)
	60828  -  ResidentSetSize of job (KB)
...
006 (1132.197.000) 2025-12-25 18:55:50 Image size of job updated: 2019964
	1973  -  MemoryUsage of job (MB)
	2019964  -  ResidentSetSize of job (KB)
...
006 (1132.197.000) 2025-12-25 19:00:51 Image size of job updated: 2021968
	1975  -  MemoryUsage of job (MB)
	2021968  -  ResidentSetSize of job (KB)
...
006 (1132.197.000) 2025-12-25 19:05:51 Image size of job updated: 2024672
	1976  -  MemoryUsage of job (MB)
	2022772  -  ResidentSetSize of job (KB)
...
006 (1132.197.000) 2025-12-25 19:10:53 Image size of job updated: 2029140
	1982  -  MemoryUsage of job (MB)
	2029024  -  ResidentSetSize of job (KB)
...
006 (1132.197.000) 2025-12-25 19:11:27 Image size of job updated: 2340856
	1982  -  MemoryUsage of job (MB)
	2029024  -  ResidentSetSize of job (KB)
...
005 (1132.197.000) 2025-12-25 19:11:27 Job terminated.
	(1) Normal termination (return value 0)
		Usr 0 00:13:42, Sys 0 00:00:31  -  Run Remote Usage
		Usr 0 00:00:00, Sys 0 00:00:00  -  Run Local Usage
		Usr 0 00:13:42, Sys 0 00:00:31  -  Total Remote Usage
		Usr 0 00:00:00, Sys 0 00:00:00  -  Total Local Usage
	0  -  Run Bytes Sent By Job
	0  -  Run Bytes Received By Job
	0  -  Total Bytes Sent By Job
	0  -  Total Bytes Received By Job
	Partitionable Resources :    Usage  Request Allocated 
	   Cpus                 :     0.75        1         1 
	   Disk (KB)            :     1           1     14765 
	   Memory (MB)          :  1982        4096      4096 
	   TimeExecute (s)      :  1250                       
	   TimeSlotBusy (s)     :  1250                       
	   xferslots            :                           0 

	Job terminated of its own accord at 2025-12-26T00:11:27Z with exit-code 0.
...
