000 (1132.016.000) 2025-12-25 18:43:11 Job submitted from host: <130.199.48.160:9618?addrs=[2620-0-210-a002--160]-9618+130.199.48.160-9618&alias=eicsub02.sdcc.bnl.gov&noUDP&sock=schedd_1122_32c5>
...
001 (1132.016.000) 2025-12-25 18:43:58 Job executing on host: <130.199.149.77:9618?addrs=[2620-0-210-9008--77]-9618+130.199.149.77-9618&alias=spool0211.sdcc.bnl.gov&noUDP&sock=startd_407708_88d7>
	SlotName: slot1_20@spool0211.sdcc.bnl.gov
	CondorScratchDir = "/home/condor/local/sdcc/execute/dir_2642431"
	Cpus = 1
	Disk = 14765
	Memory = 4096
	xferslots = 0
...
006 (1132.016.000) 2025-12-25 18:44:11 Image size of job updated: 42352
	42  -  MemoryUsage of job (MB)
	42352  -  ResidentSetSize of job (KB)
...
006 (1132.016.000) 2025-12-25 18:49:11 Image size of job updated: 2022488
	1976  -  MemoryUsage of job (MB)
	2022488  -  ResidentSetSize of job (KB)
...
006 (1132.016.000) 2025-12-25 18:54:12 Image size of job updated: 2042140
	1995  -  MemoryUsage of job (MB)
	2042140  -  ResidentSetSize of job (KB)
...
006 (1132.016.000) 2025-12-25 18:59:12 Image size of job updated: 2042752
	1995  -  MemoryUsage of job (MB)
	2042140  -  ResidentSetSize of job (KB)
...
006 (1132.016.000) 2025-12-25 19:02:47 Image size of job updated: 2349092
	1995  -  MemoryUsage of job (MB)
	2042140  -  ResidentSetSize of job (KB)
...
005 (1132.016.000) 2025-12-25 19:02:47 Job terminated.
	(1) Normal termination (return value 0)
		Usr 0 00:12:59, Sys 0 00:00:28  -  Run Remote Usage
		Usr 0 00:00:00, Sys 0 00:00:00  -  Run Local Usage
		Usr 0 00:12:59, Sys 0 00:00:28  -  Total Remote Usage
		Usr 0 00:00:00, Sys 0 00:00:00  -  Total Local Usage
	0  -  Run Bytes Sent By Job
	0  -  Run Bytes Received By Job
	0  -  Total Bytes Sent By Job
	0  -  Total Bytes Received By Job
	Partitionable Resources :    Usage  Request Allocated 
	   Cpus                 :     0.78        1         1 
	   Disk (KB)            :     1           1     14765 
	   Memory (MB)          :  1995        4096      4096 
	   TimeExecute (s)      :  1129                       
	   TimeSlotBusy (s)     :  1130                       
	   xferslots            :                           0 

	Job terminated of its own accord at 2025-12-26T00:02:47Z with exit-code 0.
...
