000 (1132.161.000) 2025-12-25 18:43:11 Job submitted from host: <130.199.48.160:9618?addrs=[2620-0-210-a002--160]-9618+130.199.48.160-9618&alias=eicsub02.sdcc.bnl.gov&noUDP&sock=schedd_1122_32c5>
...
001 (1132.161.000) 2025-12-25 18:49:27 Job executing on host: <130.199.207.212:9618?addrs=[2620-0-210-9040--212]-9618+130.199.207.212-9618&alias=spool1499.sdcc.bnl.gov&noUDP&sock=startd_25641_26fc>
	SlotName: slot1_37@spool1499.sdcc.bnl.gov
	CondorScratchDir = "/home/condor/local/sdcc/execute/dir_3048247"
	Cpus = 1
	Disk = 7408
	Memory = 4096
	xferslots = 0
...
006 (1132.161.000) 2025-12-25 18:49:35 Image size of job updated: 93836
	92  -  MemoryUsage of job (MB)
	93836  -  ResidentSetSize of job (KB)
...
006 (1132.161.000) 2025-12-25 18:54:35 Image size of job updated: 2017176
	1970  -  MemoryUsage of job (MB)
	2017176  -  ResidentSetSize of job (KB)
...
006 (1132.161.000) 2025-12-25 18:59:36 Image size of job updated: 2023680
	1975  -  MemoryUsage of job (MB)
	2021512  -  ResidentSetSize of job (KB)
...
006 (1132.161.000) 2025-12-25 19:04:37 Image size of job updated: 2023808
	1976  -  MemoryUsage of job (MB)
	2023408  -  ResidentSetSize of job (KB)
...
006 (1132.161.000) 2025-12-25 19:09:37 Image size of job updated: 2023808
	1977  -  MemoryUsage of job (MB)
	2023536  -  ResidentSetSize of job (KB)
...
006 (1132.161.000) 2025-12-25 19:13:36 Image size of job updated: 2318960
	1977  -  MemoryUsage of job (MB)
	2023536  -  ResidentSetSize of job (KB)
...
005 (1132.161.000) 2025-12-25 19:13:36 Job terminated.
	(1) Normal termination (return value 0)
		Usr 0 00:15:30, Sys 0 00:00:18  -  Run Remote Usage
		Usr 0 00:00:00, Sys 0 00:00:00  -  Run Local Usage
		Usr 0 00:15:30, Sys 0 00:00:18  -  Total Remote Usage
		Usr 0 00:00:00, Sys 0 00:00:00  -  Total Local Usage
	0  -  Run Bytes Sent By Job
	0  -  Run Bytes Received By Job
	0  -  Total Bytes Sent By Job
	0  -  Total Bytes Received By Job
	Partitionable Resources :    Usage  Request Allocated 
	   Cpus                 :     0.63        1         1 
	   Disk (KB)            :     1           1      7408 
	   Memory (MB)          :  1977        4096      4096 
	   TimeExecute (s)      :  1449                       
	   TimeSlotBusy (s)     :  1450                       
	   xferslots            :                           0 
...
