000 (1132.142.000) 2025-12-25 18:43:11 Job submitted from host: <130.199.48.160:9618?addrs=[2620-0-210-a002--160]-9618+130.199.48.160-9618&alias=eicsub02.sdcc.bnl.gov&noUDP&sock=schedd_1122_32c5>
...
001 (1132.142.000) 2025-12-25 18:48:44 Job executing on host: <130.199.149.236:9618?addrs=[2620-0-210-9007--236]-9618+130.199.149.236-9618&alias=spool0630.sdcc.bnl.gov&noUDP&sock=startd_381539_605b>
	SlotName: slot1_25@spool0630.sdcc.bnl.gov
	CondorScratchDir = "/home/condor/local/sdcc/execute/dir_381081"
	Cpus = 1
	Disk = 14709
	Memory = 4096
	xferslots = 0
...
006 (1132.142.000) 2025-12-25 18:48:58 Image size of job updated: 15240
	15  -  MemoryUsage of job (MB)
	15240  -  ResidentSetSize of job (KB)
...
006 (1132.142.000) 2025-12-25 18:54:00 Image size of job updated: 2021972
	1953  -  MemoryUsage of job (MB)
	1999224  -  ResidentSetSize of job (KB)
...
006 (1132.142.000) 2025-12-25 18:59:00 Image size of job updated: 2023492
	1976  -  MemoryUsage of job (MB)
	2023372  -  ResidentSetSize of job (KB)
...
006 (1132.142.000) 2025-12-25 19:04:00 Image size of job updated: 2026444
	1979  -  MemoryUsage of job (MB)
	2026232  -  ResidentSetSize of job (KB)
...
006 (1132.142.000) 2025-12-25 19:09:01 Image size of job updated: 2042960
	1996  -  MemoryUsage of job (MB)
	2042960  -  ResidentSetSize of job (KB)
...
006 (1132.142.000) 2025-12-25 19:11:05 Image size of job updated: 2357316
	1996  -  MemoryUsage of job (MB)
	2042960  -  ResidentSetSize of job (KB)
...
005 (1132.142.000) 2025-12-25 19:11:05 Job terminated.
	(1) Normal termination (return value 0)
		Usr 0 00:13:29, Sys 0 00:00:43  -  Run Remote Usage
		Usr 0 00:00:00, Sys 0 00:00:00  -  Run Local Usage
		Usr 0 00:13:29, Sys 0 00:00:43  -  Total Remote Usage
		Usr 0 00:00:00, Sys 0 00:00:00  -  Total Local Usage
	0  -  Run Bytes Sent By Job
	0  -  Run Bytes Received By Job
	0  -  Total Bytes Sent By Job
	0  -  Total Bytes Received By Job
	Partitionable Resources :    Usage  Request Allocated 
	   Cpus                 :     0.43        1         1 
	   Disk (KB)            :     1           1     14709 
	   Memory (MB)          :  1996        4096      4096 
	   TimeExecute (s)      :  1341                       
	   TimeSlotBusy (s)     :  1341                       
	   xferslots            :                           0 

	Job terminated of its own accord at 2025-12-26T00:11:05Z with exit-code 0.
...
