000 (1132.155.000) 2025-12-25 18:43:11 Job submitted from host: <130.199.48.160:9618?addrs=[2620-0-210-a002--160]-9618+130.199.48.160-9618&alias=eicsub02.sdcc.bnl.gov&noUDP&sock=schedd_1122_32c5>
...
001 (1132.155.000) 2025-12-25 18:49:13 Job executing on host: <130.199.149.134:9618?addrs=[2620-0-210-9010--134]-9618+130.199.149.134-9618&alias=spool0256.sdcc.bnl.gov&noUDP&sock=startd_408511_ac84>
	SlotName: slot1_19@spool0256.sdcc.bnl.gov
	CondorScratchDir = "/home/condor/local/sdcc/execute/dir_710626"
	Cpus = 1
	Disk = 14765
	Memory = 4096
	xferslots = 0
...
006 (1132.155.000) 2025-12-25 18:49:27 Image size of job updated: 96224
	94  -  MemoryUsage of job (MB)
	96224  -  ResidentSetSize of job (KB)
...
006 (1132.155.000) 2025-12-25 18:54:28 Image size of job updated: 2020408
	1974  -  MemoryUsage of job (MB)
	2020408  -  ResidentSetSize of job (KB)
...
006 (1132.155.000) 2025-12-25 18:59:29 Image size of job updated: 2021688
	1975  -  MemoryUsage of job (MB)
	2021688  -  ResidentSetSize of job (KB)
...
006 (1132.155.000) 2025-12-25 19:04:29 Image size of job updated: 2023804
	1977  -  MemoryUsage of job (MB)
	2023800  -  ResidentSetSize of job (KB)
...
006 (1132.155.000) 2025-12-25 19:09:30 Image size of job updated: 2026592
	1977  -  MemoryUsage of job (MB)
	2023800  -  ResidentSetSize of job (KB)
...
006 (1132.155.000) 2025-12-25 19:10:44 Image size of job updated: 2310156
	1977  -  MemoryUsage of job (MB)
	2023800  -  ResidentSetSize of job (KB)
...
005 (1132.155.000) 2025-12-25 19:10:44 Job terminated.
	(1) Normal termination (return value 0)
		Usr 0 00:13:59, Sys 0 00:00:51  -  Run Remote Usage
		Usr 0 00:00:00, Sys 0 00:00:00  -  Run Local Usage
		Usr 0 00:13:59, Sys 0 00:00:51  -  Total Remote Usage
		Usr 0 00:00:00, Sys 0 00:00:00  -  Total Local Usage
	0  -  Run Bytes Sent By Job
	0  -  Run Bytes Received By Job
	0  -  Total Bytes Sent By Job
	0  -  Total Bytes Received By Job
	Partitionable Resources :    Usage  Request Allocated 
	   Cpus                 :     0.74        1         1 
	   Disk (KB)            :     1           1     14765 
	   Memory (MB)          :  1977        4096      4096 
	   TimeExecute (s)      :  1291                       
	   TimeSlotBusy (s)     :  1291                       
	   xferslots            :                           0 

	Job terminated of its own accord at 2025-12-26T00:10:44Z with exit-code 0.
...
