000 (1132.170.000) 2025-12-25 18:43:11 Job submitted from host: <130.199.48.160:9618?addrs=[2620-0-210-a002--160]-9618+130.199.48.160-9618&alias=eicsub02.sdcc.bnl.gov&noUDP&sock=schedd_1122_32c5>
...
001 (1132.170.000) 2025-12-25 18:49:41 Job executing on host: <130.199.157.141:9618?addrs=[2620-0-210-9006--141]-9618+130.199.157.141-9618&alias=spool0681.sdcc.bnl.gov&noUDP&sock=startd_389602_36cf>
	SlotName: slot1_17@spool0681.sdcc.bnl.gov
	CondorScratchDir = "/home/condor/local/sdcc/execute/dir_247982"
	Cpus = 1
	Disk = 14709
	Memory = 4096
	xferslots = 0
...
006 (1132.170.000) 2025-12-25 18:49:55 Image size of job updated: 22892
	23  -  MemoryUsage of job (MB)
	22892  -  ResidentSetSize of job (KB)
...
006 (1132.170.000) 2025-12-25 18:54:56 Image size of job updated: 2018352
	1971  -  MemoryUsage of job (MB)
	2017900  -  ResidentSetSize of job (KB)
...
006 (1132.170.000) 2025-12-25 18:59:57 Image size of job updated: 2022176
	1973  -  MemoryUsage of job (MB)
	2020008  -  ResidentSetSize of job (KB)
...
006 (1132.170.000) 2025-12-25 19:04:57 Image size of job updated: 2025988
	1973  -  MemoryUsage of job (MB)
	2020008  -  ResidentSetSize of job (KB)
...
006 (1132.170.000) 2025-12-25 19:09:58 Image size of job updated: 2028708
	1982  -  MemoryUsage of job (MB)
	2028708  -  ResidentSetSize of job (KB)
...
006 (1132.170.000) 2025-12-25 19:14:09 Image size of job updated: 2326728
	1982  -  MemoryUsage of job (MB)
	2028708  -  ResidentSetSize of job (KB)
...
005 (1132.170.000) 2025-12-25 19:14:09 Job terminated.
	(1) Normal termination (return value 0)
		Usr 0 00:16:35, Sys 0 00:00:29  -  Run Remote Usage
		Usr 0 00:00:00, Sys 0 00:00:00  -  Run Local Usage
		Usr 0 00:16:35, Sys 0 00:00:29  -  Total Remote Usage
		Usr 0 00:00:00, Sys 0 00:00:00  -  Total Local Usage
	0  -  Run Bytes Sent By Job
	0  -  Run Bytes Received By Job
	0  -  Total Bytes Sent By Job
	0  -  Total Bytes Received By Job
	Partitionable Resources :    Usage  Request Allocated 
	   Cpus                 :     0.73        1         1 
	   Disk (KB)            :     1           1     14709 
	   Memory (MB)          :  1982        4096      4096 
	   TimeExecute (s)      :  1468                       
	   TimeSlotBusy (s)     :  1469                       
	   xferslots            :                           0 

	Job terminated of its own accord at 2025-12-26T00:14:09Z with exit-code 0.
...
