000 (1132.231.000) 2025-12-25 18:43:11 Job submitted from host: <130.199.48.160:9618?addrs=[2620-0-210-a002--160]-9618+130.199.48.160-9618&alias=eicsub02.sdcc.bnl.gov&noUDP&sock=schedd_1122_32c5>
...
001 (1132.231.000) 2025-12-25 18:50:39 Job executing on host: <130.199.149.116:9618?addrs=[2620-0-210-9009--116]-9618+130.199.149.116-9618&alias=spool0244.sdcc.bnl.gov&noUDP&sock=startd_408251_631e>
	SlotName: slot1_12@spool0244.sdcc.bnl.gov
	CondorScratchDir = "/home/condor/local/sdcc/execute/dir_815419"
	Cpus = 1
	Disk = 14765
	Memory = 4096
	xferslots = 0
...
006 (1132.231.000) 2025-12-25 18:50:53 Image size of job updated: 26724
	27  -  MemoryUsage of job (MB)
	26724  -  ResidentSetSize of job (KB)
...
006 (1132.231.000) 2025-12-25 18:55:54 Image size of job updated: 2019708
	1971  -  MemoryUsage of job (MB)
	2018148  -  ResidentSetSize of job (KB)
...
006 (1132.231.000) 2025-12-25 19:00:55 Image size of job updated: 2023836
	1977  -  MemoryUsage of job (MB)
	2023836  -  ResidentSetSize of job (KB)
...
006 (1132.231.000) 2025-12-25 19:05:55 Image size of job updated: 2041620
	1993  -  MemoryUsage of job (MB)
	2040640  -  ResidentSetSize of job (KB)
...
006 (1132.231.000) 2025-12-25 19:10:56 Image size of job updated: 2041620
	1993  -  MemoryUsage of job (MB)
	2040736  -  ResidentSetSize of job (KB)
...
006 (1132.231.000) 2025-12-25 19:11:47 Image size of job updated: 2355976
	1993  -  MemoryUsage of job (MB)
	2040736  -  ResidentSetSize of job (KB)
...
005 (1132.231.000) 2025-12-25 19:11:47 Job terminated.
	(1) Normal termination (return value 0)
		Usr 0 00:13:52, Sys 0 00:00:37  -  Run Remote Usage
		Usr 0 00:00:00, Sys 0 00:00:00  -  Run Local Usage
		Usr 0 00:13:52, Sys 0 00:00:37  -  Total Remote Usage
		Usr 0 00:00:00, Sys 0 00:00:00  -  Total Local Usage
	0  -  Run Bytes Sent By Job
	0  -  Run Bytes Received By Job
	0  -  Total Bytes Sent By Job
	0  -  Total Bytes Received By Job
	Partitionable Resources :    Usage  Request Allocated 
	   Cpus                 :     0.67        1         1 
	   Disk (KB)            :     1           1     14765 
	   Memory (MB)          :  1993        4096      4096 
	   TimeExecute (s)      :  1268                       
	   TimeSlotBusy (s)     :  1268                       
	   xferslots            :                           0 

	Job terminated of its own accord at 2025-12-26T00:11:47Z with exit-code 0.
...
