000 (1132.147.000) 2025-12-25 18:43:11 Job submitted from host: <130.199.48.160:9618?addrs=[2620-0-210-a002--160]-9618+130.199.48.160-9618&alias=eicsub02.sdcc.bnl.gov&noUDP&sock=schedd_1122_32c5>
...
001 (1132.147.000) 2025-12-25 18:48:58 Job executing on host: <130.199.149.182:9618?addrs=[2620-0-210-9011--182]-9618+130.199.149.182-9618&alias=spool0588.sdcc.bnl.gov&noUDP&sock=startd_385368_34e0>
	SlotName: slot1_24@spool0588.sdcc.bnl.gov
	CondorScratchDir = "/home/condor/local/sdcc/execute/dir_1823909"
	Cpus = 1
	Disk = 14709
	Memory = 4096
	xferslots = 0
...
006 (1132.147.000) 2025-12-25 18:49:12 Image size of job updated: 22620
	23  -  MemoryUsage of job (MB)
	22620  -  ResidentSetSize of job (KB)
...
006 (1132.147.000) 2025-12-25 18:54:13 Image size of job updated: 2019628
	1951  -  MemoryUsage of job (MB)
	1997436  -  ResidentSetSize of job (KB)
...
006 (1132.147.000) 2025-12-25 18:59:13 Image size of job updated: 2021284
	1974  -  MemoryUsage of job (MB)
	2020436  -  ResidentSetSize of job (KB)
...
006 (1132.147.000) 2025-12-25 19:04:13 Image size of job updated: 2023060
	1974  -  MemoryUsage of job (MB)
	2020436  -  ResidentSetSize of job (KB)
...
006 (1132.147.000) 2025-12-25 19:09:14 Image size of job updated: 2029132
	1982  -  MemoryUsage of job (MB)
	2029132  -  ResidentSetSize of job (KB)
...
006 (1132.147.000) 2025-12-25 19:10:58 Image size of job updated: 2325840
	1982  -  MemoryUsage of job (MB)
	2029132  -  ResidentSetSize of job (KB)
...
005 (1132.147.000) 2025-12-25 19:10:58 Job terminated.
	(1) Normal termination (return value 0)
		Usr 0 00:14:39, Sys 0 00:00:41  -  Run Remote Usage
		Usr 0 00:00:00, Sys 0 00:00:00  -  Run Local Usage
		Usr 0 00:14:39, Sys 0 00:00:41  -  Total Remote Usage
		Usr 0 00:00:00, Sys 0 00:00:00  -  Total Local Usage
	0  -  Run Bytes Sent By Job
	0  -  Run Bytes Received By Job
	0  -  Total Bytes Sent By Job
	0  -  Total Bytes Received By Job
	Partitionable Resources :    Usage  Request Allocated 
	   Cpus                 :     0.67        1         1 
	   Disk (KB)            :     1           1     14709 
	   Memory (MB)          :  1982        4096      4096 
	   TimeExecute (s)      :  1320                       
	   TimeSlotBusy (s)     :  1320                       
	   xferslots            :                           0 

	Job terminated of its own accord at 2025-12-26T00:10:58Z with exit-code 0.
...
