000 (1132.108.000) 2025-12-25 18:43:11 Job submitted from host: <130.199.48.160:9618?addrs=[2620-0-210-a002--160]-9618+130.199.48.160-9618&alias=eicsub02.sdcc.bnl.gov&noUDP&sock=schedd_1122_32c5>
...
001 (1132.108.000) 2025-12-25 18:47:39 Job executing on host: <130.199.149.142:9618?addrs=[2620-0-210-9010--142]-9618+130.199.149.142-9618&alias=spool0264.sdcc.bnl.gov&noUDP&sock=startd_278504_1980>
	SlotName: slot1_13@spool0264.sdcc.bnl.gov
	CondorScratchDir = "/home/condor/local/sdcc/execute/dir_2024767"
	Cpus = 1
	Disk = 14765
	Memory = 4096
	xferslots = 0
...
006 (1132.108.000) 2025-12-25 18:47:53 Image size of job updated: 60164
	59  -  MemoryUsage of job (MB)
	60164  -  ResidentSetSize of job (KB)
...
006 (1132.108.000) 2025-12-25 18:52:54 Image size of job updated: 2015880
	1969  -  MemoryUsage of job (MB)
	2015760  -  ResidentSetSize of job (KB)
...
006 (1132.108.000) 2025-12-25 18:57:54 Image size of job updated: 2020540
	1972  -  MemoryUsage of job (MB)
	2019324  -  ResidentSetSize of job (KB)
...
006 (1132.108.000) 2025-12-25 19:02:54 Image size of job updated: 2023608
	1975  -  MemoryUsage of job (MB)
	2021512  -  ResidentSetSize of job (KB)
...
006 (1132.108.000) 2025-12-25 19:06:48 Image size of job updated: 2329624
	1975  -  MemoryUsage of job (MB)
	2021512  -  ResidentSetSize of job (KB)
...
005 (1132.108.000) 2025-12-25 19:06:48 Job terminated.
	(1) Normal termination (return value 0)
		Usr 0 00:13:15, Sys 0 00:00:33  -  Run Remote Usage
		Usr 0 00:00:00, Sys 0 00:00:00  -  Run Local Usage
		Usr 0 00:13:15, Sys 0 00:00:33  -  Total Remote Usage
		Usr 0 00:00:00, Sys 0 00:00:00  -  Total Local Usage
	0  -  Run Bytes Sent By Job
	0  -  Run Bytes Received By Job
	0  -  Total Bytes Sent By Job
	0  -  Total Bytes Received By Job
	Partitionable Resources :    Usage  Request Allocated 
	   Cpus                 :     0.73        1         1 
	   Disk (KB)            :     1           1     14765 
	   Memory (MB)          :  1975        4096      4096 
	   TimeExecute (s)      :  1149                       
	   TimeSlotBusy (s)     :  1149                       
	   xferslots            :                           0 

	Job terminated of its own accord at 2025-12-26T00:06:48Z with exit-code 0.
...
