000 (1132.168.000) 2025-12-25 18:43:11 Job submitted from host: <130.199.48.160:9618?addrs=[2620-0-210-a002--160]-9618+130.199.48.160-9618&alias=eicsub02.sdcc.bnl.gov&noUDP&sock=schedd_1122_32c5>
...
001 (1132.168.000) 2025-12-25 18:49:27 Job executing on host: <130.199.149.104:9618?addrs=[2620-0-210-9009--104]-9618+130.199.149.104-9618&alias=spool0232.sdcc.bnl.gov&noUDP&sock=startd_407891_73a4>
	SlotName: slot1_20@spool0232.sdcc.bnl.gov
	CondorScratchDir = "/home/condor/local/sdcc/execute/dir_3805144"
	Cpus = 1
	Disk = 14765
	Memory = 4096
	xferslots = 0
...
006 (1132.168.000) 2025-12-25 18:49:41 Image size of job updated: 32424
	32  -  MemoryUsage of job (MB)
	32424  -  ResidentSetSize of job (KB)
...
006 (1132.168.000) 2025-12-25 18:54:42 Image size of job updated: 2022588
	1976  -  MemoryUsage of job (MB)
	2022588  -  ResidentSetSize of job (KB)
...
006 (1132.168.000) 2025-12-25 18:59:42 Image size of job updated: 2022832
	1976  -  MemoryUsage of job (MB)
	2022832  -  ResidentSetSize of job (KB)
...
006 (1132.168.000) 2025-12-25 19:04:42 Image size of job updated: 2024800
	1976  -  MemoryUsage of job (MB)
	2023264  -  ResidentSetSize of job (KB)
...
006 (1132.168.000) 2025-12-25 19:09:02 Image size of job updated: 2338220
	1976  -  MemoryUsage of job (MB)
	2023264  -  ResidentSetSize of job (KB)
...
005 (1132.168.000) 2025-12-25 19:09:02 Job terminated.
	(1) Normal termination (return value 0)
		Usr 0 00:12:52, Sys 0 00:00:32  -  Run Remote Usage
		Usr 0 00:00:00, Sys 0 00:00:00  -  Run Local Usage
		Usr 0 00:12:52, Sys 0 00:00:32  -  Total Remote Usage
		Usr 0 00:00:00, Sys 0 00:00:00  -  Total Local Usage
	0  -  Run Bytes Sent By Job
	0  -  Run Bytes Received By Job
	0  -  Total Bytes Sent By Job
	0  -  Total Bytes Received By Job
	Partitionable Resources :    Usage  Request Allocated 
	   Cpus                 :     0.67        1         1 
	   Disk (KB)            :     1           1     14765 
	   Memory (MB)          :  1976        4096      4096 
	   TimeExecute (s)      :  1175                       
	   TimeSlotBusy (s)     :  1175                       
	   xferslots            :                           0 

	Job terminated of its own accord at 2025-12-26T00:09:02Z with exit-code 0.
...
