000 (1132.221.000) 2025-12-25 18:43:11 Job submitted from host: <130.199.48.160:9618?addrs=[2620-0-210-a002--160]-9618+130.199.48.160-9618&alias=eicsub02.sdcc.bnl.gov&noUDP&sock=schedd_1122_32c5>
...
001 (1132.221.000) 2025-12-25 18:50:39 Job executing on host: <130.199.149.113:9618?addrs=[2620-0-210-9009--113]-9618+130.199.149.113-9618&alias=spool0241.sdcc.bnl.gov&noUDP&sock=startd_58597_4f6c>
	SlotName: slot1_9@spool0241.sdcc.bnl.gov
	CondorScratchDir = "/home/condor/local/sdcc/execute/dir_2059387"
	Cpus = 1
	Disk = 14765
	Memory = 4096
	xferslots = 0
...
006 (1132.221.000) 2025-12-25 18:50:52 Image size of job updated: 59388
	58  -  MemoryUsage of job (MB)
	59388  -  ResidentSetSize of job (KB)
...
006 (1132.221.000) 2025-12-25 18:55:52 Image size of job updated: 2015348
	1968  -  MemoryUsage of job (MB)
	2014628  -  ResidentSetSize of job (KB)
...
006 (1132.221.000) 2025-12-25 19:00:53 Image size of job updated: 2020048
	1973  -  MemoryUsage of job (MB)
	2020048  -  ResidentSetSize of job (KB)
...
006 (1132.221.000) 2025-12-25 19:05:53 Image size of job updated: 2024328
	1977  -  MemoryUsage of job (MB)
	2024328  -  ResidentSetSize of job (KB)
...
006 (1132.221.000) 2025-12-25 19:10:53 Image size of job updated: 2024500
	1977  -  MemoryUsage of job (MB)
	2024328  -  ResidentSetSize of job (KB)
...
006 (1132.221.000) 2025-12-25 19:11:34 Image size of job updated: 2273496
	1977  -  MemoryUsage of job (MB)
	2024328  -  ResidentSetSize of job (KB)
...
005 (1132.221.000) 2025-12-25 19:11:34 Job terminated.
	(1) Normal termination (return value 0)
		Usr 0 00:13:14, Sys 0 00:00:38  -  Run Remote Usage
		Usr 0 00:00:00, Sys 0 00:00:00  -  Run Local Usage
		Usr 0 00:13:14, Sys 0 00:00:38  -  Total Remote Usage
		Usr 0 00:00:00, Sys 0 00:00:00  -  Total Local Usage
	0  -  Run Bytes Sent By Job
	0  -  Run Bytes Received By Job
	0  -  Total Bytes Sent By Job
	0  -  Total Bytes Received By Job
	Partitionable Resources :    Usage  Request Allocated 
	   Cpus                 :     0.69        1         1 
	   Disk (KB)            :     1           1     14765 
	   Memory (MB)          :  1977        4096      4096 
	   TimeExecute (s)      :  1255                       
	   TimeSlotBusy (s)     :  1256                       
	   xferslots            :                           0 

	Job terminated of its own accord at 2025-12-26T00:11:34Z with exit-code 0.
...
