000 (1132.124.000) 2025-12-25 18:43:11 Job submitted from host: <130.199.48.160:9618?addrs=[2620-0-210-a002--160]-9618+130.199.48.160-9618&alias=eicsub02.sdcc.bnl.gov&noUDP&sock=schedd_1122_32c5>
...
001 (1132.124.000) 2025-12-25 18:48:30 Job executing on host: <130.199.149.203:9618?addrs=[2620-0-210-9012--203]-9618+130.199.149.203-9618&alias=spool0603.sdcc.bnl.gov&noUDP&sock=startd_386126_1a9e>
	SlotName: slot1_22@spool0603.sdcc.bnl.gov
	CondorScratchDir = "/home/condor/local/sdcc/execute/dir_820468"
	Cpus = 1
	Disk = 14709
	Memory = 4096
	xferslots = 0
...
006 (1132.124.000) 2025-12-25 18:48:44 Image size of job updated: 22024
	22  -  MemoryUsage of job (MB)
	22024  -  ResidentSetSize of job (KB)
...
006 (1132.124.000) 2025-12-25 18:53:45 Image size of job updated: 2019564
	1973  -  MemoryUsage of job (MB)
	2019564  -  ResidentSetSize of job (KB)
...
006 (1132.124.000) 2025-12-25 18:58:45 Image size of job updated: 2021948
	1975  -  MemoryUsage of job (MB)
	2021948  -  ResidentSetSize of job (KB)
...
006 (1132.124.000) 2025-12-25 19:03:46 Image size of job updated: 2023036
	1975  -  MemoryUsage of job (MB)
	2021948  -  ResidentSetSize of job (KB)
...
006 (1132.124.000) 2025-12-25 19:08:46 Image size of job updated: 2330276
	2276  -  MemoryUsage of job (MB)
	2330276  -  ResidentSetSize of job (KB)
...
006 (1132.124.000) 2025-12-25 19:08:48 Image size of job updated: 2340492
	2276  -  MemoryUsage of job (MB)
	2330276  -  ResidentSetSize of job (KB)
...
005 (1132.124.000) 2025-12-25 19:08:48 Job terminated.
	(1) Normal termination (return value 0)
		Usr 0 00:13:41, Sys 0 00:00:31  -  Run Remote Usage
		Usr 0 00:00:00, Sys 0 00:00:00  -  Run Local Usage
		Usr 0 00:13:41, Sys 0 00:00:31  -  Total Remote Usage
		Usr 0 00:00:00, Sys 0 00:00:00  -  Total Local Usage
	0  -  Run Bytes Sent By Job
	0  -  Run Bytes Received By Job
	0  -  Total Bytes Sent By Job
	0  -  Total Bytes Received By Job
	Partitionable Resources :    Usage  Request Allocated 
	   Cpus                 :     0.70        1         1 
	   Disk (KB)            :     1           1     14709 
	   Memory (MB)          :  2276        4096      4096 
	   TimeExecute (s)      :  1218                       
	   TimeSlotBusy (s)     :  1218                       
	   xferslots            :                           0 

	Job terminated of its own accord at 2025-12-26T00:08:48Z with exit-code 0.
...
