/eic/u/cyang/eic/Job_submission_RCF/output_DIS_10x100_minQ2_1_with_bkg_25.10.4
/eic/u/cyang/eic/Job_submission_RCF/input_files/DIS_10x100_minQ2_1_with_bkg_25.10.4/subList_212.list
/eic/u/cyang/eic/Job_submission_RCF/output_DIS_10x100_minQ2_1_with_bkg_25.10.4/output_212.root
/eic/u/cyang/eic/Job_submission_RCF/output_DIS_10x100_minQ2_1_with_bkg_25.10.4/Signal_212.root
/eic/u/cyang/eic/Job_submission_RCF/output_DIS_10x100_minQ2_1_with_bkg_25.10.4/Bkg_212.root
[i] Add 0th file: root://dtn-eic.jlab.org//volatile/eic/EPIC/RECO/25.10.4/epic_craterlake/Bkg_1SignalPer2usFrame/DIS/NC/10x100/minQ2=1/pythia8NCDIS_10x100_minQ2=1_beamEffects_xAngle=-0.025_hiDiv_1.4262.eicrecon.edm4eic.root
[i] Add 1th file: root://dtn-eic.jlab.org//volatile/eic/EPIC/RECO/25.10.4/epic_craterlake/Bkg_1SignalPer2usFrame/DIS/NC/10x100/minQ2=1/pythia8NCDIS_10x100_minQ2=1_beamEffects_xAngle=-0.025_hiDiv_1.4263.eicrecon.edm4eic.root
[i] Add 2th file: root://dtn-eic.jlab.org//volatile/eic/EPIC/RECO/25.10.4/epic_craterlake/Bkg_1SignalPer2usFrame/DIS/NC/10x100/minQ2=1/pythia8NCDIS_10x100_minQ2=1_beamEffects_xAngle=-0.025_hiDiv_1.4264.eicrecon.edm4eic.root
[i] Add 3th file: root://dtn-eic.jlab.org//volatile/eic/EPIC/RECO/25.10.4/epic_craterlake/Bkg_1SignalPer2usFrame/DIS/NC/10x100/minQ2=1/pythia8NCDIS_10x100_minQ2=1_beamEffects_xAngle=-0.025_hiDiv_1.4265.eicrecon.edm4eic.root
[i] Add 4th file: root://dtn-eic.jlab.org//volatile/eic/EPIC/RECO/25.10.4/epic_craterlake/Bkg_1SignalPer2usFrame/DIS/NC/10x100/minQ2=1/pythia8NCDIS_10x100_minQ2=1_beamEffects_xAngle=-0.025_hiDiv_1.4266.eicrecon.edm4eic.root
[i] Add 5th file: root://dtn-eic.jlab.org//volatile/eic/EPIC/RECO/25.10.4/epic_craterlake/Bkg_1SignalPer2usFrame/DIS/NC/10x100/minQ2=1/pythia8NCDIS_10x100_minQ2=1_beamEffects_xAngle=-0.025_hiDiv_1.4267.eicrecon.edm4eic.root
[i] Add 6th file: root://dtn-eic.jlab.org//volatile/eic/EPIC/RECO/25.10.4/epic_craterlake/Bkg_1SignalPer2usFrame/DIS/NC/10x100/minQ2=1/pythia8NCDIS_10x100_minQ2=1_beamEffects_xAngle=-0.025_hiDiv_1.4268.eicrecon.edm4eic.root
[i] Add 7th file: root://dtn-eic.jlab.org//volatile/eic/EPIC/RECO/25.10.4/epic_craterlake/Bkg_1SignalPer2usFrame/DIS/NC/10x100/minQ2=1/pythia8NCDIS_10x100_minQ2=1_beamEffects_xAngle=-0.025_hiDiv_1.4269.eicrecon.edm4eic.root
[i] Add 8th file: root://dtn-eic.jlab.org//volatile/eic/EPIC/RECO/25.10.4/epic_craterlake/Bkg_1SignalPer2usFrame/DIS/NC/10x100/minQ2=1/pythia8NCDIS_10x100_minQ2=1_beamEffects_xAngle=-0.025_hiDiv_1.4270.eicrecon.edm4eic.root
[i] Add 9th file: root://dtn-eic.jlab.org//volatile/eic/EPIC/RECO/25.10.4/epic_craterlake/Bkg_1SignalPer2usFrame/DIS/NC/10x100/minQ2=1/pythia8NCDIS_10x100_minQ2=1_beamEffects_xAngle=-0.025_hiDiv_1.4271.eicrecon.edm4eic.root
[i] Add 10th file: root://dtn-eic.jlab.org//volatile/eic/EPIC/RECO/25.10.4/epic_craterlake/Bkg_1SignalPer2usFrame/DIS/NC/10x100/minQ2=1/pythia8NCDIS_10x100_minQ2=1_beamEffects_xAngle=-0.025_hiDiv_1.4272.eicrecon.edm4eic.root
[i] Add 11th file: root://dtn-eic.jlab.org//volatile/eic/EPIC/RECO/25.10.4/epic_craterlake/Bkg_1SignalPer2usFrame/DIS/NC/10x100/minQ2=1/pythia8NCDIS_10x100_minQ2=1_beamEffects_xAngle=-0.025_hiDiv_1.4273.eicrecon.edm4eic.root
[i] Add 12th file: root://dtn-eic.jlab.org//volatile/eic/EPIC/RECO/25.10.4/epic_craterlake/Bkg_1SignalPer2usFrame/DIS/NC/10x100/minQ2=1/pythia8NCDIS_10x100_minQ2=1_beamEffects_xAngle=-0.025_hiDiv_1.4274.eicrecon.edm4eic.root
[i] Add 13th file: root://dtn-eic.jlab.org//volatile/eic/EPIC/RECO/25.10.4/epic_craterlake/Bkg_1SignalPer2usFrame/DIS/NC/10x100/minQ2=1/pythia8NCDIS_10x100_minQ2=1_beamEffects_xAngle=-0.025_hiDiv_1.4275.eicrecon.edm4eic.root
[i] Add 14th file: root://dtn-eic.jlab.org//volatile/eic/EPIC/RECO/25.10.4/epic_craterlake/Bkg_1SignalPer2usFrame/DIS/NC/10x100/minQ2=1/pythia8NCDIS_10x100_minQ2=1_beamEffects_xAngle=-0.025_hiDiv_1.4276.eicrecon.edm4eic.root
[i] Add 15th file: root://dtn-eic.jlab.org//volatile/eic/EPIC/RECO/25.10.4/epic_craterlake/Bkg_1SignalPer2usFrame/DIS/NC/10x100/minQ2=1/pythia8NCDIS_10x100_minQ2=1_beamEffects_xAngle=-0.025_hiDiv_1.4277.eicrecon.edm4eic.root
[i] Add 16th file: root://dtn-eic.jlab.org//volatile/eic/EPIC/RECO/25.10.4/epic_craterlake/Bkg_1SignalPer2usFrame/DIS/NC/10x100/minQ2=1/pythia8NCDIS_10x100_minQ2=1_beamEffects_xAngle=-0.025_hiDiv_1.4278.eicrecon.edm4eic.root
[i] Add 17th file: root://dtn-eic.jlab.org//volatile/eic/EPIC/RECO/25.10.4/epic_craterlake/Bkg_1SignalPer2usFrame/DIS/NC/10x100/minQ2=1/pythia8NCDIS_10x100_minQ2=1_beamEffects_xAngle=-0.025_hiDiv_1.4279.eicrecon.edm4eic.root
[i] Add 18th file: root://dtn-eic.jlab.org//volatile/eic/EPIC/RECO/25.10.4/epic_craterlake/Bkg_1SignalPer2usFrame/DIS/NC/10x100/minQ2=1/pythia8NCDIS_10x100_minQ2=1_beamEffects_xAngle=-0.025_hiDiv_1.4280.eicrecon.edm4eic.root
[i] Add 19th file: root://dtn-eic.jlab.org//volatile/eic/EPIC/RECO/25.10.4/epic_craterlake/Bkg_1SignalPer2usFrame/DIS/NC/10x100/minQ2=1/pythia8NCDIS_10x100_minQ2=1_beamEffects_xAngle=-0.025_hiDiv_1.4281.eicrecon.edm4eic.root
[i] Read in 20 files with 960 events in total

[i] New event 0
