000 (1132.070.000) 2025-12-25 18:43:11 Job submitted from host: <130.199.48.160:9618?addrs=[2620-0-210-a002--160]-9618+130.199.48.160-9618&alias=eicsub02.sdcc.bnl.gov&noUDP&sock=schedd_1122_32c5>
...
001 (1132.070.000) 2025-12-25 18:46:28 Job executing on host: <130.199.207.223:9618?addrs=[2620-0-210-9040--223]-9618+130.199.207.223-9618&alias=spool1510.sdcc.bnl.gov&noUDP&sock=startd_103424_7d66>
	SlotName: slot1_20@spool1510.sdcc.bnl.gov
	CondorScratchDir = "/home/condor/local/sdcc/execute/dir_2943559"
	Cpus = 1
	Disk = 7408
	Memory = 4096
	xferslots = 0
...
006 (1132.070.000) 2025-12-25 18:46:37 Image size of job updated: 63892
	63  -  MemoryUsage of job (MB)
	63892  -  ResidentSetSize of job (KB)
...
006 (1132.070.000) 2025-12-25 18:51:38 Image size of job updated: 2021220
	1974  -  MemoryUsage of job (MB)
	2021220  -  ResidentSetSize of job (KB)
...
006 (1132.070.000) 2025-12-25 18:56:38 Image size of job updated: 2025636
	1979  -  MemoryUsage of job (MB)
	2025636  -  ResidentSetSize of job (KB)
...
006 (1132.070.000) 2025-12-25 19:01:39 Image size of job updated: 2027496
	1979  -  MemoryUsage of job (MB)
	2025636  -  ResidentSetSize of job (KB)
...
006 (1132.070.000) 2025-12-25 19:06:39 Image size of job updated: 2029056
	1982  -  MemoryUsage of job (MB)
	2029056  -  ResidentSetSize of job (KB)
...
006 (1132.070.000) 2025-12-25 19:09:09 Image size of job updated: 2329896
	1982  -  MemoryUsage of job (MB)
	2029056  -  ResidentSetSize of job (KB)
...
005 (1132.070.000) 2025-12-25 19:09:09 Job terminated.
	(1) Normal termination (return value 0)
		Usr 0 00:15:27, Sys 0 00:00:21  -  Run Remote Usage
		Usr 0 00:00:00, Sys 0 00:00:00  -  Run Local Usage
		Usr 0 00:15:27, Sys 0 00:00:21  -  Total Remote Usage
		Usr 0 00:00:00, Sys 0 00:00:00  -  Total Local Usage
	0  -  Run Bytes Sent By Job
	0  -  Run Bytes Received By Job
	0  -  Total Bytes Sent By Job
	0  -  Total Bytes Received By Job
	Partitionable Resources :    Usage  Request Allocated 
	   Cpus                 :     0.71        1         1 
	   Disk (KB)            :     1           1      7408 
	   Memory (MB)          :  1982        4096      4096 
	   TimeExecute (s)      :  1361                       
	   TimeSlotBusy (s)     :  1361                       
	   xferslots            :                           0 
...
