000 (1132.053.000) 2025-12-25 18:43:11 Job submitted from host: <130.199.48.160:9618?addrs=[2620-0-210-a002--160]-9618+130.199.48.160-9618&alias=eicsub02.sdcc.bnl.gov&noUDP&sock=schedd_1122_32c5>
...
001 (1132.053.000) 2025-12-25 18:45:33 Job executing on host: <130.199.157.140:9618?addrs=[2620-0-210-9006--140]-9618+130.199.157.140-9618&alias=spool0680.sdcc.bnl.gov&noUDP&sock=startd_388125_c322>
	SlotName: slot1_1@spool0680.sdcc.bnl.gov
	CondorScratchDir = "/home/condor/local/sdcc/execute/dir_1126157"
	Cpus = 1
	Disk = 14709
	Memory = 4096
	xferslots = 0
...
006 (1132.053.000) 2025-12-25 18:45:46 Image size of job updated: 59340
	58  -  MemoryUsage of job (MB)
	59340  -  ResidentSetSize of job (KB)
...
006 (1132.053.000) 2025-12-25 18:50:46 Image size of job updated: 2019236
	1972  -  MemoryUsage of job (MB)
	2019236  -  ResidentSetSize of job (KB)
...
006 (1132.053.000) 2025-12-25 18:55:47 Image size of job updated: 2019756
	1973  -  MemoryUsage of job (MB)
	2019756  -  ResidentSetSize of job (KB)
...
006 (1132.053.000) 2025-12-25 19:00:48 Image size of job updated: 2025532
	1979  -  MemoryUsage of job (MB)
	2025532  -  ResidentSetSize of job (KB)
...
006 (1132.053.000) 2025-12-25 19:05:48 Image size of job updated: 2026116
	1979  -  MemoryUsage of job (MB)
	2025804  -  ResidentSetSize of job (KB)
...
006 (1132.053.000) 2025-12-25 19:07:58 Image size of job updated: 2338884
	1979  -  MemoryUsage of job (MB)
	2025804  -  ResidentSetSize of job (KB)
...
005 (1132.053.000) 2025-12-25 19:07:58 Job terminated.
	(1) Normal termination (return value 0)
		Usr 0 00:15:59, Sys 0 00:00:22  -  Run Remote Usage
		Usr 0 00:00:00, Sys 0 00:00:00  -  Run Local Usage
		Usr 0 00:15:59, Sys 0 00:00:22  -  Total Remote Usage
		Usr 0 00:00:00, Sys 0 00:00:00  -  Total Local Usage
	0  -  Run Bytes Sent By Job
	0  -  Run Bytes Received By Job
	0  -  Total Bytes Sent By Job
	0  -  Total Bytes Received By Job
	Partitionable Resources :    Usage  Request Allocated 
	   Cpus                 :     0.68        1         1 
	   Disk (KB)            :     1           1     14709 
	   Memory (MB)          :  1979        4096      4096 
	   TimeExecute (s)      :  1345                       
	   TimeSlotBusy (s)     :  1346                       
	   xferslots            :                           0 

	Job terminated of its own accord at 2025-12-26T00:07:58Z with exit-code 0.
...
