000 (1132.171.000) 2025-12-25 18:43:11 Job submitted from host: <130.199.48.160:9618?addrs=[2620-0-210-a002--160]-9618+130.199.48.160-9618&alias=eicsub02.sdcc.bnl.gov&noUDP&sock=schedd_1122_32c5>
...
001 (1132.171.000) 2025-12-25 18:49:40 Job executing on host: <130.199.207.200:9618?addrs=[2620-0-210-9040--200]-9618+130.199.207.200-9618&alias=spool1487.sdcc.bnl.gov&noUDP&sock=startd_25626_67ac>
	SlotName: slot1_5@spool1487.sdcc.bnl.gov
	CondorScratchDir = "/home/condor/local/sdcc/execute/dir_2730969"
	Cpus = 1
	Disk = 7408
	Memory = 4096
	xferslots = 0
...
006 (1132.171.000) 2025-12-25 18:49:49 Image size of job updated: 95868
	94  -  MemoryUsage of job (MB)
	95868  -  ResidentSetSize of job (KB)
...
006 (1132.171.000) 2025-12-25 18:54:50 Image size of job updated: 2018316
	1972  -  MemoryUsage of job (MB)
	2018316  -  ResidentSetSize of job (KB)
...
006 (1132.171.000) 2025-12-25 18:59:50 Image size of job updated: 2021664
	1974  -  MemoryUsage of job (MB)
	2021340  -  ResidentSetSize of job (KB)
...
006 (1132.171.000) 2025-12-25 19:04:51 Image size of job updated: 2023144
	1976  -  MemoryUsage of job (MB)
	2022556  -  ResidentSetSize of job (KB)
...
006 (1132.171.000) 2025-12-25 19:09:51 Image size of job updated: 2025600
	1979  -  MemoryUsage of job (MB)
	2025600  -  ResidentSetSize of job (KB)
...
006 (1132.171.000) 2025-12-25 19:12:53 Image size of job updated: 2333412
	1979  -  MemoryUsage of job (MB)
	2025600  -  ResidentSetSize of job (KB)
...
005 (1132.171.000) 2025-12-25 19:12:53 Job terminated.
	(1) Normal termination (return value 0)
		Usr 0 00:14:35, Sys 0 00:00:21  -  Run Remote Usage
		Usr 0 00:00:00, Sys 0 00:00:00  -  Run Local Usage
		Usr 0 00:14:35, Sys 0 00:00:21  -  Total Remote Usage
		Usr 0 00:00:00, Sys 0 00:00:00  -  Total Local Usage
	0  -  Run Bytes Sent By Job
	0  -  Run Bytes Received By Job
	0  -  Total Bytes Sent By Job
	0  -  Total Bytes Received By Job
	Partitionable Resources :    Usage  Request Allocated 
	   Cpus                 :     0.69        1         1 
	   Disk (KB)            :     1           1      7408 
	   Memory (MB)          :  1979        4096      4096 
	   TimeExecute (s)      :  1393                       
	   TimeSlotBusy (s)     :  1393                       
	   xferslots            :                           0 
...
