/eic/u/cyang/eic/Job_submission_RCF/output_DIS_10x100_minQ2_1_with_bkg_25.10.4
/eic/u/cyang/eic/Job_submission_RCF/input_files/DIS_10x100_minQ2_1_with_bkg_25.10.4/subList_111.list
/eic/u/cyang/eic/Job_submission_RCF/output_DIS_10x100_minQ2_1_with_bkg_25.10.4/output_111.root
/eic/u/cyang/eic/Job_submission_RCF/output_DIS_10x100_minQ2_1_with_bkg_25.10.4/Signal_111.root
/eic/u/cyang/eic/Job_submission_RCF/output_DIS_10x100_minQ2_1_with_bkg_25.10.4/Bkg_111.root
[i] Add 0th file: root://dtn-eic.jlab.org//volatile/eic/EPIC/RECO/25.10.4/epic_craterlake/Bkg_1SignalPer2usFrame/DIS/NC/10x100/minQ2=1/pythia8NCDIS_10x100_minQ2=1_beamEffects_xAngle=-0.025_hiDiv_1.2229.eicrecon.edm4eic.root
[i] Add 1th file: root://dtn-eic.jlab.org//volatile/eic/EPIC/RECO/25.10.4/epic_craterlake/Bkg_1SignalPer2usFrame/DIS/NC/10x100/minQ2=1/pythia8NCDIS_10x100_minQ2=1_beamEffects_xAngle=-0.025_hiDiv_1.2230.eicrecon.edm4eic.root
[i] Add 2th file: root://dtn-eic.jlab.org//volatile/eic/EPIC/RECO/25.10.4/epic_craterlake/Bkg_1SignalPer2usFrame/DIS/NC/10x100/minQ2=1/pythia8NCDIS_10x100_minQ2=1_beamEffects_xAngle=-0.025_hiDiv_1.2231.eicrecon.edm4eic.root
[i] Add 3th file: root://dtn-eic.jlab.org//volatile/eic/EPIC/RECO/25.10.4/epic_craterlake/Bkg_1SignalPer2usFrame/DIS/NC/10x100/minQ2=1/pythia8NCDIS_10x100_minQ2=1_beamEffects_xAngle=-0.025_hiDiv_1.2232.eicrecon.edm4eic.root
[i] Add 4th file: root://dtn-eic.jlab.org//volatile/eic/EPIC/RECO/25.10.4/epic_craterlake/Bkg_1SignalPer2usFrame/DIS/NC/10x100/minQ2=1/pythia8NCDIS_10x100_minQ2=1_beamEffects_xAngle=-0.025_hiDiv_1.2233.eicrecon.edm4eic.root
[i] Add 5th file: root://dtn-eic.jlab.org//volatile/eic/EPIC/RECO/25.10.4/epic_craterlake/Bkg_1SignalPer2usFrame/DIS/NC/10x100/minQ2=1/pythia8NCDIS_10x100_minQ2=1_beamEffects_xAngle=-0.025_hiDiv_1.2234.eicrecon.edm4eic.root
[i] Add 6th file: root://dtn-eic.jlab.org//volatile/eic/EPIC/RECO/25.10.4/epic_craterlake/Bkg_1SignalPer2usFrame/DIS/NC/10x100/minQ2=1/pythia8NCDIS_10x100_minQ2=1_beamEffects_xAngle=-0.025_hiDiv_1.2235.eicrecon.edm4eic.root
[i] Add 7th file: root://dtn-eic.jlab.org//volatile/eic/EPIC/RECO/25.10.4/epic_craterlake/Bkg_1SignalPer2usFrame/DIS/NC/10x100/minQ2=1/pythia8NCDIS_10x100_minQ2=1_beamEffects_xAngle=-0.025_hiDiv_1.2236.eicrecon.edm4eic.root
[i] Add 8th file: root://dtn-eic.jlab.org//volatile/eic/EPIC/RECO/25.10.4/epic_craterlake/Bkg_1SignalPer2usFrame/DIS/NC/10x100/minQ2=1/pythia8NCDIS_10x100_minQ2=1_beamEffects_xAngle=-0.025_hiDiv_1.2237.eicrecon.edm4eic.root
[i] Add 9th file: root://dtn-eic.jlab.org//volatile/eic/EPIC/RECO/25.10.4/epic_craterlake/Bkg_1SignalPer2usFrame/DIS/NC/10x100/minQ2=1/pythia8NCDIS_10x100_minQ2=1_beamEffects_xAngle=-0.025_hiDiv_1.2238.eicrecon.edm4eic.root
[i] Add 10th file: root://dtn-eic.jlab.org//volatile/eic/EPIC/RECO/25.10.4/epic_craterlake/Bkg_1SignalPer2usFrame/DIS/NC/10x100/minQ2=1/pythia8NCDIS_10x100_minQ2=1_beamEffects_xAngle=-0.025_hiDiv_1.2239.eicrecon.edm4eic.root
[i] Add 11th file: root://dtn-eic.jlab.org//volatile/eic/EPIC/RECO/25.10.4/epic_craterlake/Bkg_1SignalPer2usFrame/DIS/NC/10x100/minQ2=1/pythia8NCDIS_10x100_minQ2=1_beamEffects_xAngle=-0.025_hiDiv_1.2240.eicrecon.edm4eic.root
[i] Add 12th file: root://dtn-eic.jlab.org//volatile/eic/EPIC/RECO/25.10.4/epic_craterlake/Bkg_1SignalPer2usFrame/DIS/NC/10x100/minQ2=1/pythia8NCDIS_10x100_minQ2=1_beamEffects_xAngle=-0.025_hiDiv_1.2241.eicrecon.edm4eic.root
[i] Add 13th file: root://dtn-eic.jlab.org//volatile/eic/EPIC/RECO/25.10.4/epic_craterlake/Bkg_1SignalPer2usFrame/DIS/NC/10x100/minQ2=1/pythia8NCDIS_10x100_minQ2=1_beamEffects_xAngle=-0.025_hiDiv_1.2242.eicrecon.edm4eic.root
[i] Add 14th file: root://dtn-eic.jlab.org//volatile/eic/EPIC/RECO/25.10.4/epic_craterlake/Bkg_1SignalPer2usFrame/DIS/NC/10x100/minQ2=1/pythia8NCDIS_10x100_minQ2=1_beamEffects_xAngle=-0.025_hiDiv_1.2243.eicrecon.edm4eic.root
[i] Add 15th file: root://dtn-eic.jlab.org//volatile/eic/EPIC/RECO/25.10.4/epic_craterlake/Bkg_1SignalPer2usFrame/DIS/NC/10x100/minQ2=1/pythia8NCDIS_10x100_minQ2=1_beamEffects_xAngle=-0.025_hiDiv_1.2244.eicrecon.edm4eic.root
[i] Add 16th file: root://dtn-eic.jlab.org//volatile/eic/EPIC/RECO/25.10.4/epic_craterlake/Bkg_1SignalPer2usFrame/DIS/NC/10x100/minQ2=1/pythia8NCDIS_10x100_minQ2=1_beamEffects_xAngle=-0.025_hiDiv_1.2245.eicrecon.edm4eic.root
[i] Add 17th file: root://dtn-eic.jlab.org//volatile/eic/EPIC/RECO/25.10.4/epic_craterlake/Bkg_1SignalPer2usFrame/DIS/NC/10x100/minQ2=1/pythia8NCDIS_10x100_minQ2=1_beamEffects_xAngle=-0.025_hiDiv_1.2246.eicrecon.edm4eic.root
[i] Add 18th file: root://dtn-eic.jlab.org//volatile/eic/EPIC/RECO/25.10.4/epic_craterlake/Bkg_1SignalPer2usFrame/DIS/NC/10x100/minQ2=1/pythia8NCDIS_10x100_minQ2=1_beamEffects_xAngle=-0.025_hiDiv_1.2248.eicrecon.edm4eic.root
[i] Add 19th file: root://dtn-eic.jlab.org//volatile/eic/EPIC/RECO/25.10.4/epic_craterlake/Bkg_1SignalPer2usFrame/DIS/NC/10x100/minQ2=1/pythia8NCDIS_10x100_minQ2=1_beamEffects_xAngle=-0.025_hiDiv_1.2249.eicrecon.edm4eic.root
[i] Read in 20 files with 960 events in total

[i] New event 0
