000 (1132.229.000) 2025-12-25 18:43:11 Job submitted from host: <130.199.48.160:9618?addrs=[2620-0-210-a002--160]-9618+130.199.48.160-9618&alias=eicsub02.sdcc.bnl.gov&noUDP&sock=schedd_1122_32c5>
...
001 (1132.229.000) 2025-12-25 18:50:39 Job executing on host: <130.199.149.76:9618?addrs=[2620-0-210-9008--76]-9618+130.199.149.76-9618&alias=spool0210.sdcc.bnl.gov&noUDP&sock=startd_408258_9a43>
	SlotName: slot1_3@spool0210.sdcc.bnl.gov
	CondorScratchDir = "/home/condor/local/sdcc/execute/dir_417936"
	Cpus = 1
	Disk = 14765
	Memory = 4096
	xferslots = 0
...
006 (1132.229.000) 2025-12-25 18:50:52 Image size of job updated: 68068
	67  -  MemoryUsage of job (MB)
	68068  -  ResidentSetSize of job (KB)
...
006 (1132.229.000) 2025-12-25 18:55:52 Image size of job updated: 2018804
	1971  -  MemoryUsage of job (MB)
	2018076  -  ResidentSetSize of job (KB)
...
006 (1132.229.000) 2025-12-25 19:00:53 Image size of job updated: 2019320
	1972  -  MemoryUsage of job (MB)
	2019124  -  ResidentSetSize of job (KB)
...
006 (1132.229.000) 2025-12-25 19:05:53 Image size of job updated: 2020884
	1973  -  MemoryUsage of job (MB)
	2019664  -  ResidentSetSize of job (KB)
...
006 (1132.229.000) 2025-12-25 19:10:46 Image size of job updated: 2340660
	1973  -  MemoryUsage of job (MB)
	2019664  -  ResidentSetSize of job (KB)
...
005 (1132.229.000) 2025-12-25 19:10:46 Job terminated.
	(1) Normal termination (return value 0)
		Usr 0 00:14:11, Sys 0 00:00:36  -  Run Remote Usage
		Usr 0 00:00:00, Sys 0 00:00:00  -  Run Local Usage
		Usr 0 00:14:11, Sys 0 00:00:36  -  Total Remote Usage
		Usr 0 00:00:00, Sys 0 00:00:00  -  Total Local Usage
	0  -  Run Bytes Sent By Job
	0  -  Run Bytes Received By Job
	0  -  Total Bytes Sent By Job
	0  -  Total Bytes Received By Job
	Partitionable Resources :    Usage  Request Allocated 
	   Cpus                 :     0.72        1         1 
	   Disk (KB)            :     1           1     14765 
	   Memory (MB)          :  1973        4096      4096 
	   TimeExecute (s)      :  1207                       
	   TimeSlotBusy (s)     :  1207                       
	   xferslots            :                           0 

	Job terminated of its own accord at 2025-12-26T00:10:46Z with exit-code 0.
...
