000 (1132.184.000) 2025-12-25 18:43:11 Job submitted from host: <130.199.48.160:9618?addrs=[2620-0-210-a002--160]-9618+130.199.48.160-9618&alias=eicsub02.sdcc.bnl.gov&noUDP&sock=schedd_1122_32c5>
...
001 (1132.184.000) 2025-12-25 18:50:12 Job executing on host: <130.199.149.247:9618?addrs=[2620-0-210-9007--247]-9618+130.199.149.247-9618&alias=spool0641.sdcc.bnl.gov&noUDP&sock=startd_103341_38ad>
	SlotName: slot1_12@spool0641.sdcc.bnl.gov
	CondorScratchDir = "/home/condor/local/sdcc/execute/dir_3232926"
	Cpus = 1
	Disk = 14709
	Memory = 4096
	xferslots = 0
...
006 (1132.184.000) 2025-12-25 18:50:25 Image size of job updated: 25276
	25  -  MemoryUsage of job (MB)
	25276  -  ResidentSetSize of job (KB)
...
006 (1132.184.000) 2025-12-25 18:55:25 Image size of job updated: 2020444
	1974  -  MemoryUsage of job (MB)
	2020444  -  ResidentSetSize of job (KB)
...
006 (1132.184.000) 2025-12-25 19:00:26 Image size of job updated: 2025444
	1974  -  MemoryUsage of job (MB)
	2020444  -  ResidentSetSize of job (KB)
...
006 (1132.184.000) 2025-12-25 19:05:26 Image size of job updated: 2025444
	1977  -  MemoryUsage of job (MB)
	2024112  -  ResidentSetSize of job (KB)
...
006 (1132.184.000) 2025-12-25 19:10:27 Image size of job updated: 2029600
	1982  -  MemoryUsage of job (MB)
	2029564  -  ResidentSetSize of job (KB)
...
006 (1132.184.000) 2025-12-25 19:12:09 Image size of job updated: 2255512
	1982  -  MemoryUsage of job (MB)
	2029564  -  ResidentSetSize of job (KB)
...
005 (1132.184.000) 2025-12-25 19:12:09 Job terminated.
	(1) Normal termination (return value 0)
		Usr 0 00:13:16, Sys 0 00:00:36  -  Run Remote Usage
		Usr 0 00:00:00, Sys 0 00:00:00  -  Run Local Usage
		Usr 0 00:13:16, Sys 0 00:00:36  -  Total Remote Usage
		Usr 0 00:00:00, Sys 0 00:00:00  -  Total Local Usage
	0  -  Run Bytes Sent By Job
	0  -  Run Bytes Received By Job
	0  -  Total Bytes Sent By Job
	0  -  Total Bytes Received By Job
	Partitionable Resources :    Usage  Request Allocated 
	   Cpus                 :     0.55        1         1 
	   Disk (KB)            :     1           1     14709 
	   Memory (MB)          :  1982        4096      4096 
	   TimeExecute (s)      :  1317                       
	   TimeSlotBusy (s)     :  1317                       
	   xferslots            :                           0 

	Job terminated of its own accord at 2025-12-26T00:12:09Z with exit-code 0.
...
