000 (1132.175.000) 2025-12-25 18:43:11 Job submitted from host: <130.199.48.160:9618?addrs=[2620-0-210-a002--160]-9618+130.199.48.160-9618&alias=eicsub02.sdcc.bnl.gov&noUDP&sock=schedd_1122_32c5>
...
001 (1132.175.000) 2025-12-25 18:50:12 Job executing on host: <130.199.201.146:9618?addrs=[2620-0-210-9019--146]-9618+130.199.201.146-9618&alias=spool0104.sdcc.bnl.gov&noUDP&sock=startd_136218_6079>
	SlotName: slot1_83@spool0104.sdcc.bnl.gov
	CondorScratchDir = "/home/condor/local/sdcc/execute/dir_1186136"
	Cpus = 1
	Disk = 7408
	Memory = 4096
	xferslots = 0
...
006 (1132.175.000) 2025-12-25 18:50:25 Image size of job updated: 84736
	83  -  MemoryUsage of job (MB)
	84736  -  ResidentSetSize of job (KB)
...
006 (1132.175.000) 2025-12-25 18:55:25 Image size of job updated: 2040328
	1993  -  MemoryUsage of job (MB)
	2040328  -  ResidentSetSize of job (KB)
...
006 (1132.175.000) 2025-12-25 19:00:26 Image size of job updated: 2041872
	1993  -  MemoryUsage of job (MB)
	2040328  -  ResidentSetSize of job (KB)
...
006 (1132.175.000) 2025-12-25 19:05:27 Image size of job updated: 2041936
	1993  -  MemoryUsage of job (MB)
	2040328  -  ResidentSetSize of job (KB)
...
006 (1132.175.000) 2025-12-25 19:09:08 Image size of job updated: 2353860
	1993  -  MemoryUsage of job (MB)
	2040328  -  ResidentSetSize of job (KB)
...
005 (1132.175.000) 2025-12-25 19:09:08 Job terminated.
	(1) Normal termination (return value 0)
		Usr 0 00:16:18, Sys 0 00:00:14  -  Run Remote Usage
		Usr 0 00:00:00, Sys 0 00:00:00  -  Run Local Usage
		Usr 0 00:16:18, Sys 0 00:00:14  -  Total Remote Usage
		Usr 0 00:00:00, Sys 0 00:00:00  -  Total Local Usage
	0  -  Run Bytes Sent By Job
	0  -  Run Bytes Received By Job
	0  -  Total Bytes Sent By Job
	0  -  Total Bytes Received By Job
	Partitionable Resources :    Usage  Request Allocated 
	   Cpus                 :     0.91        1         1 
	   Disk (KB)            :     1           1      7408 
	   Memory (MB)          :  1993        4096      4096 
	   TimeExecute (s)      :  1136                       
	   TimeSlotBusy (s)     :  1136                       
	   xferslots            :                           0 

	Job terminated of its own accord at 2025-12-26T00:09:08Z with exit-code 0.
...
