000 (1132.148.000) 2025-12-25 18:43:11 Job submitted from host: <130.199.48.160:9618?addrs=[2620-0-210-a002--160]-9618+130.199.48.160-9618&alias=eicsub02.sdcc.bnl.gov&noUDP&sock=schedd_1122_32c5>
...
001 (1132.148.000) 2025-12-25 18:48:58 Job executing on host: <130.199.149.182:9618?addrs=[2620-0-210-9011--182]-9618+130.199.149.182-9618&alias=spool0588.sdcc.bnl.gov&noUDP&sock=startd_385368_34e0>
	SlotName: slot1_25@spool0588.sdcc.bnl.gov
	CondorScratchDir = "/home/condor/local/sdcc/execute/dir_1823916"
	Cpus = 1
	Disk = 14709
	Memory = 4096
	xferslots = 0
...
006 (1132.148.000) 2025-12-25 18:49:12 Image size of job updated: 24016
	24  -  MemoryUsage of job (MB)
	24016  -  ResidentSetSize of job (KB)
...
006 (1132.148.000) 2025-12-25 18:54:13 Image size of job updated: 2019932
	1973  -  MemoryUsage of job (MB)
	2019712  -  ResidentSetSize of job (KB)
...
006 (1132.148.000) 2025-12-25 18:59:13 Image size of job updated: 2026508
	1980  -  MemoryUsage of job (MB)
	2026508  -  ResidentSetSize of job (KB)
...
006 (1132.148.000) 2025-12-25 19:04:13 Image size of job updated: 2027720
	1980  -  MemoryUsage of job (MB)
	2027084  -  ResidentSetSize of job (KB)
...
006 (1132.148.000) 2025-12-25 19:09:14 Image size of job updated: 2030528
	1980  -  MemoryUsage of job (MB)
	2027084  -  ResidentSetSize of job (KB)
...
006 (1132.148.000) 2025-12-25 19:10:21 Image size of job updated: 2336648
	1980  -  MemoryUsage of job (MB)
	2027084  -  ResidentSetSize of job (KB)
...
005 (1132.148.000) 2025-12-25 19:10:21 Job terminated.
	(1) Normal termination (return value 0)
		Usr 0 00:13:52, Sys 0 00:00:38  -  Run Remote Usage
		Usr 0 00:00:00, Sys 0 00:00:00  -  Run Local Usage
		Usr 0 00:13:52, Sys 0 00:00:38  -  Total Remote Usage
		Usr 0 00:00:00, Sys 0 00:00:00  -  Total Local Usage
	0  -  Run Bytes Sent By Job
	0  -  Run Bytes Received By Job
	0  -  Total Bytes Sent By Job
	0  -  Total Bytes Received By Job
	Partitionable Resources :    Usage  Request Allocated 
	   Cpus                 :     0.69        1         1 
	   Disk (KB)            :     1           1     14709 
	   Memory (MB)          :  1980        4096      4096 
	   TimeExecute (s)      :  1283                       
	   TimeSlotBusy (s)     :  1283                       
	   xferslots            :                           0 

	Job terminated of its own accord at 2025-12-26T00:10:21Z with exit-code 0.
...
