/eic/u/cyang/eic/Job_submission_RCF/output_DIS_10x100_minQ2_1_with_bkg_25.10.4
/eic/u/cyang/eic/Job_submission_RCF/input_files/DIS_10x100_minQ2_1_with_bkg_25.10.4/subList_146.list
/eic/u/cyang/eic/Job_submission_RCF/output_DIS_10x100_minQ2_1_with_bkg_25.10.4/output_146.root
/eic/u/cyang/eic/Job_submission_RCF/output_DIS_10x100_minQ2_1_with_bkg_25.10.4/Signal_146.root
/eic/u/cyang/eic/Job_submission_RCF/output_DIS_10x100_minQ2_1_with_bkg_25.10.4/Bkg_146.root
[i] Add 0th file: root://dtn-eic.jlab.org//volatile/eic/EPIC/RECO/25.10.4/epic_craterlake/Bkg_1SignalPer2usFrame/DIS/NC/10x100/minQ2=1/pythia8NCDIS_10x100_minQ2=1_beamEffects_xAngle=-0.025_hiDiv_1.2934.eicrecon.edm4eic.root
[i] Add 1th file: root://dtn-eic.jlab.org//volatile/eic/EPIC/RECO/25.10.4/epic_craterlake/Bkg_1SignalPer2usFrame/DIS/NC/10x100/minQ2=1/pythia8NCDIS_10x100_minQ2=1_beamEffects_xAngle=-0.025_hiDiv_1.2935.eicrecon.edm4eic.root
[i] Add 2th file: root://dtn-eic.jlab.org//volatile/eic/EPIC/RECO/25.10.4/epic_craterlake/Bkg_1SignalPer2usFrame/DIS/NC/10x100/minQ2=1/pythia8NCDIS_10x100_minQ2=1_beamEffects_xAngle=-0.025_hiDiv_1.2936.eicrecon.edm4eic.root
[i] Add 3th file: root://dtn-eic.jlab.org//volatile/eic/EPIC/RECO/25.10.4/epic_craterlake/Bkg_1SignalPer2usFrame/DIS/NC/10x100/minQ2=1/pythia8NCDIS_10x100_minQ2=1_beamEffects_xAngle=-0.025_hiDiv_1.2937.eicrecon.edm4eic.root
[i] Add 4th file: root://dtn-eic.jlab.org//volatile/eic/EPIC/RECO/25.10.4/epic_craterlake/Bkg_1SignalPer2usFrame/DIS/NC/10x100/minQ2=1/pythia8NCDIS_10x100_minQ2=1_beamEffects_xAngle=-0.025_hiDiv_1.2938.eicrecon.edm4eic.root
[i] Add 5th file: root://dtn-eic.jlab.org//volatile/eic/EPIC/RECO/25.10.4/epic_craterlake/Bkg_1SignalPer2usFrame/DIS/NC/10x100/minQ2=1/pythia8NCDIS_10x100_minQ2=1_beamEffects_xAngle=-0.025_hiDiv_1.2939.eicrecon.edm4eic.root
[i] Add 6th file: root://dtn-eic.jlab.org//volatile/eic/EPIC/RECO/25.10.4/epic_craterlake/Bkg_1SignalPer2usFrame/DIS/NC/10x100/minQ2=1/pythia8NCDIS_10x100_minQ2=1_beamEffects_xAngle=-0.025_hiDiv_1.2940.eicrecon.edm4eic.root
[i] Add 7th file: root://dtn-eic.jlab.org//volatile/eic/EPIC/RECO/25.10.4/epic_craterlake/Bkg_1SignalPer2usFrame/DIS/NC/10x100/minQ2=1/pythia8NCDIS_10x100_minQ2=1_beamEffects_xAngle=-0.025_hiDiv_1.2941.eicrecon.edm4eic.root
[i] Add 8th file: root://dtn-eic.jlab.org//volatile/eic/EPIC/RECO/25.10.4/epic_craterlake/Bkg_1SignalPer2usFrame/DIS/NC/10x100/minQ2=1/pythia8NCDIS_10x100_minQ2=1_beamEffects_xAngle=-0.025_hiDiv_1.2942.eicrecon.edm4eic.root
[i] Add 9th file: root://dtn-eic.jlab.org//volatile/eic/EPIC/RECO/25.10.4/epic_craterlake/Bkg_1SignalPer2usFrame/DIS/NC/10x100/minQ2=1/pythia8NCDIS_10x100_minQ2=1_beamEffects_xAngle=-0.025_hiDiv_1.2943.eicrecon.edm4eic.root
[i] Add 10th file: root://dtn-eic.jlab.org//volatile/eic/EPIC/RECO/25.10.4/epic_craterlake/Bkg_1SignalPer2usFrame/DIS/NC/10x100/minQ2=1/pythia8NCDIS_10x100_minQ2=1_beamEffects_xAngle=-0.025_hiDiv_1.2944.eicrecon.edm4eic.root
[i] Add 11th file: root://dtn-eic.jlab.org//volatile/eic/EPIC/RECO/25.10.4/epic_craterlake/Bkg_1SignalPer2usFrame/DIS/NC/10x100/minQ2=1/pythia8NCDIS_10x100_minQ2=1_beamEffects_xAngle=-0.025_hiDiv_1.2945.eicrecon.edm4eic.root
[i] Add 12th file: root://dtn-eic.jlab.org//volatile/eic/EPIC/RECO/25.10.4/epic_craterlake/Bkg_1SignalPer2usFrame/DIS/NC/10x100/minQ2=1/pythia8NCDIS_10x100_minQ2=1_beamEffects_xAngle=-0.025_hiDiv_1.2946.eicrecon.edm4eic.root
[i] Add 13th file: root://dtn-eic.jlab.org//volatile/eic/EPIC/RECO/25.10.4/epic_craterlake/Bkg_1SignalPer2usFrame/DIS/NC/10x100/minQ2=1/pythia8NCDIS_10x100_minQ2=1_beamEffects_xAngle=-0.025_hiDiv_1.2947.eicrecon.edm4eic.root
[i] Add 14th file: root://dtn-eic.jlab.org//volatile/eic/EPIC/RECO/25.10.4/epic_craterlake/Bkg_1SignalPer2usFrame/DIS/NC/10x100/minQ2=1/pythia8NCDIS_10x100_minQ2=1_beamEffects_xAngle=-0.025_hiDiv_1.2948.eicrecon.edm4eic.root
[i] Add 15th file: root://dtn-eic.jlab.org//volatile/eic/EPIC/RECO/25.10.4/epic_craterlake/Bkg_1SignalPer2usFrame/DIS/NC/10x100/minQ2=1/pythia8NCDIS_10x100_minQ2=1_beamEffects_xAngle=-0.025_hiDiv_1.2949.eicrecon.edm4eic.root
[i] Add 16th file: root://dtn-eic.jlab.org//volatile/eic/EPIC/RECO/25.10.4/epic_craterlake/Bkg_1SignalPer2usFrame/DIS/NC/10x100/minQ2=1/pythia8NCDIS_10x100_minQ2=1_beamEffects_xAngle=-0.025_hiDiv_1.2950.eicrecon.edm4eic.root
[i] Add 17th file: root://dtn-eic.jlab.org//volatile/eic/EPIC/RECO/25.10.4/epic_craterlake/Bkg_1SignalPer2usFrame/DIS/NC/10x100/minQ2=1/pythia8NCDIS_10x100_minQ2=1_beamEffects_xAngle=-0.025_hiDiv_1.2951.eicrecon.edm4eic.root
[i] Add 18th file: root://dtn-eic.jlab.org//volatile/eic/EPIC/RECO/25.10.4/epic_craterlake/Bkg_1SignalPer2usFrame/DIS/NC/10x100/minQ2=1/pythia8NCDIS_10x100_minQ2=1_beamEffects_xAngle=-0.025_hiDiv_1.2952.eicrecon.edm4eic.root
[i] Add 19th file: root://dtn-eic.jlab.org//volatile/eic/EPIC/RECO/25.10.4/epic_craterlake/Bkg_1SignalPer2usFrame/DIS/NC/10x100/minQ2=1/pythia8NCDIS_10x100_minQ2=1_beamEffects_xAngle=-0.025_hiDiv_1.2953.eicrecon.edm4eic.root
[i] Read in 20 files with 960 events in total

[i] New event 0
