000 (1132.236.000) 2025-12-25 18:43:11 Job submitted from host: <130.199.48.160:9618?addrs=[2620-0-210-a002--160]-9618+130.199.48.160-9618&alias=eicsub02.sdcc.bnl.gov&noUDP&sock=schedd_1122_32c5>
...
001 (1132.236.000) 2025-12-25 18:50:39 Job executing on host: <130.199.149.118:9618?addrs=[2620-0-210-9009--118]-9618+130.199.149.118-9618&alias=spool0246.sdcc.bnl.gov&noUDP&sock=startd_54821_4101>
	SlotName: slot1_7@spool0246.sdcc.bnl.gov
	CondorScratchDir = "/home/condor/local/sdcc/execute/dir_2135942"
	Cpus = 1
	Disk = 14765
	Memory = 4096
	xferslots = 0
...
006 (1132.236.000) 2025-12-25 18:50:53 Image size of job updated: 55940
	55  -  MemoryUsage of job (MB)
	55940  -  ResidentSetSize of job (KB)
...
006 (1132.236.000) 2025-12-25 18:55:54 Image size of job updated: 2020972
	1974  -  MemoryUsage of job (MB)
	2020972  -  ResidentSetSize of job (KB)
...
006 (1132.236.000) 2025-12-25 19:00:54 Image size of job updated: 2021624
	1975  -  MemoryUsage of job (MB)
	2021624  -  ResidentSetSize of job (KB)
...
006 (1132.236.000) 2025-12-25 19:05:55 Image size of job updated: 2024284
	1977  -  MemoryUsage of job (MB)
	2023964  -  ResidentSetSize of job (KB)
...
006 (1132.236.000) 2025-12-25 19:10:56 Image size of job updated: 2274388
	2222  -  MemoryUsage of job (MB)
	2274388  -  ResidentSetSize of job (KB)
...
006 (1132.236.000) 2025-12-25 19:11:05 Image size of job updated: 2337316
	2222  -  MemoryUsage of job (MB)
	2274388  -  ResidentSetSize of job (KB)
...
005 (1132.236.000) 2025-12-25 19:11:05 Job terminated.
	(1) Normal termination (return value 0)
		Usr 0 00:13:34, Sys 0 00:00:35  -  Run Remote Usage
		Usr 0 00:00:00, Sys 0 00:00:00  -  Run Local Usage
		Usr 0 00:13:34, Sys 0 00:00:35  -  Total Remote Usage
		Usr 0 00:00:00, Sys 0 00:00:00  -  Total Local Usage
	0  -  Run Bytes Sent By Job
	0  -  Run Bytes Received By Job
	0  -  Total Bytes Sent By Job
	0  -  Total Bytes Received By Job
	Partitionable Resources :    Usage  Request Allocated 
	   Cpus                 :     0.69        1         1 
	   Disk (KB)            :     1           1     14765 
	   Memory (MB)          :  2222        4096      4096 
	   TimeExecute (s)      :  1226                       
	   TimeSlotBusy (s)     :  1226                       
	   xferslots            :                           0 

	Job terminated of its own accord at 2025-12-26T00:11:05Z with exit-code 0.
...
