000 (1132.187.000) 2025-12-25 18:43:11 Job submitted from host: <130.199.48.160:9618?addrs=[2620-0-210-a002--160]-9618+130.199.48.160-9618&alias=eicsub02.sdcc.bnl.gov&noUDP&sock=schedd_1122_32c5>
...
001 (1132.187.000) 2025-12-25 18:50:39 Job executing on host: <130.199.157.141:9618?addrs=[2620-0-210-9006--141]-9618+130.199.157.141-9618&alias=spool0681.sdcc.bnl.gov&noUDP&sock=startd_389602_36cf>
	SlotName: slot1_3@spool0681.sdcc.bnl.gov
	CondorScratchDir = "/home/condor/local/sdcc/execute/dir_250554"
	Cpus = 1
	Disk = 14709
	Memory = 4096
	xferslots = 0
...
006 (1132.187.000) 2025-12-25 18:50:53 Image size of job updated: 35708
	35  -  MemoryUsage of job (MB)
	35708  -  ResidentSetSize of job (KB)
...
006 (1132.187.000) 2025-12-25 18:55:54 Image size of job updated: 2017804
	1971  -  MemoryUsage of job (MB)
	2017656  -  ResidentSetSize of job (KB)
...
006 (1132.187.000) 2025-12-25 19:00:54 Image size of job updated: 2039916
	1992  -  MemoryUsage of job (MB)
	2039752  -  ResidentSetSize of job (KB)
...
006 (1132.187.000) 2025-12-25 19:05:55 Image size of job updated: 2040056
	1993  -  MemoryUsage of job (MB)
	2039912  -  ResidentSetSize of job (KB)
...
006 (1132.187.000) 2025-12-25 19:13:50 Image size of job updated: 2351832
	1993  -  MemoryUsage of job (MB)
	2039912  -  ResidentSetSize of job (KB)
...
005 (1132.187.000) 2025-12-25 19:13:50 Job terminated.
	(1) Normal termination (return value 0)
		Usr 0 00:16:23, Sys 0 00:00:26  -  Run Remote Usage
		Usr 0 00:00:00, Sys 0 00:00:00  -  Run Local Usage
		Usr 0 00:16:23, Sys 0 00:00:26  -  Total Remote Usage
		Usr 0 00:00:00, Sys 0 00:00:00  -  Total Local Usage
	0  -  Run Bytes Sent By Job
	0  -  Run Bytes Received By Job
	0  -  Total Bytes Sent By Job
	0  -  Total Bytes Received By Job
	Partitionable Resources :    Usage  Request Allocated 
	   Cpus                 :     0.74        1         1 
	   Disk (KB)            :     1           1     14709 
	   Memory (MB)          :  1993        4096      4096 
	   TimeExecute (s)      :  1391                       
	   TimeSlotBusy (s)     :  1391                       
	   xferslots            :                           0 

	Job terminated of its own accord at 2025-12-26T00:13:50Z with exit-code 0.
...
