000 (1132.095.000) 2025-12-25 18:43:11 Job submitted from host: <130.199.48.160:9618?addrs=[2620-0-210-a002--160]-9618+130.199.48.160-9618&alias=eicsub02.sdcc.bnl.gov&noUDP&sock=schedd_1122_32c5>
...
001 (1132.095.000) 2025-12-25 18:47:39 Job executing on host: <130.199.149.84:9618?addrs=130.199.149.84-9618&alias=spool0218.sdcc.bnl.gov&noUDP&sock=startd_54113_2e4c>
	SlotName: slot1_11@spool0218.sdcc.bnl.gov
	CondorScratchDir = "/home/condor/local/sdcc/execute/dir_1782024"
	Cpus = 1
	Disk = 14765
	Memory = 4096
	xferslots = 0
...
006 (1132.095.000) 2025-12-25 18:47:52 Image size of job updated: 59396
	59  -  MemoryUsage of job (MB)
	59396  -  ResidentSetSize of job (KB)
...
006 (1132.095.000) 2025-12-25 18:52:52 Image size of job updated: 2019328
	1972  -  MemoryUsage of job (MB)
	2019132  -  ResidentSetSize of job (KB)
...
006 (1132.095.000) 2025-12-25 18:57:53 Image size of job updated: 2023420
	1976  -  MemoryUsage of job (MB)
	2023420  -  ResidentSetSize of job (KB)
...
006 (1132.095.000) 2025-12-25 19:02:53 Image size of job updated: 2024852
	1978  -  MemoryUsage of job (MB)
	2024852  -  ResidentSetSize of job (KB)
...
006 (1132.095.000) 2025-12-25 19:07:33 Image size of job updated: 2345596
	1978  -  MemoryUsage of job (MB)
	2024852  -  ResidentSetSize of job (KB)
...
005 (1132.095.000) 2025-12-25 19:07:33 Job terminated.
	(1) Normal termination (return value 0)
		Usr 0 00:13:29, Sys 0 00:00:37  -  Run Remote Usage
		Usr 0 00:00:00, Sys 0 00:00:00  -  Run Local Usage
		Usr 0 00:13:29, Sys 0 00:00:37  -  Total Remote Usage
		Usr 0 00:00:00, Sys 0 00:00:00  -  Total Local Usage
	0  -  Run Bytes Sent By Job
	0  -  Run Bytes Received By Job
	0  -  Total Bytes Sent By Job
	0  -  Total Bytes Received By Job
	Partitionable Resources :    Usage  Request Allocated 
	   Cpus                 :     0.68        1         1 
	   Disk (KB)            :     1           1     14765 
	   Memory (MB)          :  1978        4096      4096 
	   TimeExecute (s)      :  1194                       
	   TimeSlotBusy (s)     :  1195                       
	   xferslots            :                           0 

	Job terminated of its own accord at 2025-12-26T00:07:33Z with exit-code 0.
...
