000 (1132.235.000) 2025-12-25 18:43:11 Job submitted from host: <130.199.48.160:9618?addrs=[2620-0-210-a002--160]-9618+130.199.48.160-9618&alias=eicsub02.sdcc.bnl.gov&noUDP&sock=schedd_1122_32c5>
...
001 (1132.235.000) 2025-12-25 18:50:39 Job executing on host: <130.199.149.115:9618?addrs=[2620-0-210-9009--115]-9618+130.199.149.115-9618&alias=spool0243.sdcc.bnl.gov&noUDP&sock=startd_408380_36cc>
	SlotName: slot1_5@spool0243.sdcc.bnl.gov
	CondorScratchDir = "/home/condor/local/sdcc/execute/dir_2230272"
	Cpus = 1
	Disk = 14765
	Memory = 4096
	xferslots = 0
...
006 (1132.235.000) 2025-12-25 18:50:53 Image size of job updated: 62516
	62  -  MemoryUsage of job (MB)
	62516  -  ResidentSetSize of job (KB)
...
006 (1132.235.000) 2025-12-25 18:55:54 Image size of job updated: 2022332
	1975  -  MemoryUsage of job (MB)
	2022332  -  ResidentSetSize of job (KB)
...
006 (1132.235.000) 2025-12-25 19:00:54 Image size of job updated: 2023672
	1976  -  MemoryUsage of job (MB)
	2023392  -  ResidentSetSize of job (KB)
...
006 (1132.235.000) 2025-12-25 19:05:54 Image size of job updated: 2027412
	1980  -  MemoryUsage of job (MB)
	2027412  -  ResidentSetSize of job (KB)
...
006 (1132.235.000) 2025-12-25 19:10:32 Image size of job updated: 2345644
	1980  -  MemoryUsage of job (MB)
	2027412  -  ResidentSetSize of job (KB)
...
005 (1132.235.000) 2025-12-25 19:10:32 Job terminated.
	(1) Normal termination (return value 0)
		Usr 0 00:14:02, Sys 0 00:00:28  -  Run Remote Usage
		Usr 0 00:00:00, Sys 0 00:00:00  -  Run Local Usage
		Usr 0 00:14:02, Sys 0 00:00:28  -  Total Remote Usage
		Usr 0 00:00:00, Sys 0 00:00:00  -  Total Local Usage
	0  -  Run Bytes Sent By Job
	0  -  Run Bytes Received By Job
	0  -  Total Bytes Sent By Job
	0  -  Total Bytes Received By Job
	Partitionable Resources :    Usage  Request Allocated 
	   Cpus                 :     0.84        1         1 
	   Disk (KB)            :     1           1     14765 
	   Memory (MB)          :  1980        4096      4096 
	   TimeExecute (s)      :  1193                       
	   TimeSlotBusy (s)     :  1193                       
	   xferslots            :                           0 

	Job terminated of its own accord at 2025-12-26T00:10:32Z with exit-code 0.
...
