000 (1132.166.000) 2025-12-25 18:43:11 Job submitted from host: <130.199.48.160:9618?addrs=[2620-0-210-a002--160]-9618+130.199.48.160-9618&alias=eicsub02.sdcc.bnl.gov&noUDP&sock=schedd_1122_32c5>
...
001 (1132.166.000) 2025-12-25 18:49:27 Job executing on host: <130.199.149.104:9618?addrs=[2620-0-210-9009--104]-9618+130.199.149.104-9618&alias=spool0232.sdcc.bnl.gov&noUDP&sock=startd_407891_73a4>
	SlotName: slot1_16@spool0232.sdcc.bnl.gov
	CondorScratchDir = "/home/condor/local/sdcc/execute/dir_3805141"
	Cpus = 1
	Disk = 14765
	Memory = 4096
	xferslots = 0
...
006 (1132.166.000) 2025-12-25 18:49:41 Image size of job updated: 29792
	30  -  MemoryUsage of job (MB)
	29792  -  ResidentSetSize of job (KB)
...
006 (1132.166.000) 2025-12-25 18:54:42 Image size of job updated: 2019416
	1971  -  MemoryUsage of job (MB)
	2017836  -  ResidentSetSize of job (KB)
...
006 (1132.166.000) 2025-12-25 18:59:42 Image size of job updated: 2027060
	1980  -  MemoryUsage of job (MB)
	2027060  -  ResidentSetSize of job (KB)
...
006 (1132.166.000) 2025-12-25 19:04:42 Image size of job updated: 2028916
	1980  -  MemoryUsage of job (MB)
	2027060  -  ResidentSetSize of job (KB)
...
006 (1132.166.000) 2025-12-25 19:09:43 Image size of job updated: 2129264
	2037  -  MemoryUsage of job (MB)
	2085564  -  ResidentSetSize of job (KB)
...
006 (1132.166.000) 2025-12-25 19:09:47 Image size of job updated: 2325372
	2063  -  MemoryUsage of job (MB)
	2112388  -  ResidentSetSize of job (KB)
...
005 (1132.166.000) 2025-12-25 19:09:47 Job terminated.
	(1) Normal termination (return value 0)
		Usr 0 00:13:18, Sys 0 00:00:33  -  Run Remote Usage
		Usr 0 00:00:00, Sys 0 00:00:00  -  Run Local Usage
		Usr 0 00:13:18, Sys 0 00:00:33  -  Total Remote Usage
		Usr 0 00:00:00, Sys 0 00:00:00  -  Total Local Usage
	0  -  Run Bytes Sent By Job
	0  -  Run Bytes Received By Job
	0  -  Total Bytes Sent By Job
	0  -  Total Bytes Received By Job
	Partitionable Resources :    Usage  Request Allocated 
	   Cpus                 :     0.67        1         1 
	   Disk (KB)            :     1           1     14765 
	   Memory (MB)          :  2063        4096      4096 
	   TimeExecute (s)      :  1220                       
	   TimeSlotBusy (s)     :  1220                       
	   xferslots            :                           0 

	Job terminated of its own accord at 2025-12-26T00:09:47Z with exit-code 0.
...
