000 (1132.028.000) 2025-12-25 18:43:11 Job submitted from host: <130.199.48.160:9618?addrs=[2620-0-210-a002--160]-9618+130.199.48.160-9618&alias=eicsub02.sdcc.bnl.gov&noUDP&sock=schedd_1122_32c5>
...
001 (1132.028.000) 2025-12-25 18:44:43 Job executing on host: <130.199.149.238:9618?addrs=[2620-0-210-9007--238]-9618+130.199.149.238-9618&alias=spool0632.sdcc.bnl.gov&noUDP&sock=startd_1517466_ee8b>
	SlotName: slot1_5@spool0632.sdcc.bnl.gov
	CondorScratchDir = "/home/condor/local/sdcc/execute/dir_371320"
	Cpus = 1
	Disk = 14709
	Memory = 4096
	xferslots = 0
...
006 (1132.028.000) 2025-12-25 18:44:56 Image size of job updated: 21996
	22  -  MemoryUsage of job (MB)
	21996  -  ResidentSetSize of job (KB)
...
006 (1132.028.000) 2025-12-25 18:49:56 Image size of job updated: 2018560
	1972  -  MemoryUsage of job (MB)
	2018504  -  ResidentSetSize of job (KB)
...
006 (1132.028.000) 2025-12-25 18:54:57 Image size of job updated: 2020944
	1974  -  MemoryUsage of job (MB)
	2020944  -  ResidentSetSize of job (KB)
...
006 (1132.028.000) 2025-12-25 18:59:58 Image size of job updated: 2022956
	1976  -  MemoryUsage of job (MB)
	2022956  -  ResidentSetSize of job (KB)
...
006 (1132.028.000) 2025-12-25 19:04:58 Image size of job updated: 2024880
	1976  -  MemoryUsage of job (MB)
	2022956  -  ResidentSetSize of job (KB)
...
006 (1132.028.000) 2025-12-25 19:06:04 Image size of job updated: 2338288
	1976  -  MemoryUsage of job (MB)
	2022956  -  ResidentSetSize of job (KB)
...
005 (1132.028.000) 2025-12-25 19:06:04 Job terminated.
	(1) Normal termination (return value 0)
		Usr 0 00:13:52, Sys 0 00:00:50  -  Run Remote Usage
		Usr 0 00:00:00, Sys 0 00:00:00  -  Run Local Usage
		Usr 0 00:13:52, Sys 0 00:00:50  -  Total Remote Usage
		Usr 0 00:00:00, Sys 0 00:00:00  -  Total Local Usage
	0  -  Run Bytes Sent By Job
	0  -  Run Bytes Received By Job
	0  -  Total Bytes Sent By Job
	0  -  Total Bytes Received By Job
	Partitionable Resources :    Usage  Request Allocated 
	   Cpus                 :     0.76        1         1 
	   Disk (KB)            :     1           1     14709 
	   Memory (MB)          :  1976        4096      4096 
	   TimeExecute (s)      :  1281                       
	   TimeSlotBusy (s)     :  1282                       
	   xferslots            :                           0 

	Job terminated of its own accord at 2025-12-26T00:06:04Z with exit-code 0.
...
