000 (1132.201.000) 2025-12-25 18:43:11 Job submitted from host: <130.199.48.160:9618?addrs=[2620-0-210-a002--160]-9618+130.199.48.160-9618&alias=eicsub02.sdcc.bnl.gov&noUDP&sock=schedd_1122_32c5>
...
001 (1132.201.000) 2025-12-25 18:50:37 Job executing on host: <130.199.149.106:9618?addrs=[2620-0-210-9009--106]-9618+130.199.149.106-9618&alias=spool0234.sdcc.bnl.gov&noUDP&sock=startd_407911_c80e>
	SlotName: slot1_9@spool0234.sdcc.bnl.gov
	CondorScratchDir = "/home/condor/local/sdcc/execute/dir_1094567"
	Cpus = 1
	Disk = 14765
	Memory = 4096
	xferslots = 0
...
006 (1132.201.000) 2025-12-25 18:50:50 Image size of job updated: 90132
	89  -  MemoryUsage of job (MB)
	90132  -  ResidentSetSize of job (KB)
...
006 (1132.201.000) 2025-12-25 18:55:50 Image size of job updated: 2017232
	1970  -  MemoryUsage of job (MB)
	2017232  -  ResidentSetSize of job (KB)
...
006 (1132.201.000) 2025-12-25 19:00:51 Image size of job updated: 2022012
	1975  -  MemoryUsage of job (MB)
	2022012  -  ResidentSetSize of job (KB)
...
006 (1132.201.000) 2025-12-25 19:05:51 Image size of job updated: 2025184
	1978  -  MemoryUsage of job (MB)
	2024888  -  ResidentSetSize of job (KB)
...
006 (1132.201.000) 2025-12-25 19:10:52 Image size of job updated: 2027100
	1979  -  MemoryUsage of job (MB)
	2026408  -  ResidentSetSize of job (KB)
...
006 (1132.201.000) 2025-12-25 19:11:39 Image size of job updated: 2249132
	1979  -  MemoryUsage of job (MB)
	2026408  -  ResidentSetSize of job (KB)
...
005 (1132.201.000) 2025-12-25 19:11:39 Job terminated.
	(1) Normal termination (return value 0)
		Usr 0 00:13:36, Sys 0 00:00:35  -  Run Remote Usage
		Usr 0 00:00:00, Sys 0 00:00:00  -  Run Local Usage
		Usr 0 00:13:36, Sys 0 00:00:35  -  Total Remote Usage
		Usr 0 00:00:00, Sys 0 00:00:00  -  Total Local Usage
	0  -  Run Bytes Sent By Job
	0  -  Run Bytes Received By Job
	0  -  Total Bytes Sent By Job
	0  -  Total Bytes Received By Job
	Partitionable Resources :    Usage  Request Allocated 
	   Cpus                 :     0.61        1         1 
	   Disk (KB)            :     1           1     14765 
	   Memory (MB)          :  1979        4096      4096 
	   TimeExecute (s)      :  1262                       
	   TimeSlotBusy (s)     :  1262                       
	   xferslots            :                           0 

	Job terminated of its own accord at 2025-12-26T00:11:39Z with exit-code 0.
...
