000 (1132.043.000) 2025-12-25 18:43:11 Job submitted from host: <130.199.48.160:9618?addrs=[2620-0-210-a002--160]-9618+130.199.48.160-9618&alias=eicsub02.sdcc.bnl.gov&noUDP&sock=schedd_1122_32c5>
...
001 (1132.043.000) 2025-12-25 18:45:01 Job executing on host: <130.199.149.106:9618?addrs=[2620-0-210-9009--106]-9618+130.199.149.106-9618&alias=spool0234.sdcc.bnl.gov&noUDP&sock=startd_407911_c80e>
	SlotName: slot1_21@spool0234.sdcc.bnl.gov
	CondorScratchDir = "/home/condor/local/sdcc/execute/dir_1082947"
	Cpus = 1
	Disk = 14765
	Memory = 4096
	xferslots = 0
...
006 (1132.043.000) 2025-12-25 18:45:15 Image size of job updated: 20868
	21  -  MemoryUsage of job (MB)
	20868  -  ResidentSetSize of job (KB)
...
006 (1132.043.000) 2025-12-25 18:50:16 Image size of job updated: 2017912
	1971  -  MemoryUsage of job (MB)
	2017912  -  ResidentSetSize of job (KB)
...
006 (1132.043.000) 2025-12-25 18:55:16 Image size of job updated: 2021820
	1971  -  MemoryUsage of job (MB)
	2017912  -  ResidentSetSize of job (KB)
...
006 (1132.043.000) 2025-12-25 19:00:17 Image size of job updated: 2023180
	1976  -  MemoryUsage of job (MB)
	2023132  -  ResidentSetSize of job (KB)
...
006 (1132.043.000) 2025-12-25 19:05:16 Image size of job updated: 2335476
	1976  -  MemoryUsage of job (MB)
	2023132  -  ResidentSetSize of job (KB)
...
005 (1132.043.000) 2025-12-25 19:05:16 Job terminated.
	(1) Normal termination (return value 0)
		Usr 0 00:12:50, Sys 0 00:00:34  -  Run Remote Usage
		Usr 0 00:00:00, Sys 0 00:00:00  -  Run Local Usage
		Usr 0 00:12:50, Sys 0 00:00:34  -  Total Remote Usage
		Usr 0 00:00:00, Sys 0 00:00:00  -  Total Local Usage
	0  -  Run Bytes Sent By Job
	0  -  Run Bytes Received By Job
	0  -  Total Bytes Sent By Job
	0  -  Total Bytes Received By Job
	Partitionable Resources :    Usage  Request Allocated 
	   Cpus                 :     0.63        1         1 
	   Disk (KB)            :     1           1     14765 
	   Memory (MB)          :  1976        4096      4096 
	   TimeExecute (s)      :  1215                       
	   TimeSlotBusy (s)     :  1215                       
	   xferslots            :                           0 

	Job terminated of its own accord at 2025-12-26T00:05:16Z with exit-code 0.
...
