000 (1132.010.000) 2025-12-25 18:43:11 Job submitted from host: <130.199.48.160:9618?addrs=[2620-0-210-a002--160]-9618+130.199.48.160-9618&alias=eicsub02.sdcc.bnl.gov&noUDP&sock=schedd_1122_32c5>
...
001 (1132.010.000) 2025-12-25 18:43:44 Job executing on host: <130.199.157.147:9618?addrs=[2620-0-210-9006--147]-9618+130.199.157.147-9618&alias=spool0687.sdcc.bnl.gov&noUDP&sock=startd_388181_7c4c>
	SlotName: slot1_32@spool0687.sdcc.bnl.gov
	CondorScratchDir = "/home/condor/local/sdcc/execute/dir_491997"
	Cpus = 1
	Disk = 14709
	Memory = 4096
	xferslots = 0
...
006 (1132.010.000) 2025-12-25 18:43:58 Image size of job updated: 85688
	84  -  MemoryUsage of job (MB)
	85688  -  ResidentSetSize of job (KB)
...
006 (1132.010.000) 2025-12-25 18:48:59 Image size of job updated: 2019232
	1972  -  MemoryUsage of job (MB)
	2018948  -  ResidentSetSize of job (KB)
...
006 (1132.010.000) 2025-12-25 18:53:59 Image size of job updated: 2024304
	1977  -  MemoryUsage of job (MB)
	2024304  -  ResidentSetSize of job (KB)
...
006 (1132.010.000) 2025-12-25 18:59:00 Image size of job updated: 2025800
	1979  -  MemoryUsage of job (MB)
	2025800  -  ResidentSetSize of job (KB)
...
006 (1132.010.000) 2025-12-25 19:04:01 Image size of job updated: 2029008
	1982  -  MemoryUsage of job (MB)
	2029008  -  ResidentSetSize of job (KB)
...
006 (1132.010.000) 2025-12-25 19:04:27 Image size of job updated: 2343676
	1982  -  MemoryUsage of job (MB)
	2029008  -  ResidentSetSize of job (KB)
...
005 (1132.010.000) 2025-12-25 19:04:27 Job terminated.
	(1) Normal termination (return value 0)
		Usr 0 00:15:03, Sys 0 00:00:23  -  Run Remote Usage
		Usr 0 00:00:00, Sys 0 00:00:00  -  Run Local Usage
		Usr 0 00:15:03, Sys 0 00:00:23  -  Total Remote Usage
		Usr 0 00:00:00, Sys 0 00:00:00  -  Total Local Usage
	0  -  Run Bytes Sent By Job
	0  -  Run Bytes Received By Job
	0  -  Total Bytes Sent By Job
	0  -  Total Bytes Received By Job
	Partitionable Resources :    Usage  Request Allocated 
	   Cpus                 :     0.70        1         1 
	   Disk (KB)            :     1           1     14709 
	   Memory (MB)          :  1982        4096      4096 
	   TimeExecute (s)      :  1243                       
	   TimeSlotBusy (s)     :  1244                       
	   xferslots            :                           0 

	Job terminated of its own accord at 2025-12-26T00:04:27Z with exit-code 0.
...
