000 (1132.003.000) 2025-12-25 18:43:11 Job submitted from host: <130.199.48.160:9618?addrs=[2620-0-210-a002--160]-9618+130.199.48.160-9618&alias=eicsub02.sdcc.bnl.gov&noUDP&sock=schedd_1122_32c5>
...
001 (1132.003.000) 2025-12-25 18:43:29 Job executing on host: <130.199.149.99:9618?addrs=[2620-0-210-9009--99]-9618+130.199.149.99-9618&alias=spool0227.sdcc.bnl.gov&noUDP&sock=startd_408401_dc3b>
	SlotName: slot1_8@spool0227.sdcc.bnl.gov
	CondorScratchDir = "/home/condor/local/sdcc/execute/dir_74068"
	Cpus = 1
	Disk = 14765
	Memory = 4096
	xferslots = 0
...
006 (1132.003.000) 2025-12-25 18:43:43 Image size of job updated: 26360
	26  -  MemoryUsage of job (MB)
	26360  -  ResidentSetSize of job (KB)
...
006 (1132.003.000) 2025-12-25 18:48:44 Image size of job updated: 2022836
	1976  -  MemoryUsage of job (MB)
	2022836  -  ResidentSetSize of job (KB)
...
006 (1132.003.000) 2025-12-25 18:53:44 Image size of job updated: 2024252
	1977  -  MemoryUsage of job (MB)
	2023508  -  ResidentSetSize of job (KB)
...
006 (1132.003.000) 2025-12-25 18:58:45 Image size of job updated: 2026748
	1980  -  MemoryUsage of job (MB)
	2026748  -  ResidentSetSize of job (KB)
...
006 (1132.003.000) 2025-12-25 19:01:52 Image size of job updated: 2311848
	1980  -  MemoryUsage of job (MB)
	2026748  -  ResidentSetSize of job (KB)
...
005 (1132.003.000) 2025-12-25 19:01:52 Job terminated.
	(1) Normal termination (return value 0)
		Usr 0 00:12:41, Sys 0 00:00:30  -  Run Remote Usage
		Usr 0 00:00:00, Sys 0 00:00:00  -  Run Local Usage
		Usr 0 00:12:41, Sys 0 00:00:30  -  Total Remote Usage
		Usr 0 00:00:00, Sys 0 00:00:00  -  Total Local Usage
	0  -  Run Bytes Sent By Job
	0  -  Run Bytes Received By Job
	0  -  Total Bytes Sent By Job
	0  -  Total Bytes Received By Job
	Partitionable Resources :    Usage  Request Allocated 
	   Cpus                 :     0.74        1         1 
	   Disk (KB)            :     1           1     14765 
	   Memory (MB)          :  1980        4096      4096 
	   TimeExecute (s)      :  1103                       
	   TimeSlotBusy (s)     :  1103                       
	   xferslots            :                           0 

	Job terminated of its own accord at 2025-12-26T00:01:52Z with exit-code 0.
...
