000 (1132.212.000) 2025-12-25 18:43:11 Job submitted from host: <130.199.48.160:9618?addrs=[2620-0-210-a002--160]-9618+130.199.48.160-9618&alias=eicsub02.sdcc.bnl.gov&noUDP&sock=schedd_1122_32c5>
...
001 (1132.212.000) 2025-12-25 18:50:38 Job executing on host: <130.199.149.101:9618?addrs=[2620-0-210-9009--101]-9618+130.199.149.101-9618&alias=spool0229.sdcc.bnl.gov&noUDP&sock=startd_352063_9831>
	SlotName: slot1_7@spool0229.sdcc.bnl.gov
	CondorScratchDir = "/home/condor/local/sdcc/execute/dir_3944996"
	Cpus = 1
	Disk = 14765
	Memory = 4096
	xferslots = 0
...
006 (1132.212.000) 2025-12-25 18:50:52 Image size of job updated: 60648
	60  -  MemoryUsage of job (MB)
	60648  -  ResidentSetSize of job (KB)
...
006 (1132.212.000) 2025-12-25 18:55:52 Image size of job updated: 2016616
	1970  -  MemoryUsage of job (MB)
	2016616  -  ResidentSetSize of job (KB)
...
006 (1132.212.000) 2025-12-25 19:00:52 Image size of job updated: 2020176
	1973  -  MemoryUsage of job (MB)
	2020176  -  ResidentSetSize of job (KB)
...
006 (1132.212.000) 2025-12-25 19:05:53 Image size of job updated: 2040592
	1973  -  MemoryUsage of job (MB)
	2020176  -  ResidentSetSize of job (KB)
...
006 (1132.212.000) 2025-12-25 19:10:38 Image size of job updated: 2352248
	1973  -  MemoryUsage of job (MB)
	2020176  -  ResidentSetSize of job (KB)
...
005 (1132.212.000) 2025-12-25 19:10:38 Job terminated.
	(1) Normal termination (return value 0)
		Usr 0 00:13:28, Sys 0 00:00:36  -  Run Remote Usage
		Usr 0 00:00:00, Sys 0 00:00:00  -  Run Local Usage
		Usr 0 00:13:28, Sys 0 00:00:36  -  Total Remote Usage
		Usr 0 00:00:00, Sys 0 00:00:00  -  Total Local Usage
	0  -  Run Bytes Sent By Job
	0  -  Run Bytes Received By Job
	0  -  Total Bytes Sent By Job
	0  -  Total Bytes Received By Job
	Partitionable Resources :    Usage  Request Allocated 
	   Cpus                 :     0.76        1         1 
	   Disk (KB)            :     1           1     14765 
	   Memory (MB)          :  1973        4096      4096 
	   TimeExecute (s)      :  1200                       
	   TimeSlotBusy (s)     :  1200                       
	   xferslots            :                           0 

	Job terminated of its own accord at 2025-12-26T00:10:38Z with exit-code 0.
...
