000 (1132.093.000) 2025-12-25 18:43:11 Job submitted from host: <130.199.48.160:9618?addrs=[2620-0-210-a002--160]-9618+130.199.48.160-9618&alias=eicsub02.sdcc.bnl.gov&noUDP&sock=schedd_1122_32c5>
...
001 (1132.093.000) 2025-12-25 18:47:39 Job executing on host: <130.199.149.136:9618?addrs=[2620-0-210-9010--136]-9618+130.199.149.136-9618&alias=spool0258.sdcc.bnl.gov&noUDP&sock=startd_55605_6149>
	SlotName: slot1_17@spool0258.sdcc.bnl.gov
	CondorScratchDir = "/home/condor/local/sdcc/execute/dir_4048285"
	Cpus = 1
	Disk = 14765
	Memory = 4096
	xferslots = 0
...
006 (1132.093.000) 2025-12-25 18:47:52 Image size of job updated: 22316
	22  -  MemoryUsage of job (MB)
	22316  -  ResidentSetSize of job (KB)
...
006 (1132.093.000) 2025-12-25 18:52:52 Image size of job updated: 2016964
	1968  -  MemoryUsage of job (MB)
	2014672  -  ResidentSetSize of job (KB)
...
006 (1132.093.000) 2025-12-25 18:57:53 Image size of job updated: 2038956
	1990  -  MemoryUsage of job (MB)
	2036932  -  ResidentSetSize of job (KB)
...
006 (1132.093.000) 2025-12-25 19:02:54 Image size of job updated: 2038956
	1990  -  MemoryUsage of job (MB)
	2037516  -  ResidentSetSize of job (KB)
...
006 (1132.093.000) 2025-12-25 19:06:42 Image size of job updated: 2345720
	1990  -  MemoryUsage of job (MB)
	2037516  -  ResidentSetSize of job (KB)
...
005 (1132.093.000) 2025-12-25 19:06:42 Job terminated.
	(1) Normal termination (return value 0)
		Usr 0 00:12:41, Sys 0 00:00:37  -  Run Remote Usage
		Usr 0 00:00:00, Sys 0 00:00:00  -  Run Local Usage
		Usr 0 00:12:41, Sys 0 00:00:37  -  Total Remote Usage
		Usr 0 00:00:00, Sys 0 00:00:00  -  Total Local Usage
	0  -  Run Bytes Sent By Job
	0  -  Run Bytes Received By Job
	0  -  Total Bytes Sent By Job
	0  -  Total Bytes Received By Job
	Partitionable Resources :    Usage  Request Allocated 
	   Cpus                 :     0.66        1         1 
	   Disk (KB)            :     1           1     14765 
	   Memory (MB)          :  1990        4096      4096 
	   TimeExecute (s)      :  1143                       
	   TimeSlotBusy (s)     :  1144                       
	   xferslots            :                           0 

	Job terminated of its own accord at 2025-12-26T00:06:42Z with exit-code 0.
...
