000 (1132.160.000) 2025-12-25 18:43:11 Job submitted from host: <130.199.48.160:9618?addrs=[2620-0-210-a002--160]-9618+130.199.48.160-9618&alias=eicsub02.sdcc.bnl.gov&noUDP&sock=schedd_1122_32c5>
...
001 (1132.160.000) 2025-12-25 18:49:27 Job executing on host: <130.199.157.18:9618?addrs=[2620-0-210-9013--18]-9618+130.199.157.18-9618&alias=spool0831.sdcc.bnl.gov&noUDP&sock=startd_374868_16cf>
	SlotName: slot1_29@spool0831.sdcc.bnl.gov
	CondorScratchDir = "/home/condor/local/sdcc/execute/dir_1628507"
	Cpus = 1
	Disk = 7408
	Memory = 4096
	xferslots = 0
...
006 (1132.160.000) 2025-12-25 18:49:40 Image size of job updated: 60160
	59  -  MemoryUsage of job (MB)
	60160  -  ResidentSetSize of job (KB)
...
006 (1132.160.000) 2025-12-25 18:54:40 Image size of job updated: 2019236
	1970  -  MemoryUsage of job (MB)
	2016900  -  ResidentSetSize of job (KB)
...
006 (1132.160.000) 2025-12-25 18:59:41 Image size of job updated: 2021488
	1975  -  MemoryUsage of job (MB)
	2021488  -  ResidentSetSize of job (KB)
...
006 (1132.160.000) 2025-12-25 19:04:42 Image size of job updated: 2024144
	1977  -  MemoryUsage of job (MB)
	2024144  -  ResidentSetSize of job (KB)
...
006 (1132.160.000) 2025-12-25 19:09:42 Image size of job updated: 2025776
	1979  -  MemoryUsage of job (MB)
	2025776  -  ResidentSetSize of job (KB)
...
006 (1132.160.000) 2025-12-25 19:12:36 Image size of job updated: 2308908
	1979  -  MemoryUsage of job (MB)
	2025776  -  ResidentSetSize of job (KB)
...
005 (1132.160.000) 2025-12-25 19:12:36 Job terminated.
	(1) Normal termination (return value 0)
		Usr 0 00:16:56, Sys 0 00:00:16  -  Run Remote Usage
		Usr 0 00:00:00, Sys 0 00:00:00  -  Run Local Usage
		Usr 0 00:16:56, Sys 0 00:00:16  -  Total Remote Usage
		Usr 0 00:00:00, Sys 0 00:00:00  -  Total Local Usage
	0  -  Run Bytes Sent By Job
	0  -  Run Bytes Received By Job
	0  -  Total Bytes Sent By Job
	0  -  Total Bytes Received By Job
	Partitionable Resources :    Usage  Request Allocated 
	   Cpus                 :     0.81        1         1 
	   Disk (KB)            :     1           1      7408 
	   Memory (MB)          :  1979        4096      4096 
	   TimeExecute (s)      :  1389                       
	   TimeSlotBusy (s)     :  1390                       
	   xferslots            :                           0 

	Job terminated of its own accord at 2025-12-26T00:12:36Z with exit-code 0.
...
