000 (1132.127.000) 2025-12-25 18:43:11 Job submitted from host: <130.199.48.160:9618?addrs=[2620-0-210-a002--160]-9618+130.199.48.160-9618&alias=eicsub02.sdcc.bnl.gov&noUDP&sock=schedd_1122_32c5>
...
001 (1132.127.000) 2025-12-25 18:48:30 Job executing on host: <130.199.149.134:9618?addrs=[2620-0-210-9010--134]-9618+130.199.149.134-9618&alias=spool0256.sdcc.bnl.gov&noUDP&sock=startd_408511_ac84>
	SlotName: slot1_16@spool0256.sdcc.bnl.gov
	CondorScratchDir = "/home/condor/local/sdcc/execute/dir_708610"
	Cpus = 1
	Disk = 14765
	Memory = 4096
	xferslots = 0
...
006 (1132.127.000) 2025-12-25 18:48:44 Image size of job updated: 23676
	24  -  MemoryUsage of job (MB)
	23676  -  ResidentSetSize of job (KB)
...
006 (1132.127.000) 2025-12-25 18:53:45 Image size of job updated: 2021224
	1974  -  MemoryUsage of job (MB)
	2021224  -  ResidentSetSize of job (KB)
...
006 (1132.127.000) 2025-12-25 18:58:45 Image size of job updated: 2023832
	1977  -  MemoryUsage of job (MB)
	2023832  -  ResidentSetSize of job (KB)
...
006 (1132.127.000) 2025-12-25 19:03:46 Image size of job updated: 2025620
	1979  -  MemoryUsage of job (MB)
	2025620  -  ResidentSetSize of job (KB)
...
006 (1132.127.000) 2025-12-25 19:08:47 Image size of job updated: 2026404
	1979  -  MemoryUsage of job (MB)
	2025620  -  ResidentSetSize of job (KB)
...
006 (1132.127.000) 2025-12-25 19:09:40 Image size of job updated: 2323100
	1979  -  MemoryUsage of job (MB)
	2025620  -  ResidentSetSize of job (KB)
...
005 (1132.127.000) 2025-12-25 19:09:40 Job terminated.
	(1) Normal termination (return value 0)
		Usr 0 00:14:19, Sys 0 00:00:29  -  Run Remote Usage
		Usr 0 00:00:00, Sys 0 00:00:00  -  Run Local Usage
		Usr 0 00:14:19, Sys 0 00:00:29  -  Total Remote Usage
		Usr 0 00:00:00, Sys 0 00:00:00  -  Total Local Usage
	0  -  Run Bytes Sent By Job
	0  -  Run Bytes Received By Job
	0  -  Total Bytes Sent By Job
	0  -  Total Bytes Received By Job
	Partitionable Resources :    Usage  Request Allocated 
	   Cpus                 :     0.64        1         1 
	   Disk (KB)            :     1           1     14765 
	   Memory (MB)          :  1979        4096      4096 
	   TimeExecute (s)      :  1270                       
	   TimeSlotBusy (s)     :  1270                       
	   xferslots            :                           0 

	Job terminated of its own accord at 2025-12-26T00:09:40Z with exit-code 0.
...
