000 (1132.150.000) 2025-12-25 18:43:11 Job submitted from host: <130.199.48.160:9618?addrs=[2620-0-210-a002--160]-9618+130.199.48.160-9618&alias=eicsub02.sdcc.bnl.gov&noUDP&sock=schedd_1122_32c5>
...
001 (1132.150.000) 2025-12-25 18:49:13 Job executing on host: <130.199.149.143:9618?addrs=[2620-0-210-9010--143]-9618+130.199.149.143-9618&alias=spool0265.sdcc.bnl.gov&noUDP&sock=startd_23707_10d2>
	SlotName: slot1_21@spool0265.sdcc.bnl.gov
	CondorScratchDir = "/home/condor/local/sdcc/execute/dir_1986106"
	Cpus = 1
	Disk = 14765
	Memory = 4096
	xferslots = 0
...
006 (1132.150.000) 2025-12-25 18:49:26 Image size of job updated: 86144
	85  -  MemoryUsage of job (MB)
	86144  -  ResidentSetSize of job (KB)
...
006 (1132.150.000) 2025-12-25 18:54:26 Image size of job updated: 2022072
	1975  -  MemoryUsage of job (MB)
	2022072  -  ResidentSetSize of job (KB)
...
006 (1132.150.000) 2025-12-25 18:59:26 Image size of job updated: 2023748
	1975  -  MemoryUsage of job (MB)
	2022072  -  ResidentSetSize of job (KB)
...
006 (1132.150.000) 2025-12-25 19:04:27 Image size of job updated: 2025408
	1978  -  MemoryUsage of job (MB)
	2024988  -  ResidentSetSize of job (KB)
...
006 (1132.150.000) 2025-12-25 19:09:27 Image size of job updated: 2026080
	1979  -  MemoryUsage of job (MB)
	2025916  -  ResidentSetSize of job (KB)
...
006 (1132.150.000) 2025-12-25 19:10:51 Image size of job updated: 2342728
	1979  -  MemoryUsage of job (MB)
	2025916  -  ResidentSetSize of job (KB)
...
005 (1132.150.000) 2025-12-25 19:10:51 Job terminated.
	(1) Normal termination (return value 0)
		Usr 0 00:13:51, Sys 0 00:00:36  -  Run Remote Usage
		Usr 0 00:00:00, Sys 0 00:00:00  -  Run Local Usage
		Usr 0 00:13:51, Sys 0 00:00:36  -  Total Remote Usage
		Usr 0 00:00:00, Sys 0 00:00:00  -  Total Local Usage
	0  -  Run Bytes Sent By Job
	0  -  Run Bytes Received By Job
	0  -  Total Bytes Sent By Job
	0  -  Total Bytes Received By Job
	Partitionable Resources :    Usage  Request Allocated 
	   Cpus                 :     0.73        1         1 
	   Disk (KB)            :     1           1     14765 
	   Memory (MB)          :  1979        4096      4096 
	   TimeExecute (s)      :  1298                       
	   TimeSlotBusy (s)     :  1299                       
	   xferslots            :                           0 

	Job terminated of its own accord at 2025-12-26T00:10:51Z with exit-code 0.
...
