000 (1132.189.000) 2025-12-25 18:43:11 Job submitted from host: <130.199.48.160:9618?addrs=[2620-0-210-a002--160]-9618+130.199.48.160-9618&alias=eicsub02.sdcc.bnl.gov&noUDP&sock=schedd_1122_32c5>
...
001 (1132.189.000) 2025-12-25 18:50:37 Job executing on host: <130.199.207.220:9618?addrs=[2620-0-210-9040--220]-9618+130.199.207.220-9618&alias=spool1507.sdcc.bnl.gov&noUDP&sock=startd_25370_625b>
	SlotName: slot1_4@spool1507.sdcc.bnl.gov
	CondorScratchDir = "/home/condor/local/sdcc/execute/dir_534344"
	Cpus = 1
	Disk = 7408
	Memory = 4096
	xferslots = 0
...
006 (1132.189.000) 2025-12-25 18:50:45 Image size of job updated: 61876
	61  -  MemoryUsage of job (MB)
	61876  -  ResidentSetSize of job (KB)
...
006 (1132.189.000) 2025-12-25 18:55:45 Image size of job updated: 2020304
	1950  -  MemoryUsage of job (MB)
	1996528  -  ResidentSetSize of job (KB)
...
006 (1132.189.000) 2025-12-25 19:00:46 Image size of job updated: 2020604
	1974  -  MemoryUsage of job (MB)
	2020604  -  ResidentSetSize of job (KB)
...
006 (1132.189.000) 2025-12-25 19:05:46 Image size of job updated: 2022688
	1976  -  MemoryUsage of job (MB)
	2022540  -  ResidentSetSize of job (KB)
...
006 (1132.189.000) 2025-12-25 19:10:46 Image size of job updated: 2025100
	1977  -  MemoryUsage of job (MB)
	2024284  -  ResidentSetSize of job (KB)
...
006 (1132.189.000) 2025-12-25 19:15:02 Image size of job updated: 2321332
	1977  -  MemoryUsage of job (MB)
	2024284  -  ResidentSetSize of job (KB)
...
005 (1132.189.000) 2025-12-25 19:15:02 Job terminated.
	(1) Normal termination (return value 0)
		Usr 0 00:16:19, Sys 0 00:00:20  -  Run Remote Usage
		Usr 0 00:00:00, Sys 0 00:00:00  -  Run Local Usage
		Usr 0 00:16:19, Sys 0 00:00:20  -  Total Remote Usage
		Usr 0 00:00:00, Sys 0 00:00:00  -  Total Local Usage
	0  -  Run Bytes Sent By Job
	0  -  Run Bytes Received By Job
	0  -  Total Bytes Sent By Job
	0  -  Total Bytes Received By Job
	Partitionable Resources :    Usage  Request Allocated 
	   Cpus                 :     0.65        1         1 
	   Disk (KB)            :     1           1      7408 
	   Memory (MB)          :  1977        4096      4096 
	   TimeExecute (s)      :  1465                       
	   TimeSlotBusy (s)     :  1465                       
	   xferslots            :                           0 
...
