000 (1132.044.000) 2025-12-25 18:43:11 Job submitted from host: <130.199.48.160:9618?addrs=[2620-0-210-a002--160]-9618+130.199.48.160-9618&alias=eicsub02.sdcc.bnl.gov&noUDP&sock=schedd_1122_32c5>
...
001 (1132.044.000) 2025-12-25 18:45:01 Job executing on host: <130.199.149.234:9618?addrs=[2620-0-210-9007--234]-9618+130.199.149.234-9618&alias=spool0628.sdcc.bnl.gov&noUDP&sock=startd_107702_6c3f>
	SlotName: slot1_14@spool0628.sdcc.bnl.gov
	CondorScratchDir = "/home/condor/local/sdcc/execute/dir_3321711"
	Cpus = 1
	Disk = 14709
	Memory = 4096
	xferslots = 0
...
006 (1132.044.000) 2025-12-25 18:45:15 Image size of job updated: 23356
	23  -  MemoryUsage of job (MB)
	23356  -  ResidentSetSize of job (KB)
...
006 (1132.044.000) 2025-12-25 18:50:16 Image size of job updated: 2021488
	1975  -  MemoryUsage of job (MB)
	2021488  -  ResidentSetSize of job (KB)
...
006 (1132.044.000) 2025-12-25 18:55:16 Image size of job updated: 2040868
	1993  -  MemoryUsage of job (MB)
	2040784  -  ResidentSetSize of job (KB)
...
006 (1132.044.000) 2025-12-25 19:00:17 Image size of job updated: 2042832
	1993  -  MemoryUsage of job (MB)
	2040784  -  ResidentSetSize of job (KB)
...
006 (1132.044.000) 2025-12-25 19:05:17 Image size of job updated: 2042884
	1993  -  MemoryUsage of job (MB)
	2040792  -  ResidentSetSize of job (KB)
...
006 (1132.044.000) 2025-12-25 19:06:12 Image size of job updated: 2352640
	1993  -  MemoryUsage of job (MB)
	2040792  -  ResidentSetSize of job (KB)
...
005 (1132.044.000) 2025-12-25 19:06:12 Job terminated.
	(1) Normal termination (return value 0)
		Usr 0 00:13:09, Sys 0 00:00:38  -  Run Remote Usage
		Usr 0 00:00:00, Sys 0 00:00:00  -  Run Local Usage
		Usr 0 00:13:09, Sys 0 00:00:38  -  Total Remote Usage
		Usr 0 00:00:00, Sys 0 00:00:00  -  Total Local Usage
	0  -  Run Bytes Sent By Job
	0  -  Run Bytes Received By Job
	0  -  Total Bytes Sent By Job
	0  -  Total Bytes Received By Job
	Partitionable Resources :    Usage  Request Allocated 
	   Cpus                 :     0.55        1         1 
	   Disk (KB)            :     1           1     14709 
	   Memory (MB)          :  1993        4096      4096 
	   TimeExecute (s)      :  1271                       
	   TimeSlotBusy (s)     :  1271                       
	   xferslots            :                           0 

	Job terminated of its own accord at 2025-12-26T00:06:12Z with exit-code 0.
...
