000 (1125.131.000) 2025-12-23 12:05:08 Job submitted from host: <130.199.48.160:9618?addrs=[2620-0-210-a002--160]-9618+130.199.48.160-9618&alias=eicsub02.sdcc.bnl.gov&noUDP&sock=schedd_1122_32c5>
...
001 (1125.131.000) 2025-12-23 12:08:53 Job executing on host: <130.199.149.215:9618?addrs=[2620-0-210-9012--215]-9618+130.199.149.215-9618&alias=spool0615.sdcc.bnl.gov&noUDP&sock=startd_386931_e056>
	SlotName: slot1_8@spool0615.sdcc.bnl.gov
	CondorScratchDir = "/home/condor/local/sdcc/execute/dir_774180"
	Cpus = 1
	Disk = 14709
	Memory = 4096
	xferslots = 0
...
006 (1125.131.000) 2025-12-23 12:09:07 Image size of job updated: 81168
	80  -  MemoryUsage of job (MB)
	81168  -  ResidentSetSize of job (KB)
...
006 (1125.131.000) 2025-12-23 12:10:25 Image size of job updated: 2281608
	80  -  MemoryUsage of job (MB)
	81168  -  ResidentSetSize of job (KB)
...
005 (1125.131.000) 2025-12-23 12:10:25 Job terminated.
	(1) Normal termination (return value 0)
		Usr 0 00:00:31, Sys 0 00:00:10  -  Run Remote Usage
		Usr 0 00:00:00, Sys 0 00:00:00  -  Run Local Usage
		Usr 0 00:00:31, Sys 0 00:00:10  -  Total Remote Usage
		Usr 0 00:00:00, Sys 0 00:00:00  -  Total Local Usage
	0  -  Run Bytes Sent By Job
	0  -  Run Bytes Received By Job
	0  -  Total Bytes Sent By Job
	0  -  Total Bytes Received By Job
	Partitionable Resources :    Usage  Request Allocated 
	   Cpus                 :        0        1         1 
	   Disk (KB)            :        1        1     14709 
	   Memory (MB)          :       80     4096      4096 
	   TimeExecute (s)      :       92                    
	   TimeSlotBusy (s)     :       92                    
	   xferslots            :                           0 

	Job terminated of its own accord at 2025-12-23T17:10:25Z with exit-code 0.
...
