000 (1125.304.000) 2025-12-23 12:05:08 Job submitted from host: <130.199.48.160:9618?addrs=[2620-0-210-a002--160]-9618+130.199.48.160-9618&alias=eicsub02.sdcc.bnl.gov&noUDP&sock=schedd_1122_32c5>
...
001 (1125.304.000) 2025-12-23 12:11:02 Job executing on host: <130.199.149.123:9618?addrs=[2620-0-210-9009--123]-9618+130.199.149.123-9618&alias=spool0251.sdcc.bnl.gov&noUDP&sock=startd_67030_3f90>
	SlotName: slot1_27@spool0251.sdcc.bnl.gov
	CondorScratchDir = "/home/condor/local/sdcc/execute/dir_1151230"
	Cpus = 1
	Disk = 14765
	Memory = 4096
	xferslots = 0
...
006 (1125.304.000) 2025-12-23 12:11:15 Image size of job updated: 84536
	83  -  MemoryUsage of job (MB)
	84536  -  ResidentSetSize of job (KB)
...
006 (1125.304.000) 2025-12-23 12:12:25 Image size of job updated: 2290424
	83  -  MemoryUsage of job (MB)
	84536  -  ResidentSetSize of job (KB)
...
005 (1125.304.000) 2025-12-23 12:12:25 Job terminated.
	(1) Normal termination (return value 0)
		Usr 0 00:00:31, Sys 0 00:00:07  -  Run Remote Usage
		Usr 0 00:00:00, Sys 0 00:00:00  -  Run Local Usage
		Usr 0 00:00:31, Sys 0 00:00:07  -  Total Remote Usage
		Usr 0 00:00:00, Sys 0 00:00:00  -  Total Local Usage
	0  -  Run Bytes Sent By Job
	0  -  Run Bytes Received By Job
	0  -  Total Bytes Sent By Job
	0  -  Total Bytes Received By Job
	Partitionable Resources :    Usage  Request Allocated 
	   Cpus                 :     0.43        1         1 
	   Disk (KB)            :     1           1     14765 
	   Memory (MB)          :    83        4096      4096 
	   TimeExecute (s)      :    83                       
	   TimeSlotBusy (s)     :    83                       
	   xferslots            :                           0 

	Job terminated of its own accord at 2025-12-23T17:12:25Z with exit-code 0.
...
