000 (1125.157.000) 2025-12-23 12:05:08 Job submitted from host: <130.199.48.160:9618?addrs=[2620-0-210-a002--160]-9618+130.199.48.160-9618&alias=eicsub02.sdcc.bnl.gov&noUDP&sock=schedd_1122_32c5>
...
001 (1125.157.000) 2025-12-23 12:09:08 Job executing on host: <130.199.149.143:9618?addrs=[2620-0-210-9010--143]-9618+130.199.149.143-9618&alias=spool0265.sdcc.bnl.gov&noUDP&sock=startd_23707_10d2>
	SlotName: slot1_7@spool0265.sdcc.bnl.gov
	CondorScratchDir = "/home/condor/local/sdcc/execute/dir_2272305"
	Cpus = 1
	Disk = 14765
	Memory = 4096
	xferslots = 0
...
006 (1125.157.000) 2025-12-23 12:09:22 Image size of job updated: 20032
	20  -  MemoryUsage of job (MB)
	20032  -  ResidentSetSize of job (KB)
...
006 (1125.157.000) 2025-12-23 12:10:51 Image size of job updated: 2230696
	20  -  MemoryUsage of job (MB)
	20032  -  ResidentSetSize of job (KB)
...
005 (1125.157.000) 2025-12-23 12:10:51 Job terminated.
	(1) Normal termination (return value 0)
		Usr 0 00:00:29, Sys 0 00:00:11  -  Run Remote Usage
		Usr 0 00:00:00, Sys 0 00:00:00  -  Run Local Usage
		Usr 0 00:00:29, Sys 0 00:00:11  -  Total Remote Usage
		Usr 0 00:00:00, Sys 0 00:00:00  -  Total Local Usage
	0  -  Run Bytes Sent By Job
	0  -  Run Bytes Received By Job
	0  -  Total Bytes Sent By Job
	0  -  Total Bytes Received By Job
	Partitionable Resources :    Usage  Request Allocated 
	   Cpus                 :     0.30        1         1 
	   Disk (KB)            :     1           1     14765 
	   Memory (MB)          :    20        4096      4096 
	   TimeExecute (s)      :   103                       
	   TimeSlotBusy (s)     :   103                       
	   xferslots            :                           0 

	Job terminated of its own accord at 2025-12-23T17:10:51Z with exit-code 0.
...
