000 (1125.068.000) 2025-12-23 12:05:08 Job submitted from host: <130.199.48.160:9618?addrs=[2620-0-210-a002--160]-9618+130.199.48.160-9618&alias=eicsub02.sdcc.bnl.gov&noUDP&sock=schedd_1122_32c5>
...
001 (1125.068.000) 2025-12-23 12:07:38 Job executing on host: <130.199.149.140:9618?addrs=[2620-0-210-9010--140]-9618+130.199.149.140-9618&alias=spool0262.sdcc.bnl.gov&noUDP&sock=startd_55588_ffee>
	SlotName: slot1_14@spool0262.sdcc.bnl.gov
	CondorScratchDir = "/home/condor/local/sdcc/execute/dir_2605211"
	Cpus = 1
	Disk = 14765
	Memory = 4096
	xferslots = 0
...
006 (1125.068.000) 2025-12-23 12:07:51 Image size of job updated: 17020
	17  -  MemoryUsage of job (MB)
	17020  -  ResidentSetSize of job (KB)
...
006 (1125.068.000) 2025-12-23 12:09:29 Image size of job updated: 2267780
	17  -  MemoryUsage of job (MB)
	17024  -  ResidentSetSize of job (KB)
...
005 (1125.068.000) 2025-12-23 12:09:29 Job terminated.
	(1) Normal termination (return value 0)
		Usr 0 00:00:32, Sys 0 00:00:07  -  Run Remote Usage
		Usr 0 00:00:00, Sys 0 00:00:00  -  Run Local Usage
		Usr 0 00:00:32, Sys 0 00:00:07  -  Total Remote Usage
		Usr 0 00:00:00, Sys 0 00:00:00  -  Total Local Usage
	0  -  Run Bytes Sent By Job
	0  -  Run Bytes Received By Job
	0  -  Total Bytes Sent By Job
	0  -  Total Bytes Received By Job
	Partitionable Resources :    Usage  Request Allocated 
	   Cpus                 :     0.07        1         1 
	   Disk (KB)            :     1           1     14765 
	   Memory (MB)          :    17        4096      4096 
	   TimeExecute (s)      :   111                       
	   TimeSlotBusy (s)     :   111                       
	   xferslots            :                           0 

	Job terminated of its own accord at 2025-12-23T17:09:29Z with exit-code 0.
...
