000 (1125.300.000) 2025-12-23 12:05:08 Job submitted from host: <130.199.48.160:9618?addrs=[2620-0-210-a002--160]-9618+130.199.48.160-9618&alias=eicsub02.sdcc.bnl.gov&noUDP&sock=schedd_1122_32c5>
...
001 (1125.300.000) 2025-12-23 12:10:57 Job executing on host: <130.199.149.140:9618?addrs=[2620-0-210-9010--140]-9618+130.199.149.140-9618&alias=spool0262.sdcc.bnl.gov&noUDP&sock=startd_55588_ffee>
	SlotName: slot1_14@spool0262.sdcc.bnl.gov
	CondorScratchDir = "/home/condor/local/sdcc/execute/dir_2614976"
	Cpus = 1
	Disk = 14765
	Memory = 4096
	xferslots = 0
...
006 (1125.300.000) 2025-12-23 12:11:11 Image size of job updated: 82568
	81  -  MemoryUsage of job (MB)
	82568  -  ResidentSetSize of job (KB)
...
006 (1125.300.000) 2025-12-23 12:12:31 Image size of job updated: 2270796
	81  -  MemoryUsage of job (MB)
	82568  -  ResidentSetSize of job (KB)
...
005 (1125.300.000) 2025-12-23 12:12:31 Job terminated.
	(1) Normal termination (return value 0)
		Usr 0 00:00:31, Sys 0 00:00:09  -  Run Remote Usage
		Usr 0 00:00:00, Sys 0 00:00:00  -  Run Local Usage
		Usr 0 00:00:31, Sys 0 00:00:09  -  Total Remote Usage
		Usr 0 00:00:00, Sys 0 00:00:00  -  Total Local Usage
	0  -  Run Bytes Sent By Job
	0  -  Run Bytes Received By Job
	0  -  Total Bytes Sent By Job
	0  -  Total Bytes Received By Job
	Partitionable Resources :    Usage  Request Allocated 
	   Cpus                 :        0        1         1 
	   Disk (KB)            :        1        1     14765 
	   Memory (MB)          :       81     4096      4096 
	   TimeExecute (s)      :       94                    
	   TimeSlotBusy (s)     :       94                    
	   xferslots            :                           0 

	Job terminated of its own accord at 2025-12-23T17:12:31Z with exit-code 0.
...
