000 (1125.076.000) 2025-12-23 12:05:08 Job submitted from host: <130.199.48.160:9618?addrs=[2620-0-210-a002--160]-9618+130.199.48.160-9618&alias=eicsub02.sdcc.bnl.gov&noUDP&sock=schedd_1122_32c5>
...
001 (1125.076.000) 2025-12-23 12:07:58 Job executing on host: <130.199.157.131:9618?addrs=[2620-0-210-9006--131]-9618+130.199.157.131-9618&alias=spool0671.sdcc.bnl.gov&noUDP&sock=startd_390007_6438>
	SlotName: slot1_36@spool0671.sdcc.bnl.gov
	CondorScratchDir = "/home/condor/local/sdcc/execute/dir_3115613"
	Cpus = 1
	Disk = 14709
	Memory = 4096
	xferslots = 0
...
006 (1125.076.000) 2025-12-23 12:08:11 Image size of job updated: 82492
	81  -  MemoryUsage of job (MB)
	82492  -  ResidentSetSize of job (KB)
...
006 (1125.076.000) 2025-12-23 12:09:36 Image size of job updated: 2279936
	81  -  MemoryUsage of job (MB)
	82492  -  ResidentSetSize of job (KB)
...
005 (1125.076.000) 2025-12-23 12:09:36 Job terminated.
	(1) Normal termination (return value 0)
		Usr 0 00:00:36, Sys 0 00:00:07  -  Run Remote Usage
		Usr 0 00:00:00, Sys 0 00:00:00  -  Run Local Usage
		Usr 0 00:00:36, Sys 0 00:00:07  -  Total Remote Usage
		Usr 0 00:00:00, Sys 0 00:00:00  -  Total Local Usage
	0  -  Run Bytes Sent By Job
	0  -  Run Bytes Received By Job
	0  -  Total Bytes Sent By Job
	0  -  Total Bytes Received By Job
	Partitionable Resources :    Usage  Request Allocated 
	   Cpus                 :     0.02        1         1 
	   Disk (KB)            :     1           1     14709 
	   Memory (MB)          :    81        4096      4096 
	   TimeExecute (s)      :    98                       
	   TimeSlotBusy (s)     :    98                       
	   xferslots            :                           0 

	Job terminated of its own accord at 2025-12-23T17:09:36Z with exit-code 0.
...
