000 (1125.225.000) 2025-12-23 12:05:08 Job submitted from host: <130.199.48.160:9618?addrs=[2620-0-210-a002--160]-9618+130.199.48.160-9618&alias=eicsub02.sdcc.bnl.gov&noUDP&sock=schedd_1122_32c5>
...
001 (1125.225.000) 2025-12-23 12:10:04 Job executing on host: <130.199.207.206:9618?addrs=[2620-0-210-9040--206]-9618+130.199.207.206-9618&alias=spool1493.sdcc.bnl.gov&noUDP&sock=startd_27257_988c>
	SlotName: slot1_17@spool1493.sdcc.bnl.gov
	CondorScratchDir = "/home/condor/local/sdcc/execute/dir_2096845"
	Cpus = 1
	Disk = 7408
	Memory = 4096
	xferslots = 0
...
006 (1125.225.000) 2025-12-23 12:10:13 Image size of job updated: 85148
	84  -  MemoryUsage of job (MB)
	85148  -  ResidentSetSize of job (KB)
...
006 (1125.225.000) 2025-12-23 12:11:31 Image size of job updated: 2223944
	84  -  MemoryUsage of job (MB)
	85148  -  ResidentSetSize of job (KB)
...
005 (1125.225.000) 2025-12-23 12:11:31 Job terminated.
	(1) Normal termination (return value 0)
		Usr 0 00:00:30, Sys 0 00:00:02  -  Run Remote Usage
		Usr 0 00:00:00, Sys 0 00:00:00  -  Run Local Usage
		Usr 0 00:00:30, Sys 0 00:00:02  -  Total Remote Usage
		Usr 0 00:00:00, Sys 0 00:00:00  -  Total Local Usage
	0  -  Run Bytes Sent By Job
	0  -  Run Bytes Received By Job
	0  -  Total Bytes Sent By Job
	0  -  Total Bytes Received By Job
	Partitionable Resources :    Usage  Request Allocated 
	   Cpus                 :        0        1         1 
	   Disk (KB)            :        1        1      7408 
	   Memory (MB)          :       84     4096      4096 
	   TimeExecute (s)      :       87                    
	   TimeSlotBusy (s)     :       87                    
	   xferslots            :                           0 
...
