000 (1125.258.000) 2025-12-23 12:05:08 Job submitted from host: <130.199.48.160:9618?addrs=[2620-0-210-a002--160]-9618+130.199.48.160-9618&alias=eicsub02.sdcc.bnl.gov&noUDP&sock=schedd_1122_32c5>
...
001 (1125.258.000) 2025-12-23 12:10:21 Job executing on host: <130.199.201.158:9618?addrs=[2620-0-210-9019--158]-9618+130.199.201.158-9618&alias=spool0116.sdcc.bnl.gov&noUDP&sock=startd_371687_57bf>
	SlotName: slot1_57@spool0116.sdcc.bnl.gov
	CondorScratchDir = "/home/condor/local/sdcc/execute/dir_189099"
	Cpus = 1
	Disk = 7408
	Memory = 4096
	xferslots = 0
...
006 (1125.258.000) 2025-12-23 12:10:34 Image size of job updated: 81552
	80  -  MemoryUsage of job (MB)
	81552  -  ResidentSetSize of job (KB)
...
006 (1125.258.000) 2025-12-23 12:11:36 Image size of job updated: 2289956
	80  -  MemoryUsage of job (MB)
	81552  -  ResidentSetSize of job (KB)
...
005 (1125.258.000) 2025-12-23 12:11:36 Job terminated.
	(1) Normal termination (return value 0)
		Usr 0 00:00:38, Sys 0 00:00:05  -  Run Remote Usage
		Usr 0 00:00:00, Sys 0 00:00:00  -  Run Local Usage
		Usr 0 00:00:38, Sys 0 00:00:05  -  Total Remote Usage
		Usr 0 00:00:00, Sys 0 00:00:00  -  Total Local Usage
	0  -  Run Bytes Sent By Job
	0  -  Run Bytes Received By Job
	0  -  Total Bytes Sent By Job
	0  -  Total Bytes Received By Job
	Partitionable Resources :    Usage  Request Allocated 
	   Cpus                 :        0        1         1 
	   Disk (KB)            :        1        1      7408 
	   Memory (MB)          :       80     4096      4096 
	   TimeExecute (s)      :       75                    
	   TimeSlotBusy (s)     :       75                    
	   xferslots            :                           0 

	Job terminated of its own accord at 2025-12-23T17:11:36Z with exit-code 0.
...
