000 (1125.384.000) 2025-12-23 12:05:09 Job submitted from host: <130.199.48.160:9618?addrs=[2620-0-210-a002--160]-9618+130.199.48.160-9618&alias=eicsub02.sdcc.bnl.gov&noUDP&sock=schedd_1122_32c5>
...
001 (1125.384.000) 2025-12-23 12:11:29 Job executing on host: <130.199.149.247:9618?addrs=[2620-0-210-9007--247]-9618+130.199.149.247-9618&alias=spool0641.sdcc.bnl.gov&noUDP&sock=startd_103341_38ad>
	SlotName: slot1_22@spool0641.sdcc.bnl.gov
	CondorScratchDir = "/home/condor/local/sdcc/execute/dir_2148631"
	Cpus = 1
	Disk = 14709
	Memory = 4096
	xferslots = 0
...
006 (1125.384.000) 2025-12-23 12:11:42 Image size of job updated: 58868
	58  -  MemoryUsage of job (MB)
	58868  -  ResidentSetSize of job (KB)
...
006 (1125.384.000) 2025-12-23 12:12:57 Image size of job updated: 2287772
	58  -  MemoryUsage of job (MB)
	58868  -  ResidentSetSize of job (KB)
...
005 (1125.384.000) 2025-12-23 12:12:57 Job terminated.
	(1) Normal termination (return value 0)
		Usr 0 00:00:25, Sys 0 00:00:08  -  Run Remote Usage
		Usr 0 00:00:00, Sys 0 00:00:00  -  Run Local Usage
		Usr 0 00:00:25, Sys 0 00:00:08  -  Total Remote Usage
		Usr 0 00:00:00, Sys 0 00:00:00  -  Total Local Usage
	0  -  Run Bytes Sent By Job
	0  -  Run Bytes Received By Job
	0  -  Total Bytes Sent By Job
	0  -  Total Bytes Received By Job
	Partitionable Resources :    Usage  Request Allocated 
	   Cpus                 :        0        1         1 
	   Disk (KB)            :        1        1     14709 
	   Memory (MB)          :       58     4096      4096 
	   TimeExecute (s)      :       88                    
	   TimeSlotBusy (s)     :       89                    
	   xferslots            :                           0 

	Job terminated of its own accord at 2025-12-23T17:12:57Z with exit-code 0.
...
