000 (1125.336.000) 2025-12-23 12:05:08 Job submitted from host: <130.199.48.160:9618?addrs=[2620-0-210-a002--160]-9618+130.199.48.160-9618&alias=eicsub02.sdcc.bnl.gov&noUDP&sock=schedd_1122_32c5>
...
001 (1125.336.000) 2025-12-23 12:11:18 Job executing on host: <130.199.184.150:9618?addrs=[2620-0-210-9051--150]-9618+130.199.184.150-9618&alias=spool1759.sdcc.bnl.gov&noUDP&sock=startd_25397_edeb>
	SlotName: slot1_2@spool1759.sdcc.bnl.gov
	CondorScratchDir = "/home/condor/local/sdcc/execute/dir_3270586"
	Cpus = 1
	Disk = 7408
	Memory = 4096
	xferslots = 0
...
006 (1125.336.000) 2025-12-23 12:11:26 Image size of job updated: 87368
	86  -  MemoryUsage of job (MB)
	87368  -  ResidentSetSize of job (KB)
...
006 (1125.336.000) 2025-12-23 12:12:10 Image size of job updated: 2290720
	86  -  MemoryUsage of job (MB)
	87368  -  ResidentSetSize of job (KB)
...
005 (1125.336.000) 2025-12-23 12:12:10 Job terminated.
	(1) Normal termination (return value 0)
		Usr 0 00:00:29, Sys 0 00:00:01  -  Run Remote Usage
		Usr 0 00:00:00, Sys 0 00:00:00  -  Run Local Usage
		Usr 0 00:00:29, Sys 0 00:00:01  -  Total Remote Usage
		Usr 0 00:00:00, Sys 0 00:00:00  -  Total Local Usage
	0  -  Run Bytes Sent By Job
	0  -  Run Bytes Received By Job
	0  -  Total Bytes Sent By Job
	0  -  Total Bytes Received By Job
	Partitionable Resources :    Usage  Request Allocated 
	   Cpus                 :        0        1         1 
	   Disk (KB)            :        1        1      7408 
	   Memory (MB)          :       86     4096      4096 
	   TimeExecute (s)      :       52                    
	   TimeSlotBusy (s)     :       53                    
	   xferslots            :                           0 
...
