000 (1125.007.000) 2025-12-23 12:05:08 Job submitted from host: <130.199.48.160:9618?addrs=[2620-0-210-a002--160]-9618+130.199.48.160-9618&alias=eicsub02.sdcc.bnl.gov&noUDP&sock=schedd_1122_32c5>
...
022 (1125.007.000) 2025-12-23 12:05:34 Job disconnected, attempting to reconnect
    Socket between submit and execute hosts closed unexpectedly
    Trying to reconnect to slot1_4@spool0642.sdcc.bnl.gov <130.199.149.248:9618?addrs=[2620-0-210-9007--248]-9618+130.199.149.248-9618&alias=spool0642.sdcc.bnl.gov&noUDP&sock=startd_108817_4e67>
...
024 (1125.007.000) 2025-12-23 12:05:34 Job reconnection failed
    Job not found at execution machine
    Can not reconnect to slot1_4@spool0642.sdcc.bnl.gov, rescheduling job
...
004 (1125.007.000) 2025-12-23 12:05:34 Job was evicted.
	(0) CPU times
		Usr 0 00:00:00, Sys 0 00:00:00  -  Run Remote Usage
		Usr 0 00:00:00, Sys 0 00:00:00  -  Run Local Usage
	0  -  Run Bytes Sent By Job
	0  -  Run Bytes Received By Job
	Job not found at execution machine
	Partitionable Resources :    Usage  Request Allocated 
	   Cpus                 :                 1         1 
	   Disk (KB)            :        1        1     14709 
	   Memory (MB)          :              4096      4096 
	   xferslots            :                           0 
...
001 (1125.007.000) 2025-12-23 12:05:50 Job executing on host: <130.199.201.145:9618?addrs=[2620-0-210-9019--145]-9618+130.199.201.145-9618&alias=spool0103.sdcc.bnl.gov&noUDP&sock=startd_381460_5fb7>
	SlotName: slot1_55@spool0103.sdcc.bnl.gov
	CondorScratchDir = "/home/condor/local/sdcc/execute/dir_3259719"
	Cpus = 1
	Disk = 7408
	Memory = 4096
	xferslots = 0
...
006 (1125.007.000) 2025-12-23 12:06:04 Image size of job updated: 84172
	83  -  MemoryUsage of job (MB)
	84172  -  ResidentSetSize of job (KB)
...
006 (1125.007.000) 2025-12-23 12:07:16 Image size of job updated: 2311592
	83  -  MemoryUsage of job (MB)
	84172  -  ResidentSetSize of job (KB)
...
005 (1125.007.000) 2025-12-23 12:07:16 Job terminated.
	(1) Normal termination (return value 0)
		Usr 0 00:00:44, Sys 0 00:00:05  -  Run Remote Usage
		Usr 0 00:00:00, Sys 0 00:00:00  -  Run Local Usage
		Usr 0 00:00:44, Sys 0 00:00:05  -  Total Remote Usage
		Usr 0 00:00:00, Sys 0 00:00:00  -  Total Local Usage
	0  -  Run Bytes Sent By Job
	0  -  Run Bytes Received By Job
	0  -  Total Bytes Sent By Job
	0  -  Total Bytes Received By Job
	Partitionable Resources :    Usage  Request Allocated 
	   Cpus                 :     0.52        1         1 
	   Disk (KB)            :     1           1      7408 
	   Memory (MB)          :    83        4096      4096 
	   TimeExecute (s)      :    86                       
	   TimeSlotBusy (s)     :    86                       
	   xferslots            :                           0 

	Job terminated of its own accord at 2025-12-23T17:07:16Z with exit-code 0.
...
