000 (1125.119.000) 2025-12-23 12:05:08 Job submitted from host: <130.199.48.160:9618?addrs=[2620-0-210-a002--160]-9618+130.199.48.160-9618&alias=eicsub02.sdcc.bnl.gov&noUDP&sock=schedd_1122_32c5>
...
001 (1125.119.000) 2025-12-23 12:08:52 Job executing on host: <130.199.186.7:9618?addrs=[2620-0-210-9053--7]-9618+130.199.186.7-9618&alias=spool1804.sdcc.bnl.gov&noUDP&sock=startd_25440_89d0>
	SlotName: slot1_9@spool1804.sdcc.bnl.gov
	CondorScratchDir = "/home/condor/local/sdcc/execute/dir_1083661"
	Cpus = 1
	Disk = 7408
	Memory = 4096
	xferslots = 0
...
006 (1125.119.000) 2025-12-23 12:09:01 Image size of job updated: 61724
	61  -  MemoryUsage of job (MB)
	61724  -  ResidentSetSize of job (KB)
...
006 (1125.119.000) 2025-12-23 12:09:57 Image size of job updated: 2317292
	61  -  MemoryUsage of job (MB)
	61724  -  ResidentSetSize of job (KB)
...
005 (1125.119.000) 2025-12-23 12:09:57 Job terminated.
	(1) Normal termination (return value 0)
		Usr 0 00:00:33, Sys 0 00:00:06  -  Run Remote Usage
		Usr 0 00:00:00, Sys 0 00:00:00  -  Run Local Usage
		Usr 0 00:00:33, Sys 0 00:00:06  -  Total Remote Usage
		Usr 0 00:00:00, Sys 0 00:00:00  -  Total Local Usage
	0  -  Run Bytes Sent By Job
	0  -  Run Bytes Received By Job
	0  -  Total Bytes Sent By Job
	0  -  Total Bytes Received By Job
	Partitionable Resources :    Usage  Request Allocated 
	   Cpus                 :        0        1         1 
	   Disk (KB)            :        1        1      7408 
	   Memory (MB)          :       61     4096      4096 
	   TimeExecute (s)      :       65                    
	   TimeSlotBusy (s)     :       65                    
	   xferslots            :                           0 
...
