000 (1125.199.000) 2025-12-23 12:05:08 Job submitted from host: <130.199.48.160:9618?addrs=[2620-0-210-a002--160]-9618+130.199.48.160-9618&alias=eicsub02.sdcc.bnl.gov&noUDP&sock=schedd_1122_32c5>
...
001 (1125.199.000) 2025-12-23 12:09:51 Job executing on host: <130.199.186.84:9618?addrs=[2620-0-210-9054--84]-9618+130.199.186.84-9618&alias=spool1847.sdcc.bnl.gov&noUDP&sock=startd_78373_2a23>
	SlotName: slot1_91@spool1847.sdcc.bnl.gov
	CondorScratchDir = "/home/condor/local/sdcc/execute/dir_390344"
	Cpus = 1
	Disk = 7408
	Memory = 4096
	xferslots = 0
...
006 (1125.199.000) 2025-12-23 12:10:00 Image size of job updated: 85128
	84  -  MemoryUsage of job (MB)
	85128  -  ResidentSetSize of job (KB)
...
006 (1125.199.000) 2025-12-23 12:10:59 Image size of job updated: 2302884
	84  -  MemoryUsage of job (MB)
	85128  -  ResidentSetSize of job (KB)
...
005 (1125.199.000) 2025-12-23 12:10:59 Job terminated.
	(1) Normal termination (return value 0)
		Usr 0 00:00:34, Sys 0 00:00:06  -  Run Remote Usage
		Usr 0 00:00:00, Sys 0 00:00:00  -  Run Local Usage
		Usr 0 00:00:34, Sys 0 00:00:06  -  Total Remote Usage
		Usr 0 00:00:00, Sys 0 00:00:00  -  Total Local Usage
	0  -  Run Bytes Sent By Job
	0  -  Run Bytes Received By Job
	0  -  Total Bytes Sent By Job
	0  -  Total Bytes Received By Job
	Partitionable Resources :    Usage  Request Allocated 
	   Cpus                 :        0        1         1 
	   Disk (KB)            :        1        1      7408 
	   Memory (MB)          :       84     4096      4096 
	   TimeExecute (s)      :       68                    
	   TimeSlotBusy (s)     :       68                    
	   xferslots            :                           0 
...
