000 (1125.053.000) 2025-12-23 12:05:08 Job submitted from host: <130.199.48.160:9618?addrs=[2620-0-210-a002--160]-9618+130.199.48.160-9618&alias=eicsub02.sdcc.bnl.gov&noUDP&sock=schedd_1122_32c5>
...
001 (1125.053.000) 2025-12-23 12:07:30 Job executing on host: <130.199.157.169:9618?addrs=[2620-0-210-9018--169]-9618+130.199.157.169-9618&alias=spool0841.sdcc.bnl.gov&noUDP&sock=startd_373129_b7b2>
	SlotName: slot1_3@spool0841.sdcc.bnl.gov
	CondorScratchDir = "/home/condor/local/sdcc/execute/dir_1148359"
	Cpus = 1
	Disk = 7408
	Memory = 4096
	xferslots = 0
...
006 (1125.053.000) 2025-12-23 12:07:43 Image size of job updated: 84068
	83  -  MemoryUsage of job (MB)
	84068  -  ResidentSetSize of job (KB)
...
006 (1125.053.000) 2025-12-23 12:09:11 Image size of job updated: 2305120
	83  -  MemoryUsage of job (MB)
	84160  -  ResidentSetSize of job (KB)
...
005 (1125.053.000) 2025-12-23 12:09:11 Job terminated.
	(1) Normal termination (return value 0)
		Usr 0 00:00:41, Sys 0 00:00:05  -  Run Remote Usage
		Usr 0 00:00:00, Sys 0 00:00:00  -  Run Local Usage
		Usr 0 00:00:41, Sys 0 00:00:05  -  Total Remote Usage
		Usr 0 00:00:00, Sys 0 00:00:00  -  Total Local Usage
	0  -  Run Bytes Sent By Job
	0  -  Run Bytes Received By Job
	0  -  Total Bytes Sent By Job
	0  -  Total Bytes Received By Job
	Partitionable Resources :    Usage  Request Allocated 
	   Cpus                 :        0        1         1 
	   Disk (KB)            :        1        1      7408 
	   Memory (MB)          :       83     4096      4096 
	   TimeExecute (s)      :      101                    
	   TimeSlotBusy (s)     :      101                    
	   xferslots            :                           0 

	Job terminated of its own accord at 2025-12-23T17:09:11Z with exit-code 0.
...
