000 (1125.153.000) 2025-12-23 12:05:08 Job submitted from host: <130.199.48.160:9618?addrs=[2620-0-210-a002--160]-9618+130.199.48.160-9618&alias=eicsub02.sdcc.bnl.gov&noUDP&sock=schedd_1122_32c5>
...
001 (1125.153.000) 2025-12-23 12:09:08 Job executing on host: <130.199.201.154:9618?addrs=[2620-0-210-9019--154]-9618+130.199.201.154-9618&alias=spool0112.sdcc.bnl.gov&noUDP&sock=startd_150377_8588>
	SlotName: slot1_54@spool0112.sdcc.bnl.gov
	CondorScratchDir = "/home/condor/local/sdcc/execute/dir_529297"
	Cpus = 1
	Disk = 7408
	Memory = 4096
	xferslots = 0
...
006 (1125.153.000) 2025-12-23 12:09:21 Image size of job updated: 84176
	83  -  MemoryUsage of job (MB)
	84176  -  ResidentSetSize of job (KB)
...
006 (1125.153.000) 2025-12-23 12:10:23 Image size of job updated: 2300428
	83  -  MemoryUsage of job (MB)
	84176  -  ResidentSetSize of job (KB)
...
005 (1125.153.000) 2025-12-23 12:10:23 Job terminated.
	(1) Normal termination (return value 0)
		Usr 0 00:00:39, Sys 0 00:00:04  -  Run Remote Usage
		Usr 0 00:00:00, Sys 0 00:00:00  -  Run Local Usage
		Usr 0 00:00:39, Sys 0 00:00:04  -  Total Remote Usage
		Usr 0 00:00:00, Sys 0 00:00:00  -  Total Local Usage
	0  -  Run Bytes Sent By Job
	0  -  Run Bytes Received By Job
	0  -  Total Bytes Sent By Job
	0  -  Total Bytes Received By Job
	Partitionable Resources :    Usage  Request Allocated 
	   Cpus                 :        0        1         1 
	   Disk (KB)            :        1        1      7408 
	   Memory (MB)          :       83     4096      4096 
	   TimeExecute (s)      :       75                    
	   TimeSlotBusy (s)     :       75                    
	   xferslots            :                           0 

	Job terminated of its own accord at 2025-12-23T17:10:23Z with exit-code 0.
...
