000 (1125.167.000) 2025-12-23 12:05:08 Job submitted from host: <130.199.48.160:9618?addrs=[2620-0-210-a002--160]-9618+130.199.48.160-9618&alias=eicsub02.sdcc.bnl.gov&noUDP&sock=schedd_1122_32c5>
...
001 (1125.167.000) 2025-12-23 12:09:24 Job executing on host: <130.199.149.117:9618?addrs=[2620-0-210-9009--117]-9618+130.199.149.117-9618&alias=spool0245.sdcc.bnl.gov&noUDP&sock=startd_80537_0b14>
	SlotName: slot1_32@spool0245.sdcc.bnl.gov
	CondorScratchDir = "/home/condor/local/sdcc/execute/dir_1378512"
	Cpus = 1
	Disk = 14765
	Memory = 4096
	xferslots = 0
...
006 (1125.167.000) 2025-12-23 12:09:37 Image size of job updated: 13524
	14  -  MemoryUsage of job (MB)
	13524  -  ResidentSetSize of job (KB)
...
006 (1125.167.000) 2025-12-23 12:11:18 Image size of job updated: 2248620
	14  -  MemoryUsage of job (MB)
	13524  -  ResidentSetSize of job (KB)
...
005 (1125.167.000) 2025-12-23 12:11:18 Job terminated.
	(1) Normal termination (return value 0)
		Usr 0 00:00:31, Sys 0 00:00:09  -  Run Remote Usage
		Usr 0 00:00:00, Sys 0 00:00:00  -  Run Local Usage
		Usr 0 00:00:31, Sys 0 00:00:09  -  Total Remote Usage
		Usr 0 00:00:00, Sys 0 00:00:00  -  Total Local Usage
	0  -  Run Bytes Sent By Job
	0  -  Run Bytes Received By Job
	0  -  Total Bytes Sent By Job
	0  -  Total Bytes Received By Job
	Partitionable Resources :    Usage  Request Allocated 
	   Cpus                 :        0        1         1 
	   Disk (KB)            :        1        1     14765 
	   Memory (MB)          :       14     4096      4096 
	   TimeExecute (s)      :      114                    
	   TimeSlotBusy (s)     :      115                    
	   xferslots            :                           0 

	Job terminated of its own accord at 2025-12-23T17:11:18Z with exit-code 0.
...
