000 (1125.062.000) 2025-12-23 12:05:08 Job submitted from host: <130.199.48.160:9618?addrs=[2620-0-210-a002--160]-9618+130.199.48.160-9618&alias=eicsub02.sdcc.bnl.gov&noUDP&sock=schedd_1122_32c5>
...
001 (1125.062.000) 2025-12-23 12:07:38 Job executing on host: <130.199.201.156:9618?addrs=[2620-0-210-9019--156]-9618+130.199.201.156-9618&alias=spool0114.sdcc.bnl.gov&noUDP&sock=startd_139813_2623>
	SlotName: slot1_11@spool0114.sdcc.bnl.gov
	CondorScratchDir = "/home/condor/local/sdcc/execute/dir_1409985"
	Cpus = 1
	Disk = 7408
	Memory = 4096
	xferslots = 0
...
006 (1125.062.000) 2025-12-23 12:07:51 Image size of job updated: 78372
	77  -  MemoryUsage of job (MB)
	78372  -  ResidentSetSize of job (KB)
...
006 (1125.062.000) 2025-12-23 12:08:55 Image size of job updated: 2298116
	77  -  MemoryUsage of job (MB)
	78372  -  ResidentSetSize of job (KB)
...
005 (1125.062.000) 2025-12-23 12:08:55 Job terminated.
	(1) Normal termination (return value 0)
		Usr 0 00:00:38, Sys 0 00:00:04  -  Run Remote Usage
		Usr 0 00:00:00, Sys 0 00:00:00  -  Run Local Usage
		Usr 0 00:00:38, Sys 0 00:00:04  -  Total Remote Usage
		Usr 0 00:00:00, Sys 0 00:00:00  -  Total Local Usage
	0  -  Run Bytes Sent By Job
	0  -  Run Bytes Received By Job
	0  -  Total Bytes Sent By Job
	0  -  Total Bytes Received By Job
	Partitionable Resources :    Usage  Request Allocated 
	   Cpus                 :     0.20        1         1 
	   Disk (KB)            :     1           1      7408 
	   Memory (MB)          :    77        4096      4096 
	   TimeExecute (s)      :    77                       
	   TimeSlotBusy (s)     :    77                       
	   xferslots            :                           0 

	Job terminated of its own accord at 2025-12-23T17:08:55Z with exit-code 0.
...
