000 (1125.232.000) 2025-12-23 12:05:08 Job submitted from host: <130.199.48.160:9618?addrs=[2620-0-210-a002--160]-9618+130.199.48.160-9618&alias=eicsub02.sdcc.bnl.gov&noUDP&sock=schedd_1122_32c5>
...
001 (1125.232.000) 2025-12-23 12:10:05 Job executing on host: <130.199.149.246:9618?addrs=[2620-0-210-9007--246]-9618+130.199.149.246-9618&alias=spool0640.sdcc.bnl.gov&noUDP&sock=startd_382873_920f>
	SlotName: slot1_19@spool0640.sdcc.bnl.gov
	CondorScratchDir = "/home/condor/local/sdcc/execute/dir_1456662"
	Cpus = 1
	Disk = 14709
	Memory = 4096
	xferslots = 0
...
006 (1125.232.000) 2025-12-23 12:10:19 Image size of job updated: 19872
	20  -  MemoryUsage of job (MB)
	19872  -  ResidentSetSize of job (KB)
...
006 (1125.232.000) 2025-12-23 12:11:49 Image size of job updated: 2288268
	20  -  MemoryUsage of job (MB)
	19872  -  ResidentSetSize of job (KB)
...
005 (1125.232.000) 2025-12-23 12:11:49 Job terminated.
	(1) Normal termination (return value 0)
		Usr 0 00:00:32, Sys 0 00:00:10  -  Run Remote Usage
		Usr 0 00:00:00, Sys 0 00:00:00  -  Run Local Usage
		Usr 0 00:00:32, Sys 0 00:00:10  -  Total Remote Usage
		Usr 0 00:00:00, Sys 0 00:00:00  -  Total Local Usage
	0  -  Run Bytes Sent By Job
	0  -  Run Bytes Received By Job
	0  -  Total Bytes Sent By Job
	0  -  Total Bytes Received By Job
	Partitionable Resources :    Usage  Request Allocated 
	   Cpus                 :                 1         1 
	   Disk (KB)            :        1        1     14709 
	   Memory (MB)          :       20     4096      4096 
	   TimeExecute (s)      :      104                    
	   TimeSlotBusy (s)     :      105                    
	   xferslots            :                           0 

	Job terminated of its own accord at 2025-12-23T17:11:49Z with exit-code 0.
...
