001 (1125.000.000) 2025-12-23 12:05:18 Job executing on host: <130.199.201.222:9618?addrs=[2620-0-210-9020--222]-9618+130.199.201.222-9618&alias=spool0135.sdcc.bnl.gov&noUDP&sock=startd_371952_3640>
	SlotName: slot1_21@spool0135.sdcc.bnl.gov
	CondorScratchDir = "/home/condor/local/sdcc/execute/dir_3995392"
	Cpus = 1
	Disk = 7408
	Memory = 4096
	xferslots = 0
...
006 (1125.000.000) 2025-12-23 12:05:32 Image size of job updated: 81600
	80  -  MemoryUsage of job (MB)
	81600  -  ResidentSetSize of job (KB)
...
006 (1125.000.000) 2025-12-23 12:06:24 Image size of job updated: 2296024
	80  -  MemoryUsage of job (MB)
	81600  -  ResidentSetSize of job (KB)
...
005 (1125.000.000) 2025-12-23 12:06:24 Job terminated.
	(1) Normal termination (return value 0)
		Usr 0 00:00:42, Sys 0 00:00:05  -  Run Remote Usage
		Usr 0 00:00:00, Sys 0 00:00:00  -  Run Local Usage
		Usr 0 00:00:42, Sys 0 00:00:05  -  Total Remote Usage
		Usr 0 00:00:00, Sys 0 00:00:00  -  Total Local Usage
	0  -  Run Bytes Sent By Job
	0  -  Run Bytes Received By Job
	0  -  Total Bytes Sent By Job
	0  -  Total Bytes Received By Job
	Partitionable Resources :    Usage  Request Allocated 
	   Cpus                 :     0.84        1         1 
	   Disk (KB)            :     1           1      7408 
	   Memory (MB)          :    80        4096      4096 
	   TimeExecute (s)      :    66                       
	   TimeSlotBusy (s)     :    66                       
	   xferslots            :                           0 

	Job terminated of its own accord at 2025-12-23T17:06:24Z with exit-code 0.
...
