000 (1125.283.000) 2025-12-23 12:05:08 Job submitted from host: <130.199.48.160:9618?addrs=[2620-0-210-a002--160]-9618+130.199.48.160-9618&alias=eicsub02.sdcc.bnl.gov&noUDP&sock=schedd_1122_32c5>
...
001 (1125.283.000) 2025-12-23 12:10:39 Job executing on host: <130.199.157.199:9618?addrs=[2620-0-210-9017--199]-9618+130.199.157.199-9618&alias=spool0858.sdcc.bnl.gov&noUDP&sock=startd_371294_f696>
	SlotName: slot1_10@spool0858.sdcc.bnl.gov
	CondorScratchDir = "/home/condor/local/sdcc/execute/dir_3885437"
	Cpus = 1
	Disk = 7408
	Memory = 4096
	xferslots = 0
...
006 (1125.283.000) 2025-12-23 12:10:53 Image size of job updated: 82200
	81  -  MemoryUsage of job (MB)
	82200  -  ResidentSetSize of job (KB)
...
006 (1125.283.000) 2025-12-23 12:12:12 Image size of job updated: 2301760
	81  -  MemoryUsage of job (MB)
	82200  -  ResidentSetSize of job (KB)
...
005 (1125.283.000) 2025-12-23 12:12:12 Job terminated.
	(1) Normal termination (return value 0)
		Usr 0 00:00:41, Sys 0 00:00:06  -  Run Remote Usage
		Usr 0 00:00:00, Sys 0 00:00:00  -  Run Local Usage
		Usr 0 00:00:41, Sys 0 00:00:06  -  Total Remote Usage
		Usr 0 00:00:00, Sys 0 00:00:00  -  Total Local Usage
	0  -  Run Bytes Sent By Job
	0  -  Run Bytes Received By Job
	0  -  Total Bytes Sent By Job
	0  -  Total Bytes Received By Job
	Partitionable Resources :    Usage  Request Allocated 
	   Cpus                 :        0        1         1 
	   Disk (KB)            :        1        1      7408 
	   Memory (MB)          :       81     4096      4096 
	   TimeExecute (s)      :       93                    
	   TimeSlotBusy (s)     :       93                    
	   xferslots            :                           0 

	Job terminated of its own accord at 2025-12-23T17:12:12Z with exit-code 0.
...
