000 (1125.389.000) 2025-12-23 12:05:09 Job submitted from host: <130.199.48.160:9618?addrs=[2620-0-210-a002--160]-9618+130.199.48.160-9618&alias=eicsub02.sdcc.bnl.gov&noUDP&sock=schedd_1122_32c5>
...
001 (1125.389.000) 2025-12-23 12:11:28 Job executing on host: <130.199.149.251:9618?addrs=[2620-0-210-9007--251]-9618+130.199.149.251-9618&alias=spool0646.sdcc.bnl.gov&noUDP&sock=startd_384829_9eaf>
	SlotName: slot1_43@spool0646.sdcc.bnl.gov
	CondorScratchDir = "/home/condor/local/sdcc/execute/dir_3688795"
	Cpus = 1
	Disk = 14709
	Memory = 4096
	xferslots = 0
...
006 (1125.389.000) 2025-12-23 12:11:42 Image size of job updated: 24476
	24  -  MemoryUsage of job (MB)
	24476  -  ResidentSetSize of job (KB)
...
006 (1125.389.000) 2025-12-23 12:13:12 Image size of job updated: 2207788
	24  -  MemoryUsage of job (MB)
	24476  -  ResidentSetSize of job (KB)
...
005 (1125.389.000) 2025-12-23 12:13:12 Job terminated.
	(1) Normal termination (return value 0)
		Usr 0 00:00:29, Sys 0 00:00:07  -  Run Remote Usage
		Usr 0 00:00:00, Sys 0 00:00:00  -  Run Local Usage
		Usr 0 00:00:29, Sys 0 00:00:07  -  Total Remote Usage
		Usr 0 00:00:00, Sys 0 00:00:00  -  Total Local Usage
	0  -  Run Bytes Sent By Job
	0  -  Run Bytes Received By Job
	0  -  Total Bytes Sent By Job
	0  -  Total Bytes Received By Job
	Partitionable Resources :    Usage  Request Allocated 
	   Cpus                 :        0        1         1 
	   Disk (KB)            :        1        1     14709 
	   Memory (MB)          :       24     4096      4096 
	   TimeExecute (s)      :      104                    
	   TimeSlotBusy (s)     :      104                    
	   xferslots            :                           0 

	Job terminated of its own accord at 2025-12-23T17:13:12Z with exit-code 0.
...
