000 (1125.080.000) 2025-12-23 12:05:08 Job submitted from host: <130.199.48.160:9618?addrs=[2620-0-210-a002--160]-9618+130.199.48.160-9618&alias=eicsub02.sdcc.bnl.gov&noUDP&sock=schedd_1122_32c5>
...
001 (1125.080.000) 2025-12-23 12:08:02 Job executing on host: <130.199.149.206:9618?addrs=[2620-0-210-9012--206]-9618+130.199.149.206-9618&alias=spool0606.sdcc.bnl.gov&noUDP&sock=startd_386715_83da>
	SlotName: slot1_17@spool0606.sdcc.bnl.gov
	CondorScratchDir = "/home/condor/local/sdcc/execute/dir_1344103"
	Cpus = 1
	Disk = 14709
	Memory = 4096
	xferslots = 0
...
006 (1125.080.000) 2025-12-23 12:08:16 Image size of job updated: 56332
	56  -  MemoryUsage of job (MB)
	56332  -  ResidentSetSize of job (KB)
...
006 (1125.080.000) 2025-12-23 12:09:39 Image size of job updated: 2258556
	56  -  MemoryUsage of job (MB)
	56332  -  ResidentSetSize of job (KB)
...
005 (1125.080.000) 2025-12-23 12:09:40 Job terminated.
	(1) Normal termination (return value 0)
		Usr 0 00:00:30, Sys 0 00:00:09  -  Run Remote Usage
		Usr 0 00:00:00, Sys 0 00:00:00  -  Run Local Usage
		Usr 0 00:00:30, Sys 0 00:00:09  -  Total Remote Usage
		Usr 0 00:00:00, Sys 0 00:00:00  -  Total Local Usage
	0  -  Run Bytes Sent By Job
	0  -  Run Bytes Received By Job
	0  -  Total Bytes Sent By Job
	0  -  Total Bytes Received By Job
	Partitionable Resources :    Usage  Request Allocated 
	   Cpus                 :        0        1         1 
	   Disk (KB)            :        1        1     14709 
	   Memory (MB)          :       56     4096      4096 
	   TimeExecute (s)      :       97                    
	   TimeSlotBusy (s)     :       98                    
	   xferslots            :                           0 

	Job terminated of its own accord at 2025-12-23T17:09:39Z with exit-code 0.
...
