000 (1125.346.000) 2025-12-23 12:05:08 Job submitted from host: <130.199.48.160:9618?addrs=[2620-0-210-a002--160]-9618+130.199.48.160-9618&alias=eicsub02.sdcc.bnl.gov&noUDP&sock=schedd_1122_32c5>
...
001 (1125.346.000) 2025-12-23 12:11:22 Job executing on host: <130.199.149.169:9618?addrs=[2620-0-210-9011--169]-9618+130.199.149.169-9618&alias=spool0285.sdcc.bnl.gov&noUDP&sock=startd_408265_d168>
	SlotName: slot1_11@spool0285.sdcc.bnl.gov
	CondorScratchDir = "/home/condor/local/sdcc/execute/dir_318772"
	Cpus = 1
	Disk = 14765
	Memory = 4096
	xferslots = 0
...
006 (1125.346.000) 2025-12-23 12:11:35 Image size of job updated: 59376
	58  -  MemoryUsage of job (MB)
	59376  -  ResidentSetSize of job (KB)
...
006 (1125.346.000) 2025-12-23 12:12:58 Image size of job updated: 2113096
	58  -  MemoryUsage of job (MB)
	59376  -  ResidentSetSize of job (KB)
...
005 (1125.346.000) 2025-12-23 12:12:58 Job terminated.
	(1) Normal termination (return value 0)
		Usr 0 00:00:22, Sys 0 00:00:06  -  Run Remote Usage
		Usr 0 00:00:00, Sys 0 00:00:00  -  Run Local Usage
		Usr 0 00:00:22, Sys 0 00:00:06  -  Total Remote Usage
		Usr 0 00:00:00, Sys 0 00:00:00  -  Total Local Usage
	0  -  Run Bytes Sent By Job
	0  -  Run Bytes Received By Job
	0  -  Total Bytes Sent By Job
	0  -  Total Bytes Received By Job
	Partitionable Resources :    Usage  Request Allocated 
	   Cpus                 :        0        1         1 
	   Disk (KB)            :        1        1     14765 
	   Memory (MB)          :       58     4096      4096 
	   TimeExecute (s)      :       96                    
	   TimeSlotBusy (s)     :       96                    
	   xferslots            :                           0 

	Job terminated of its own accord at 2025-12-23T17:12:58Z with exit-code 0.
...
