000 (1125.013.000) 2025-12-23 12:05:08 Job submitted from host: <130.199.48.160:9618?addrs=[2620-0-210-a002--160]-9618+130.199.48.160-9618&alias=eicsub02.sdcc.bnl.gov&noUDP&sock=schedd_1122_32c5>
...
001 (1125.013.000) 2025-12-23 12:06:05 Job executing on host: <130.199.149.133:9618?addrs=[2620-0-210-9010--133]-9618+130.199.149.133-9618&alias=spool0255.sdcc.bnl.gov&noUDP&sock=startd_54817_fceb>
	SlotName: slot1_12@spool0255.sdcc.bnl.gov
	CondorScratchDir = "/home/condor/local/sdcc/execute/dir_2578773"
	Cpus = 1
	Disk = 14765
	Memory = 4096
	xferslots = 0
...
006 (1125.013.000) 2025-12-23 12:06:18 Image size of job updated: 15992
	10  -  MemoryUsage of job (MB)
	9488  -  ResidentSetSize of job (KB)
...
006 (1125.013.000) 2025-12-23 12:08:08 Image size of job updated: 2283832
	10  -  MemoryUsage of job (MB)
	9488  -  ResidentSetSize of job (KB)
...
005 (1125.013.000) 2025-12-23 12:08:08 Job terminated.
	(1) Normal termination (return value 0)
		Usr 0 00:00:29, Sys 0 00:00:09  -  Run Remote Usage
		Usr 0 00:00:00, Sys 0 00:00:00  -  Run Local Usage
		Usr 0 00:00:29, Sys 0 00:00:09  -  Total Remote Usage
		Usr 0 00:00:00, Sys 0 00:00:00  -  Total Local Usage
	0  -  Run Bytes Sent By Job
	0  -  Run Bytes Received By Job
	0  -  Total Bytes Sent By Job
	0  -  Total Bytes Received By Job
	Partitionable Resources :    Usage  Request Allocated 
	   Cpus                 :        0        1         1 
	   Disk (KB)            :        1        1     14765 
	   Memory (MB)          :       10     4096      4096 
	   TimeExecute (s)      :      123                    
	   TimeSlotBusy (s)     :      124                    
	   xferslots            :                           0 

	Job terminated of its own accord at 2025-12-23T17:08:08Z with exit-code 0.
...
