000 (1125.128.000) 2025-12-23 12:05:08 Job submitted from host: <130.199.48.160:9618?addrs=[2620-0-210-a002--160]-9618+130.199.48.160-9618&alias=eicsub02.sdcc.bnl.gov&noUDP&sock=schedd_1122_32c5>
...
001 (1125.128.000) 2025-12-23 12:08:53 Job executing on host: <130.199.157.162:9618?addrs=[2620-0-210-9018--162]-9618+130.199.157.162-9618&alias=spool0834.sdcc.bnl.gov&noUDP&sock=startd_371760_7243>
	SlotName: slot1_27@spool0834.sdcc.bnl.gov
	CondorScratchDir = "/home/condor/local/sdcc/execute/dir_2419560"
	Cpus = 1
	Disk = 7408
	Memory = 4096
	xferslots = 0
...
006 (1125.128.000) 2025-12-23 12:09:06 Image size of job updated: 59136
	58  -  MemoryUsage of job (MB)
	59136  -  ResidentSetSize of job (KB)
...
006 (1125.128.000) 2025-12-23 12:10:32 Image size of job updated: 2313696
	58  -  MemoryUsage of job (MB)
	59136  -  ResidentSetSize of job (KB)
...
005 (1125.128.000) 2025-12-23 12:10:32 Job terminated.
	(1) Normal termination (return value 0)
		Usr 0 00:00:41, Sys 0 00:00:07  -  Run Remote Usage
		Usr 0 00:00:00, Sys 0 00:00:00  -  Run Local Usage
		Usr 0 00:00:41, Sys 0 00:00:07  -  Total Remote Usage
		Usr 0 00:00:00, Sys 0 00:00:00  -  Total Local Usage
	0  -  Run Bytes Sent By Job
	0  -  Run Bytes Received By Job
	0  -  Total Bytes Sent By Job
	0  -  Total Bytes Received By Job
	Partitionable Resources :    Usage  Request Allocated 
	   Cpus                 :     0.39        1         1 
	   Disk (KB)            :     1           1      7408 
	   Memory (MB)          :    58        4096      4096 
	   TimeExecute (s)      :    99                       
	   TimeSlotBusy (s)     :    99                       
	   xferslots            :                           0 

	Job terminated of its own accord at 2025-12-23T17:10:32Z with exit-code 0.
...
