000 (1125.409.000) 2025-12-23 12:05:09 Job submitted from host: <130.199.48.160:9618?addrs=[2620-0-210-a002--160]-9618+130.199.48.160-9618&alias=eicsub02.sdcc.bnl.gov&noUDP&sock=schedd_1122_32c5>
...
001 (1125.409.000) 2025-12-23 12:11:39 Job executing on host: <130.199.157.156:9618?addrs=[2620-0-210-9006--156]-9618+130.199.157.156-9618&alias=spool0696.sdcc.bnl.gov&noUDP&sock=startd_388130_583d>
	SlotName: slot1_9@spool0696.sdcc.bnl.gov
	CondorScratchDir = "/home/condor/local/sdcc/execute/dir_1234046"
	Cpus = 1
	Disk = 14709
	Memory = 4096
	xferslots = 0
...
006 (1125.409.000) 2025-12-23 12:11:52 Image size of job updated: 81804
	80  -  MemoryUsage of job (MB)
	81804  -  ResidentSetSize of job (KB)
...
006 (1125.409.000) 2025-12-23 12:12:57 Image size of job updated: 2290528
	80  -  MemoryUsage of job (MB)
	81804  -  ResidentSetSize of job (KB)
...
005 (1125.409.000) 2025-12-23 12:12:57 Job terminated.
	(1) Normal termination (return value 0)
		Usr 0 00:00:30, Sys 0 00:00:04  -  Run Remote Usage
		Usr 0 00:00:00, Sys 0 00:00:00  -  Run Local Usage
		Usr 0 00:00:30, Sys 0 00:00:04  -  Total Remote Usage
		Usr 0 00:00:00, Sys 0 00:00:00  -  Total Local Usage
	0  -  Run Bytes Sent By Job
	0  -  Run Bytes Received By Job
	0  -  Total Bytes Sent By Job
	0  -  Total Bytes Received By Job
	Partitionable Resources :    Usage  Request Allocated 
	   Cpus                 :                 1         1 
	   Disk (KB)            :        1        1     14709 
	   Memory (MB)          :       80     4096      4096 
	   TimeExecute (s)      :       78                    
	   TimeSlotBusy (s)     :       79                    
	   xferslots            :                           0 

	Job terminated of its own accord at 2025-12-23T17:12:57Z with exit-code 0.
...
