000 (1125.421.000) 2025-12-23 12:05:09 Job submitted from host: <130.199.48.160:9618?addrs=[2620-0-210-a002--160]-9618+130.199.48.160-9618&alias=eicsub02.sdcc.bnl.gov&noUDP&sock=schedd_1122_32c5>
...
001 (1125.421.000) 2025-12-23 12:11:44 Job executing on host: <130.199.207.217:9618?addrs=[2620-0-210-9040--217]-9618+130.199.207.217-9618&alias=spool1504.sdcc.bnl.gov&noUDP&sock=startd_62552_0490>
	SlotName: slot1_40@spool1504.sdcc.bnl.gov
	CondorScratchDir = "/home/condor/local/sdcc/execute/dir_1589535"
	Cpus = 1
	Disk = 7408
	Memory = 4096
	xferslots = 0
...
006 (1125.421.000) 2025-12-23 12:11:52 Image size of job updated: 469652
	459  -  MemoryUsage of job (MB)
	469652  -  ResidentSetSize of job (KB)
...
006 (1125.421.000) 2025-12-23 12:12:39 Image size of job updated: 2274476
	464  -  MemoryUsage of job (MB)
	475064  -  ResidentSetSize of job (KB)
...
005 (1125.421.000) 2025-12-23 12:12:39 Job terminated.
	(1) Normal termination (return value 0)
		Usr 0 00:00:23, Sys 0 00:00:02  -  Run Remote Usage
		Usr 0 00:00:00, Sys 0 00:00:00  -  Run Local Usage
		Usr 0 00:00:23, Sys 0 00:00:02  -  Total Remote Usage
		Usr 0 00:00:00, Sys 0 00:00:00  -  Total Local Usage
	0  -  Run Bytes Sent By Job
	0  -  Run Bytes Received By Job
	0  -  Total Bytes Sent By Job
	0  -  Total Bytes Received By Job
	Partitionable Resources :    Usage  Request Allocated 
	   Cpus                 :        0        1         1 
	   Disk (KB)            :        1        1      7408 
	   Memory (MB)          :      464     4096      4096 
	   TimeExecute (s)      :       55                    
	   TimeSlotBusy (s)     :       55                    
	   xferslots            :                           0 
...
