000 (1125.089.000) 2025-12-23 12:05:08 Job submitted from host: <130.199.48.160:9618?addrs=[2620-0-210-a002--160]-9618+130.199.48.160-9618&alias=eicsub02.sdcc.bnl.gov&noUDP&sock=schedd_1122_32c5>
...
001 (1125.089.000) 2025-12-23 12:08:28 Job executing on host: <130.199.201.215:9618?addrs=[2620-0-210-9020--215]-9618+130.199.201.215-9618&alias=spool0128.sdcc.bnl.gov&noUDP&sock=startd_376020_aebc>
	SlotName: slot1_6@spool0128.sdcc.bnl.gov
	CondorScratchDir = "/home/condor/local/sdcc/execute/dir_568425"
	Cpus = 1
	Disk = 7408
	Memory = 4096
	xferslots = 0
...
006 (1125.089.000) 2025-12-23 12:08:41 Image size of job updated: 65932
	65  -  MemoryUsage of job (MB)
	65932  -  ResidentSetSize of job (KB)
...
006 (1125.089.000) 2025-12-23 12:09:47 Image size of job updated: 2299520
	65  -  MemoryUsage of job (MB)
	66004  -  ResidentSetSize of job (KB)
...
005 (1125.089.000) 2025-12-23 12:09:47 Job terminated.
	(1) Normal termination (return value 0)
		Usr 0 00:00:41, Sys 0 00:00:05  -  Run Remote Usage
		Usr 0 00:00:00, Sys 0 00:00:00  -  Run Local Usage
		Usr 0 00:00:41, Sys 0 00:00:05  -  Total Remote Usage
		Usr 0 00:00:00, Sys 0 00:00:00  -  Total Local Usage
	0  -  Run Bytes Sent By Job
	0  -  Run Bytes Received By Job
	0  -  Total Bytes Sent By Job
	0  -  Total Bytes Received By Job
	Partitionable Resources :    Usage  Request Allocated 
	   Cpus                 :        0        1         1 
	   Disk (KB)            :        1        1      7408 
	   Memory (MB)          :       65     4096      4096 
	   TimeExecute (s)      :       79                    
	   TimeSlotBusy (s)     :       79                    
	   xferslots            :                           0 

	Job terminated of its own accord at 2025-12-23T17:09:47Z with exit-code 0.
...
