000 (1125.318.000) 2025-12-23 12:05:08 Job submitted from host: <130.199.48.160:9618?addrs=[2620-0-210-a002--160]-9618+130.199.48.160-9618&alias=eicsub02.sdcc.bnl.gov&noUDP&sock=schedd_1122_32c5>
...
001 (1125.318.000) 2025-12-23 12:11:09 Job executing on host: <130.199.186.7:9618?addrs=[2620-0-210-9053--7]-9618+130.199.186.7-9618&alias=spool1804.sdcc.bnl.gov&noUDP&sock=startd_25440_89d0>
	SlotName: slot1_84@spool1804.sdcc.bnl.gov
	CondorScratchDir = "/home/condor/local/sdcc/execute/dir_1088087"
	Cpus = 1
	Disk = 7408
	Memory = 4096
	xferslots = 0
...
006 (1125.318.000) 2025-12-23 12:11:17 Image size of job updated: 83644
	82  -  MemoryUsage of job (MB)
	83644  -  ResidentSetSize of job (KB)
...
006 (1125.318.000) 2025-12-23 12:12:10 Image size of job updated: 2326452
	82  -  MemoryUsage of job (MB)
	83644  -  ResidentSetSize of job (KB)
...
005 (1125.318.000) 2025-12-23 12:12:10 Job terminated.
	(1) Normal termination (return value 0)
		Usr 0 00:00:33, Sys 0 00:00:06  -  Run Remote Usage
		Usr 0 00:00:00, Sys 0 00:00:00  -  Run Local Usage
		Usr 0 00:00:33, Sys 0 00:00:06  -  Total Remote Usage
		Usr 0 00:00:00, Sys 0 00:00:00  -  Total Local Usage
	0  -  Run Bytes Sent By Job
	0  -  Run Bytes Received By Job
	0  -  Total Bytes Sent By Job
	0  -  Total Bytes Received By Job
	Partitionable Resources :    Usage  Request Allocated 
	   Cpus                 :     0.63        1         1 
	   Disk (KB)            :     1           1      7408 
	   Memory (MB)          :    82        4096      4096 
	   TimeExecute (s)      :    61                       
	   TimeSlotBusy (s)     :    62                       
	   xferslots            :                           0 
...
