000 (1125.231.000) 2025-12-23 12:05:08 Job submitted from host: <130.199.48.160:9618?addrs=[2620-0-210-a002--160]-9618+130.199.48.160-9618&alias=eicsub02.sdcc.bnl.gov&noUDP&sock=schedd_1122_32c5>
...
001 (1125.231.000) 2025-12-23 12:10:04 Job executing on host: <130.199.149.67:9618?addrs=[2620-0-210-9008--67]-9618+130.199.149.67-9618&alias=spool0201.sdcc.bnl.gov&noUDP&sock=startd_407752_75c1>
	SlotName: slot1_18@spool0201.sdcc.bnl.gov
	CondorScratchDir = "/home/condor/local/sdcc/execute/dir_4013897"
	Cpus = 1
	Disk = 14765
	Memory = 4096
	xferslots = 0
...
006 (1125.231.000) 2025-12-23 12:10:18 Image size of job updated: 19540
	20  -  MemoryUsage of job (MB)
	19540  -  ResidentSetSize of job (KB)
...
006 (1125.231.000) 2025-12-23 12:11:54 Image size of job updated: 2277636
	20  -  MemoryUsage of job (MB)
	19540  -  ResidentSetSize of job (KB)
...
005 (1125.231.000) 2025-12-23 12:11:54 Job terminated.
	(1) Normal termination (return value 0)
		Usr 0 00:00:23, Sys 0 00:00:04  -  Run Remote Usage
		Usr 0 00:00:00, Sys 0 00:00:00  -  Run Local Usage
		Usr 0 00:00:23, Sys 0 00:00:04  -  Total Remote Usage
		Usr 0 00:00:00, Sys 0 00:00:00  -  Total Local Usage
	0  -  Run Bytes Sent By Job
	0  -  Run Bytes Received By Job
	0  -  Total Bytes Sent By Job
	0  -  Total Bytes Received By Job
	Partitionable Resources :    Usage  Request Allocated 
	   Cpus                 :     0.27        1         1 
	   Disk (KB)            :     1           1     14765 
	   Memory (MB)          :    20        4096      4096 
	   TimeExecute (s)      :   110                       
	   TimeSlotBusy (s)     :   110                       
	   xferslots            :                           0 

	Job terminated of its own accord at 2025-12-23T17:11:54Z with exit-code 0.
...
