000 (1125.118.000) 2025-12-23 12:05:08 Job submitted from host: <130.199.48.160:9618?addrs=[2620-0-210-a002--160]-9618+130.199.48.160-9618&alias=eicsub02.sdcc.bnl.gov&noUDP&sock=schedd_1122_32c5>
...
001 (1125.118.000) 2025-12-23 12:08:52 Job executing on host: <130.199.186.81:9618?addrs=[2620-0-210-9054--81]-9618+130.199.186.81-9618&alias=spool1844.sdcc.bnl.gov&noUDP&sock=startd_25334_fd9c>
	SlotName: slot1_15@spool1844.sdcc.bnl.gov
	CondorScratchDir = "/home/condor/local/sdcc/execute/dir_3059723"
	Cpus = 1
	Disk = 7408
	Memory = 4096
	xferslots = 0
...
006 (1125.118.000) 2025-12-23 12:09:01 Image size of job updated: 82052
	81  -  MemoryUsage of job (MB)
	82052  -  ResidentSetSize of job (KB)
...
006 (1125.118.000) 2025-12-23 12:09:53 Image size of job updated: 2297856
	81  -  MemoryUsage of job (MB)
	82052  -  ResidentSetSize of job (KB)
...
005 (1125.118.000) 2025-12-23 12:09:53 Job terminated.
	(1) Normal termination (return value 0)
		Usr 0 00:00:32, Sys 0 00:00:06  -  Run Remote Usage
		Usr 0 00:00:00, Sys 0 00:00:00  -  Run Local Usage
		Usr 0 00:00:32, Sys 0 00:00:06  -  Total Remote Usage
		Usr 0 00:00:00, Sys 0 00:00:00  -  Total Local Usage
	0  -  Run Bytes Sent By Job
	0  -  Run Bytes Received By Job
	0  -  Total Bytes Sent By Job
	0  -  Total Bytes Received By Job
	Partitionable Resources :    Usage  Request Allocated 
	   Cpus                 :        0        1         1 
	   Disk (KB)            :        1        1      7408 
	   Memory (MB)          :       81     4096      4096 
	   TimeExecute (s)      :       61                    
	   TimeSlotBusy (s)     :       61                    
	   xferslots            :                           0 
...
