000 (1125.356.000) 2025-12-23 12:05:08 Job submitted from host: <130.199.48.160:9618?addrs=[2620-0-210-a002--160]-9618+130.199.48.160-9618&alias=eicsub02.sdcc.bnl.gov&noUDP&sock=schedd_1122_32c5>
...
001 (1125.356.000) 2025-12-23 12:11:26 Job executing on host: <130.199.157.207:9618?addrs=[2620-0-210-9017--207]-9618+130.199.157.207-9618&alias=spool0866.sdcc.bnl.gov&noUDP&sock=startd_371686_06ba>
	SlotName: slot1_6@spool0866.sdcc.bnl.gov
	CondorScratchDir = "/home/condor/local/sdcc/execute/dir_1827967"
	Cpus = 1
	Disk = 7408
	Memory = 4096
	xferslots = 0
...
006 (1125.356.000) 2025-12-23 12:11:39 Image size of job updated: 68176
	67  -  MemoryUsage of job (MB)
	68176  -  ResidentSetSize of job (KB)
...
006 (1125.356.000) 2025-12-23 12:13:08 Image size of job updated: 2307964
	67  -  MemoryUsage of job (MB)
	68208  -  ResidentSetSize of job (KB)
...
005 (1125.356.000) 2025-12-23 12:13:08 Job terminated.
	(1) Normal termination (return value 0)
		Usr 0 00:00:40, Sys 0 00:00:06  -  Run Remote Usage
		Usr 0 00:00:00, Sys 0 00:00:00  -  Run Local Usage
		Usr 0 00:00:40, Sys 0 00:00:06  -  Total Remote Usage
		Usr 0 00:00:00, Sys 0 00:00:00  -  Total Local Usage
	0  -  Run Bytes Sent By Job
	0  -  Run Bytes Received By Job
	0  -  Total Bytes Sent By Job
	0  -  Total Bytes Received By Job
	Partitionable Resources :    Usage  Request Allocated 
	   Cpus                 :                 1         1 
	   Disk (KB)            :        1        1      7408 
	   Memory (MB)          :       67     4096      4096 
	   TimeExecute (s)      :      102                    
	   TimeSlotBusy (s)     :      103                    
	   xferslots            :                           0 

	Job terminated of its own accord at 2025-12-23T17:13:08Z with exit-code 0.
...
