000 (1125.365.000) 2025-12-23 12:05:09 Job submitted from host: <130.199.48.160:9618?addrs=[2620-0-210-a002--160]-9618+130.199.48.160-9618&alias=eicsub02.sdcc.bnl.gov&noUDP&sock=schedd_1122_32c5>
...
001 (1125.365.000) 2025-12-23 12:11:27 Job executing on host: <130.199.207.199:9618?addrs=[2620-0-210-9040--199]-9618+130.199.207.199-9618&alias=spool1486.sdcc.bnl.gov&noUDP&sock=startd_25647_0d1c>
	SlotName: slot1_67@spool1486.sdcc.bnl.gov
	CondorScratchDir = "/home/condor/local/sdcc/execute/dir_1285051"
	Cpus = 1
	Disk = 7408
	Memory = 4096
	xferslots = 0
...
006 (1125.365.000) 2025-12-23 12:11:35 Image size of job updated: 83064
	82  -  MemoryUsage of job (MB)
	83064  -  ResidentSetSize of job (KB)
...
006 (1125.365.000) 2025-12-23 12:12:50 Image size of job updated: 2303916
	82  -  MemoryUsage of job (MB)
	83064  -  ResidentSetSize of job (KB)
...
005 (1125.365.000) 2025-12-23 12:12:50 Job terminated.
	(1) Normal termination (return value 0)
		Usr 0 00:00:29, Sys 0 00:00:05  -  Run Remote Usage
		Usr 0 00:00:00, Sys 0 00:00:00  -  Run Local Usage
		Usr 0 00:00:29, Sys 0 00:00:05  -  Total Remote Usage
		Usr 0 00:00:00, Sys 0 00:00:00  -  Total Local Usage
	0  -  Run Bytes Sent By Job
	0  -  Run Bytes Received By Job
	0  -  Total Bytes Sent By Job
	0  -  Total Bytes Received By Job
	Partitionable Resources :    Usage  Request Allocated 
	   Cpus                 :        0        1         1 
	   Disk (KB)            :        1        1      7408 
	   Memory (MB)          :       82     4096      4096 
	   TimeExecute (s)      :       83                    
	   TimeSlotBusy (s)     :       83                    
	   xferslots            :                           0 
...
