000 (1125.195.000) 2025-12-23 12:05:08 Job submitted from host: <130.199.48.160:9618?addrs=[2620-0-210-a002--160]-9618+130.199.48.160-9618&alias=eicsub02.sdcc.bnl.gov&noUDP&sock=schedd_1122_32c5>
...
001 (1125.195.000) 2025-12-23 12:09:47 Job executing on host: <130.199.151.23:9618?addrs=[2620-0-210-9043--23]-9618+130.199.151.23-9618&alias=spool1601.sdcc.bnl.gov&noUDP&sock=startd_95617_ac43>
	SlotName: slot1_9@spool1601.sdcc.bnl.gov
	CondorScratchDir = "/home/condor/local/sdcc/execute/dir_2879613"
	Cpus = 1
	Disk = 7408
	Memory = 4096
	xferslots = 0
...
006 (1125.195.000) 2025-12-23 12:09:56 Image size of job updated: 82180
	81  -  MemoryUsage of job (MB)
	82180  -  ResidentSetSize of job (KB)
...
006 (1125.195.000) 2025-12-23 12:11:21 Image size of job updated: 2306328
	81  -  MemoryUsage of job (MB)
	82180  -  ResidentSetSize of job (KB)
...
005 (1125.195.000) 2025-12-23 12:11:21 Job terminated.
	(1) Normal termination (return value 0)
		Usr 0 00:00:30, Sys 0 00:00:04  -  Run Remote Usage
		Usr 0 00:00:00, Sys 0 00:00:00  -  Run Local Usage
		Usr 0 00:00:30, Sys 0 00:00:04  -  Total Remote Usage
		Usr 0 00:00:00, Sys 0 00:00:00  -  Total Local Usage
	0  -  Run Bytes Sent By Job
	0  -  Run Bytes Received By Job
	0  -  Total Bytes Sent By Job
	0  -  Total Bytes Received By Job
	Partitionable Resources :    Usage  Request Allocated 
	   Cpus                 :     0.26        1         1 
	   Disk (KB)            :     1           1      7408 
	   Memory (MB)          :    81        4096      4096 
	   TimeExecute (s)      :    94                       
	   TimeSlotBusy (s)     :    94                       
	   xferslots            :                           0 
...
