001 (1125.001.000) 2025-12-23 12:05:18 Job executing on host: <130.199.157.156:9618?addrs=[2620-0-210-9006--156]-9618+130.199.157.156-9618&alias=spool0696.sdcc.bnl.gov&noUDP&sock=startd_388130_583d>
	SlotName: slot1_9@spool0696.sdcc.bnl.gov
	CondorScratchDir = "/home/condor/local/sdcc/execute/dir_1203995"
	Cpus = 1
	Disk = 14709
	Memory = 4096
	xferslots = 0
...
006 (1125.001.000) 2025-12-23 12:05:32 Image size of job updated: 81288
	80  -  MemoryUsage of job (MB)
	81288  -  ResidentSetSize of job (KB)
...
006 (1125.001.000) 2025-12-23 12:07:04 Image size of job updated: 2298308
	80  -  MemoryUsage of job (MB)
	81288  -  ResidentSetSize of job (KB)
...
005 (1125.001.000) 2025-12-23 12:07:04 Job terminated.
	(1) Normal termination (return value 0)
		Usr 0 00:00:36, Sys 0 00:00:06  -  Run Remote Usage
		Usr 0 00:00:00, Sys 0 00:00:00  -  Run Local Usage
		Usr 0 00:00:36, Sys 0 00:00:06  -  Total Remote Usage
		Usr 0 00:00:00, Sys 0 00:00:00  -  Total Local Usage
	0  -  Run Bytes Sent By Job
	0  -  Run Bytes Received By Job
	0  -  Total Bytes Sent By Job
	0  -  Total Bytes Received By Job
	Partitionable Resources :    Usage  Request Allocated 
	   Cpus                 :        0        1         1 
	   Disk (KB)            :        1        1     14709 
	   Memory (MB)          :       80     4096      4096 
	   TimeExecute (s)      :      106                    
	   TimeSlotBusy (s)     :      106                    
	   xferslots            :                           0 

	Job terminated of its own accord at 2025-12-23T17:07:04Z with exit-code 0.
...
