000 (1125.243.000) 2025-12-23 12:05:08 Job submitted from host: <130.199.48.160:9618?addrs=[2620-0-210-a002--160]-9618+130.199.48.160-9618&alias=eicsub02.sdcc.bnl.gov&noUDP&sock=schedd_1122_32c5>
...
001 (1125.243.000) 2025-12-23 12:10:19 Job executing on host: <130.199.201.216:9618?addrs=[2620-0-210-9020--216]-9618+130.199.201.216-9618&alias=spool0129.sdcc.bnl.gov&noUDP&sock=startd_372032_87e9>
	SlotName: slot1_24@spool0129.sdcc.bnl.gov
	CondorScratchDir = "/home/condor/local/sdcc/execute/dir_2171653"
	Cpus = 1
	Disk = 7408
	Memory = 4096
	xferslots = 0
...
006 (1125.243.000) 2025-12-23 12:10:33 Image size of job updated: 81612
	80  -  MemoryUsage of job (MB)
	81612  -  ResidentSetSize of job (KB)
...
006 (1125.243.000) 2025-12-23 12:11:41 Image size of job updated: 2295688
	80  -  MemoryUsage of job (MB)
	81612  -  ResidentSetSize of job (KB)
...
005 (1125.243.000) 2025-12-23 12:11:41 Job terminated.
	(1) Normal termination (return value 0)
		Usr 0 00:00:44, Sys 0 00:00:06  -  Run Remote Usage
		Usr 0 00:00:00, Sys 0 00:00:00  -  Run Local Usage
		Usr 0 00:00:44, Sys 0 00:00:06  -  Total Remote Usage
		Usr 0 00:00:00, Sys 0 00:00:00  -  Total Local Usage
	0  -  Run Bytes Sent By Job
	0  -  Run Bytes Received By Job
	0  -  Total Bytes Sent By Job
	0  -  Total Bytes Received By Job
	Partitionable Resources :    Usage  Request Allocated 
	   Cpus                 :     0.58        1         1 
	   Disk (KB)            :     1           1      7408 
	   Memory (MB)          :    80        4096      4096 
	   TimeExecute (s)      :    82                       
	   TimeSlotBusy (s)     :    82                       
	   xferslots            :                           0 

	Job terminated of its own accord at 2025-12-23T17:11:41Z with exit-code 0.
...
