000 (1125.262.000) 2025-12-23 12:05:08 Job submitted from host: <130.199.48.160:9618?addrs=[2620-0-210-a002--160]-9618+130.199.48.160-9618&alias=eicsub02.sdcc.bnl.gov&noUDP&sock=schedd_1122_32c5>
...
001 (1125.262.000) 2025-12-23 12:10:23 Job executing on host: <130.199.149.81:9618?addrs=[2620-0-210-9008--81]-9618+130.199.149.81-9618&alias=spool0215.sdcc.bnl.gov&noUDP&sock=startd_55753_385c>
	SlotName: slot1_24@spool0215.sdcc.bnl.gov
	CondorScratchDir = "/home/condor/local/sdcc/execute/dir_2746442"
	Cpus = 1
	Disk = 14765
	Memory = 4096
	xferslots = 0
...
006 (1125.262.000) 2025-12-23 12:10:37 Image size of job updated: 77456
	76  -  MemoryUsage of job (MB)
	77456  -  ResidentSetSize of job (KB)
...
006 (1125.262.000) 2025-12-23 12:11:45 Image size of job updated: 2280248
	77  -  MemoryUsage of job (MB)
	78420  -  ResidentSetSize of job (KB)
...
005 (1125.262.000) 2025-12-23 12:11:45 Job terminated.
	(1) Normal termination (return value 0)
		Usr 0 00:00:30, Sys 0 00:00:07  -  Run Remote Usage
		Usr 0 00:00:00, Sys 0 00:00:00  -  Run Local Usage
		Usr 0 00:00:30, Sys 0 00:00:07  -  Total Remote Usage
		Usr 0 00:00:00, Sys 0 00:00:00  -  Total Local Usage
	0  -  Run Bytes Sent By Job
	0  -  Run Bytes Received By Job
	0  -  Total Bytes Sent By Job
	0  -  Total Bytes Received By Job
	Partitionable Resources :    Usage  Request Allocated 
	   Cpus                 :        0        1         1 
	   Disk (KB)            :        1        1     14765 
	   Memory (MB)          :       77     4096      4096 
	   TimeExecute (s)      :       82                    
	   TimeSlotBusy (s)     :       82                    
	   xferslots            :                           0 

	Job terminated of its own accord at 2025-12-23T17:11:45Z with exit-code 0.
...
