000 (1125.190.000) 2025-12-23 12:05:08 Job submitted from host: <130.199.48.160:9618?addrs=[2620-0-210-a002--160]-9618+130.199.48.160-9618&alias=eicsub02.sdcc.bnl.gov&noUDP&sock=schedd_1122_32c5>
...
001 (1125.190.000) 2025-12-23 12:09:45 Job executing on host: <130.199.149.133:9618?addrs=[2620-0-210-9010--133]-9618+130.199.149.133-9618&alias=spool0255.sdcc.bnl.gov&noUDP&sock=startd_54817_fceb>
	SlotName: slot1_12@spool0255.sdcc.bnl.gov
	CondorScratchDir = "/home/condor/local/sdcc/execute/dir_2596674"
	Cpus = 1
	Disk = 14765
	Memory = 4096
	xferslots = 0
...
006 (1125.190.000) 2025-12-23 12:09:59 Image size of job updated: 83760
	82  -  MemoryUsage of job (MB)
	83760  -  ResidentSetSize of job (KB)
...
006 (1125.190.000) 2025-12-23 12:11:14 Image size of job updated: 2237308
	82  -  MemoryUsage of job (MB)
	83760  -  ResidentSetSize of job (KB)
...
005 (1125.190.000) 2025-12-23 12:11:14 Job terminated.
	(1) Normal termination (return value 0)
		Usr 0 00:00:32, Sys 0 00:00:09  -  Run Remote Usage
		Usr 0 00:00:00, Sys 0 00:00:00  -  Run Local Usage
		Usr 0 00:00:32, Sys 0 00:00:09  -  Total Remote Usage
		Usr 0 00:00:00, Sys 0 00:00:00  -  Total Local Usage
	0  -  Run Bytes Sent By Job
	0  -  Run Bytes Received By Job
	0  -  Total Bytes Sent By Job
	0  -  Total Bytes Received By Job
	Partitionable Resources :    Usage  Request Allocated 
	   Cpus                 :                 1         1 
	   Disk (KB)            :        1        1     14765 
	   Memory (MB)          :       82     4096      4096 
	   TimeExecute (s)      :       89                    
	   TimeSlotBusy (s)     :       89                    
	   xferslots            :                           0 

	Job terminated of its own accord at 2025-12-23T17:11:14Z with exit-code 0.
...
