000 (1125.016.000) 2025-12-23 12:05:08 Job submitted from host: <130.199.48.160:9618?addrs=[2620-0-210-a002--160]-9618+130.199.48.160-9618&alias=eicsub02.sdcc.bnl.gov&noUDP&sock=schedd_1122_32c5>
...
001 (1125.016.000) 2025-12-23 12:06:20 Job executing on host: <130.199.157.131:9618?addrs=[2620-0-210-9006--131]-9618+130.199.157.131-9618&alias=spool0671.sdcc.bnl.gov&noUDP&sock=startd_390007_6438>
	SlotName: slot1_36@spool0671.sdcc.bnl.gov
	CondorScratchDir = "/home/condor/local/sdcc/execute/dir_3106187"
	Cpus = 1
	Disk = 14709
	Memory = 4096
	xferslots = 0
...
006 (1125.016.000) 2025-12-23 12:06:33 Image size of job updated: 59344
	58  -  MemoryUsage of job (MB)
	59344  -  ResidentSetSize of job (KB)
...
006 (1125.016.000) 2025-12-23 12:07:58 Image size of job updated: 2293244
	58  -  MemoryUsage of job (MB)
	59344  -  ResidentSetSize of job (KB)
...
005 (1125.016.000) 2025-12-23 12:07:58 Job terminated.
	(1) Normal termination (return value 0)
		Usr 0 00:00:33, Sys 0 00:00:06  -  Run Remote Usage
		Usr 0 00:00:00, Sys 0 00:00:00  -  Run Local Usage
		Usr 0 00:00:33, Sys 0 00:00:06  -  Total Remote Usage
		Usr 0 00:00:00, Sys 0 00:00:00  -  Total Local Usage
	0  -  Run Bytes Sent By Job
	0  -  Run Bytes Received By Job
	0  -  Total Bytes Sent By Job
	0  -  Total Bytes Received By Job
	Partitionable Resources :    Usage  Request Allocated 
	   Cpus                 :        0        1         1 
	   Disk (KB)            :        1        1     14709 
	   Memory (MB)          :       58     4096      4096 
	   TimeExecute (s)      :       98                    
	   TimeSlotBusy (s)     :       99                    
	   xferslots            :                           0 

	Job terminated of its own accord at 2025-12-23T17:07:58Z with exit-code 0.
...
