000 (1125.375.000) 2025-12-23 12:05:09 Job submitted from host: <130.199.48.160:9618?addrs=[2620-0-210-a002--160]-9618+130.199.48.160-9618&alias=eicsub02.sdcc.bnl.gov&noUDP&sock=schedd_1122_32c5>
...
022 (1125.375.000) 2025-12-23 12:11:27 Job disconnected, attempting to reconnect
    Socket between submit and execute hosts closed unexpectedly
    Trying to reconnect to slot1_4@spool0642.sdcc.bnl.gov <130.199.149.248:9618?addrs=[2620-0-210-9007--248]-9618+130.199.149.248-9618&alias=spool0642.sdcc.bnl.gov&noUDP&sock=startd_108817_4e67>
...
024 (1125.375.000) 2025-12-23 12:11:27 Job reconnection failed
    Job not found at execution machine
    Can not reconnect to slot1_4@spool0642.sdcc.bnl.gov, rescheduling job
...
004 (1125.375.000) 2025-12-23 12:11:27 Job was evicted.
	(0) CPU times
		Usr 0 00:00:00, Sys 0 00:00:00  -  Run Remote Usage
		Usr 0 00:00:00, Sys 0 00:00:00  -  Run Local Usage
	0  -  Run Bytes Sent By Job
	0  -  Run Bytes Received By Job
	Job not found at execution machine
	Partitionable Resources :    Usage  Request Allocated 
	   Cpus                 :                 1         1 
	   Disk (KB)            :        1        1     14709 
	   Memory (MB)          :              4096      4096 
	   xferslots            :                           0 
...
001 (1125.375.000) 2025-12-23 12:11:28 Job executing on host: <130.199.149.87:9618?addrs=[2620-0-210-9008--87]-9618+130.199.149.87-9618&alias=spool0221.sdcc.bnl.gov&noUDP&sock=startd_408226_7999>
	SlotName: slot1_14@spool0221.sdcc.bnl.gov
	CondorScratchDir = "/home/condor/local/sdcc/execute/dir_3616811"
	Cpus = 1
	Disk = 14765
	Memory = 4096
	xferslots = 0
...
006 (1125.375.000) 2025-12-23 12:11:42 Image size of job updated: 81772
	80  -  MemoryUsage of job (MB)
	81772  -  ResidentSetSize of job (KB)
...
006 (1125.375.000) 2025-12-23 12:12:58 Image size of job updated: 2297856
	80  -  MemoryUsage of job (MB)
	81772  -  ResidentSetSize of job (KB)
...
005 (1125.375.000) 2025-12-23 12:12:58 Job terminated.
	(1) Normal termination (return value 0)
		Usr 0 00:00:26, Sys 0 00:00:08  -  Run Remote Usage
		Usr 0 00:00:00, Sys 0 00:00:00  -  Run Local Usage
		Usr 0 00:00:26, Sys 0 00:00:08  -  Total Remote Usage
		Usr 0 00:00:00, Sys 0 00:00:00  -  Total Local Usage
	0  -  Run Bytes Sent By Job
	0  -  Run Bytes Received By Job
	0  -  Total Bytes Sent By Job
	0  -  Total Bytes Received By Job
	Partitionable Resources :    Usage  Request Allocated 
	   Cpus                 :        0        1         1 
	   Disk (KB)            :        1        1     14765 
	   Memory (MB)          :       80     4096      4096 
	   TimeExecute (s)      :       90                    
	   TimeSlotBusy (s)     :       90                    
	   xferslots            :                           0 

	Job terminated of its own accord at 2025-12-23T17:12:58Z with exit-code 0.
...
