000 (1125.278.000) 2025-12-23 12:05:08 Job submitted from host: <130.199.48.160:9618?addrs=[2620-0-210-a002--160]-9618+130.199.48.160-9618&alias=eicsub02.sdcc.bnl.gov&noUDP&sock=schedd_1122_32c5>
...
001 (1125.278.000) 2025-12-23 12:10:35 Job executing on host: <130.199.149.250:9618?addrs=[2620-0-210-9007--250]-9618+130.199.149.250-9618&alias=spool0644.sdcc.bnl.gov&noUDP&sock=startd_381909_7a0a>
	SlotName: slot1_10@spool0644.sdcc.bnl.gov
	CondorScratchDir = "/home/condor/local/sdcc/execute/dir_488667"
	Cpus = 1
	Disk = 14709
	Memory = 4096
	xferslots = 0
...
006 (1125.278.000) 2025-12-23 12:10:49 Image size of job updated: 81244
	80  -  MemoryUsage of job (MB)
	81244  -  ResidentSetSize of job (KB)
...
006 (1125.278.000) 2025-12-23 12:11:48 Image size of job updated: 2197180
	80  -  MemoryUsage of job (MB)
	81244  -  ResidentSetSize of job (KB)
...
005 (1125.278.000) 2025-12-23 12:11:49 Job terminated.
	(1) Normal termination (return value 0)
		Usr 0 00:00:23, Sys 0 00:00:07  -  Run Remote Usage
		Usr 0 00:00:00, Sys 0 00:00:00  -  Run Local Usage
		Usr 0 00:00:23, Sys 0 00:00:07  -  Total Remote Usage
		Usr 0 00:00:00, Sys 0 00:00:00  -  Total Local Usage
	0  -  Run Bytes Sent By Job
	0  -  Run Bytes Received By Job
	0  -  Total Bytes Sent By Job
	0  -  Total Bytes Received By Job
	Partitionable Resources :    Usage  Request Allocated 
	   Cpus                 :        0        1         1 
	   Disk (KB)            :        1        1     14709 
	   Memory (MB)          :       80     4096      4096 
	   TimeExecute (s)      :       73                    
	   TimeSlotBusy (s)     :       74                    
	   xferslots            :                           0 

	Job terminated of its own accord at 2025-12-23T17:11:48Z with exit-code 0.
...
