000 (1125.182.000) 2025-12-23 12:05:08 Job submitted from host: <130.199.48.160:9618?addrs=[2620-0-210-a002--160]-9618+130.199.48.160-9618&alias=eicsub02.sdcc.bnl.gov&noUDP&sock=schedd_1122_32c5>
...
001 (1125.182.000) 2025-12-23 12:09:35 Job executing on host: <130.199.149.98:9618?addrs=[2620-0-210-9009--98]-9618+130.199.149.98-9618&alias=spool0226.sdcc.bnl.gov&noUDP&sock=startd_384084_d636>
	SlotName: slot1_3@spool0226.sdcc.bnl.gov
	CondorScratchDir = "/home/condor/local/sdcc/execute/dir_2479879"
	Cpus = 1
	Disk = 14765
	Memory = 4096
	xferslots = 0
...
006 (1125.182.000) 2025-12-23 12:09:48 Image size of job updated: 78228
	77  -  MemoryUsage of job (MB)
	78228  -  ResidentSetSize of job (KB)
...
006 (1125.182.000) 2025-12-23 12:11:08 Image size of job updated: 2307996
	77  -  MemoryUsage of job (MB)
	78228  -  ResidentSetSize of job (KB)
...
005 (1125.182.000) 2025-12-23 12:11:08 Job terminated.
	(1) Normal termination (return value 0)
		Usr 0 00:00:23, Sys 0 00:00:06  -  Run Remote Usage
		Usr 0 00:00:00, Sys 0 00:00:00  -  Run Local Usage
		Usr 0 00:00:23, Sys 0 00:00:06  -  Total Remote Usage
		Usr 0 00:00:00, Sys 0 00:00:00  -  Total Local Usage
	0  -  Run Bytes Sent By Job
	0  -  Run Bytes Received By Job
	0  -  Total Bytes Sent By Job
	0  -  Total Bytes Received By Job
	Partitionable Resources :    Usage  Request Allocated 
	   Cpus                 :        0        1         1 
	   Disk (KB)            :        1        1     14765 
	   Memory (MB)          :       77     4096      4096 
	   TimeExecute (s)      :       93                    
	   TimeSlotBusy (s)     :       94                    
	   xferslots            :                           0 

	Job terminated of its own accord at 2025-12-23T17:11:08Z with exit-code 0.
...
