000 (1125.310.000) 2025-12-23 12:05:08 Job submitted from host: <130.199.48.160:9618?addrs=[2620-0-210-a002--160]-9618+130.199.48.160-9618&alias=eicsub02.sdcc.bnl.gov&noUDP&sock=schedd_1122_32c5>
...
001 (1125.310.000) 2025-12-23 12:11:04 Job executing on host: <130.199.184.195:9618?addrs=[2620-0-210-9052--195]-9618+130.199.184.195-9618&alias=spool1770.sdcc.bnl.gov&noUDP&sock=startd_315870_f787>
	SlotName: slot1_68@spool1770.sdcc.bnl.gov
	CondorScratchDir = "/home/condor/local/sdcc/execute/dir_2673434"
	Cpus = 1
	Disk = 7408
	Memory = 4096
	xferslots = 0
...
006 (1125.310.000) 2025-12-23 12:11:12 Image size of job updated: 87216
	86  -  MemoryUsage of job (MB)
	87216  -  ResidentSetSize of job (KB)
...
006 (1125.310.000) 2025-12-23 12:12:02 Image size of job updated: 2228224
	86  -  MemoryUsage of job (MB)
	87216  -  ResidentSetSize of job (KB)
...
005 (1125.310.000) 2025-12-23 12:12:02 Job terminated.
	(1) Normal termination (return value 0)
		Usr 0 00:00:31, Sys 0 00:00:04  -  Run Remote Usage
		Usr 0 00:00:00, Sys 0 00:00:00  -  Run Local Usage
		Usr 0 00:00:31, Sys 0 00:00:04  -  Total Remote Usage
		Usr 0 00:00:00, Sys 0 00:00:00  -  Total Local Usage
	0  -  Run Bytes Sent By Job
	0  -  Run Bytes Received By Job
	0  -  Total Bytes Sent By Job
	0  -  Total Bytes Received By Job
	Partitionable Resources :    Usage  Request Allocated 
	   Cpus                 :        0        1         1 
	   Disk (KB)            :        1        1      7408 
	   Memory (MB)          :       86     4096      4096 
	   TimeExecute (s)      :       58                    
	   TimeSlotBusy (s)     :       58                    
	   xferslots            :                           0 
...
