000 (1125.379.000) 2025-12-23 12:05:09 Job submitted from host: <130.199.48.160:9618?addrs=[2620-0-210-a002--160]-9618+130.199.48.160-9618&alias=eicsub02.sdcc.bnl.gov&noUDP&sock=schedd_1122_32c5>
...
001 (1125.379.000) 2025-12-23 12:11:30 Job executing on host: <130.199.149.254:9618?addrs=[2620-0-210-9007--254]-9618+130.199.149.254-9618&alias=spool0649.sdcc.bnl.gov&noUDP&sock=startd_382940_c674>
	SlotName: slot1_6@spool0649.sdcc.bnl.gov
	CondorScratchDir = "/home/condor/local/sdcc/execute/dir_3028104"
	Cpus = 1
	Disk = 14709
	Memory = 4096
	xferslots = 0
...
006 (1125.379.000) 2025-12-23 12:11:43 Image size of job updated: 16296
	16  -  MemoryUsage of job (MB)
	16296  -  ResidentSetSize of job (KB)
...
006 (1125.379.000) 2025-12-23 12:13:18 Image size of job updated: 2227648
	16  -  MemoryUsage of job (MB)
	16296  -  ResidentSetSize of job (KB)
...
005 (1125.379.000) 2025-12-23 12:13:18 Job terminated.
	(1) Normal termination (return value 0)
		Usr 0 00:00:23, Sys 0 00:00:07  -  Run Remote Usage
		Usr 0 00:00:00, Sys 0 00:00:00  -  Run Local Usage
		Usr 0 00:00:23, Sys 0 00:00:07  -  Total Remote Usage
		Usr 0 00:00:00, Sys 0 00:00:00  -  Total Local Usage
	0  -  Run Bytes Sent By Job
	0  -  Run Bytes Received By Job
	0  -  Total Bytes Sent By Job
	0  -  Total Bytes Received By Job
	Partitionable Resources :    Usage  Request Allocated 
	   Cpus                 :                 1         1 
	   Disk (KB)            :        1        1     14709 
	   Memory (MB)          :       16     4096      4096 
	   TimeExecute (s)      :      108                    
	   TimeSlotBusy (s)     :      110                    
	   xferslots            :                           0 

	Job terminated of its own accord at 2025-12-23T17:13:18Z with exit-code 0.
...
