000 (1125.376.000) 2025-12-23 12:05:09 Job submitted from host: <130.199.48.160:9618?addrs=[2620-0-210-a002--160]-9618+130.199.48.160-9618&alias=eicsub02.sdcc.bnl.gov&noUDP&sock=schedd_1122_32c5>
...
001 (1125.376.000) 2025-12-23 12:11:27 Job executing on host: <130.199.149.230:9618?addrs=[2620-0-210-9007--230]-9618+130.199.149.230-9618&alias=spool0624.sdcc.bnl.gov&noUDP&sock=startd_380572_5546>
	SlotName: slot1_15@spool0624.sdcc.bnl.gov
	CondorScratchDir = "/home/condor/local/sdcc/execute/dir_1477060"
	Cpus = 1
	Disk = 14709
	Memory = 4096
	xferslots = 0
...
006 (1125.376.000) 2025-12-23 12:11:41 Image size of job updated: 20968
	21  -  MemoryUsage of job (MB)
	20968  -  ResidentSetSize of job (KB)
...
006 (1125.376.000) 2025-12-23 12:13:12 Image size of job updated: 2308028
	21  -  MemoryUsage of job (MB)
	20988  -  ResidentSetSize of job (KB)
...
005 (1125.376.000) 2025-12-23 12:13:12 Job terminated.
	(1) Normal termination (return value 0)
		Usr 0 00:00:29, Sys 0 00:00:07  -  Run Remote Usage
		Usr 0 00:00:00, Sys 0 00:00:00  -  Run Local Usage
		Usr 0 00:00:29, Sys 0 00:00:07  -  Total Remote Usage
		Usr 0 00:00:00, Sys 0 00:00:00  -  Total Local Usage
	0  -  Run Bytes Sent By Job
	0  -  Run Bytes Received By Job
	0  -  Total Bytes Sent By Job
	0  -  Total Bytes Received By Job
	Partitionable Resources :    Usage  Request Allocated 
	   Cpus                 :        0        1         1 
	   Disk (KB)            :        1        1     14709 
	   Memory (MB)          :       21     4096      4096 
	   TimeExecute (s)      :      105                    
	   TimeSlotBusy (s)     :      105                    
	   xferslots            :                           0 

	Job terminated of its own accord at 2025-12-23T17:13:12Z with exit-code 0.
...
