000 (1125.350.000) 2025-12-23 12:05:08 Job submitted from host: <130.199.48.160:9618?addrs=[2620-0-210-a002--160]-9618+130.199.48.160-9618&alias=eicsub02.sdcc.bnl.gov&noUDP&sock=schedd_1122_32c5>
...
001 (1125.350.000) 2025-12-23 12:11:24 Job executing on host: <130.199.201.145:9618?addrs=[2620-0-210-9019--145]-9618+130.199.201.145-9618&alias=spool0103.sdcc.bnl.gov&noUDP&sock=startd_381460_5fb7>
	SlotName: slot1_3@spool0103.sdcc.bnl.gov
	CondorScratchDir = "/home/condor/local/sdcc/execute/dir_3278408"
	Cpus = 1
	Disk = 7408
	Memory = 4096
	xferslots = 0
...
006 (1125.350.000) 2025-12-23 12:11:37 Image size of job updated: 83128
	82  -  MemoryUsage of job (MB)
	83128  -  ResidentSetSize of job (KB)
...
006 (1125.350.000) 2025-12-23 12:12:35 Image size of job updated: 2311796
	82  -  MemoryUsage of job (MB)
	83128  -  ResidentSetSize of job (KB)
...
005 (1125.350.000) 2025-12-23 12:12:35 Job terminated.
	(1) Normal termination (return value 0)
		Usr 0 00:00:40, Sys 0 00:00:04  -  Run Remote Usage
		Usr 0 00:00:00, Sys 0 00:00:00  -  Run Local Usage
		Usr 0 00:00:40, Sys 0 00:00:04  -  Total Remote Usage
		Usr 0 00:00:00, Sys 0 00:00:00  -  Total Local Usage
	0  -  Run Bytes Sent By Job
	0  -  Run Bytes Received By Job
	0  -  Total Bytes Sent By Job
	0  -  Total Bytes Received By Job
	Partitionable Resources :    Usage  Request Allocated 
	   Cpus                 :     0.13        1         1 
	   Disk (KB)            :     1           1      7408 
	   Memory (MB)          :    82        4096      4096 
	   TimeExecute (s)      :    71                       
	   TimeSlotBusy (s)     :    71                       
	   xferslots            :                           0 

	Job terminated of its own accord at 2025-12-23T17:12:35Z with exit-code 0.
...
