000 (1125.408.000) 2025-12-23 12:05:09 Job submitted from host: <130.199.48.160:9618?addrs=[2620-0-210-a002--160]-9618+130.199.48.160-9618&alias=eicsub02.sdcc.bnl.gov&noUDP&sock=schedd_1122_32c5>
...
001 (1125.408.000) 2025-12-23 12:11:39 Job executing on host: <130.199.150.67:9618?addrs=[2620-0-210-9042--67]-9618+130.199.150.67-9618&alias=spool1548.sdcc.bnl.gov&noUDP&sock=startd_95590_20b4>
	SlotName: slot1_2@spool1548.sdcc.bnl.gov
	CondorScratchDir = "/home/condor/local/sdcc/execute/dir_3731536"
	Cpus = 1
	Disk = 7408
	Memory = 4096
	xferslots = 0
...
006 (1125.408.000) 2025-12-23 12:11:47 Image size of job updated: 85148
	84  -  MemoryUsage of job (MB)
	85148  -  ResidentSetSize of job (KB)
...
006 (1125.408.000) 2025-12-23 12:13:05 Image size of job updated: 2218656
	84  -  MemoryUsage of job (MB)
	85148  -  ResidentSetSize of job (KB)
...
005 (1125.408.000) 2025-12-23 12:13:05 Job terminated.
	(1) Normal termination (return value 0)
		Usr 0 00:00:28, Sys 0 00:00:03  -  Run Remote Usage
		Usr 0 00:00:00, Sys 0 00:00:00  -  Run Local Usage
		Usr 0 00:00:28, Sys 0 00:00:03  -  Total Remote Usage
		Usr 0 00:00:00, Sys 0 00:00:00  -  Total Local Usage
	0  -  Run Bytes Sent By Job
	0  -  Run Bytes Received By Job
	0  -  Total Bytes Sent By Job
	0  -  Total Bytes Received By Job
	Partitionable Resources :    Usage  Request Allocated 
	   Cpus                 :        0        1         1 
	   Disk (KB)            :        1        1      7408 
	   Memory (MB)          :       84     4096      4096 
	   TimeExecute (s)      :       86                    
	   TimeSlotBusy (s)     :       87                    
	   xferslots            :                           0 
...
