000 (1125.058.000) 2025-12-23 12:05:08 Job submitted from host: <130.199.48.160:9618?addrs=[2620-0-210-a002--160]-9618+130.199.48.160-9618&alias=eicsub02.sdcc.bnl.gov&noUDP&sock=schedd_1122_32c5>
...
001 (1125.058.000) 2025-12-23 12:07:41 Job executing on host: <130.199.157.132:9618?addrs=[2620-0-210-9006--132]-9618+130.199.157.132-9618&alias=spool0672.sdcc.bnl.gov&noUDP&sock=startd_919985_bcec>
	SlotName: slot1_12@spool0672.sdcc.bnl.gov
	CondorScratchDir = "/home/condor/local/sdcc/execute/dir_497160"
	Cpus = 1
	Disk = 14709
	Memory = 4096
	xferslots = 0
...
006 (1125.058.000) 2025-12-23 12:07:55 Image size of job updated: 11220
	11  -  MemoryUsage of job (MB)
	11220  -  ResidentSetSize of job (KB)
...
006 (1125.058.000) 2025-12-23 12:11:57 Image size of job updated: 2164468
	11  -  MemoryUsage of job (MB)
	11220  -  ResidentSetSize of job (KB)
...
005 (1125.058.000) 2025-12-23 12:11:58 Job terminated.
	(1) Normal termination (return value 0)
		Usr 0 00:00:23, Sys 0 00:00:04  -  Run Remote Usage
		Usr 0 00:00:00, Sys 0 00:00:00  -  Run Local Usage
		Usr 0 00:00:23, Sys 0 00:00:04  -  Total Remote Usage
		Usr 0 00:00:00, Sys 0 00:00:00  -  Total Local Usage
	0  -  Run Bytes Sent By Job
	0  -  Run Bytes Received By Job
	0  -  Total Bytes Sent By Job
	0  -  Total Bytes Received By Job
	Partitionable Resources :    Usage  Request Allocated 
	   Cpus                 :     0.11        1         1 
	   Disk (KB)            :     1           1     14709 
	   Memory (MB)          :    11        4096      4096 
	   TimeExecute (s)      :   256                       
	   TimeSlotBusy (s)     :   260                       
	   xferslots            :                           0 

	Job terminated of its own accord at 2025-12-23T17:11:57Z with exit-code 0.
...
