000 (1125.394.000) 2025-12-23 12:05:09 Job submitted from host: <130.199.48.160:9618?addrs=[2620-0-210-a002--160]-9618+130.199.48.160-9618&alias=eicsub02.sdcc.bnl.gov&noUDP&sock=schedd_1122_32c5>
...
001 (1125.394.000) 2025-12-23 12:11:26 Job executing on host: <130.199.207.220:9618?addrs=[2620-0-210-9040--220]-9618+130.199.207.220-9618&alias=spool1507.sdcc.bnl.gov&noUDP&sock=startd_25370_625b>
	SlotName: slot1_11@spool1507.sdcc.bnl.gov
	CondorScratchDir = "/home/condor/local/sdcc/execute/dir_3271325"
	Cpus = 1
	Disk = 7408
	Memory = 4096
	xferslots = 0
...
006 (1125.394.000) 2025-12-23 12:11:35 Image size of job updated: 82168
	81  -  MemoryUsage of job (MB)
	82168  -  ResidentSetSize of job (KB)
...
006 (1125.394.000) 2025-12-23 12:12:41 Image size of job updated: 2261696
	81  -  MemoryUsage of job (MB)
	82168  -  ResidentSetSize of job (KB)
...
005 (1125.394.000) 2025-12-23 12:12:41 Job terminated.
	(1) Normal termination (return value 0)
		Usr 0 00:00:29, Sys 0 00:00:02  -  Run Remote Usage
		Usr 0 00:00:00, Sys 0 00:00:00  -  Run Local Usage
		Usr 0 00:00:29, Sys 0 00:00:02  -  Total Remote Usage
		Usr 0 00:00:00, Sys 0 00:00:00  -  Total Local Usage
	0  -  Run Bytes Sent By Job
	0  -  Run Bytes Received By Job
	0  -  Total Bytes Sent By Job
	0  -  Total Bytes Received By Job
	Partitionable Resources :    Usage  Request Allocated 
	   Cpus                 :        0        1         1 
	   Disk (KB)            :        1        1      7408 
	   Memory (MB)          :       81     4096      4096 
	   TimeExecute (s)      :       75                    
	   TimeSlotBusy (s)     :       75                    
	   xferslots            :                           0 
...
