000 (1125.057.000) 2025-12-23 12:05:08 Job submitted from host: <130.199.48.160:9618?addrs=[2620-0-210-a002--160]-9618+130.199.48.160-9618&alias=eicsub02.sdcc.bnl.gov&noUDP&sock=schedd_1122_32c5>
...
001 (1125.057.000) 2025-12-23 12:07:38 Job executing on host: <130.199.201.153:9618?addrs=[2620-0-210-9019--153]-9618+130.199.201.153-9618&alias=spool0111.sdcc.bnl.gov&noUDP&sock=startd_416045_16fc>
	SlotName: slot1_78@spool0111.sdcc.bnl.gov
	CondorScratchDir = "/home/condor/local/sdcc/execute/dir_4002169"
	Cpus = 1
	Disk = 7408
	Memory = 4096
	xferslots = 0
...
006 (1125.057.000) 2025-12-23 12:07:51 Image size of job updated: 59784
	59  -  MemoryUsage of job (MB)
	59784  -  ResidentSetSize of job (KB)
...
006 (1125.057.000) 2025-12-23 12:08:57 Image size of job updated: 2244376
	59  -  MemoryUsage of job (MB)
	59784  -  ResidentSetSize of job (KB)
...
005 (1125.057.000) 2025-12-23 12:08:57 Job terminated.
	(1) Normal termination (return value 0)
		Usr 0 00:00:40, Sys 0 00:00:06  -  Run Remote Usage
		Usr 0 00:00:00, Sys 0 00:00:00  -  Run Local Usage
		Usr 0 00:00:40, Sys 0 00:00:06  -  Total Remote Usage
		Usr 0 00:00:00, Sys 0 00:00:00  -  Total Local Usage
	0  -  Run Bytes Sent By Job
	0  -  Run Bytes Received By Job
	0  -  Total Bytes Sent By Job
	0  -  Total Bytes Received By Job
	Partitionable Resources :    Usage  Request Allocated 
	   Cpus                 :        0        1         1 
	   Disk (KB)            :        1        1      7408 
	   Memory (MB)          :       59     4096      4096 
	   TimeExecute (s)      :       79                    
	   TimeSlotBusy (s)     :       80                    
	   xferslots            :                           0 

	Job terminated of its own accord at 2025-12-23T17:08:57Z with exit-code 0.
...
