000 (1125.380.000) 2025-12-23 12:05:09 Job submitted from host: <130.199.48.160:9618?addrs=[2620-0-210-a002--160]-9618+130.199.48.160-9618&alias=eicsub02.sdcc.bnl.gov&noUDP&sock=schedd_1122_32c5>
...
001 (1125.380.000) 2025-12-23 12:11:27 Job executing on host: <130.199.149.238:9618?addrs=[2620-0-210-9007--238]-9618+130.199.149.238-9618&alias=spool0632.sdcc.bnl.gov&noUDP&sock=startd_1517466_ee8b>
	SlotName: slot1_14@spool0632.sdcc.bnl.gov
	CondorScratchDir = "/home/condor/local/sdcc/execute/dir_2312180"
	Cpus = 1
	Disk = 14709
	Memory = 4096
	xferslots = 0
...
006 (1125.380.000) 2025-12-23 12:11:41 Image size of job updated: 24500
	24  -  MemoryUsage of job (MB)
	24500  -  ResidentSetSize of job (KB)
...
006 (1125.380.000) 2025-12-23 12:13:09 Image size of job updated: 2303736
	24  -  MemoryUsage of job (MB)
	24500  -  ResidentSetSize of job (KB)
...
005 (1125.380.000) 2025-12-23 12:13:09 Job terminated.
	(1) Normal termination (return value 0)
		Usr 0 00:00:30, Sys 0 00:00:08  -  Run Remote Usage
		Usr 0 00:00:00, Sys 0 00:00:00  -  Run Local Usage
		Usr 0 00:00:30, Sys 0 00:00:08  -  Total Remote Usage
		Usr 0 00:00:00, Sys 0 00:00:00  -  Total Local Usage
	0  -  Run Bytes Sent By Job
	0  -  Run Bytes Received By Job
	0  -  Total Bytes Sent By Job
	0  -  Total Bytes Received By Job
	Partitionable Resources :    Usage  Request Allocated 
	   Cpus                 :        0        1         1 
	   Disk (KB)            :        1        1     14709 
	   Memory (MB)          :       24     4096      4096 
	   TimeExecute (s)      :      102                    
	   TimeSlotBusy (s)     :      102                    
	   xferslots            :                           0 

	Job terminated of its own accord at 2025-12-23T17:13:09Z with exit-code 0.
...
