000 (1125.030.000) 2025-12-23 12:05:08 Job submitted from host: <130.199.48.160:9618?addrs=[2620-0-210-a002--160]-9618+130.199.48.160-9618&alias=eicsub02.sdcc.bnl.gov&noUDP&sock=schedd_1122_32c5>
...
001 (1125.030.000) 2025-12-23 12:07:11 Job executing on host: <130.199.149.81:9618?addrs=[2620-0-210-9008--81]-9618+130.199.149.81-9618&alias=spool0215.sdcc.bnl.gov&noUDP&sock=startd_55753_385c>
	SlotName: slot1_24@spool0215.sdcc.bnl.gov
	CondorScratchDir = "/home/condor/local/sdcc/execute/dir_2735272"
	Cpus = 1
	Disk = 14765
	Memory = 4096
	xferslots = 0
...
006 (1125.030.000) 2025-12-23 12:07:24 Image size of job updated: 15168
	15  -  MemoryUsage of job (MB)
	15168  -  ResidentSetSize of job (KB)
...
006 (1125.030.000) 2025-12-23 12:09:02 Image size of job updated: 2272328
	15  -  MemoryUsage of job (MB)
	15176  -  ResidentSetSize of job (KB)
...
005 (1125.030.000) 2025-12-23 12:09:02 Job terminated.
	(1) Normal termination (return value 0)
		Usr 0 00:00:28, Sys 0 00:00:06  -  Run Remote Usage
		Usr 0 00:00:00, Sys 0 00:00:00  -  Run Local Usage
		Usr 0 00:00:28, Sys 0 00:00:06  -  Total Remote Usage
		Usr 0 00:00:00, Sys 0 00:00:00  -  Total Local Usage
	0  -  Run Bytes Sent By Job
	0  -  Run Bytes Received By Job
	0  -  Total Bytes Sent By Job
	0  -  Total Bytes Received By Job
	Partitionable Resources :    Usage  Request Allocated 
	   Cpus                 :     0.39        1         1 
	   Disk (KB)            :     1           1     14765 
	   Memory (MB)          :    15        4096      4096 
	   TimeExecute (s)      :   111                       
	   TimeSlotBusy (s)     :   112                       
	   xferslots            :                           0 

	Job terminated of its own accord at 2025-12-23T17:09:02Z with exit-code 0.
...
