000 (1125.332.000) 2025-12-23 12:05:08 Job submitted from host: <130.199.48.160:9618?addrs=[2620-0-210-a002--160]-9618+130.199.48.160-9618&alias=eicsub02.sdcc.bnl.gov&noUDP&sock=schedd_1122_32c5>
...
001 (1125.332.000) 2025-12-23 12:11:16 Job executing on host: <130.199.149.98:9618?addrs=[2620-0-210-9009--98]-9618+130.199.149.98-9618&alias=spool0226.sdcc.bnl.gov&noUDP&sock=startd_384084_d636>
	SlotName: slot1_48@spool0226.sdcc.bnl.gov
	CondorScratchDir = "/home/condor/local/sdcc/execute/dir_2486380"
	Cpus = 1
	Disk = 14765
	Memory = 4096
	xferslots = 0
...
006 (1125.332.000) 2025-12-23 12:11:30 Image size of job updated: 90104
	88  -  MemoryUsage of job (MB)
	90104  -  ResidentSetSize of job (KB)
...
006 (1125.332.000) 2025-12-23 12:12:52 Image size of job updated: 2292816
	88  -  MemoryUsage of job (MB)
	90104  -  ResidentSetSize of job (KB)
...
005 (1125.332.000) 2025-12-23 12:12:52 Job terminated.
	(1) Normal termination (return value 0)
		Usr 0 00:00:24, Sys 0 00:00:07  -  Run Remote Usage
		Usr 0 00:00:00, Sys 0 00:00:00  -  Run Local Usage
		Usr 0 00:00:24, Sys 0 00:00:07  -  Total Remote Usage
		Usr 0 00:00:00, Sys 0 00:00:00  -  Total Local Usage
	0  -  Run Bytes Sent By Job
	0  -  Run Bytes Received By Job
	0  -  Total Bytes Sent By Job
	0  -  Total Bytes Received By Job
	Partitionable Resources :    Usage  Request Allocated 
	   Cpus                 :     0.22        1         1 
	   Disk (KB)            :     1           1     14765 
	   Memory (MB)          :    88        4096      4096 
	   TimeExecute (s)      :    96                       
	   TimeSlotBusy (s)     :    96                       
	   xferslots            :                           0 

	Job terminated of its own accord at 2025-12-23T17:12:52Z with exit-code 0.
...
