000 (1125.164.000) 2025-12-23 12:05:08 Job submitted from host: <130.199.48.160:9618?addrs=[2620-0-210-a002--160]-9618+130.199.48.160-9618&alias=eicsub02.sdcc.bnl.gov&noUDP&sock=schedd_1122_32c5>
...
001 (1125.164.000) 2025-12-23 12:09:22 Job executing on host: <130.199.207.211:9618?addrs=[2620-0-210-9040--211]-9618+130.199.207.211-9618&alias=spool1498.sdcc.bnl.gov&noUDP&sock=startd_25557_913e>
	SlotName: slot1_22@spool1498.sdcc.bnl.gov
	CondorScratchDir = "/home/condor/local/sdcc/execute/dir_735684"
	Cpus = 1
	Disk = 7408
	Memory = 4096
	xferslots = 0
...
006 (1125.164.000) 2025-12-23 12:09:30 Image size of job updated: 84252
	83  -  MemoryUsage of job (MB)
	84252  -  ResidentSetSize of job (KB)
...
006 (1125.164.000) 2025-12-23 12:10:43 Image size of job updated: 2301896
	83  -  MemoryUsage of job (MB)
	84252  -  ResidentSetSize of job (KB)
...
005 (1125.164.000) 2025-12-23 12:10:43 Job terminated.
	(1) Normal termination (return value 0)
		Usr 0 00:00:30, Sys 0 00:00:03  -  Run Remote Usage
		Usr 0 00:00:00, Sys 0 00:00:00  -  Run Local Usage
		Usr 0 00:00:30, Sys 0 00:00:03  -  Total Remote Usage
		Usr 0 00:00:00, Sys 0 00:00:00  -  Total Local Usage
	0  -  Run Bytes Sent By Job
	0  -  Run Bytes Received By Job
	0  -  Total Bytes Sent By Job
	0  -  Total Bytes Received By Job
	Partitionable Resources :    Usage  Request Allocated 
	   Cpus                 :        0        1         1 
	   Disk (KB)            :        1        1      7408 
	   Memory (MB)          :       83     4096      4096 
	   TimeExecute (s)      :       81                    
	   TimeSlotBusy (s)     :       81                    
	   xferslots            :                           0 
...
