000 (1125.166.000) 2025-12-23 12:05:08 Job submitted from host: <130.199.48.160:9618?addrs=[2620-0-210-a002--160]-9618+130.199.48.160-9618&alias=eicsub02.sdcc.bnl.gov&noUDP&sock=schedd_1122_32c5>
...
001 (1125.166.000) 2025-12-23 12:09:23 Job executing on host: <130.199.157.166:9618?addrs=[2620-0-210-9018--166]-9618+130.199.157.166-9618&alias=spool0838.sdcc.bnl.gov&noUDP&sock=startd_108005_518a>
	SlotName: slot1_1@spool0838.sdcc.bnl.gov
	CondorScratchDir = "/home/condor/local/sdcc/execute/dir_1038735"
	Cpus = 1
	Disk = 7408
	Memory = 4096
	xferslots = 0
...
006 (1125.166.000) 2025-12-23 12:09:32 Image size of job updated: 59908
	59  -  MemoryUsage of job (MB)
	59908  -  ResidentSetSize of job (KB)
...
006 (1125.166.000) 2025-12-23 12:10:56 Image size of job updated: 2295668
	59  -  MemoryUsage of job (MB)
	59908  -  ResidentSetSize of job (KB)
...
005 (1125.166.000) 2025-12-23 12:10:56 Job terminated.
	(1) Normal termination (return value 0)
		Usr 0 00:00:39, Sys 0 00:00:06  -  Run Remote Usage
		Usr 0 00:00:00, Sys 0 00:00:00  -  Run Local Usage
		Usr 0 00:00:39, Sys 0 00:00:06  -  Total Remote Usage
		Usr 0 00:00:00, Sys 0 00:00:00  -  Total Local Usage
	0  -  Run Bytes Sent By Job
	0  -  Run Bytes Received By Job
	0  -  Total Bytes Sent By Job
	0  -  Total Bytes Received By Job
	Partitionable Resources :    Usage  Request Allocated 
	   Cpus                 :     0.27        1         1 
	   Disk (KB)            :     1           1      7408 
	   Memory (MB)          :    59        4096      4096 
	   TimeExecute (s)      :    93                       
	   TimeSlotBusy (s)     :    93                       
	   xferslots            :                           0 
...
