000 (1125.363.000) 2025-12-23 12:05:09 Job submitted from host: <130.199.48.160:9618?addrs=[2620-0-210-a002--160]-9618+130.199.48.160-9618&alias=eicsub02.sdcc.bnl.gov&noUDP&sock=schedd_1122_32c5>
...
001 (1125.363.000) 2025-12-23 12:11:27 Job executing on host: <130.199.157.139:9618?addrs=[2620-0-210-9006--139]-9618+130.199.157.139-9618&alias=spool0679.sdcc.bnl.gov&noUDP&sock=startd_389152_cb77>
	SlotName: slot1_8@spool0679.sdcc.bnl.gov
	CondorScratchDir = "/home/condor/local/sdcc/execute/dir_4103305"
	Cpus = 1
	Disk = 14709
	Memory = 4096
	xferslots = 0
...
006 (1125.363.000) 2025-12-23 12:11:41 Image size of job updated: 36100
	36  -  MemoryUsage of job (MB)
	36100  -  ResidentSetSize of job (KB)
...
006 (1125.363.000) 2025-12-23 12:13:04 Image size of job updated: 2179984
	36  -  MemoryUsage of job (MB)
	36100  -  ResidentSetSize of job (KB)
...
005 (1125.363.000) 2025-12-23 12:13:04 Job terminated.
	(1) Normal termination (return value 0)
		Usr 0 00:00:31, Sys 0 00:00:05  -  Run Remote Usage
		Usr 0 00:00:00, Sys 0 00:00:00  -  Run Local Usage
		Usr 0 00:00:31, Sys 0 00:00:05  -  Total Remote Usage
		Usr 0 00:00:00, Sys 0 00:00:00  -  Total Local Usage
	0  -  Run Bytes Sent By Job
	0  -  Run Bytes Received By Job
	0  -  Total Bytes Sent By Job
	0  -  Total Bytes Received By Job
	Partitionable Resources :    Usage  Request Allocated 
	   Cpus                 :        0        1         1 
	   Disk (KB)            :        1        1     14709 
	   Memory (MB)          :       36     4096      4096 
	   TimeExecute (s)      :       97                    
	   TimeSlotBusy (s)     :       97                    
	   xferslots            :                           0 

	Job terminated of its own accord at 2025-12-23T17:13:04Z with exit-code 0.
...
