000 (1125.245.000) 2025-12-23 12:05:08 Job submitted from host: <130.199.48.160:9618?addrs=[2620-0-210-a002--160]-9618+130.199.48.160-9618&alias=eicsub02.sdcc.bnl.gov&noUDP&sock=schedd_1122_32c5>
...
001 (1125.245.000) 2025-12-23 12:10:19 Job executing on host: <130.199.149.244:9618?addrs=[2620-0-210-9007--244]-9618+130.199.149.244-9618&alias=spool0638.sdcc.bnl.gov&noUDP&sock=startd_383600_a829>
	SlotName: slot1_1@spool0638.sdcc.bnl.gov
	CondorScratchDir = "/home/condor/local/sdcc/execute/dir_4097040"
	Cpus = 1
	Disk = 14709
	Memory = 4096
	xferslots = 0
...
006 (1125.245.000) 2025-12-23 12:10:33 Image size of job updated: 87124
	86  -  MemoryUsage of job (MB)
	87124  -  ResidentSetSize of job (KB)
...
006 (1125.245.000) 2025-12-23 12:11:44 Image size of job updated: 2297804
	86  -  MemoryUsage of job (MB)
	87124  -  ResidentSetSize of job (KB)
...
005 (1125.245.000) 2025-12-23 12:11:44 Job terminated.
	(1) Normal termination (return value 0)
		Usr 0 00:00:30, Sys 0 00:00:07  -  Run Remote Usage
		Usr 0 00:00:00, Sys 0 00:00:00  -  Run Local Usage
		Usr 0 00:00:30, Sys 0 00:00:07  -  Total Remote Usage
		Usr 0 00:00:00, Sys 0 00:00:00  -  Total Local Usage
	0  -  Run Bytes Sent By Job
	0  -  Run Bytes Received By Job
	0  -  Total Bytes Sent By Job
	0  -  Total Bytes Received By Job
	Partitionable Resources :    Usage  Request Allocated 
	   Cpus                 :        0        1         1 
	   Disk (KB)            :        1        1     14709 
	   Memory (MB)          :       86     4096      4096 
	   TimeExecute (s)      :       85                    
	   TimeSlotBusy (s)     :       85                    
	   xferslots            :                           0 

	Job terminated of its own accord at 2025-12-23T17:11:44Z with exit-code 0.
...
