000 (1125.338.000) 2025-12-23 12:05:08 Job submitted from host: <130.199.48.160:9618?addrs=[2620-0-210-a002--160]-9618+130.199.48.160-9618&alias=eicsub02.sdcc.bnl.gov&noUDP&sock=schedd_1122_32c5>
...
001 (1125.338.000) 2025-12-23 12:11:18 Job executing on host: <130.199.201.147:9618?addrs=[2620-0-210-9019--147]-9618+130.199.201.147-9618&alias=spool0105.sdcc.bnl.gov&noUDP&sock=startd_370381_02a0>
	SlotName: slot1_45@spool0105.sdcc.bnl.gov
	CondorScratchDir = "/home/condor/local/sdcc/execute/dir_1252464"
	Cpus = 1
	Disk = 7408
	Memory = 4096
	xferslots = 0
...
006 (1125.338.000) 2025-12-23 12:11:31 Image size of job updated: 81540
	80  -  MemoryUsage of job (MB)
	81540  -  ResidentSetSize of job (KB)
...
006 (1125.338.000) 2025-12-23 12:12:31 Image size of job updated: 2314400
	80  -  MemoryUsage of job (MB)
	81540  -  ResidentSetSize of job (KB)
...
005 (1125.338.000) 2025-12-23 12:12:31 Job terminated.
	(1) Normal termination (return value 0)
		Usr 0 00:00:40, Sys 0 00:00:05  -  Run Remote Usage
		Usr 0 00:00:00, Sys 0 00:00:00  -  Run Local Usage
		Usr 0 00:00:40, Sys 0 00:00:05  -  Total Remote Usage
		Usr 0 00:00:00, Sys 0 00:00:00  -  Total Local Usage
	0  -  Run Bytes Sent By Job
	0  -  Run Bytes Received By Job
	0  -  Total Bytes Sent By Job
	0  -  Total Bytes Received By Job
	Partitionable Resources :    Usage  Request Allocated 
	   Cpus                 :        0        1         1 
	   Disk (KB)            :        1        1      7408 
	   Memory (MB)          :       80     4096      4096 
	   TimeExecute (s)      :       73                    
	   TimeSlotBusy (s)     :       73                    
	   xferslots            :                           0 

	Job terminated of its own accord at 2025-12-23T17:12:31Z with exit-code 0.
...
