000 (1130.017.000) 2025-12-25 14:15:49 Job submitted from host: <130.199.48.160:9618?addrs=[2620-0-210-a002--160]-9618+130.199.48.160-9618&alias=eicsub02.sdcc.bnl.gov&noUDP&sock=schedd_1122_32c5>
...
001 (1130.017.000) 2025-12-25 14:16:34 Job executing on host: <130.199.201.155:9618?addrs=[2620-0-210-9019--155]-9618+130.199.201.155-9618&alias=spool0113.sdcc.bnl.gov&noUDP&sock=startd_146829_9fd8>
	SlotName: slot1_60@spool0113.sdcc.bnl.gov
	CondorScratchDir = "/home/condor/local/sdcc/execute/dir_3240478"
	Cpus = 1
	Disk = 7408
	Memory = 4096
	xferslots = 0
...
006 (1130.017.000) 2025-12-25 14:16:47 Image size of job updated: 59204
	58  -  MemoryUsage of job (MB)
	59204  -  ResidentSetSize of job (KB)
...
006 (1130.017.000) 2025-12-25 14:21:47 Image size of job updated: 2018424
	1972  -  MemoryUsage of job (MB)
	2018424  -  ResidentSetSize of job (KB)
...
006 (1130.017.000) 2025-12-25 14:26:48 Image size of job updated: 2023344
	1975  -  MemoryUsage of job (MB)
	2021892  -  ResidentSetSize of job (KB)
...
006 (1130.017.000) 2025-12-25 14:31:48 Image size of job updated: 2040280
	1993  -  MemoryUsage of job (MB)
	2040228  -  ResidentSetSize of job (KB)
...
006 (1130.017.000) 2025-12-25 14:36:49 Image size of job updated: 2042160
	1993  -  MemoryUsage of job (MB)
	2040488  -  ResidentSetSize of job (KB)
...
006 (1130.017.000) 2025-12-25 14:38:55 Image size of job updated: 2352896
	1993  -  MemoryUsage of job (MB)
	2040488  -  ResidentSetSize of job (KB)
...
005 (1130.017.000) 2025-12-25 14:38:55 Job terminated.
	(1) Normal termination (return value 0)
		Usr 0 00:19:30, Sys 0 00:00:10  -  Run Remote Usage
		Usr 0 00:00:00, Sys 0 00:00:00  -  Run Local Usage
		Usr 0 00:19:30, Sys 0 00:00:10  -  Total Remote Usage
		Usr 0 00:00:00, Sys 0 00:00:00  -  Total Local Usage
	0  -  Run Bytes Sent By Job
	0  -  Run Bytes Received By Job
	0  -  Total Bytes Sent By Job
	0  -  Total Bytes Received By Job
	Partitionable Resources :    Usage  Request Allocated 
	   Cpus                 :     0.94        1         1 
	   Disk (KB)            :     1           1      7408 
	   Memory (MB)          :  1993        4096      4096 
	   TimeExecute (s)      :  1341                       
	   TimeSlotBusy (s)     :  1341                       
	   xferslots            :                           0 

	Job terminated of its own accord at 2025-12-25T19:38:55Z with exit-code 0.
...
