000 (1130.000.000) 2025-12-25 14:15:49 Job submitted from host: <130.199.48.160:9618?addrs=[2620-0-210-a002--160]-9618+130.199.48.160-9618&alias=eicsub02.sdcc.bnl.gov&noUDP&sock=schedd_1122_32c5>
...
001 (1130.000.000) 2025-12-25 14:15:57 Job executing on host: <130.199.186.4:9618?addrs=[2620-0-210-9053--4]-9618+130.199.186.4-9618&alias=spool1801.sdcc.bnl.gov&noUDP&sock=startd_25443_7ce0>
	SlotName: slot1_45@spool1801.sdcc.bnl.gov
	CondorScratchDir = "/home/condor/local/sdcc/execute/dir_803981"
	Cpus = 1
	Disk = 7408
	Memory = 4096
	xferslots = 0
...
006 (1130.000.000) 2025-12-25 14:16:06 Image size of job updated: 93300
	92  -  MemoryUsage of job (MB)
	93300  -  ResidentSetSize of job (KB)
...
006 (1130.000.000) 2025-12-25 14:21:07 Image size of job updated: 2019808
	1950  -  MemoryUsage of job (MB)
	1996048  -  ResidentSetSize of job (KB)
...
006 (1130.000.000) 2025-12-25 14:26:07 Image size of job updated: 2020568
	1954  -  MemoryUsage of job (MB)
	2000044  -  ResidentSetSize of job (KB)
...
006 (1130.000.000) 2025-12-25 14:31:08 Image size of job updated: 2025976
	1979  -  MemoryUsage of job (MB)
	2025800  -  ResidentSetSize of job (KB)
...
006 (1130.000.000) 2025-12-25 14:36:08 Image size of job updated: 2323032
	2269  -  MemoryUsage of job (MB)
	2323032  -  ResidentSetSize of job (KB)
...
006 (1130.000.000) 2025-12-25 14:36:10 Image size of job updated: 2332648
	2269  -  MemoryUsage of job (MB)
	2323048  -  ResidentSetSize of job (KB)
...
005 (1130.000.000) 2025-12-25 14:36:10 Job terminated.
	(1) Normal termination (return value 0)
		Usr 0 00:17:52, Sys 0 00:00:09  -  Run Remote Usage
		Usr 0 00:00:00, Sys 0 00:00:00  -  Run Local Usage
		Usr 0 00:17:52, Sys 0 00:00:09  -  Total Remote Usage
		Usr 0 00:00:00, Sys 0 00:00:00  -  Total Local Usage
	0  -  Run Bytes Sent By Job
	0  -  Run Bytes Received By Job
	0  -  Total Bytes Sent By Job
	0  -  Total Bytes Received By Job
	Partitionable Resources :    Usage  Request Allocated 
	   Cpus                 :     0.91        1         1 
	   Disk (KB)            :     1           1      7408 
	   Memory (MB)          :  2269        4096      4096 
	   TimeExecute (s)      :  1213                       
	   TimeSlotBusy (s)     :  1213                       
	   xferslots            :                           0 
...
