000 (1130.008.000) 2025-12-25 14:15:49 Job submitted from host: <130.199.48.160:9618?addrs=[2620-0-210-a002--160]-9618+130.199.48.160-9618&alias=eicsub02.sdcc.bnl.gov&noUDP&sock=schedd_1122_32c5>
...
001 (1130.008.000) 2025-12-25 14:15:58 Job executing on host: <130.199.149.162:9618?addrs=[2620-0-210-9011--162]-9618+130.199.149.162-9618&alias=spool0278.sdcc.bnl.gov&noUDP&sock=startd_59664_0095>
	SlotName: slot1_35@spool0278.sdcc.bnl.gov
	CondorScratchDir = "/home/condor/local/sdcc/execute/dir_3041675"
	Cpus = 1
	Disk = 14765
	Memory = 4096
	xferslots = 0
...
006 (1130.008.000) 2025-12-25 14:16:11 Image size of job updated: 11796
	12  -  MemoryUsage of job (MB)
	11796  -  ResidentSetSize of job (KB)
...
006 (1130.008.000) 2025-12-25 14:21:11 Image size of job updated: 2021008
	1974  -  MemoryUsage of job (MB)
	2020956  -  ResidentSetSize of job (KB)
...
006 (1130.008.000) 2025-12-25 14:26:12 Image size of job updated: 2021660
	1975  -  MemoryUsage of job (MB)
	2021660  -  ResidentSetSize of job (KB)
...
006 (1130.008.000) 2025-12-25 14:31:13 Image size of job updated: 2022916
	1976  -  MemoryUsage of job (MB)
	2022916  -  ResidentSetSize of job (KB)
...
006 (1130.008.000) 2025-12-25 14:36:13 Image size of job updated: 2028072
	1981  -  MemoryUsage of job (MB)
	2027896  -  ResidentSetSize of job (KB)
...
006 (1130.008.000) 2025-12-25 14:40:03 Image size of job updated: 2255460
	1981  -  MemoryUsage of job (MB)
	2027896  -  ResidentSetSize of job (KB)
...
005 (1130.008.000) 2025-12-25 14:40:03 Job terminated.
	(1) Normal termination (return value 0)
		Usr 0 00:16:02, Sys 0 00:00:30  -  Run Remote Usage
		Usr 0 00:00:00, Sys 0 00:00:00  -  Run Local Usage
		Usr 0 00:16:02, Sys 0 00:00:30  -  Total Remote Usage
		Usr 0 00:00:00, Sys 0 00:00:00  -  Total Local Usage
	0  -  Run Bytes Sent By Job
	0  -  Run Bytes Received By Job
	0  -  Total Bytes Sent By Job
	0  -  Total Bytes Received By Job
	Partitionable Resources :    Usage  Request Allocated 
	   Cpus                 :     0.78        1         1 
	   Disk (KB)            :     1           1     14765 
	   Memory (MB)          :  1981        4096      4096 
	   TimeExecute (s)      :  1445                       
	   TimeSlotBusy (s)     :  1446                       
	   xferslots            :                           0 

	Job terminated of its own accord at 2025-12-25T19:40:03Z with exit-code 0.
...
