000 (1130.014.000) 2025-12-25 14:15:49 Job submitted from host: <130.199.48.160:9618?addrs=[2620-0-210-a002--160]-9618+130.199.48.160-9618&alias=eicsub02.sdcc.bnl.gov&noUDP&sock=schedd_1122_32c5>
...
001 (1130.014.000) 2025-12-25 14:16:34 Job executing on host: <130.199.201.145:9618?addrs=[2620-0-210-9019--145]-9618+130.199.201.145-9618&alias=spool0103.sdcc.bnl.gov&noUDP&sock=startd_381460_5fb7>
	SlotName: slot1_52@spool0103.sdcc.bnl.gov
	CondorScratchDir = "/home/condor/local/sdcc/execute/dir_1083258"
	Cpus = 1
	Disk = 7408
	Memory = 4096
	xferslots = 0
...
006 (1130.014.000) 2025-12-25 14:16:47 Image size of job updated: 62072
	61  -  MemoryUsage of job (MB)
	62072  -  ResidentSetSize of job (KB)
...
006 (1130.014.000) 2025-12-25 14:21:47 Image size of job updated: 2021104
	1974  -  MemoryUsage of job (MB)
	2021104  -  ResidentSetSize of job (KB)
...
006 (1130.014.000) 2025-12-25 14:26:48 Image size of job updated: 2022152
	1975  -  MemoryUsage of job (MB)
	2022152  -  ResidentSetSize of job (KB)
...
006 (1130.014.000) 2025-12-25 14:31:49 Image size of job updated: 2027004
	1980  -  MemoryUsage of job (MB)
	2026536  -  ResidentSetSize of job (KB)
...
006 (1130.014.000) 2025-12-25 14:36:49 Image size of job updated: 2027212
	1980  -  MemoryUsage of job (MB)
	2027212  -  ResidentSetSize of job (KB)
...
006 (1130.014.000) 2025-12-25 14:39:33 Image size of job updated: 2334000
	1980  -  MemoryUsage of job (MB)
	2027212  -  ResidentSetSize of job (KB)
...
005 (1130.014.000) 2025-12-25 14:39:33 Job terminated.
	(1) Normal termination (return value 0)
		Usr 0 00:19:51, Sys 0 00:00:11  -  Run Remote Usage
		Usr 0 00:00:00, Sys 0 00:00:00  -  Run Local Usage
		Usr 0 00:19:51, Sys 0 00:00:11  -  Total Remote Usage
		Usr 0 00:00:00, Sys 0 00:00:00  -  Total Local Usage
	0  -  Run Bytes Sent By Job
	0  -  Run Bytes Received By Job
	0  -  Total Bytes Sent By Job
	0  -  Total Bytes Received By Job
	Partitionable Resources :    Usage  Request Allocated 
	   Cpus                 :     0.89        1         1 
	   Disk (KB)            :     1           1      7408 
	   Memory (MB)          :  1980        4096      4096 
	   TimeExecute (s)      :  1379                       
	   TimeSlotBusy (s)     :  1380                       
	   xferslots            :                           0 

	Job terminated of its own accord at 2025-12-25T19:39:33Z with exit-code 0.
...
