000 (1130.002.000) 2025-12-25 14:15:49 Job submitted from host: <130.199.48.160:9618?addrs=[2620-0-210-a002--160]-9618+130.199.48.160-9618&alias=eicsub02.sdcc.bnl.gov&noUDP&sock=schedd_1122_32c5>
...
001 (1130.002.000) 2025-12-25 14:15:58 Job executing on host: <130.199.149.227:9618?addrs=[2620-0-210-9007--227]-9618+130.199.149.227-9618&alias=spool0621.sdcc.bnl.gov&noUDP&sock=startd_380902_c620>
	SlotName: slot1_17@spool0621.sdcc.bnl.gov
	CondorScratchDir = "/home/condor/local/sdcc/execute/dir_878470"
	Cpus = 1
	Disk = 14709
	Memory = 4096
	xferslots = 0
...
006 (1130.002.000) 2025-12-25 14:16:11 Image size of job updated: 20260
	20  -  MemoryUsage of job (MB)
	20260  -  ResidentSetSize of job (KB)
...
006 (1130.002.000) 2025-12-25 14:21:11 Image size of job updated: 2020968
	1974  -  MemoryUsage of job (MB)
	2020968  -  ResidentSetSize of job (KB)
...
006 (1130.002.000) 2025-12-25 14:26:12 Image size of job updated: 2021380
	1974  -  MemoryUsage of job (MB)
	2020968  -  ResidentSetSize of job (KB)
...
006 (1130.002.000) 2025-12-25 14:31:12 Image size of job updated: 2021860
	1975  -  MemoryUsage of job (MB)
	2021860  -  ResidentSetSize of job (KB)
...
006 (1130.002.000) 2025-12-25 14:36:12 Image size of job updated: 2026468
	1975  -  MemoryUsage of job (MB)
	2021860  -  ResidentSetSize of job (KB)
...
006 (1130.002.000) 2025-12-25 14:41:13 Image size of job updated: 2028288
	1981  -  MemoryUsage of job (MB)
	2028288  -  ResidentSetSize of job (KB)
...
006 (1130.002.000) 2025-12-25 14:44:12 Image size of job updated: 2335812
	1981  -  MemoryUsage of job (MB)
	2028288  -  ResidentSetSize of job (KB)
...
005 (1130.002.000) 2025-12-25 14:44:12 Job terminated.
	(1) Normal termination (return value 0)
		Usr 0 00:18:34, Sys 0 00:00:34  -  Run Remote Usage
		Usr 0 00:00:00, Sys 0 00:00:00  -  Run Local Usage
		Usr 0 00:18:34, Sys 0 00:00:34  -  Total Remote Usage
		Usr 0 00:00:00, Sys 0 00:00:00  -  Total Local Usage
	0  -  Run Bytes Sent By Job
	0  -  Run Bytes Received By Job
	0  -  Total Bytes Sent By Job
	0  -  Total Bytes Received By Job
	Partitionable Resources :    Usage  Request Allocated 
	   Cpus                 :     0.68        1         1 
	   Disk (KB)            :     1           1     14709 
	   Memory (MB)          :  1981        4096      4096 
	   TimeExecute (s)      :  1694                       
	   TimeSlotBusy (s)     :  1695                       
	   xferslots            :                           0 

	Job terminated of its own accord at 2025-12-25T19:44:12Z with exit-code 0.
...
