000 (1130.023.000) 2025-12-25 14:15:49 Job submitted from host: <130.199.48.160:9618?addrs=[2620-0-210-a002--160]-9618+130.199.48.160-9618&alias=eicsub02.sdcc.bnl.gov&noUDP&sock=schedd_1122_32c5>
...
001 (1130.023.000) 2025-12-25 14:16:34 Job executing on host: <130.199.149.120:9618?addrs=[2620-0-210-9009--120]-9618+130.199.149.120-9618&alias=spool0248.sdcc.bnl.gov&noUDP&sock=startd_408242_89ee>
	SlotName: slot1_31@spool0248.sdcc.bnl.gov
	CondorScratchDir = "/home/condor/local/sdcc/execute/dir_158269"
	Cpus = 1
	Disk = 14765
	Memory = 4096
	xferslots = 0
...
006 (1130.023.000) 2025-12-25 14:16:48 Image size of job updated: 20632
	21  -  MemoryUsage of job (MB)
	20632  -  ResidentSetSize of job (KB)
...
006 (1130.023.000) 2025-12-25 14:21:49 Image size of job updated: 2020492
	1974  -  MemoryUsage of job (MB)
	2020492  -  ResidentSetSize of job (KB)
...
006 (1130.023.000) 2025-12-25 14:26:49 Image size of job updated: 2021540
	1975  -  MemoryUsage of job (MB)
	2021540  -  ResidentSetSize of job (KB)
...
006 (1130.023.000) 2025-12-25 14:31:50 Image size of job updated: 2021636
	1975  -  MemoryUsage of job (MB)
	2021636  -  ResidentSetSize of job (KB)
...
006 (1130.023.000) 2025-12-25 14:36:51 Image size of job updated: 2042088
	1994  -  MemoryUsage of job (MB)
	2041092  -  ResidentSetSize of job (KB)
...
006 (1130.023.000) 2025-12-25 14:38:46 Image size of job updated: 2354048
	1994  -  MemoryUsage of job (MB)
	2041092  -  ResidentSetSize of job (KB)
...
005 (1130.023.000) 2025-12-25 14:38:46 Job terminated.
	(1) Normal termination (return value 0)
		Usr 0 00:15:47, Sys 0 00:00:24  -  Run Remote Usage
		Usr 0 00:00:00, Sys 0 00:00:00  -  Run Local Usage
		Usr 0 00:15:47, Sys 0 00:00:24  -  Total Remote Usage
		Usr 0 00:00:00, Sys 0 00:00:00  -  Total Local Usage
	0  -  Run Bytes Sent By Job
	0  -  Run Bytes Received By Job
	0  -  Total Bytes Sent By Job
	0  -  Total Bytes Received By Job
	Partitionable Resources :    Usage  Request Allocated 
	   Cpus                 :     0.76        1         1 
	   Disk (KB)            :     1           1     14765 
	   Memory (MB)          :  1994        4096      4096 
	   TimeExecute (s)      :  1332                       
	   TimeSlotBusy (s)     :  1332                       
	   xferslots            :                           0 

	Job terminated of its own accord at 2025-12-25T19:38:46Z with exit-code 0.
...
