000 (1130.016.000) 2025-12-25 14:15:49 Job submitted from host: <130.199.48.160:9618?addrs=[2620-0-210-a002--160]-9618+130.199.48.160-9618&alias=eicsub02.sdcc.bnl.gov&noUDP&sock=schedd_1122_32c5>
...
001 (1130.016.000) 2025-12-25 14:16:34 Job executing on host: <130.199.157.206:9618?addrs=[2620-0-210-9017--206]-9618+130.199.157.206-9618&alias=spool0865.sdcc.bnl.gov&noUDP&sock=startd_369353_a946>
	SlotName: slot1_20@spool0865.sdcc.bnl.gov
	CondorScratchDir = "/home/condor/local/sdcc/execute/dir_2498357"
	Cpus = 1
	Disk = 7408
	Memory = 4096
	xferslots = 0
...
006 (1130.016.000) 2025-12-25 14:16:47 Image size of job updated: 59188
	58  -  MemoryUsage of job (MB)
	59188  -  ResidentSetSize of job (KB)
...
006 (1130.016.000) 2025-12-25 14:21:47 Image size of job updated: 2017808
	1971  -  MemoryUsage of job (MB)
	2017808  -  ResidentSetSize of job (KB)
...
006 (1130.016.000) 2025-12-25 14:26:48 Image size of job updated: 2020512
	1974  -  MemoryUsage of job (MB)
	2020512  -  ResidentSetSize of job (KB)
...
006 (1130.016.000) 2025-12-25 14:31:48 Image size of job updated: 2020788
	1974  -  MemoryUsage of job (MB)
	2020512  -  ResidentSetSize of job (KB)
...
006 (1130.016.000) 2025-12-25 14:36:48 Image size of job updated: 2025364
	1978  -  MemoryUsage of job (MB)
	2025364  -  ResidentSetSize of job (KB)
...
006 (1130.016.000) 2025-12-25 14:41:49 Image size of job updated: 2026576
	1980  -  MemoryUsage of job (MB)
	2026576  -  ResidentSetSize of job (KB)
...
006 (1130.016.000) 2025-12-25 14:46:26 Image size of job updated: 2339080
	1980  -  MemoryUsage of job (MB)
	2026576  -  ResidentSetSize of job (KB)
...
005 (1130.016.000) 2025-12-25 14:46:26 Job terminated.
	(1) Normal termination (return value 0)
		Usr 0 00:23:08, Sys 0 00:00:17  -  Run Remote Usage
		Usr 0 00:00:00, Sys 0 00:00:00  -  Run Local Usage
		Usr 0 00:23:08, Sys 0 00:00:17  -  Total Remote Usage
		Usr 0 00:00:00, Sys 0 00:00:00  -  Total Local Usage
	0  -  Run Bytes Sent By Job
	0  -  Run Bytes Received By Job
	0  -  Total Bytes Sent By Job
	0  -  Total Bytes Received By Job
	Partitionable Resources :    Usage  Request Allocated 
	   Cpus                 :     0.73        1         1 
	   Disk (KB)            :     1           1      7408 
	   Memory (MB)          :  1980        4096      4096 
	   TimeExecute (s)      :  1792                       
	   TimeSlotBusy (s)     :  1792                       
	   xferslots            :                           0 

	Job terminated of its own accord at 2025-12-25T19:46:26Z with exit-code 0.
...
