000 (1130.024.000) 2025-12-25 14:15:49 Job submitted from host: <130.199.48.160:9618?addrs=[2620-0-210-a002--160]-9618+130.199.48.160-9618&alias=eicsub02.sdcc.bnl.gov&noUDP&sock=schedd_1122_32c5>
...
001 (1130.024.000) 2025-12-25 14:16:34 Job executing on host: <130.199.149.137:9618?addrs=[2620-0-210-9010--137]-9618+130.199.149.137-9618&alias=spool0259.sdcc.bnl.gov&noUDP&sock=startd_408958_24cd>
	SlotName: slot1_34@spool0259.sdcc.bnl.gov
	CondorScratchDir = "/home/condor/local/sdcc/execute/dir_2091832"
	Cpus = 1
	Disk = 14765
	Memory = 4096
	xferslots = 0
...
006 (1130.024.000) 2025-12-25 14:16:47 Image size of job updated: 23100
	23  -  MemoryUsage of job (MB)
	23100  -  ResidentSetSize of job (KB)
...
006 (1130.024.000) 2025-12-25 14:21:47 Image size of job updated: 2021832
	1953  -  MemoryUsage of job (MB)
	1998904  -  ResidentSetSize of job (KB)
...
006 (1130.024.000) 2025-12-25 14:26:48 Image size of job updated: 2022752
	1976  -  MemoryUsage of job (MB)
	2022752  -  ResidentSetSize of job (KB)
...
006 (1130.024.000) 2025-12-25 14:31:48 Image size of job updated: 2025284
	1978  -  MemoryUsage of job (MB)
	2025272  -  ResidentSetSize of job (KB)
...
006 (1130.024.000) 2025-12-25 14:36:49 Image size of job updated: 2026880
	1980  -  MemoryUsage of job (MB)
	2026612  -  ResidentSetSize of job (KB)
...
006 (1130.024.000) 2025-12-25 14:37:45 Image size of job updated: 2326476
	1980  -  MemoryUsage of job (MB)
	2026612  -  ResidentSetSize of job (KB)
...
005 (1130.024.000) 2025-12-25 14:37:45 Job terminated.
	(1) Normal termination (return value 0)
		Usr 0 00:14:06, Sys 0 00:00:26  -  Run Remote Usage
		Usr 0 00:00:00, Sys 0 00:00:00  -  Run Local Usage
		Usr 0 00:14:06, Sys 0 00:00:26  -  Total Remote Usage
		Usr 0 00:00:00, Sys 0 00:00:00  -  Total Local Usage
	0  -  Run Bytes Sent By Job
	0  -  Run Bytes Received By Job
	0  -  Total Bytes Sent By Job
	0  -  Total Bytes Received By Job
	Partitionable Resources :    Usage  Request Allocated 
	   Cpus                 :     0.71        1         1 
	   Disk (KB)            :     1           1     14765 
	   Memory (MB)          :  1980        4096      4096 
	   TimeExecute (s)      :  1271                       
	   TimeSlotBusy (s)     :  1271                       
	   xferslots            :                           0 

	Job terminated of its own accord at 2025-12-25T19:37:45Z with exit-code 0.
...
