000 (1130.003.000) 2025-12-25 14:15:49 Job submitted from host: <130.199.48.160:9618?addrs=[2620-0-210-a002--160]-9618+130.199.48.160-9618&alias=eicsub02.sdcc.bnl.gov&noUDP&sock=schedd_1122_32c5>
...
001 (1130.003.000) 2025-12-25 14:15:58 Job executing on host: <130.199.149.123:9618?addrs=[2620-0-210-9009--123]-9618+130.199.149.123-9618&alias=spool0251.sdcc.bnl.gov&noUDP&sock=startd_67030_3f90>
	SlotName: slot1_7@spool0251.sdcc.bnl.gov
	CondorScratchDir = "/home/condor/local/sdcc/execute/dir_181948"
	Cpus = 1
	Disk = 14765
	Memory = 4096
	xferslots = 0
...
006 (1130.003.000) 2025-12-25 14:16:11 Image size of job updated: 36264
	36  -  MemoryUsage of job (MB)
	36264  -  ResidentSetSize of job (KB)
...
006 (1130.003.000) 2025-12-25 14:21:11 Image size of job updated: 2021012
	1974  -  MemoryUsage of job (MB)
	2021012  -  ResidentSetSize of job (KB)
...
006 (1130.003.000) 2025-12-25 14:26:12 Image size of job updated: 2024844
	1978  -  MemoryUsage of job (MB)
	2024592  -  ResidentSetSize of job (KB)
...
006 (1130.003.000) 2025-12-25 14:31:13 Image size of job updated: 2027108
	1980  -  MemoryUsage of job (MB)
	2026728  -  ResidentSetSize of job (KB)
...
006 (1130.003.000) 2025-12-25 14:36:13 Image size of job updated: 2027832
	1981  -  MemoryUsage of job (MB)
	2027540  -  ResidentSetSize of job (KB)
...
006 (1130.003.000) 2025-12-25 14:38:38 Image size of job updated: 2316052
	1981  -  MemoryUsage of job (MB)
	2027540  -  ResidentSetSize of job (KB)
...
005 (1130.003.000) 2025-12-25 14:38:38 Job terminated.
	(1) Normal termination (return value 0)
		Usr 0 00:15:43, Sys 0 00:00:35  -  Run Remote Usage
		Usr 0 00:00:00, Sys 0 00:00:00  -  Run Local Usage
		Usr 0 00:15:43, Sys 0 00:00:35  -  Total Remote Usage
		Usr 0 00:00:00, Sys 0 00:00:00  -  Total Local Usage
	0  -  Run Bytes Sent By Job
	0  -  Run Bytes Received By Job
	0  -  Total Bytes Sent By Job
	0  -  Total Bytes Received By Job
	Partitionable Resources :    Usage  Request Allocated 
	   Cpus                 :     0.72        1         1 
	   Disk (KB)            :     1           1     14765 
	   Memory (MB)          :  1981        4096      4096 
	   TimeExecute (s)      :  1360                       
	   TimeSlotBusy (s)     :  1361                       
	   xferslots            :                           0 

	Job terminated of its own accord at 2025-12-25T19:38:38Z with exit-code 0.
...
