/eic/u/cyang/eic/Job_submission_RCF/output_D0_10x100_minQ2_1_with_bkg_25.10.4
/eic/u/cyang/eic/Job_submission_RCF/input_files/D0_10x100_minQ2_1_with_bkg_25.10.4/subList_016.list
/eic/u/cyang/eic/Job_submission_RCF/output_D0_10x100_minQ2_1_with_bkg_25.10.4/output_016.root
/eic/u/cyang/eic/Job_submission_RCF/output_D0_10x100_minQ2_1_with_bkg_25.10.4/Signal_016.root
/eic/u/cyang/eic/Job_submission_RCF/output_D0_10x100_minQ2_1_with_bkg_25.10.4/Bkg_016.root
[i] Add 0th file: root://dtn-eic.jlab.org//volatile/eic/EPIC/RECO/25.10.4/epic_craterlake/Bkg_Exactly1SignalPer2usFrame/SIDIS/D0_ABCONV/pythia8.306-1.1/10x100/q2_1/hiDiv/pythia8.306-1.1_D0_10x100_hiDiv_q2_1_run10.1933.eicrecon.edm4eic.root
[i] Add 1th file: root://dtn-eic.jlab.org//volatile/eic/EPIC/RECO/25.10.4/epic_craterlake/Bkg_Exactly1SignalPer2usFrame/SIDIS/D0_ABCONV/pythia8.306-1.1/10x100/q2_1/hiDiv/pythia8.306-1.1_D0_10x100_hiDiv_q2_1_run10.1934.eicrecon.edm4eic.root
[i] Add 2th file: root://dtn-eic.jlab.org//volatile/eic/EPIC/RECO/25.10.4/epic_craterlake/Bkg_Exactly1SignalPer2usFrame/SIDIS/D0_ABCONV/pythia8.306-1.1/10x100/q2_1/hiDiv/pythia8.306-1.1_D0_10x100_hiDiv_q2_1_run10.1935.eicrecon.edm4eic.root
[i] Add 3th file: root://dtn-eic.jlab.org//volatile/eic/EPIC/RECO/25.10.4/epic_craterlake/Bkg_Exactly1SignalPer2usFrame/SIDIS/D0_ABCONV/pythia8.306-1.1/10x100/q2_1/hiDiv/pythia8.306-1.1_D0_10x100_hiDiv_q2_1_run10.1936.eicrecon.edm4eic.root
[i] Add 4th file: root://dtn-eic.jlab.org//volatile/eic/EPIC/RECO/25.10.4/epic_craterlake/Bkg_Exactly1SignalPer2usFrame/SIDIS/D0_ABCONV/pythia8.306-1.1/10x100/q2_1/hiDiv/pythia8.306-1.1_D0_10x100_hiDiv_q2_1_run10.1937.eicrecon.edm4eic.root
[i] Add 5th file: root://dtn-eic.jlab.org//volatile/eic/EPIC/RECO/25.10.4/epic_craterlake/Bkg_Exactly1SignalPer2usFrame/SIDIS/D0_ABCONV/pythia8.306-1.1/10x100/q2_1/hiDiv/pythia8.306-1.1_D0_10x100_hiDiv_q2_1_run10.1938.eicrecon.edm4eic.root
[i] Add 6th file: root://dtn-eic.jlab.org//volatile/eic/EPIC/RECO/25.10.4/epic_craterlake/Bkg_Exactly1SignalPer2usFrame/SIDIS/D0_ABCONV/pythia8.306-1.1/10x100/q2_1/hiDiv/pythia8.306-1.1_D0_10x100_hiDiv_q2_1_run10.1939.eicrecon.edm4eic.root
[i] Add 7th file: root://dtn-eic.jlab.org//volatile/eic/EPIC/RECO/25.10.4/epic_craterlake/Bkg_Exactly1SignalPer2usFrame/SIDIS/D0_ABCONV/pythia8.306-1.1/10x100/q2_1/hiDiv/pythia8.306-1.1_D0_10x100_hiDiv_q2_1_run10.1940.eicrecon.edm4eic.root
[i] Add 8th file: root://dtn-eic.jlab.org//volatile/eic/EPIC/RECO/25.10.4/epic_craterlake/Bkg_Exactly1SignalPer2usFrame/SIDIS/D0_ABCONV/pythia8.306-1.1/10x100/q2_1/hiDiv/pythia8.306-1.1_D0_10x100_hiDiv_q2_1_run10.1941.eicrecon.edm4eic.root
[i] Add 9th file: root://dtn-eic.jlab.org//volatile/eic/EPIC/RECO/25.10.4/epic_craterlake/Bkg_Exactly1SignalPer2usFrame/SIDIS/D0_ABCONV/pythia8.306-1.1/10x100/q2_1/hiDiv/pythia8.306-1.1_D0_10x100_hiDiv_q2_1_run10.1942.eicrecon.edm4eic.root
[i] Add 10th file: root://dtn-eic.jlab.org//volatile/eic/EPIC/RECO/25.10.4/epic_craterlake/Bkg_Exactly1SignalPer2usFrame/SIDIS/D0_ABCONV/pythia8.306-1.1/10x100/q2_1/hiDiv/pythia8.306-1.1_D0_10x100_hiDiv_q2_1_run10.1943.eicrecon.edm4eic.root
[i] Add 11th file: root://dtn-eic.jlab.org//volatile/eic/EPIC/RECO/25.10.4/epic_craterlake/Bkg_Exactly1SignalPer2usFrame/SIDIS/D0_ABCONV/pythia8.306-1.1/10x100/q2_1/hiDiv/pythia8.306-1.1_D0_10x100_hiDiv_q2_1_run10.1944.eicrecon.edm4eic.root
[i] Add 12th file: root://dtn-eic.jlab.org//volatile/eic/EPIC/RECO/25.10.4/epic_craterlake/Bkg_Exactly1SignalPer2usFrame/SIDIS/D0_ABCONV/pythia8.306-1.1/10x100/q2_1/hiDiv/pythia8.306-1.1_D0_10x100_hiDiv_q2_1_run10.1945.eicrecon.edm4eic.root
[i] Add 13th file: root://dtn-eic.jlab.org//volatile/eic/EPIC/RECO/25.10.4/epic_craterlake/Bkg_Exactly1SignalPer2usFrame/SIDIS/D0_ABCONV/pythia8.306-1.1/10x100/q2_1/hiDiv/pythia8.306-1.1_D0_10x100_hiDiv_q2_1_run10.1946.eicrecon.edm4eic.root
[i] Add 14th file: root://dtn-eic.jlab.org//volatile/eic/EPIC/RECO/25.10.4/epic_craterlake/Bkg_Exactly1SignalPer2usFrame/SIDIS/D0_ABCONV/pythia8.306-1.1/10x100/q2_1/hiDiv/pythia8.306-1.1_D0_10x100_hiDiv_q2_1_run10.1947.eicrecon.edm4eic.root
[i] Add 15th file: root://dtn-eic.jlab.org//volatile/eic/EPIC/RECO/25.10.4/epic_craterlake/Bkg_Exactly1SignalPer2usFrame/SIDIS/D0_ABCONV/pythia8.306-1.1/10x100/q2_1/hiDiv/pythia8.306-1.1_D0_10x100_hiDiv_q2_1_run10.1948.eicrecon.edm4eic.root
[i] Add 16th file: root://dtn-eic.jlab.org//volatile/eic/EPIC/RECO/25.10.4/epic_craterlake/Bkg_Exactly1SignalPer2usFrame/SIDIS/D0_ABCONV/pythia8.306-1.1/10x100/q2_1/hiDiv/pythia8.306-1.1_D0_10x100_hiDiv_q2_1_run10.1949.eicrecon.edm4eic.root
[i] Add 17th file: root://dtn-eic.jlab.org//volatile/eic/EPIC/RECO/25.10.4/epic_craterlake/Bkg_Exactly1SignalPer2usFrame/SIDIS/D0_ABCONV/pythia8.306-1.1/10x100/q2_1/hiDiv/pythia8.306-1.1_D0_10x100_hiDiv_q2_1_run10.1950.eicrecon.edm4eic.root
[i] Add 18th file: root://dtn-eic.jlab.org//volatile/eic/EPIC/RECO/25.10.4/epic_craterlake/Bkg_Exactly1SignalPer2usFrame/SIDIS/D0_ABCONV/pythia8.306-1.1/10x100/q2_1/hiDiv/pythia8.306-1.1_D0_10x100_hiDiv_q2_1_run10.1951.eicrecon.edm4eic.root
[i] Add 19th file: root://dtn-eic.jlab.org//volatile/eic/EPIC/RECO/25.10.4/epic_craterlake/Bkg_Exactly1SignalPer2usFrame/SIDIS/D0_ABCONV/pythia8.306-1.1/10x100/q2_1/hiDiv/pythia8.306-1.1_D0_10x100_hiDiv_q2_1_run10.1952.eicrecon.edm4eic.root
[i] Read in 20 files with 920 events in total

[i] New event 0
