000 (1130.006.000) 2025-12-25 14:15:49 Job submitted from host: <130.199.48.160:9618?addrs=[2620-0-210-a002--160]-9618+130.199.48.160-9618&alias=eicsub02.sdcc.bnl.gov&noUDP&sock=schedd_1122_32c5>
...
001 (1130.006.000) 2025-12-25 14:15:58 Job executing on host: <130.199.149.69:9618?addrs=[2620-0-210-9008--69]-9618+130.199.149.69-9618&alias=spool0203.sdcc.bnl.gov&noUDP&sock=startd_408167_cd5f>
	SlotName: slot1_17@spool0203.sdcc.bnl.gov
	CondorScratchDir = "/home/condor/local/sdcc/execute/dir_2071837"
	Cpus = 1
	Disk = 14765
	Memory = 4096
	xferslots = 0
...
006 (1130.006.000) 2025-12-25 14:16:11 Image size of job updated: 30312
	30  -  MemoryUsage of job (MB)
	30312  -  ResidentSetSize of job (KB)
...
006 (1130.006.000) 2025-12-25 14:21:11 Image size of job updated: 2020596
	1974  -  MemoryUsage of job (MB)
	2020596  -  ResidentSetSize of job (KB)
...
006 (1130.006.000) 2025-12-25 14:26:12 Image size of job updated: 2021584
	1975  -  MemoryUsage of job (MB)
	2021584  -  ResidentSetSize of job (KB)
...
006 (1130.006.000) 2025-12-25 14:31:13 Image size of job updated: 2026224
	1978  -  MemoryUsage of job (MB)
	2025060  -  ResidentSetSize of job (KB)
...
006 (1130.006.000) 2025-12-25 14:36:13 Image size of job updated: 2026356
	1979  -  MemoryUsage of job (MB)
	2026172  -  ResidentSetSize of job (KB)
...
006 (1130.006.000) 2025-12-25 14:40:22 Image size of job updated: 2313132
	1979  -  MemoryUsage of job (MB)
	2026172  -  ResidentSetSize of job (KB)
...
005 (1130.006.000) 2025-12-25 14:40:22 Job terminated.
	(1) Normal termination (return value 0)
		Usr 0 00:16:38, Sys 0 00:00:34  -  Run Remote Usage
		Usr 0 00:00:00, Sys 0 00:00:00  -  Run Local Usage
		Usr 0 00:16:38, Sys 0 00:00:34  -  Total Remote Usage
		Usr 0 00:00:00, Sys 0 00:00:00  -  Total Local Usage
	0  -  Run Bytes Sent By Job
	0  -  Run Bytes Received By Job
	0  -  Total Bytes Sent By Job
	0  -  Total Bytes Received By Job
	Partitionable Resources :    Usage  Request Allocated 
	   Cpus                 :     0.75        1         1 
	   Disk (KB)            :     1           1     14765 
	   Memory (MB)          :  1979        4096      4096 
	   TimeExecute (s)      :  1464                       
	   TimeSlotBusy (s)     :  1465                       
	   xferslots            :                           0 

	Job terminated of its own accord at 2025-12-25T19:40:22Z with exit-code 0.
...
