000 (1130.007.000) 2025-12-25 14:15:49 Job submitted from host: <130.199.48.160:9618?addrs=[2620-0-210-a002--160]-9618+130.199.48.160-9618&alias=eicsub02.sdcc.bnl.gov&noUDP&sock=schedd_1122_32c5>
...
001 (1130.007.000) 2025-12-25 14:15:58 Job executing on host: <130.199.149.228:9618?addrs=[2620-0-210-9007--228]-9618+130.199.149.228-9618&alias=spool0622.sdcc.bnl.gov&noUDP&sock=startd_270511_6a80>
	SlotName: slot1_20@spool0622.sdcc.bnl.gov
	CondorScratchDir = "/home/condor/local/sdcc/execute/dir_854660"
	Cpus = 1
	Disk = 14709
	Memory = 4096
	xferslots = 0
...
006 (1130.007.000) 2025-12-25 14:16:11 Image size of job updated: 20544
	21  -  MemoryUsage of job (MB)
	20544  -  ResidentSetSize of job (KB)
...
006 (1130.007.000) 2025-12-25 14:21:11 Image size of job updated: 2018784
	1950  -  MemoryUsage of job (MB)
	1996420  -  ResidentSetSize of job (KB)
...
006 (1130.007.000) 2025-12-25 14:26:12 Image size of job updated: 2022968
	1976  -  MemoryUsage of job (MB)
	2022968  -  ResidentSetSize of job (KB)
...
006 (1130.007.000) 2025-12-25 14:31:12 Image size of job updated: 2042096
	1995  -  MemoryUsage of job (MB)
	2041908  -  ResidentSetSize of job (KB)
...
006 (1130.007.000) 2025-12-25 14:36:13 Image size of job updated: 2043704
	1996  -  MemoryUsage of job (MB)
	2043704  -  ResidentSetSize of job (KB)
...
006 (1130.007.000) 2025-12-25 14:38:25 Image size of job updated: 2350152
	1996  -  MemoryUsage of job (MB)
	2043704  -  ResidentSetSize of job (KB)
...
005 (1130.007.000) 2025-12-25 14:38:25 Job terminated.
	(1) Normal termination (return value 0)
		Usr 0 00:16:27, Sys 0 00:00:29  -  Run Remote Usage
		Usr 0 00:00:00, Sys 0 00:00:00  -  Run Local Usage
		Usr 0 00:16:27, Sys 0 00:00:29  -  Total Remote Usage
		Usr 0 00:00:00, Sys 0 00:00:00  -  Total Local Usage
	0  -  Run Bytes Sent By Job
	0  -  Run Bytes Received By Job
	0  -  Total Bytes Sent By Job
	0  -  Total Bytes Received By Job
	Partitionable Resources :    Usage  Request Allocated 
	   Cpus                 :     0.86        1         1 
	   Disk (KB)            :     1           1     14709 
	   Memory (MB)          :  1996        4096      4096 
	   TimeExecute (s)      :  1347                       
	   TimeSlotBusy (s)     :  1348                       
	   xferslots            :                           0 

	Job terminated of its own accord at 2025-12-25T19:38:25Z with exit-code 0.
...
