000 (1130.015.000) 2025-12-25 14:15:49 Job submitted from host: <130.199.48.160:9618?addrs=[2620-0-210-a002--160]-9618+130.199.48.160-9618&alias=eicsub02.sdcc.bnl.gov&noUDP&sock=schedd_1122_32c5>
...
001 (1130.015.000) 2025-12-25 14:16:34 Job executing on host: <130.199.201.220:9618?addrs=[2620-0-210-9020--220]-9618+130.199.201.220-9618&alias=spool0133.sdcc.bnl.gov&noUDP&sock=startd_370395_70ea>
	SlotName: slot1_9@spool0133.sdcc.bnl.gov
	CondorScratchDir = "/home/condor/local/sdcc/execute/dir_842745"
	Cpus = 1
	Disk = 7408
	Memory = 4096
	xferslots = 0
...
006 (1130.015.000) 2025-12-25 14:16:47 Image size of job updated: 60168
	59  -  MemoryUsage of job (MB)
	60168  -  ResidentSetSize of job (KB)
...
006 (1130.015.000) 2025-12-25 14:21:47 Image size of job updated: 2020944
	1974  -  MemoryUsage of job (MB)
	2020944  -  ResidentSetSize of job (KB)
...
006 (1130.015.000) 2025-12-25 14:26:48 Image size of job updated: 2023008
	1976  -  MemoryUsage of job (MB)
	2022568  -  ResidentSetSize of job (KB)
...
006 (1130.015.000) 2025-12-25 14:31:48 Image size of job updated: 2042808
	1995  -  MemoryUsage of job (MB)
	2042808  -  ResidentSetSize of job (KB)
...
006 (1130.015.000) 2025-12-25 14:36:48 Image size of job updated: 2043192
	1995  -  MemoryUsage of job (MB)
	2042808  -  ResidentSetSize of job (KB)
...
006 (1130.015.000) 2025-12-25 14:39:09 Image size of job updated: 2339852
	1995  -  MemoryUsage of job (MB)
	2042808  -  ResidentSetSize of job (KB)
...
005 (1130.015.000) 2025-12-25 14:39:09 Job terminated.
	(1) Normal termination (return value 0)
		Usr 0 00:19:21, Sys 0 00:00:12  -  Run Remote Usage
		Usr 0 00:00:00, Sys 0 00:00:00  -  Run Local Usage
		Usr 0 00:19:21, Sys 0 00:00:12  -  Total Remote Usage
		Usr 0 00:00:00, Sys 0 00:00:00  -  Total Local Usage
	0  -  Run Bytes Sent By Job
	0  -  Run Bytes Received By Job
	0  -  Total Bytes Sent By Job
	0  -  Total Bytes Received By Job
	Partitionable Resources :    Usage  Request Allocated 
	   Cpus                 :     0.89        1         1 
	   Disk (KB)            :     1           1      7408 
	   Memory (MB)          :  1995        4096      4096 
	   TimeExecute (s)      :  1355                       
	   TimeSlotBusy (s)     :  1355                       
	   xferslots            :                           0 

	Job terminated of its own accord at 2025-12-25T19:39:09Z with exit-code 0.
...
