000 (1130.021.000) 2025-12-25 14:15:49 Job submitted from host: <130.199.48.160:9618?addrs=[2620-0-210-a002--160]-9618+130.199.48.160-9618&alias=eicsub02.sdcc.bnl.gov&noUDP&sock=schedd_1122_32c5>
...
001 (1130.021.000) 2025-12-25 14:16:34 Job executing on host: <130.199.149.113:9618?addrs=[2620-0-210-9009--113]-9618+130.199.149.113-9618&alias=spool0241.sdcc.bnl.gov&noUDP&sock=startd_58597_4f6c>
	SlotName: slot1_28@spool0241.sdcc.bnl.gov
	CondorScratchDir = "/home/condor/local/sdcc/execute/dir_819048"
	Cpus = 1
	Disk = 14765
	Memory = 4096
	xferslots = 0
...
006 (1130.021.000) 2025-12-25 14:16:48 Image size of job updated: 48408
	48  -  MemoryUsage of job (MB)
	48408  -  ResidentSetSize of job (KB)
...
006 (1130.021.000) 2025-12-25 14:21:49 Image size of job updated: 2018540
	1972  -  MemoryUsage of job (MB)
	2018540  -  ResidentSetSize of job (KB)
...
006 (1130.021.000) 2025-12-25 14:26:49 Image size of job updated: 2020108
	1973  -  MemoryUsage of job (MB)
	2020108  -  ResidentSetSize of job (KB)
...
006 (1130.021.000) 2025-12-25 14:31:49 Image size of job updated: 2023336
	1973  -  MemoryUsage of job (MB)
	2020108  -  ResidentSetSize of job (KB)
...
006 (1130.021.000) 2025-12-25 14:36:50 Image size of job updated: 2025320
	1978  -  MemoryUsage of job (MB)
	2025320  -  ResidentSetSize of job (KB)
...
006 (1130.021.000) 2025-12-25 14:41:22 Image size of job updated: 2325992
	1978  -  MemoryUsage of job (MB)
	2025320  -  ResidentSetSize of job (KB)
...
005 (1130.021.000) 2025-12-25 14:41:22 Job terminated.
	(1) Normal termination (return value 0)
		Usr 0 00:17:10, Sys 0 00:00:40  -  Run Remote Usage
		Usr 0 00:00:00, Sys 0 00:00:00  -  Run Local Usage
		Usr 0 00:17:10, Sys 0 00:00:40  -  Total Remote Usage
		Usr 0 00:00:00, Sys 0 00:00:00  -  Total Local Usage
	0  -  Run Bytes Sent By Job
	0  -  Run Bytes Received By Job
	0  -  Total Bytes Sent By Job
	0  -  Total Bytes Received By Job
	Partitionable Resources :    Usage  Request Allocated 
	   Cpus                 :     0.78        1         1 
	   Disk (KB)            :     1           1     14765 
	   Memory (MB)          :  1978        4096      4096 
	   TimeExecute (s)      :  1488                       
	   TimeSlotBusy (s)     :  1488                       
	   xferslots            :                           0 

	Job terminated of its own accord at 2025-12-25T19:41:22Z with exit-code 0.
...
