001 (1127.002.000) 2025-12-25 12:35:25 Job executing on host: <130.199.157.4:9618?addrs=[2620-0-210-9013--4]-9618+130.199.157.4-9618&alias=spool0817.sdcc.bnl.gov&noUDP&sock=startd_373603_bb8a>
	SlotName: slot1_33@spool0817.sdcc.bnl.gov
	CondorScratchDir = "/home/condor/local/sdcc/execute/dir_3595364"
	Cpus = 1
	Disk = 7408
	Memory = 4096
	xferslots = 0
...
006 (1127.002.000) 2025-12-25 12:35:39 Image size of job updated: 81684
	80  -  MemoryUsage of job (MB)
	81684  -  ResidentSetSize of job (KB)
...
006 (1127.002.000) 2025-12-25 12:36:50 Image size of job updated: 2263236
	80  -  MemoryUsage of job (MB)
	81684  -  ResidentSetSize of job (KB)
...
005 (1127.002.000) 2025-12-25 12:36:50 Job terminated.
	(1) Normal termination (return value 0)
		Usr 0 00:00:41, Sys 0 00:00:05  -  Run Remote Usage
		Usr 0 00:00:00, Sys 0 00:00:00  -  Run Local Usage
		Usr 0 00:00:41, Sys 0 00:00:05  -  Total Remote Usage
		Usr 0 00:00:00, Sys 0 00:00:00  -  Total Local Usage
	0  -  Run Bytes Sent By Job
	0  -  Run Bytes Received By Job
	0  -  Total Bytes Sent By Job
	0  -  Total Bytes Received By Job
	Partitionable Resources :    Usage  Request Allocated 
	   Cpus                 :        0        1         1 
	   Disk (KB)            :        1        1      7408 
	   Memory (MB)          :       80     4096      4096 
	   TimeExecute (s)      :       85                    
	   TimeSlotBusy (s)     :       85                    
	   xferslots            :                           0 

	Job terminated of its own accord at 2025-12-25T17:36:50Z with exit-code 0.
...
