000 (1127.031.000) 2025-12-25 12:35:18 Job submitted from host: <130.199.48.160:9618?addrs=[2620-0-210-a002--160]-9618+130.199.48.160-9618&alias=eicsub02.sdcc.bnl.gov&noUDP&sock=schedd_1122_32c5>
...
001 (1127.031.000) 2025-12-25 12:36:40 Job executing on host: <130.199.201.214:9618?addrs=[2620-0-210-9020--214]-9618+130.199.201.214-9618&alias=spool0127.sdcc.bnl.gov&noUDP&sock=startd_381901_f1e0>
	SlotName: slot1_53@spool0127.sdcc.bnl.gov
	CondorScratchDir = "/home/condor/local/sdcc/execute/dir_773630"
	Cpus = 1
	Disk = 7408
	Memory = 4096
	xferslots = 0
...
006 (1127.031.000) 2025-12-25 12:36:54 Image size of job updated: 59164
	58  -  MemoryUsage of job (MB)
	59164  -  ResidentSetSize of job (KB)
...
006 (1127.031.000) 2025-12-25 12:37:58 Image size of job updated: 2255224
	58  -  MemoryUsage of job (MB)
	59164  -  ResidentSetSize of job (KB)
...
005 (1127.031.000) 2025-12-25 12:37:58 Job terminated.
	(1) Normal termination (return value 0)
		Usr 0 00:00:46, Sys 0 00:00:05  -  Run Remote Usage
		Usr 0 00:00:00, Sys 0 00:00:00  -  Run Local Usage
		Usr 0 00:00:46, Sys 0 00:00:05  -  Total Remote Usage
		Usr 0 00:00:00, Sys 0 00:00:00  -  Total Local Usage
	0  -  Run Bytes Sent By Job
	0  -  Run Bytes Received By Job
	0  -  Total Bytes Sent By Job
	0  -  Total Bytes Received By Job
	Partitionable Resources :    Usage  Request Allocated 
	   Cpus                 :     0.73        1         1 
	   Disk (KB)            :     1           1      7408 
	   Memory (MB)          :    58        4096      4096 
	   TimeExecute (s)      :    78                       
	   TimeSlotBusy (s)     :    78                       
	   xferslots            :                           0 

	Job terminated of its own accord at 2025-12-25T17:37:58Z with exit-code 0.
...
