000 (1127.049.000) 2025-12-25 12:35:18 Job submitted from host: <130.199.48.160:9618?addrs=[2620-0-210-a002--160]-9618+130.199.48.160-9618&alias=eicsub02.sdcc.bnl.gov&noUDP&sock=schedd_1122_32c5>
...
001 (1127.049.000) 2025-12-25 12:37:09 Job executing on host: <130.199.207.202:9618?addrs=[2620-0-210-9040--202]-9618+130.199.207.202-9618&alias=spool1489.sdcc.bnl.gov&noUDP&sock=startd_25692_4b0b>
	SlotName: slot1_37@spool1489.sdcc.bnl.gov
	CondorScratchDir = "/home/condor/local/sdcc/execute/dir_3032614"
	Cpus = 1
	Disk = 7408
	Memory = 4096
	xferslots = 0
...
006 (1127.049.000) 2025-12-25 12:37:17 Image size of job updated: 81600
	80  -  MemoryUsage of job (MB)
	81600  -  ResidentSetSize of job (KB)
...
006 (1127.049.000) 2025-12-25 12:38:32 Image size of job updated: 2265928
	80  -  MemoryUsage of job (MB)
	81600  -  ResidentSetSize of job (KB)
...
005 (1127.049.000) 2025-12-25 12:38:32 Job terminated.
	(1) Normal termination (return value 0)
		Usr 0 00:00:35, Sys 0 00:00:06  -  Run Remote Usage
		Usr 0 00:00:00, Sys 0 00:00:00  -  Run Local Usage
		Usr 0 00:00:35, Sys 0 00:00:06  -  Total Remote Usage
		Usr 0 00:00:00, Sys 0 00:00:00  -  Total Local Usage
	0  -  Run Bytes Sent By Job
	0  -  Run Bytes Received By Job
	0  -  Total Bytes Sent By Job
	0  -  Total Bytes Received By Job
	Partitionable Resources :    Usage  Request Allocated 
	   Cpus                 :                 1         1 
	   Disk (KB)            :        1        1      7408 
	   Memory (MB)          :       80     4096      4096 
	   TimeExecute (s)      :       83                    
	   TimeSlotBusy (s)     :       84                    
	   xferslots            :                           0 
...
