000 (1127.019.000) 2025-12-25 12:35:18 Job submitted from host: <130.199.48.160:9618?addrs=[2620-0-210-a002--160]-9618+130.199.48.160-9618&alias=eicsub02.sdcc.bnl.gov&noUDP&sock=schedd_1122_32c5>
...
001 (1127.019.000) 2025-12-25 12:36:11 Job executing on host: <130.199.149.195:9618?addrs=[2620-0-210-9012--195]-9618+130.199.149.195-9618&alias=spool0595.sdcc.bnl.gov&noUDP&sock=startd_391021_4f48>
	SlotName: slot1_10@spool0595.sdcc.bnl.gov
	CondorScratchDir = "/home/condor/local/sdcc/execute/dir_79138"
	Cpus = 1
	Disk = 14709
	Memory = 4096
	xferslots = 0
...
006 (1127.019.000) 2025-12-25 12:36:25 Image size of job updated: 60168
	59  -  MemoryUsage of job (MB)
	60168  -  ResidentSetSize of job (KB)
...
006 (1127.019.000) 2025-12-25 12:37:40 Image size of job updated: 2217072
	59  -  MemoryUsage of job (MB)
	60168  -  ResidentSetSize of job (KB)
...
005 (1127.019.000) 2025-12-25 12:37:40 Job terminated.
	(1) Normal termination (return value 0)
		Usr 0 00:00:37, Sys 0 00:00:05  -  Run Remote Usage
		Usr 0 00:00:00, Sys 0 00:00:00  -  Run Local Usage
		Usr 0 00:00:37, Sys 0 00:00:05  -  Total Remote Usage
		Usr 0 00:00:00, Sys 0 00:00:00  -  Total Local Usage
	0  -  Run Bytes Sent By Job
	0  -  Run Bytes Received By Job
	0  -  Total Bytes Sent By Job
	0  -  Total Bytes Received By Job
	Partitionable Resources :    Usage  Request Allocated 
	   Cpus                 :     0.18        1         1 
	   Disk (KB)            :     1           1     14709 
	   Memory (MB)          :    59        4096      4096 
	   TimeExecute (s)      :    89                       
	   TimeSlotBusy (s)     :    89                       
	   xferslots            :                           0 

	Job terminated of its own accord at 2025-12-25T17:37:40Z with exit-code 0.
...
