000 (1127.073.000) 2025-12-25 12:35:18 Job submitted from host: <130.199.48.160:9618?addrs=[2620-0-210-a002--160]-9618+130.199.48.160-9618&alias=eicsub02.sdcc.bnl.gov&noUDP&sock=schedd_1122_32c5>
...
001 (1127.073.000) 2025-12-25 12:37:25 Job executing on host: <130.199.149.201:9618?addrs=[2620-0-210-9012--201]-9618+130.199.149.201-9618&alias=spool0601.sdcc.bnl.gov&noUDP&sock=startd_389621_3a34>
	SlotName: slot1_45@spool0601.sdcc.bnl.gov
	CondorScratchDir = "/home/condor/local/sdcc/execute/dir_652245"
	Cpus = 1
	Disk = 14709
	Memory = 4096
	xferslots = 0
...
006 (1127.073.000) 2025-12-25 12:37:39 Image size of job updated: 25972
	26  -  MemoryUsage of job (MB)
	25972  -  ResidentSetSize of job (KB)
...
006 (1127.073.000) 2025-12-25 12:38:57 Image size of job updated: 2259604
	26  -  MemoryUsage of job (MB)
	25988  -  ResidentSetSize of job (KB)
...
005 (1127.073.000) 2025-12-25 12:38:57 Job terminated.
	(1) Normal termination (return value 0)
		Usr 0 00:00:34, Sys 0 00:00:08  -  Run Remote Usage
		Usr 0 00:00:00, Sys 0 00:00:00  -  Run Local Usage
		Usr 0 00:00:34, Sys 0 00:00:08  -  Total Remote Usage
		Usr 0 00:00:00, Sys 0 00:00:00  -  Total Local Usage
	0  -  Run Bytes Sent By Job
	0  -  Run Bytes Received By Job
	0  -  Total Bytes Sent By Job
	0  -  Total Bytes Received By Job
	Partitionable Resources :    Usage  Request Allocated 
	   Cpus                 :        0        1         1 
	   Disk (KB)            :        1        1     14709 
	   Memory (MB)          :       26     4096      4096 
	   TimeExecute (s)      :       92                    
	   TimeSlotBusy (s)     :       92                    
	   xferslots            :                           0 

	Job terminated of its own accord at 2025-12-25T17:38:57Z with exit-code 0.
...
