000 (1127.144.000) 2025-12-25 12:35:18 Job submitted from host: <130.199.48.160:9618?addrs=[2620-0-210-a002--160]-9618+130.199.48.160-9618&alias=eicsub02.sdcc.bnl.gov&noUDP&sock=schedd_1122_32c5>
...
001 (1127.144.000) 2025-12-25 12:38:40 Job executing on host: <130.199.207.199:9618?addrs=[2620-0-210-9040--199]-9618+130.199.207.199-9618&alias=spool1486.sdcc.bnl.gov&noUDP&sock=startd_25647_0d1c>
	SlotName: slot1_47@spool1486.sdcc.bnl.gov
	CondorScratchDir = "/home/condor/local/sdcc/execute/dir_435900"
	Cpus = 1
	Disk = 7408
	Memory = 4096
	xferslots = 0
...
006 (1127.144.000) 2025-12-25 12:38:49 Image size of job updated: 84280
	83  -  MemoryUsage of job (MB)
	84280  -  ResidentSetSize of job (KB)
...
006 (1127.144.000) 2025-12-25 12:40:05 Image size of job updated: 2270272
	83  -  MemoryUsage of job (MB)
	84280  -  ResidentSetSize of job (KB)
...
005 (1127.144.000) 2025-12-25 12:40:05 Job terminated.
	(1) Normal termination (return value 0)
		Usr 0 00:00:36, Sys 0 00:00:03  -  Run Remote Usage
		Usr 0 00:00:00, Sys 0 00:00:00  -  Run Local Usage
		Usr 0 00:00:36, Sys 0 00:00:03  -  Total Remote Usage
		Usr 0 00:00:00, Sys 0 00:00:00  -  Total Local Usage
	0  -  Run Bytes Sent By Job
	0  -  Run Bytes Received By Job
	0  -  Total Bytes Sent By Job
	0  -  Total Bytes Received By Job
	Partitionable Resources :    Usage  Request Allocated 
	   Cpus                 :        0        1         1 
	   Disk (KB)            :        1        1      7408 
	   Memory (MB)          :       83     4096      4096 
	   TimeExecute (s)      :       85                    
	   TimeSlotBusy (s)     :       85                    
	   xferslots            :                           0 
...
