000 (1127.014.000) 2025-12-25 12:35:18 Job submitted from host: <130.199.48.160:9618?addrs=[2620-0-210-a002--160]-9618+130.199.48.160-9618&alias=eicsub02.sdcc.bnl.gov&noUDP&sock=schedd_1122_32c5>
...
001 (1127.014.000) 2025-12-25 12:36:11 Job executing on host: <130.199.157.194:9618?addrs=[2620-0-210-9017--194]-9618+130.199.157.194-9618&alias=spool0853.sdcc.bnl.gov&noUDP&sock=startd_370151_37d9>
	SlotName: slot1_10@spool0853.sdcc.bnl.gov
	CondorScratchDir = "/home/condor/local/sdcc/execute/dir_370392"
	Cpus = 1
	Disk = 7408
	Memory = 4096
	xferslots = 0
...
006 (1127.014.000) 2025-12-25 12:36:24 Image size of job updated: 59144
	58  -  MemoryUsage of job (MB)
	59144  -  ResidentSetSize of job (KB)
...
006 (1127.014.000) 2025-12-25 12:37:39 Image size of job updated: 2267664
	58  -  MemoryUsage of job (MB)
	59144  -  ResidentSetSize of job (KB)
...
005 (1127.014.000) 2025-12-25 12:37:39 Job terminated.
	(1) Normal termination (return value 0)
		Usr 0 00:00:44, Sys 0 00:00:06  -  Run Remote Usage
		Usr 0 00:00:00, Sys 0 00:00:00  -  Run Local Usage
		Usr 0 00:00:44, Sys 0 00:00:06  -  Total Remote Usage
		Usr 0 00:00:00, Sys 0 00:00:00  -  Total Local Usage
	0  -  Run Bytes Sent By Job
	0  -  Run Bytes Received By Job
	0  -  Total Bytes Sent By Job
	0  -  Total Bytes Received By Job
	Partitionable Resources :    Usage  Request Allocated 
	   Cpus                 :                 1         1 
	   Disk (KB)            :        1        1      7408 
	   Memory (MB)          :       58     4096      4096 
	   TimeExecute (s)      :       88                    
	   TimeSlotBusy (s)     :       88                    
	   xferslots            :                           0 

	Job terminated of its own accord at 2025-12-25T17:37:39Z with exit-code 0.
...
