/eic/u/cyang/eic/Job_submission_RCF/output_D0_10x100_minQ2_1_25.10.3
/eic/u/cyang/eic/Job_submission_RCF/input_files/D0_10x100_minQ2_1_25.10.3/subList_100.list
/eic/u/cyang/eic/Job_submission_RCF/output_D0_10x100_minQ2_1_25.10.3/output_100.root
/eic/u/cyang/eic/Job_submission_RCF/output_D0_10x100_minQ2_1_25.10.3/Signal_100.root
/eic/u/cyang/eic/Job_submission_RCF/output_D0_10x100_minQ2_1_25.10.3/Bkg_100.root
[i] Add 0th file: root://dtn-eic.jlab.org//volatile/eic/EPIC/RECO/25.10.3/epic_craterlake/SIDIS/D0_ABCONV/pythia8.306-1.1/10x100/q2_1/hiDiv/pythia8.306-1.1_D0_10x100_hiDiv_q2_1_run07.0119.eicrecon.edm4eic.root
[i] Add 1th file: root://dtn-eic.jlab.org//volatile/eic/EPIC/RECO/25.10.3/epic_craterlake/SIDIS/D0_ABCONV/pythia8.306-1.1/10x100/q2_1/hiDiv/pythia8.306-1.1_D0_10x100_hiDiv_q2_1_run07.0120.eicrecon.edm4eic.root
[i] Add 2th file: root://dtn-eic.jlab.org//volatile/eic/EPIC/RECO/25.10.3/epic_craterlake/SIDIS/D0_ABCONV/pythia8.306-1.1/10x100/q2_1/hiDiv/pythia8.306-1.1_D0_10x100_hiDiv_q2_1_run07.0121.eicrecon.edm4eic.root
[i] Add 3th file: root://dtn-eic.jlab.org//volatile/eic/EPIC/RECO/25.10.3/epic_craterlake/SIDIS/D0_ABCONV/pythia8.306-1.1/10x100/q2_1/hiDiv/pythia8.306-1.1_D0_10x100_hiDiv_q2_1_run07.0122.eicrecon.edm4eic.root
[i] Add 4th file: root://dtn-eic.jlab.org//volatile/eic/EPIC/RECO/25.10.3/epic_craterlake/SIDIS/D0_ABCONV/pythia8.306-1.1/10x100/q2_1/hiDiv/pythia8.306-1.1_D0_10x100_hiDiv_q2_1_run07.0123.eicrecon.edm4eic.root
[i] Add 5th file: root://dtn-eic.jlab.org//volatile/eic/EPIC/RECO/25.10.3/epic_craterlake/SIDIS/D0_ABCONV/pythia8.306-1.1/10x100/q2_1/hiDiv/pythia8.306-1.1_D0_10x100_hiDiv_q2_1_run07.0124.eicrecon.edm4eic.root
[i] Add 6th file: root://dtn-eic.jlab.org//volatile/eic/EPIC/RECO/25.10.3/epic_craterlake/SIDIS/D0_ABCONV/pythia8.306-1.1/10x100/q2_1/hiDiv/pythia8.306-1.1_D0_10x100_hiDiv_q2_1_run07.0125.eicrecon.edm4eic.root
[i] Add 7th file: root://dtn-eic.jlab.org//volatile/eic/EPIC/RECO/25.10.3/epic_craterlake/SIDIS/D0_ABCONV/pythia8.306-1.1/10x100/q2_1/hiDiv/pythia8.306-1.1_D0_10x100_hiDiv_q2_1_run07.0126.eicrecon.edm4eic.root
[i] Add 8th file: root://dtn-eic.jlab.org//volatile/eic/EPIC/RECO/25.10.3/epic_craterlake/SIDIS/D0_ABCONV/pythia8.306-1.1/10x100/q2_1/hiDiv/pythia8.306-1.1_D0_10x100_hiDiv_q2_1_run07.0127.eicrecon.edm4eic.root
[i] Add 9th file: root://dtn-eic.jlab.org//volatile/eic/EPIC/RECO/25.10.3/epic_craterlake/SIDIS/D0_ABCONV/pythia8.306-1.1/10x100/q2_1/hiDiv/pythia8.306-1.1_D0_10x100_hiDiv_q2_1_run07.0128.eicrecon.edm4eic.root
[i] Add 10th file: root://dtn-eic.jlab.org//volatile/eic/EPIC/RECO/25.10.3/epic_craterlake/SIDIS/D0_ABCONV/pythia8.306-1.1/10x100/q2_1/hiDiv/pythia8.306-1.1_D0_10x100_hiDiv_q2_1_run07.0129.eicrecon.edm4eic.root
[i] Add 11th file: root://dtn-eic.jlab.org//volatile/eic/EPIC/RECO/25.10.3/epic_craterlake/SIDIS/D0_ABCONV/pythia8.306-1.1/10x100/q2_1/hiDiv/pythia8.306-1.1_D0_10x100_hiDiv_q2_1_run07.0130.eicrecon.edm4eic.root
[i] Add 12th file: root://dtn-eic.jlab.org//volatile/eic/EPIC/RECO/25.10.3/epic_craterlake/SIDIS/D0_ABCONV/pythia8.306-1.1/10x100/q2_1/hiDiv/pythia8.306-1.1_D0_10x100_hiDiv_q2_1_run07.0131.eicrecon.edm4eic.root
[i] Add 13th file: root://dtn-eic.jlab.org//volatile/eic/EPIC/RECO/25.10.3/epic_craterlake/SIDIS/D0_ABCONV/pythia8.306-1.1/10x100/q2_1/hiDiv/pythia8.306-1.1_D0_10x100_hiDiv_q2_1_run07.0132.eicrecon.edm4eic.root
[i] Add 14th file: root://dtn-eic.jlab.org//volatile/eic/EPIC/RECO/25.10.3/epic_craterlake/SIDIS/D0_ABCONV/pythia8.306-1.1/10x100/q2_1/hiDiv/pythia8.306-1.1_D0_10x100_hiDiv_q2_1_run07.0133.eicrecon.edm4eic.root
[i] Add 15th file: root://dtn-eic.jlab.org//volatile/eic/EPIC/RECO/25.10.3/epic_craterlake/SIDIS/D0_ABCONV/pythia8.306-1.1/10x100/q2_1/hiDiv/pythia8.306-1.1_D0_10x100_hiDiv_q2_1_run07.0134.eicrecon.edm4eic.root
[i] Add 16th file: root://dtn-eic.jlab.org//volatile/eic/EPIC/RECO/25.10.3/epic_craterlake/SIDIS/D0_ABCONV/pythia8.306-1.1/10x100/q2_1/hiDiv/pythia8.306-1.1_D0_10x100_hiDiv_q2_1_run07.0135.eicrecon.edm4eic.root
[i] Add 17th file: root://dtn-eic.jlab.org//volatile/eic/EPIC/RECO/25.10.3/epic_craterlake/SIDIS/D0_ABCONV/pythia8.306-1.1/10x100/q2_1/hiDiv/pythia8.306-1.1_D0_10x100_hiDiv_q2_1_run07.0136.eicrecon.edm4eic.root
[i] Add 18th file: root://dtn-eic.jlab.org//volatile/eic/EPIC/RECO/25.10.3/epic_craterlake/SIDIS/D0_ABCONV/pythia8.306-1.1/10x100/q2_1/hiDiv/pythia8.306-1.1_D0_10x100_hiDiv_q2_1_run07.0137.eicrecon.edm4eic.root
[i] Add 19th file: root://dtn-eic.jlab.org//volatile/eic/EPIC/RECO/25.10.3/epic_craterlake/SIDIS/D0_ABCONV/pythia8.306-1.1/10x100/q2_1/hiDiv/pythia8.306-1.1_D0_10x100_hiDiv_q2_1_run07.0138.eicrecon.edm4eic.root
[i] Read in 20 files with 6300 events in total

[i] New event 0

[i] New event 1000

[i] New event 2000

[i] New event 3000

[i] New event 4000

[i] New event 5000

[i] New event 6000
