000 (1127.106.000) 2025-12-25 12:35:18 Job submitted from host: <130.199.48.160:9618?addrs=[2620-0-210-a002--160]-9618+130.199.48.160-9618&alias=eicsub02.sdcc.bnl.gov&noUDP&sock=schedd_1122_32c5>
...
001 (1127.106.000) 2025-12-25 12:38:06 Job executing on host: <130.199.207.207:9618?addrs=[2620-0-210-9040--207]-9618+130.199.207.207-9618&alias=spool1494.sdcc.bnl.gov&noUDP&sock=startd_25878_28e8>
	SlotName: slot1_17@spool1494.sdcc.bnl.gov
	CondorScratchDir = "/home/condor/local/sdcc/execute/dir_3329522"
	Cpus = 1
	Disk = 7408
	Memory = 4096
	xferslots = 0
...
006 (1127.106.000) 2025-12-25 12:38:14 Image size of job updated: 23296
	23  -  MemoryUsage of job (MB)
	23296  -  ResidentSetSize of job (KB)
...
006 (1127.106.000) 2025-12-25 12:39:35 Image size of job updated: 2280496
	23  -  MemoryUsage of job (MB)
	23296  -  ResidentSetSize of job (KB)
...
005 (1127.106.000) 2025-12-25 12:39:35 Job terminated.
	(1) Normal termination (return value 0)
		Usr 0 00:00:36, Sys 0 00:00:05  -  Run Remote Usage
		Usr 0 00:00:00, Sys 0 00:00:00  -  Run Local Usage
		Usr 0 00:00:36, Sys 0 00:00:05  -  Total Remote Usage
		Usr 0 00:00:00, Sys 0 00:00:00  -  Total Local Usage
	0  -  Run Bytes Sent By Job
	0  -  Run Bytes Received By Job
	0  -  Total Bytes Sent By Job
	0  -  Total Bytes Received By Job
	Partitionable Resources :    Usage  Request Allocated 
	   Cpus                 :                 1         1 
	   Disk (KB)            :        1        1      7408 
	   Memory (MB)          :       23     4096      4096 
	   TimeExecute (s)      :       89                    
	   TimeSlotBusy (s)     :       90                    
	   xferslots            :                           0 
...
