000 (1127.046.000) 2025-12-25 12:35:18 Job submitted from host: <130.199.48.160:9618?addrs=[2620-0-210-a002--160]-9618+130.199.48.160-9618&alias=eicsub02.sdcc.bnl.gov&noUDP&sock=schedd_1122_32c5>
...
001 (1127.046.000) 2025-12-25 12:36:56 Job executing on host: <130.199.149.145:9618?addrs=[2620-0-210-9010--145]-9618+130.199.149.145-9618&alias=spool0267.sdcc.bnl.gov&noUDP&sock=startd_407868_2c29>
	SlotName: slot1_27@spool0267.sdcc.bnl.gov
	CondorScratchDir = "/home/condor/local/sdcc/execute/dir_3190547"
	Cpus = 1
	Disk = 14765
	Memory = 4096
	xferslots = 0
...
006 (1127.046.000) 2025-12-25 12:37:09 Image size of job updated: 55884
	55  -  MemoryUsage of job (MB)
	55884  -  ResidentSetSize of job (KB)
...
006 (1127.046.000) 2025-12-25 12:38:21 Image size of job updated: 2267844
	55  -  MemoryUsage of job (MB)
	55888  -  ResidentSetSize of job (KB)
...
005 (1127.046.000) 2025-12-25 12:38:21 Job terminated.
	(1) Normal termination (return value 0)
		Usr 0 00:00:35, Sys 0 00:00:07  -  Run Remote Usage
		Usr 0 00:00:00, Sys 0 00:00:00  -  Run Local Usage
		Usr 0 00:00:35, Sys 0 00:00:07  -  Total Remote Usage
		Usr 0 00:00:00, Sys 0 00:00:00  -  Total Local Usage
	0  -  Run Bytes Sent By Job
	0  -  Run Bytes Received By Job
	0  -  Total Bytes Sent By Job
	0  -  Total Bytes Received By Job
	Partitionable Resources :    Usage  Request Allocated 
	   Cpus                 :     0.34        1         1 
	   Disk (KB)            :     1           1     14765 
	   Memory (MB)          :    55        4096      4096 
	   TimeExecute (s)      :    85                       
	   TimeSlotBusy (s)     :    86                       
	   xferslots            :                           0 

	Job terminated of its own accord at 2025-12-25T17:38:21Z with exit-code 0.
...
