000 (1127.126.000) 2025-12-25 12:35:18 Job submitted from host: <130.199.48.160:9618?addrs=[2620-0-210-a002--160]-9618+130.199.48.160-9618&alias=eicsub02.sdcc.bnl.gov&noUDP&sock=schedd_1122_32c5>
...
001 (1127.126.000) 2025-12-25 12:38:24 Job executing on host: <130.199.156.242:9618?addrs=[2620-0-210-9014--242]-9618+130.199.156.242-9618&alias=spool0814.sdcc.bnl.gov&noUDP&sock=startd_375078_8d2c>
	SlotName: slot1_29@spool0814.sdcc.bnl.gov
	CondorScratchDir = "/home/condor/local/sdcc/execute/dir_2379748"
	Cpus = 1
	Disk = 7408
	Memory = 4096
	xferslots = 0
...
006 (1127.126.000) 2025-12-25 12:38:37 Image size of job updated: 81660
	80  -  MemoryUsage of job (MB)
	81660  -  ResidentSetSize of job (KB)
...
006 (1127.126.000) 2025-12-25 12:39:48 Image size of job updated: 2265056
	80  -  MemoryUsage of job (MB)
	81660  -  ResidentSetSize of job (KB)
...
005 (1127.126.000) 2025-12-25 12:39:48 Job terminated.
	(1) Normal termination (return value 0)
		Usr 0 00:00:41, Sys 0 00:00:06  -  Run Remote Usage
		Usr 0 00:00:00, Sys 0 00:00:00  -  Run Local Usage
		Usr 0 00:00:41, Sys 0 00:00:06  -  Total Remote Usage
		Usr 0 00:00:00, Sys 0 00:00:00  -  Total Local Usage
	0  -  Run Bytes Sent By Job
	0  -  Run Bytes Received By Job
	0  -  Total Bytes Sent By Job
	0  -  Total Bytes Received By Job
	Partitionable Resources :    Usage  Request Allocated 
	   Cpus                 :     0.56        1         1 
	   Disk (KB)            :     1           1      7408 
	   Memory (MB)          :    80        4096      4096 
	   TimeExecute (s)      :    84                       
	   TimeSlotBusy (s)     :    85                       
	   xferslots            :                           0 

	Job terminated of its own accord at 2025-12-25T17:39:48Z with exit-code 0.
...
