000 (1127.066.000) 2025-12-25 12:35:18 Job submitted from host: <130.199.48.160:9618?addrs=[2620-0-210-a002--160]-9618+130.199.48.160-9618&alias=eicsub02.sdcc.bnl.gov&noUDP&sock=schedd_1122_32c5>
...
001 (1127.066.000) 2025-12-25 12:37:25 Job executing on host: <130.199.149.239:9618?addrs=[2620-0-210-9007--239]-9618+130.199.149.239-9618&alias=spool0633.sdcc.bnl.gov&noUDP&sock=startd_379855_6962>
	SlotName: slot1_25@spool0633.sdcc.bnl.gov
	CondorScratchDir = "/home/condor/local/sdcc/execute/dir_1514480"
	Cpus = 1
	Disk = 14709
	Memory = 4096
	xferslots = 0
...
006 (1127.066.000) 2025-12-25 12:37:39 Image size of job updated: 49656
	49  -  MemoryUsage of job (MB)
	49656  -  ResidentSetSize of job (KB)
...
006 (1127.066.000) 2025-12-25 12:38:56 Image size of job updated: 2268476
	49  -  MemoryUsage of job (MB)
	49656  -  ResidentSetSize of job (KB)
...
005 (1127.066.000) 2025-12-25 12:38:56 Job terminated.
	(1) Normal termination (return value 0)
		Usr 0 00:00:36, Sys 0 00:00:06  -  Run Remote Usage
		Usr 0 00:00:00, Sys 0 00:00:00  -  Run Local Usage
		Usr 0 00:00:36, Sys 0 00:00:06  -  Total Remote Usage
		Usr 0 00:00:00, Sys 0 00:00:00  -  Total Local Usage
	0  -  Run Bytes Sent By Job
	0  -  Run Bytes Received By Job
	0  -  Total Bytes Sent By Job
	0  -  Total Bytes Received By Job
	Partitionable Resources :    Usage  Request Allocated 
	   Cpus                 :        0        1         1 
	   Disk (KB)            :        1        1     14709 
	   Memory (MB)          :       49     4096      4096 
	   TimeExecute (s)      :       91                    
	   TimeSlotBusy (s)     :       91                    
	   xferslots            :                           0 

	Job terminated of its own accord at 2025-12-25T17:38:56Z with exit-code 0.
...
