000 (1127.034.000) 2025-12-25 12:35:18 Job submitted from host: <130.199.48.160:9618?addrs=[2620-0-210-a002--160]-9618+130.199.48.160-9618&alias=eicsub02.sdcc.bnl.gov&noUDP&sock=schedd_1122_32c5>
...
001 (1127.034.000) 2025-12-25 12:36:47 Job executing on host: <130.199.207.218:9618?addrs=[2620-0-210-9040--218]-9618+130.199.207.218-9618&alias=spool1505.sdcc.bnl.gov&noUDP&sock=startd_25501_d814>
	SlotName: slot1_23@spool1505.sdcc.bnl.gov
	CondorScratchDir = "/home/condor/local/sdcc/execute/dir_1925826"
	Cpus = 1
	Disk = 7408
	Memory = 4096
	xferslots = 0
...
006 (1127.034.000) 2025-12-25 12:36:56 Image size of job updated: 82180
	81  -  MemoryUsage of job (MB)
	82180  -  ResidentSetSize of job (KB)
...
006 (1127.034.000) 2025-12-25 12:38:09 Image size of job updated: 2259356
	81  -  MemoryUsage of job (MB)
	82180  -  ResidentSetSize of job (KB)
...
005 (1127.034.000) 2025-12-25 12:38:09 Job terminated.
	(1) Normal termination (return value 0)
		Usr 0 00:00:35, Sys 0 00:00:06  -  Run Remote Usage
		Usr 0 00:00:00, Sys 0 00:00:00  -  Run Local Usage
		Usr 0 00:00:35, Sys 0 00:00:06  -  Total Remote Usage
		Usr 0 00:00:00, Sys 0 00:00:00  -  Total Local Usage
	0  -  Run Bytes Sent By Job
	0  -  Run Bytes Received By Job
	0  -  Total Bytes Sent By Job
	0  -  Total Bytes Received By Job
	Partitionable Resources :    Usage  Request Allocated 
	   Cpus                 :        0        1         1 
	   Disk (KB)            :        1        1      7408 
	   Memory (MB)          :       81     4096      4096 
	   TimeExecute (s)      :       82                    
	   TimeSlotBusy (s)     :       82                    
	   xferslots            :                           0 
...
