/eic/u/cyang/eic/Job_submission_RCF/output_D0_10x100_minQ2_1_25.10.3
/eic/u/cyang/eic/Job_submission_RCF/input_files/D0_10x100_minQ2_1_25.10.3/subList_146.list
/eic/u/cyang/eic/Job_submission_RCF/output_D0_10x100_minQ2_1_25.10.3/output_146.root
/eic/u/cyang/eic/Job_submission_RCF/output_D0_10x100_minQ2_1_25.10.3/Signal_146.root
/eic/u/cyang/eic/Job_submission_RCF/output_D0_10x100_minQ2_1_25.10.3/Bkg_146.root
[i] Add 0th file: root://dtn-eic.jlab.org//volatile/eic/EPIC/RECO/25.10.3/epic_craterlake/SIDIS/D0_ABCONV/pythia8.306-1.1/10x100/q2_1/hiDiv/pythia8.306-1.1_D0_10x100_hiDiv_q2_1_run10.0098.eicrecon.edm4eic.root
[i] Add 1th file: root://dtn-eic.jlab.org//volatile/eic/EPIC/RECO/25.10.3/epic_craterlake/SIDIS/D0_ABCONV/pythia8.306-1.1/10x100/q2_1/hiDiv/pythia8.306-1.1_D0_10x100_hiDiv_q2_1_run10.0099.eicrecon.edm4eic.root
[i] Add 2th file: root://dtn-eic.jlab.org//volatile/eic/EPIC/RECO/25.10.3/epic_craterlake/SIDIS/D0_ABCONV/pythia8.306-1.1/10x100/q2_1/hiDiv/pythia8.306-1.1_D0_10x100_hiDiv_q2_1_run10.0100.eicrecon.edm4eic.root
[i] Add 3th file: root://dtn-eic.jlab.org//volatile/eic/EPIC/RECO/25.10.3/epic_craterlake/SIDIS/D0_ABCONV/pythia8.306-1.1/10x100/q2_1/hiDiv/pythia8.306-1.1_D0_10x100_hiDiv_q2_1_run10.0101.eicrecon.edm4eic.root
[i] Add 4th file: root://dtn-eic.jlab.org//volatile/eic/EPIC/RECO/25.10.3/epic_craterlake/SIDIS/D0_ABCONV/pythia8.306-1.1/10x100/q2_1/hiDiv/pythia8.306-1.1_D0_10x100_hiDiv_q2_1_run10.0102.eicrecon.edm4eic.root
[i] Add 5th file: root://dtn-eic.jlab.org//volatile/eic/EPIC/RECO/25.10.3/epic_craterlake/SIDIS/D0_ABCONV/pythia8.306-1.1/10x100/q2_1/hiDiv/pythia8.306-1.1_D0_10x100_hiDiv_q2_1_run10.0103.eicrecon.edm4eic.root
[i] Add 6th file: root://dtn-eic.jlab.org//volatile/eic/EPIC/RECO/25.10.3/epic_craterlake/SIDIS/D0_ABCONV/pythia8.306-1.1/10x100/q2_1/hiDiv/pythia8.306-1.1_D0_10x100_hiDiv_q2_1_run10.0104.eicrecon.edm4eic.root
[i] Add 7th file: root://dtn-eic.jlab.org//volatile/eic/EPIC/RECO/25.10.3/epic_craterlake/SIDIS/D0_ABCONV/pythia8.306-1.1/10x100/q2_1/hiDiv/pythia8.306-1.1_D0_10x100_hiDiv_q2_1_run10.0105.eicrecon.edm4eic.root
[i] Add 8th file: root://dtn-eic.jlab.org//volatile/eic/EPIC/RECO/25.10.3/epic_craterlake/SIDIS/D0_ABCONV/pythia8.306-1.1/10x100/q2_1/hiDiv/pythia8.306-1.1_D0_10x100_hiDiv_q2_1_run10.0106.eicrecon.edm4eic.root
[i] Add 9th file: root://dtn-eic.jlab.org//volatile/eic/EPIC/RECO/25.10.3/epic_craterlake/SIDIS/D0_ABCONV/pythia8.306-1.1/10x100/q2_1/hiDiv/pythia8.306-1.1_D0_10x100_hiDiv_q2_1_run10.0107.eicrecon.edm4eic.root
[i] Add 10th file: root://dtn-eic.jlab.org//volatile/eic/EPIC/RECO/25.10.3/epic_craterlake/SIDIS/D0_ABCONV/pythia8.306-1.1/10x100/q2_1/hiDiv/pythia8.306-1.1_D0_10x100_hiDiv_q2_1_run10.0108.eicrecon.edm4eic.root
[i] Add 11th file: root://dtn-eic.jlab.org//volatile/eic/EPIC/RECO/25.10.3/epic_craterlake/SIDIS/D0_ABCONV/pythia8.306-1.1/10x100/q2_1/hiDiv/pythia8.306-1.1_D0_10x100_hiDiv_q2_1_run10.0109.eicrecon.edm4eic.root
[i] Add 12th file: root://dtn-eic.jlab.org//volatile/eic/EPIC/RECO/25.10.3/epic_craterlake/SIDIS/D0_ABCONV/pythia8.306-1.1/10x100/q2_1/hiDiv/pythia8.306-1.1_D0_10x100_hiDiv_q2_1_run10.0110.eicrecon.edm4eic.root
[i] Add 13th file: root://dtn-eic.jlab.org//volatile/eic/EPIC/RECO/25.10.3/epic_craterlake/SIDIS/D0_ABCONV/pythia8.306-1.1/10x100/q2_1/hiDiv/pythia8.306-1.1_D0_10x100_hiDiv_q2_1_run10.0111.eicrecon.edm4eic.root
[i] Add 14th file: root://dtn-eic.jlab.org//volatile/eic/EPIC/RECO/25.10.3/epic_craterlake/SIDIS/D0_ABCONV/pythia8.306-1.1/10x100/q2_1/hiDiv/pythia8.306-1.1_D0_10x100_hiDiv_q2_1_run10.0112.eicrecon.edm4eic.root
[i] Add 15th file: root://dtn-eic.jlab.org//volatile/eic/EPIC/RECO/25.10.3/epic_craterlake/SIDIS/D0_ABCONV/pythia8.306-1.1/10x100/q2_1/hiDiv/pythia8.306-1.1_D0_10x100_hiDiv_q2_1_run10.0113.eicrecon.edm4eic.root
[i] Add 16th file: root://dtn-eic.jlab.org//volatile/eic/EPIC/RECO/25.10.3/epic_craterlake/SIDIS/D0_ABCONV/pythia8.306-1.1/10x100/q2_1/hiDiv/pythia8.306-1.1_D0_10x100_hiDiv_q2_1_run10.0114.eicrecon.edm4eic.root
[i] Add 17th file: root://dtn-eic.jlab.org//volatile/eic/EPIC/RECO/25.10.3/epic_craterlake/SIDIS/D0_ABCONV/pythia8.306-1.1/10x100/q2_1/hiDiv/pythia8.306-1.1_D0_10x100_hiDiv_q2_1_run10.0115.eicrecon.edm4eic.root
[i] Add 18th file: root://dtn-eic.jlab.org//volatile/eic/EPIC/RECO/25.10.3/epic_craterlake/SIDIS/D0_ABCONV/pythia8.306-1.1/10x100/q2_1/hiDiv/pythia8.306-1.1_D0_10x100_hiDiv_q2_1_run10.0116.eicrecon.edm4eic.root
[i] Add 19th file: root://dtn-eic.jlab.org//volatile/eic/EPIC/RECO/25.10.3/epic_craterlake/SIDIS/D0_ABCONV/pythia8.306-1.1/10x100/q2_1/hiDiv/pythia8.306-1.1_D0_10x100_hiDiv_q2_1_run10.0117.eicrecon.edm4eic.root
[i] Read in 20 files with 6300 events in total

[i] New event 0

[i] New event 1000

[i] New event 2000

[i] New event 3000

[i] New event 4000

[i] New event 5000

[i] New event 6000
