000 (1127.004.000) 2025-12-25 12:35:18 Job submitted from host: <130.199.48.160:9618?addrs=[2620-0-210-a002--160]-9618+130.199.48.160-9618&alias=eicsub02.sdcc.bnl.gov&noUDP&sock=schedd_1122_32c5>
...
001 (1127.004.000) 2025-12-25 12:35:41 Job executing on host: <130.199.157.13:9618?addrs=[2620-0-210-9013--13]-9618+130.199.157.13-9618&alias=spool0826.sdcc.bnl.gov&noUDP&sock=startd_371683_13aa>
	SlotName: slot1_26@spool0826.sdcc.bnl.gov
	CondorScratchDir = "/home/condor/local/sdcc/execute/dir_3272552"
	Cpus = 1
	Disk = 7408
	Memory = 4096
	xferslots = 0
...
006 (1127.004.000) 2025-12-25 12:35:54 Image size of job updated: 64692
	64  -  MemoryUsage of job (MB)
	64692  -  ResidentSetSize of job (KB)
...
006 (1127.004.000) 2025-12-25 12:37:11 Image size of job updated: 2270564
	64  -  MemoryUsage of job (MB)
	64692  -  ResidentSetSize of job (KB)
...
005 (1127.004.000) 2025-12-25 12:37:11 Job terminated.
	(1) Normal termination (return value 0)
		Usr 0 00:00:44, Sys 0 00:00:03  -  Run Remote Usage
		Usr 0 00:00:00, Sys 0 00:00:00  -  Run Local Usage
		Usr 0 00:00:44, Sys 0 00:00:03  -  Total Remote Usage
		Usr 0 00:00:00, Sys 0 00:00:00  -  Total Local Usage
	0  -  Run Bytes Sent By Job
	0  -  Run Bytes Received By Job
	0  -  Total Bytes Sent By Job
	0  -  Total Bytes Received By Job
	Partitionable Resources :    Usage  Request Allocated 
	   Cpus                 :                 1         1 
	   Disk (KB)            :        1        1      7408 
	   Memory (MB)          :       64     4096      4096 
	   TimeExecute (s)      :       90                    
	   TimeSlotBusy (s)     :       91                    
	   xferslots            :                           0 

	Job terminated of its own accord at 2025-12-25T17:37:11Z with exit-code 0.
...
