000 (1127.045.000) 2025-12-25 12:35:18 Job submitted from host: <130.199.48.160:9618?addrs=[2620-0-210-a002--160]-9618+130.199.48.160-9618&alias=eicsub02.sdcc.bnl.gov&noUDP&sock=schedd_1122_32c5>
...
001 (1127.045.000) 2025-12-25 12:36:56 Job executing on host: <130.199.149.145:9618?addrs=[2620-0-210-9010--145]-9618+130.199.149.145-9618&alias=spool0267.sdcc.bnl.gov&noUDP&sock=startd_407868_2c29>
	SlotName: slot1_6@spool0267.sdcc.bnl.gov
	CondorScratchDir = "/home/condor/local/sdcc/execute/dir_3190549"
	Cpus = 1
	Disk = 14765
	Memory = 4096
	xferslots = 0
...
006 (1127.045.000) 2025-12-25 12:37:09 Image size of job updated: 57600
	57  -  MemoryUsage of job (MB)
	57600  -  ResidentSetSize of job (KB)
...
006 (1127.045.000) 2025-12-25 12:38:18 Image size of job updated: 2276320
	57  -  MemoryUsage of job (MB)
	57600  -  ResidentSetSize of job (KB)
...
005 (1127.045.000) 2025-12-25 12:38:18 Job terminated.
	(1) Normal termination (return value 0)
		Usr 0 00:00:35, Sys 0 00:00:03  -  Run Remote Usage
		Usr 0 00:00:00, Sys 0 00:00:00  -  Run Local Usage
		Usr 0 00:00:35, Sys 0 00:00:03  -  Total Remote Usage
		Usr 0 00:00:00, Sys 0 00:00:00  -  Total Local Usage
	0  -  Run Bytes Sent By Job
	0  -  Run Bytes Received By Job
	0  -  Total Bytes Sent By Job
	0  -  Total Bytes Received By Job
	Partitionable Resources :    Usage  Request Allocated 
	   Cpus                 :     0.35        1         1 
	   Disk (KB)            :     1           1     14765 
	   Memory (MB)          :    57        4096      4096 
	   TimeExecute (s)      :    82                       
	   TimeSlotBusy (s)     :    83                       
	   xferslots            :                           0 

	Job terminated of its own accord at 2025-12-25T17:38:18Z with exit-code 0.
...
