000 (1127.037.000) 2025-12-25 12:35:18 Job submitted from host: <130.199.48.160:9618?addrs=[2620-0-210-a002--160]-9618+130.199.48.160-9618&alias=eicsub02.sdcc.bnl.gov&noUDP&sock=schedd_1122_32c5>
...
001 (1127.037.000) 2025-12-25 12:36:52 Job executing on host: <130.199.186.4:9618?addrs=[2620-0-210-9053--4]-9618+130.199.186.4-9618&alias=spool1801.sdcc.bnl.gov&noUDP&sock=startd_25443_7ce0>
	SlotName: slot1_51@spool1801.sdcc.bnl.gov
	CondorScratchDir = "/home/condor/local/sdcc/execute/dir_281628"
	Cpus = 1
	Disk = 7408
	Memory = 4096
	xferslots = 0
...
006 (1127.037.000) 2025-12-25 12:37:00 Image size of job updated: 83176
	82  -  MemoryUsage of job (MB)
	83176  -  ResidentSetSize of job (KB)
...
006 (1127.037.000) 2025-12-25 12:37:46 Image size of job updated: 2271944
	82  -  MemoryUsage of job (MB)
	83176  -  ResidentSetSize of job (KB)
...
005 (1127.037.000) 2025-12-25 12:37:46 Job terminated.
	(1) Normal termination (return value 0)
		Usr 0 00:00:34, Sys 0 00:00:02  -  Run Remote Usage
		Usr 0 00:00:00, Sys 0 00:00:00  -  Run Local Usage
		Usr 0 00:00:34, Sys 0 00:00:02  -  Total Remote Usage
		Usr 0 00:00:00, Sys 0 00:00:00  -  Total Local Usage
	0  -  Run Bytes Sent By Job
	0  -  Run Bytes Received By Job
	0  -  Total Bytes Sent By Job
	0  -  Total Bytes Received By Job
	Partitionable Resources :    Usage  Request Allocated 
	   Cpus                 :     0.15        1         1 
	   Disk (KB)            :     1           1      7408 
	   Memory (MB)          :    82        4096      4096 
	   TimeExecute (s)      :    54                       
	   TimeSlotBusy (s)     :    54                       
	   xferslots            :                           0 
...
