000 (1127.128.000) 2025-12-25 12:35:18 Job submitted from host: <130.199.48.160:9618?addrs=[2620-0-210-a002--160]-9618+130.199.48.160-9618&alias=eicsub02.sdcc.bnl.gov&noUDP&sock=schedd_1122_32c5>
...
001 (1127.128.000) 2025-12-25 12:38:24 Job executing on host: <130.199.149.233:9618?addrs=[2620-0-210-9007--233]-9618+130.199.149.233-9618&alias=spool0627.sdcc.bnl.gov&noUDP&sock=startd_381554_1fab>
	SlotName: slot1_25@spool0627.sdcc.bnl.gov
	CondorScratchDir = "/home/condor/local/sdcc/execute/dir_3201789"
	Cpus = 1
	Disk = 14709
	Memory = 4096
	xferslots = 0
...
006 (1127.128.000) 2025-12-25 12:38:38 Image size of job updated: 82668
	81  -  MemoryUsage of job (MB)
	82668  -  ResidentSetSize of job (KB)
...
006 (1127.128.000) 2025-12-25 12:39:52 Image size of job updated: 2278940
	81  -  MemoryUsage of job (MB)
	82668  -  ResidentSetSize of job (KB)
...
005 (1127.128.000) 2025-12-25 12:39:52 Job terminated.
	(1) Normal termination (return value 0)
		Usr 0 00:00:35, Sys 0 00:00:08  -  Run Remote Usage
		Usr 0 00:00:00, Sys 0 00:00:00  -  Run Local Usage
		Usr 0 00:00:35, Sys 0 00:00:08  -  Total Remote Usage
		Usr 0 00:00:00, Sys 0 00:00:00  -  Total Local Usage
	0  -  Run Bytes Sent By Job
	0  -  Run Bytes Received By Job
	0  -  Total Bytes Sent By Job
	0  -  Total Bytes Received By Job
	Partitionable Resources :    Usage  Request Allocated 
	   Cpus                 :     0.04        1         1 
	   Disk (KB)            :     1           1     14709 
	   Memory (MB)          :    81        4096      4096 
	   TimeExecute (s)      :    88                       
	   TimeSlotBusy (s)     :    88                       
	   xferslots            :                           0 

	Job terminated of its own accord at 2025-12-25T17:39:52Z with exit-code 0.
...
