000 (1127.138.000) 2025-12-25 12:35:18 Job submitted from host: <130.199.48.160:9618?addrs=[2620-0-210-a002--160]-9618+130.199.48.160-9618&alias=eicsub02.sdcc.bnl.gov&noUDP&sock=schedd_1122_32c5>
...
001 (1127.138.000) 2025-12-25 12:38:36 Job executing on host: <130.199.157.130:9618?addrs=[2620-0-210-9006--130]-9618+130.199.157.130-9618&alias=spool0670.sdcc.bnl.gov&noUDP&sock=startd_388092_5173>
	SlotName: slot1_47@spool0670.sdcc.bnl.gov
	CondorScratchDir = "/home/condor/local/sdcc/execute/dir_1349628"
	Cpus = 1
	Disk = 14709
	Memory = 4096
	xferslots = 0
...
006 (1127.138.000) 2025-12-25 12:38:50 Image size of job updated: 81940
	81  -  MemoryUsage of job (MB)
	81940  -  ResidentSetSize of job (KB)
...
006 (1127.138.000) 2025-12-25 12:40:01 Image size of job updated: 2267172
	81  -  MemoryUsage of job (MB)
	81940  -  ResidentSetSize of job (KB)
...
005 (1127.138.000) 2025-12-25 12:40:01 Job terminated.
	(1) Normal termination (return value 0)
		Usr 0 00:00:36, Sys 0 00:00:07  -  Run Remote Usage
		Usr 0 00:00:00, Sys 0 00:00:00  -  Run Local Usage
		Usr 0 00:00:36, Sys 0 00:00:07  -  Total Remote Usage
		Usr 0 00:00:00, Sys 0 00:00:00  -  Total Local Usage
	0  -  Run Bytes Sent By Job
	0  -  Run Bytes Received By Job
	0  -  Total Bytes Sent By Job
	0  -  Total Bytes Received By Job
	Partitionable Resources :    Usage  Request Allocated 
	   Cpus                 :     0.50        1         1 
	   Disk (KB)            :     1           1     14709 
	   Memory (MB)          :    81        4096      4096 
	   TimeExecute (s)      :    85                       
	   TimeSlotBusy (s)     :    85                       
	   xferslots            :                           0 

	Job terminated of its own accord at 2025-12-25T17:40:01Z with exit-code 0.
...
