000 (1127.021.000) 2025-12-25 12:35:18 Job submitted from host: <130.199.48.160:9618?addrs=[2620-0-210-a002--160]-9618+130.199.48.160-9618&alias=eicsub02.sdcc.bnl.gov&noUDP&sock=schedd_1122_32c5>
...
001 (1127.021.000) 2025-12-25 12:36:25 Job executing on host: <130.199.149.67:9618?addrs=[2620-0-210-9008--67]-9618+130.199.149.67-9618&alias=spool0201.sdcc.bnl.gov&noUDP&sock=startd_407752_75c1>
	SlotName: slot1_26@spool0201.sdcc.bnl.gov
	CondorScratchDir = "/home/condor/local/sdcc/execute/dir_1944377"
	Cpus = 1
	Disk = 14765
	Memory = 4096
	xferslots = 0
...
006 (1127.021.000) 2025-12-25 12:36:39 Image size of job updated: 20944
	21  -  MemoryUsage of job (MB)
	20944  -  ResidentSetSize of job (KB)
...
006 (1127.021.000) 2025-12-25 12:38:04 Image size of job updated: 2214732
	21  -  MemoryUsage of job (MB)
	20944  -  ResidentSetSize of job (KB)
...
005 (1127.021.000) 2025-12-25 12:38:05 Job terminated.
	(1) Normal termination (return value 0)
		Usr 0 00:00:37, Sys 0 00:00:07  -  Run Remote Usage
		Usr 0 00:00:00, Sys 0 00:00:00  -  Run Local Usage
		Usr 0 00:00:37, Sys 0 00:00:07  -  Total Remote Usage
		Usr 0 00:00:00, Sys 0 00:00:00  -  Total Local Usage
	0  -  Run Bytes Sent By Job
	0  -  Run Bytes Received By Job
	0  -  Total Bytes Sent By Job
	0  -  Total Bytes Received By Job
	Partitionable Resources :    Usage  Request Allocated 
	   Cpus                 :     0.08        1         1 
	   Disk (KB)            :     1           1     14765 
	   Memory (MB)          :    21        4096      4096 
	   TimeExecute (s)      :    99                       
	   TimeSlotBusy (s)     :   100                       
	   xferslots            :                           0 

	Job terminated of its own accord at 2025-12-25T17:38:04Z with exit-code 0.
...
