000 (1127.099.000) 2025-12-25 12:35:18 Job submitted from host: <130.199.48.160:9618?addrs=[2620-0-210-a002--160]-9618+130.199.48.160-9618&alias=eicsub02.sdcc.bnl.gov&noUDP&sock=schedd_1122_32c5>
...
001 (1127.099.000) 2025-12-25 12:38:01 Job executing on host: <130.199.149.111:9618?addrs=[2620-0-210-9009--111]-9618+130.199.149.111-9618&alias=spool0239.sdcc.bnl.gov&noUDP&sock=startd_331098_6fc9>
	SlotName: slot1_28@spool0239.sdcc.bnl.gov
	CondorScratchDir = "/home/condor/local/sdcc/execute/dir_984290"
	Cpus = 1
	Disk = 14765
	Memory = 4096
	xferslots = 0
...
006 (1127.099.000) 2025-12-25 12:38:14 Image size of job updated: 62668
	62  -  MemoryUsage of job (MB)
	62668  -  ResidentSetSize of job (KB)
...
006 (1127.099.000) 2025-12-25 12:39:26 Image size of job updated: 2284724
	62  -  MemoryUsage of job (MB)
	62668  -  ResidentSetSize of job (KB)
...
005 (1127.099.000) 2025-12-25 12:39:26 Job terminated.
	(1) Normal termination (return value 0)
		Usr 0 00:00:36, Sys 0 00:00:07  -  Run Remote Usage
		Usr 0 00:00:00, Sys 0 00:00:00  -  Run Local Usage
		Usr 0 00:00:36, Sys 0 00:00:07  -  Total Remote Usage
		Usr 0 00:00:00, Sys 0 00:00:00  -  Total Local Usage
	0  -  Run Bytes Sent By Job
	0  -  Run Bytes Received By Job
	0  -  Total Bytes Sent By Job
	0  -  Total Bytes Received By Job
	Partitionable Resources :    Usage  Request Allocated 
	   Cpus                 :        0        1         1 
	   Disk (KB)            :        1        1     14765 
	   Memory (MB)          :       62     4096      4096 
	   TimeExecute (s)      :       85                    
	   TimeSlotBusy (s)     :       85                    
	   xferslots            :                           0 

	Job terminated of its own accord at 2025-12-25T17:39:26Z with exit-code 0.
...
