001 (1127.003.000) 2025-12-25 12:35:26 Job executing on host: <130.199.149.233:9618?addrs=[2620-0-210-9007--233]-9618+130.199.149.233-9618&alias=spool0627.sdcc.bnl.gov&noUDP&sock=startd_381554_1fab>
	SlotName: slot1_25@spool0627.sdcc.bnl.gov
	CondorScratchDir = "/home/condor/local/sdcc/execute/dir_3175758"
	Cpus = 1
	Disk = 14709
	Memory = 4096
	xferslots = 0
...
006 (1127.003.000) 2025-12-25 12:35:39 Image size of job updated: 20488
	21  -  MemoryUsage of job (MB)
	20488  -  ResidentSetSize of job (KB)
...
006 (1127.003.000) 2025-12-25 12:36:57 Image size of job updated: 2286904
	21  -  MemoryUsage of job (MB)
	20488  -  ResidentSetSize of job (KB)
...
005 (1127.003.000) 2025-12-25 12:36:57 Job terminated.
	(1) Normal termination (return value 0)
		Usr 0 00:00:36, Sys 0 00:00:08  -  Run Remote Usage
		Usr 0 00:00:00, Sys 0 00:00:00  -  Run Local Usage
		Usr 0 00:00:36, Sys 0 00:00:08  -  Total Remote Usage
		Usr 0 00:00:00, Sys 0 00:00:00  -  Total Local Usage
	0  -  Run Bytes Sent By Job
	0  -  Run Bytes Received By Job
	0  -  Total Bytes Sent By Job
	0  -  Total Bytes Received By Job
	Partitionable Resources :    Usage  Request Allocated 
	   Cpus                 :        0        1         1 
	   Disk (KB)            :        1        1     14709 
	   Memory (MB)          :       21     4096      4096 
	   TimeExecute (s)      :       91                    
	   TimeSlotBusy (s)     :       92                    
	   xferslots            :                           0 

	Job terminated of its own accord at 2025-12-25T17:36:57Z with exit-code 0.
...
