000 (1127.105.000) 2025-12-25 12:35:18 Job submitted from host: <130.199.48.160:9618?addrs=[2620-0-210-a002--160]-9618+130.199.48.160-9618&alias=eicsub02.sdcc.bnl.gov&noUDP&sock=schedd_1122_32c5>
...
001 (1127.105.000) 2025-12-25 12:38:06 Job executing on host: <130.199.184.150:9618?addrs=[2620-0-210-9051--150]-9618+130.199.184.150-9618&alias=spool1759.sdcc.bnl.gov&noUDP&sock=startd_25397_edeb>
	SlotName: slot1_37@spool1759.sdcc.bnl.gov
	CondorScratchDir = "/home/condor/local/sdcc/execute/dir_2382455"
	Cpus = 1
	Disk = 7408
	Memory = 4096
	xferslots = 0
...
006 (1127.105.000) 2025-12-25 12:38:14 Image size of job updated: 63752
	63  -  MemoryUsage of job (MB)
	63752  -  ResidentSetSize of job (KB)
...
006 (1127.105.000) 2025-12-25 12:39:09 Image size of job updated: 2253544
	63  -  MemoryUsage of job (MB)
	63752  -  ResidentSetSize of job (KB)
...
005 (1127.105.000) 2025-12-25 12:39:09 Job terminated.
	(1) Normal termination (return value 0)
		Usr 0 00:00:36, Sys 0 00:00:06  -  Run Remote Usage
		Usr 0 00:00:00, Sys 0 00:00:00  -  Run Local Usage
		Usr 0 00:00:36, Sys 0 00:00:06  -  Total Remote Usage
		Usr 0 00:00:00, Sys 0 00:00:00  -  Total Local Usage
	0  -  Run Bytes Sent By Job
	0  -  Run Bytes Received By Job
	0  -  Total Bytes Sent By Job
	0  -  Total Bytes Received By Job
	Partitionable Resources :    Usage  Request Allocated 
	   Cpus                 :     0.69        1         1 
	   Disk (KB)            :     1           1      7408 
	   Memory (MB)          :    63        4096      4096 
	   TimeExecute (s)      :    63                       
	   TimeSlotBusy (s)     :    64                       
	   xferslots            :                           0 
...
