000 (1127.108.000) 2025-12-25 12:35:18 Job submitted from host: <130.199.48.160:9618?addrs=[2620-0-210-a002--160]-9618+130.199.48.160-9618&alias=eicsub02.sdcc.bnl.gov&noUDP&sock=schedd_1122_32c5>
...
001 (1127.108.000) 2025-12-25 12:38:06 Job executing on host: <130.199.149.68:9618?addrs=[2620-0-210-9008--68]-9618+130.199.149.68-9618&alias=spool0202.sdcc.bnl.gov&noUDP&sock=startd_408805_b89f>
	SlotName: slot1_21@spool0202.sdcc.bnl.gov
	CondorScratchDir = "/home/condor/local/sdcc/execute/dir_2625657"
	Cpus = 1
	Disk = 14765
	Memory = 4096
	xferslots = 0
...
006 (1127.108.000) 2025-12-25 12:38:19 Image size of job updated: 24732
	25  -  MemoryUsage of job (MB)
	24732  -  ResidentSetSize of job (KB)
...
006 (1127.108.000) 2025-12-25 12:39:42 Image size of job updated: 2292360
	25  -  MemoryUsage of job (MB)
	24732  -  ResidentSetSize of job (KB)
...
005 (1127.108.000) 2025-12-25 12:39:42 Job terminated.
	(1) Normal termination (return value 0)
		Usr 0 00:00:35, Sys 0 00:00:08  -  Run Remote Usage
		Usr 0 00:00:00, Sys 0 00:00:00  -  Run Local Usage
		Usr 0 00:00:35, Sys 0 00:00:08  -  Total Remote Usage
		Usr 0 00:00:00, Sys 0 00:00:00  -  Total Local Usage
	0  -  Run Bytes Sent By Job
	0  -  Run Bytes Received By Job
	0  -  Total Bytes Sent By Job
	0  -  Total Bytes Received By Job
	Partitionable Resources :    Usage  Request Allocated 
	   Cpus                 :                 1         1 
	   Disk (KB)            :        1        1     14765 
	   Memory (MB)          :       25     4096      4096 
	   TimeExecute (s)      :       96                    
	   TimeSlotBusy (s)     :       97                    
	   xferslots            :                           0 

	Job terminated of its own accord at 2025-12-25T17:39:42Z with exit-code 0.
...
