000 (1127.104.000) 2025-12-25 12:35:18 Job submitted from host: <130.199.48.160:9618?addrs=[2620-0-210-a002--160]-9618+130.199.48.160-9618&alias=eicsub02.sdcc.bnl.gov&noUDP&sock=schedd_1122_32c5>
...
001 (1127.104.000) 2025-12-25 12:38:07 Job executing on host: <130.199.157.156:9618?addrs=[2620-0-210-9006--156]-9618+130.199.157.156-9618&alias=spool0696.sdcc.bnl.gov&noUDP&sock=startd_388130_583d>
	SlotName: slot1_51@spool0696.sdcc.bnl.gov
	CondorScratchDir = "/home/condor/local/sdcc/execute/dir_279681"
	Cpus = 1
	Disk = 14709
	Memory = 4096
	xferslots = 0
...
006 (1127.104.000) 2025-12-25 12:38:20 Image size of job updated: 16764
	17  -  MemoryUsage of job (MB)
	16764  -  ResidentSetSize of job (KB)
...
006 (1127.104.000) 2025-12-25 12:41:18 Image size of job updated: 2284736
	17  -  MemoryUsage of job (MB)
	16772  -  ResidentSetSize of job (KB)
...
005 (1127.104.000) 2025-12-25 12:41:18 Job terminated.
	(1) Normal termination (return value 0)
		Usr 0 00:00:36, Sys 0 00:00:07  -  Run Remote Usage
		Usr 0 00:00:00, Sys 0 00:00:00  -  Run Local Usage
		Usr 0 00:00:36, Sys 0 00:00:07  -  Total Remote Usage
		Usr 0 00:00:00, Sys 0 00:00:00  -  Total Local Usage
	0  -  Run Bytes Sent By Job
	0  -  Run Bytes Received By Job
	0  -  Total Bytes Sent By Job
	0  -  Total Bytes Received By Job
	Partitionable Resources :    Usage  Request Allocated 
	   Cpus                 :     0.54        1         1 
	   Disk (KB)            :     1           1     14709 
	   Memory (MB)          :    17        4096      4096 
	   TimeExecute (s)      :   191                       
	   TimeSlotBusy (s)     :   192                       
	   xferslots            :                           0 

	Job terminated of its own accord at 2025-12-25T17:41:18Z with exit-code 0.
...
