000 (1127.017.000) 2025-12-25 12:35:18 Job submitted from host: <130.199.48.160:9618?addrs=[2620-0-210-a002--160]-9618+130.199.48.160-9618&alias=eicsub02.sdcc.bnl.gov&noUDP&sock=schedd_1122_32c5>
...
001 (1127.017.000) 2025-12-25 12:36:11 Job executing on host: <130.199.149.130:9618?addrs=[2620-0-210-9010--130]-9618+130.199.149.130-9618&alias=spool0252.sdcc.bnl.gov&noUDP&sock=startd_278658_d6b3>
	SlotName: slot1_31@spool0252.sdcc.bnl.gov
	CondorScratchDir = "/home/condor/local/sdcc/execute/dir_1231438"
	Cpus = 1
	Disk = 14765
	Memory = 4096
	xferslots = 0
...
006 (1127.017.000) 2025-12-25 12:36:25 Image size of job updated: 22652
	23  -  MemoryUsage of job (MB)
	22652  -  ResidentSetSize of job (KB)
...
006 (1127.017.000) 2025-12-25 12:37:53 Image size of job updated: 2293544
	23  -  MemoryUsage of job (MB)
	22652  -  ResidentSetSize of job (KB)
...
005 (1127.017.000) 2025-12-25 12:37:53 Job terminated.
	(1) Normal termination (return value 0)
		Usr 0 00:00:35, Sys 0 00:00:07  -  Run Remote Usage
		Usr 0 00:00:00, Sys 0 00:00:00  -  Run Local Usage
		Usr 0 00:00:35, Sys 0 00:00:07  -  Total Remote Usage
		Usr 0 00:00:00, Sys 0 00:00:00  -  Total Local Usage
	0  -  Run Bytes Sent By Job
	0  -  Run Bytes Received By Job
	0  -  Total Bytes Sent By Job
	0  -  Total Bytes Received By Job
	Partitionable Resources :    Usage  Request Allocated 
	   Cpus                 :     0.05        1         1 
	   Disk (KB)            :     1           1     14765 
	   Memory (MB)          :    23        4096      4096 
	   TimeExecute (s)      :   102                       
	   TimeSlotBusy (s)     :   102                       
	   xferslots            :                           0 

	Job terminated of its own accord at 2025-12-25T17:37:53Z with exit-code 0.
...
