000 (1127.084.000) 2025-12-25 12:35:18 Job submitted from host: <130.199.48.160:9618?addrs=[2620-0-210-a002--160]-9618+130.199.48.160-9618&alias=eicsub02.sdcc.bnl.gov&noUDP&sock=schedd_1122_32c5>
...
001 (1127.084.000) 2025-12-25 12:37:40 Job executing on host: <130.199.149.195:9618?addrs=[2620-0-210-9012--195]-9618+130.199.149.195-9618&alias=spool0595.sdcc.bnl.gov&noUDP&sock=startd_391021_4f48>
	SlotName: slot1_10@spool0595.sdcc.bnl.gov
	CondorScratchDir = "/home/condor/local/sdcc/execute/dir_81577"
	Cpus = 1
	Disk = 14709
	Memory = 4096
	xferslots = 0
...
006 (1127.084.000) 2025-12-25 12:37:54 Image size of job updated: 80032
	79  -  MemoryUsage of job (MB)
	80032  -  ResidentSetSize of job (KB)
...
006 (1127.084.000) 2025-12-25 12:39:04 Image size of job updated: 2284252
	79  -  MemoryUsage of job (MB)
	80032  -  ResidentSetSize of job (KB)
...
005 (1127.084.000) 2025-12-25 12:39:05 Job terminated.
	(1) Normal termination (return value 0)
		Usr 0 00:00:35, Sys 0 00:00:06  -  Run Remote Usage
		Usr 0 00:00:00, Sys 0 00:00:00  -  Run Local Usage
		Usr 0 00:00:35, Sys 0 00:00:06  -  Total Remote Usage
		Usr 0 00:00:00, Sys 0 00:00:00  -  Total Local Usage
	0  -  Run Bytes Sent By Job
	0  -  Run Bytes Received By Job
	0  -  Total Bytes Sent By Job
	0  -  Total Bytes Received By Job
	Partitionable Resources :    Usage  Request Allocated 
	   Cpus                 :        0        1         1 
	   Disk (KB)            :        1        1     14709 
	   Memory (MB)          :       79     4096      4096 
	   TimeExecute (s)      :       84                    
	   TimeSlotBusy (s)     :       84                    
	   xferslots            :                           0 

	Job terminated of its own accord at 2025-12-25T17:39:04Z with exit-code 0.
...
