000 (1127.135.000) 2025-12-25 12:35:18 Job submitted from host: <130.199.48.160:9618?addrs=[2620-0-210-a002--160]-9618+130.199.48.160-9618&alias=eicsub02.sdcc.bnl.gov&noUDP&sock=schedd_1122_32c5>
...
001 (1127.135.000) 2025-12-25 12:38:36 Job executing on host: <130.199.201.219:9618?addrs=[2620-0-210-9020--219]-9618+130.199.201.219-9618&alias=spool0132.sdcc.bnl.gov&noUDP&sock=startd_380461_33f8>
	SlotName: slot1_29@spool0132.sdcc.bnl.gov
	CondorScratchDir = "/home/condor/local/sdcc/execute/dir_2606925"
	Cpus = 1
	Disk = 7408
	Memory = 4096
	xferslots = 0
...
006 (1127.135.000) 2025-12-25 12:38:50 Image size of job updated: 59208
	58  -  MemoryUsage of job (MB)
	59208  -  ResidentSetSize of job (KB)
...
006 (1127.135.000) 2025-12-25 12:40:02 Image size of job updated: 2289868
	58  -  MemoryUsage of job (MB)
	59208  -  ResidentSetSize of job (KB)
...
005 (1127.135.000) 2025-12-25 12:40:02 Job terminated.
	(1) Normal termination (return value 0)
		Usr 0 00:00:46, Sys 0 00:00:06  -  Run Remote Usage
		Usr 0 00:00:00, Sys 0 00:00:00  -  Run Local Usage
		Usr 0 00:00:46, Sys 0 00:00:06  -  Total Remote Usage
		Usr 0 00:00:00, Sys 0 00:00:00  -  Total Local Usage
	0  -  Run Bytes Sent By Job
	0  -  Run Bytes Received By Job
	0  -  Total Bytes Sent By Job
	0  -  Total Bytes Received By Job
	Partitionable Resources :    Usage  Request Allocated 
	   Cpus                 :        0        1         1 
	   Disk (KB)            :        1        1      7408 
	   Memory (MB)          :       58     4096      4096 
	   TimeExecute (s)      :       86                    
	   TimeSlotBusy (s)     :       86                    
	   xferslots            :                           0 

	Job terminated of its own accord at 2025-12-25T17:40:02Z with exit-code 0.
...
