000 (1127.067.000) 2025-12-25 12:35:18 Job submitted from host: <130.199.48.160:9618?addrs=[2620-0-210-a002--160]-9618+130.199.48.160-9618&alias=eicsub02.sdcc.bnl.gov&noUDP&sock=schedd_1122_32c5>
...
001 (1127.067.000) 2025-12-25 12:37:25 Job executing on host: <130.199.149.115:9618?addrs=[2620-0-210-9009--115]-9618+130.199.149.115-9618&alias=spool0243.sdcc.bnl.gov&noUDP&sock=startd_408380_36cc>
	SlotName: slot1_36@spool0243.sdcc.bnl.gov
	CondorScratchDir = "/home/condor/local/sdcc/execute/dir_62147"
	Cpus = 1
	Disk = 14765
	Memory = 4096
	xferslots = 0
...
006 (1127.067.000) 2025-12-25 12:37:39 Image size of job updated: 38776
	38  -  MemoryUsage of job (MB)
	38776  -  ResidentSetSize of job (KB)
...
006 (1127.067.000) 2025-12-25 12:38:58 Image size of job updated: 2277288
	38  -  MemoryUsage of job (MB)
	38776  -  ResidentSetSize of job (KB)
...
005 (1127.067.000) 2025-12-25 12:38:58 Job terminated.
	(1) Normal termination (return value 0)
		Usr 0 00:00:35, Sys 0 00:00:07  -  Run Remote Usage
		Usr 0 00:00:00, Sys 0 00:00:00  -  Run Local Usage
		Usr 0 00:00:35, Sys 0 00:00:07  -  Total Remote Usage
		Usr 0 00:00:00, Sys 0 00:00:00  -  Total Local Usage
	0  -  Run Bytes Sent By Job
	0  -  Run Bytes Received By Job
	0  -  Total Bytes Sent By Job
	0  -  Total Bytes Received By Job
	Partitionable Resources :    Usage  Request Allocated 
	   Cpus                 :        0        1         1 
	   Disk (KB)            :        1        1     14765 
	   Memory (MB)          :       38     4096      4096 
	   TimeExecute (s)      :       93                    
	   TimeSlotBusy (s)     :       93                    
	   xferslots            :                           0 

	Job terminated of its own accord at 2025-12-25T17:38:58Z with exit-code 0.
...
