000 (1127.009.000) 2025-12-25 12:35:18 Job submitted from host: <130.199.48.160:9618?addrs=[2620-0-210-a002--160]-9618+130.199.48.160-9618&alias=eicsub02.sdcc.bnl.gov&noUDP&sock=schedd_1122_32c5>
...
001 (1127.009.000) 2025-12-25 12:35:41 Job executing on host: <130.199.149.214:9618?addrs=[2620-0-210-9012--214]-9618+130.199.149.214-9618&alias=spool0614.sdcc.bnl.gov&noUDP&sock=startd_387836_4c22>
	SlotName: slot1_45@spool0614.sdcc.bnl.gov
	CondorScratchDir = "/home/condor/local/sdcc/execute/dir_648516"
	Cpus = 1
	Disk = 14709
	Memory = 4096
	xferslots = 0
...
006 (1127.009.000) 2025-12-25 12:35:55 Image size of job updated: 23564
	24  -  MemoryUsage of job (MB)
	23564  -  ResidentSetSize of job (KB)
...
006 (1127.009.000) 2025-12-25 12:37:18 Image size of job updated: 2168524
	24  -  MemoryUsage of job (MB)
	23564  -  ResidentSetSize of job (KB)
...
005 (1127.009.000) 2025-12-25 12:37:18 Job terminated.
	(1) Normal termination (return value 0)
		Usr 0 00:00:35, Sys 0 00:00:08  -  Run Remote Usage
		Usr 0 00:00:00, Sys 0 00:00:00  -  Run Local Usage
		Usr 0 00:00:35, Sys 0 00:00:08  -  Total Remote Usage
		Usr 0 00:00:00, Sys 0 00:00:00  -  Total Local Usage
	0  -  Run Bytes Sent By Job
	0  -  Run Bytes Received By Job
	0  -  Total Bytes Sent By Job
	0  -  Total Bytes Received By Job
	Partitionable Resources :    Usage  Request Allocated 
	   Cpus                 :        0        1         1 
	   Disk (KB)            :        1        1     14709 
	   Memory (MB)          :       24     4096      4096 
	   TimeExecute (s)      :       97                    
	   TimeSlotBusy (s)     :       97                    
	   xferslots            :                           0 

	Job terminated of its own accord at 2025-12-25T17:37:18Z with exit-code 0.
...
