000 (1132.084.000) 2025-12-25 18:43:11 Job submitted from host: <130.199.48.160:9618?addrs=[2620-0-210-a002--160]-9618+130.199.48.160-9618&alias=eicsub02.sdcc.bnl.gov&noUDP&sock=schedd_1122_32c5>
...
001 (1132.084.000) 2025-12-25 18:46:59 Job executing on host: <130.199.149.173:9618?addrs=[2620-0-210-9011--173]-9618+130.199.149.173-9618&alias=spool0289.sdcc.bnl.gov&noUDP&sock=startd_278562_74b5>
	SlotName: slot1_3@spool0289.sdcc.bnl.gov
	CondorScratchDir = "/home/condor/local/sdcc/execute/dir_3455641"
	Cpus = 1
	Disk = 14765
	Memory = 4096
	xferslots = 0
...
006 (1132.084.000) 2025-12-25 18:47:13 Image size of job updated: 30088
	30  -  MemoryUsage of job (MB)
	30088  -  ResidentSetSize of job (KB)
...
006 (1132.084.000) 2025-12-25 18:52:14 Image size of job updated: 2020676
	1972  -  MemoryUsage of job (MB)
	2018772  -  ResidentSetSize of job (KB)
...
006 (1132.084.000) 2025-12-25 18:57:15 Image size of job updated: 2024332
	1977  -  MemoryUsage of job (MB)
	2024332  -  ResidentSetSize of job (KB)
...
006 (1132.084.000) 2025-12-25 19:02:15 Image size of job updated: 2027236
	1979  -  MemoryUsage of job (MB)
	2026068  -  ResidentSetSize of job (KB)
...
006 (1132.084.000) 2025-12-25 19:07:00 Image size of job updated: 2338864
	1979  -  MemoryUsage of job (MB)
	2026068  -  ResidentSetSize of job (KB)
...
005 (1132.084.000) 2025-12-25 19:07:00 Job terminated.
	(1) Normal termination (return value 0)
		Usr 0 00:14:08, Sys 0 00:00:27  -  Run Remote Usage
		Usr 0 00:00:00, Sys 0 00:00:00  -  Run Local Usage
		Usr 0 00:14:08, Sys 0 00:00:27  -  Total Remote Usage
		Usr 0 00:00:00, Sys 0 00:00:00  -  Total Local Usage
	0  -  Run Bytes Sent By Job
	0  -  Run Bytes Received By Job
	0  -  Total Bytes Sent By Job
	0  -  Total Bytes Received By Job
	Partitionable Resources :    Usage  Request Allocated 
	   Cpus                 :     0.75        1         1 
	   Disk (KB)            :     1           1     14765 
	   Memory (MB)          :  1979        4096      4096 
	   TimeExecute (s)      :  1201                       
	   TimeSlotBusy (s)     :  1201                       
	   xferslots            :                           0 

	Job terminated of its own accord at 2025-12-26T00:07:00Z with exit-code 0.
...
