000 (1132.136.000) 2025-12-25 18:43:11 Job submitted from host: <130.199.48.160:9618?addrs=[2620-0-210-a002--160]-9618+130.199.48.160-9618&alias=eicsub02.sdcc.bnl.gov&noUDP&sock=schedd_1122_32c5>
...
001 (1132.136.000) 2025-12-25 18:48:43 Job executing on host: <130.199.207.203:9618?addrs=[2620-0-210-9040--203]-9618+130.199.207.203-9618&alias=spool1490.sdcc.bnl.gov&noUDP&sock=startd_27352_a985>
	SlotName: slot1_19@spool1490.sdcc.bnl.gov
	CondorScratchDir = "/home/condor/local/sdcc/execute/dir_1677805"
	Cpus = 1
	Disk = 7408
	Memory = 4096
	xferslots = 0
...
006 (1132.136.000) 2025-12-25 18:48:52 Image size of job updated: 96264
	95  -  MemoryUsage of job (MB)
	96264  -  ResidentSetSize of job (KB)
...
006 (1132.136.000) 2025-12-25 18:53:53 Image size of job updated: 2019496
	1952  -  MemoryUsage of job (MB)
	1998204  -  ResidentSetSize of job (KB)
...
006 (1132.136.000) 2025-12-25 18:58:53 Image size of job updated: 2023396
	1955  -  MemoryUsage of job (MB)
	2001252  -  ResidentSetSize of job (KB)
...
006 (1132.136.000) 2025-12-25 19:03:54 Image size of job updated: 2025800
	1979  -  MemoryUsage of job (MB)
	2025800  -  ResidentSetSize of job (KB)
...
006 (1132.136.000) 2025-12-25 19:12:40 Image size of job updated: 2188808
	1979  -  MemoryUsage of job (MB)
	2025800  -  ResidentSetSize of job (KB)
...
005 (1132.136.000) 2025-12-25 19:12:40 Job terminated.
	(1) Normal termination (return value 0)
		Usr 0 00:15:08, Sys 0 00:00:22  -  Run Remote Usage
		Usr 0 00:00:00, Sys 0 00:00:00  -  Run Local Usage
		Usr 0 00:15:08, Sys 0 00:00:22  -  Total Remote Usage
		Usr 0 00:00:00, Sys 0 00:00:00  -  Total Local Usage
	0  -  Run Bytes Sent By Job
	0  -  Run Bytes Received By Job
	0  -  Total Bytes Sent By Job
	0  -  Total Bytes Received By Job
	Partitionable Resources :    Usage  Request Allocated 
	   Cpus                 :     0.64        1         1 
	   Disk (KB)            :     1           1      7408 
	   Memory (MB)          :  1979        4096      4096 
	   TimeExecute (s)      :  1437                       
	   TimeSlotBusy (s)     :  1437                       
	   xferslots            :                           0 
...
