000 (1132.039.000) 2025-12-25 18:43:11 Job submitted from host: <130.199.48.160:9618?addrs=[2620-0-210-a002--160]-9618+130.199.48.160-9618&alias=eicsub02.sdcc.bnl.gov&noUDP&sock=schedd_1122_32c5>
...
001 (1132.039.000) 2025-12-25 18:45:00 Job executing on host: <130.199.207.204:9618?addrs=[2620-0-210-9040--204]-9618+130.199.207.204-9618&alias=spool1491.sdcc.bnl.gov&noUDP&sock=startd_22803_f60c>
	SlotName: slot1_26@spool1491.sdcc.bnl.gov
	CondorScratchDir = "/home/condor/local/sdcc/execute/dir_1137897"
	Cpus = 1
	Disk = 7408
	Memory = 4096
	xferslots = 0
...
006 (1132.039.000) 2025-12-25 18:45:08 Image size of job updated: 59680
	59  -  MemoryUsage of job (MB)
	59680  -  ResidentSetSize of job (KB)
...
006 (1132.039.000) 2025-12-25 18:50:08 Image size of job updated: 2016348
	1970  -  MemoryUsage of job (MB)
	2016348  -  ResidentSetSize of job (KB)
...
006 (1132.039.000) 2025-12-25 18:55:09 Image size of job updated: 2020272
	1973  -  MemoryUsage of job (MB)
	2020272  -  ResidentSetSize of job (KB)
...
006 (1132.039.000) 2025-12-25 19:00:09 Image size of job updated: 2022900
	1976  -  MemoryUsage of job (MB)
	2022900  -  ResidentSetSize of job (KB)
...
006 (1132.039.000) 2025-12-25 19:05:10 Image size of job updated: 2023828
	1977  -  MemoryUsage of job (MB)
	2023716  -  ResidentSetSize of job (KB)
...
006 (1132.039.000) 2025-12-25 19:10:10 Image size of job updated: 2026004
	1979  -  MemoryUsage of job (MB)
	2026004  -  ResidentSetSize of job (KB)
...
006 (1132.039.000) 2025-12-25 19:10:30 Image size of job updated: 2294944
	1979  -  MemoryUsage of job (MB)
	2026004  -  ResidentSetSize of job (KB)
...
005 (1132.039.000) 2025-12-25 19:10:30 Job terminated.
	(1) Normal termination (return value 0)
		Usr 0 00:16:38, Sys 0 00:00:20  -  Run Remote Usage
		Usr 0 00:00:00, Sys 0 00:00:00  -  Run Local Usage
		Usr 0 00:16:38, Sys 0 00:00:20  -  Total Remote Usage
		Usr 0 00:00:00, Sys 0 00:00:00  -  Total Local Usage
	0  -  Run Bytes Sent By Job
	0  -  Run Bytes Received By Job
	0  -  Total Bytes Sent By Job
	0  -  Total Bytes Received By Job
	Partitionable Resources :    Usage  Request Allocated 
	   Cpus                 :     0.66        1         1 
	   Disk (KB)            :     1           1      7408 
	   Memory (MB)          :  1979        4096      4096 
	   TimeExecute (s)      :  1530                       
	   TimeSlotBusy (s)     :  1530                       
	   xferslots            :                           0 
...
