000 (1132.230.000) 2025-12-25 18:43:11 Job submitted from host: <130.199.48.160:9618?addrs=[2620-0-210-a002--160]-9618+130.199.48.160-9618&alias=eicsub02.sdcc.bnl.gov&noUDP&sock=schedd_1122_32c5>
...
001 (1132.230.000) 2025-12-25 18:50:39 Job executing on host: <130.199.149.105:9618?addrs=[2620-0-210-9009--105]-9618+130.199.149.105-9618&alias=spool0233.sdcc.bnl.gov&noUDP&sock=startd_407660_57d8>
	SlotName: slot1_4@spool0233.sdcc.bnl.gov
	CondorScratchDir = "/home/condor/local/sdcc/execute/dir_578993"
	Cpus = 1
	Disk = 14765
	Memory = 4096
	xferslots = 0
...
006 (1132.230.000) 2025-12-25 18:50:52 Image size of job updated: 83648
	82  -  MemoryUsage of job (MB)
	83648  -  ResidentSetSize of job (KB)
...
006 (1132.230.000) 2025-12-25 18:55:52 Image size of job updated: 2018852
	1971  -  MemoryUsage of job (MB)
	2017828  -  ResidentSetSize of job (KB)
...
006 (1132.230.000) 2025-12-25 19:00:53 Image size of job updated: 2022124
	1975  -  MemoryUsage of job (MB)
	2022124  -  ResidentSetSize of job (KB)
...
006 (1132.230.000) 2025-12-25 19:05:53 Image size of job updated: 2023560
	1977  -  MemoryUsage of job (MB)
	2023560  -  ResidentSetSize of job (KB)
...
006 (1132.230.000) 2025-12-25 19:09:38 Image size of job updated: 2273436
	1977  -  MemoryUsage of job (MB)
	2023560  -  ResidentSetSize of job (KB)
...
005 (1132.230.000) 2025-12-25 19:09:38 Job terminated.
	(1) Normal termination (return value 0)
		Usr 0 00:12:14, Sys 0 00:00:32  -  Run Remote Usage
		Usr 0 00:00:00, Sys 0 00:00:00  -  Run Local Usage
		Usr 0 00:12:14, Sys 0 00:00:32  -  Total Remote Usage
		Usr 0 00:00:00, Sys 0 00:00:00  -  Total Local Usage
	0  -  Run Bytes Sent By Job
	0  -  Run Bytes Received By Job
	0  -  Total Bytes Sent By Job
	0  -  Total Bytes Received By Job
	Partitionable Resources :    Usage  Request Allocated 
	   Cpus                 :     0.67        1         1 
	   Disk (KB)            :     1           1     14765 
	   Memory (MB)          :  1977        4096      4096 
	   TimeExecute (s)      :  1139                       
	   TimeSlotBusy (s)     :  1139                       
	   xferslots            :                           0 

	Job terminated of its own accord at 2025-12-26T00:09:38Z with exit-code 0.
...
