000 (1132.246.000) 2025-12-25 18:43:11 Job submitted from host: <130.199.48.160:9618?addrs=[2620-0-210-a002--160]-9618+130.199.48.160-9618&alias=eicsub02.sdcc.bnl.gov&noUDP&sock=schedd_1122_32c5>
...
001 (1132.246.000) 2025-12-25 18:50:41 Job executing on host: <130.199.149.178:9618?addrs=[2620-0-210-9011--178]-9618+130.199.149.178-9618&alias=spool0294.sdcc.bnl.gov&noUDP&sock=startd_221246_aa5b>
	SlotName: slot1_14@spool0294.sdcc.bnl.gov
	CondorScratchDir = "/home/condor/local/sdcc/execute/dir_787823"
	Cpus = 1
	Disk = 14765
	Memory = 4096
	xferslots = 0
...
006 (1132.246.000) 2025-12-25 18:50:54 Image size of job updated: 28676
	29  -  MemoryUsage of job (MB)
	28676  -  ResidentSetSize of job (KB)
...
006 (1132.246.000) 2025-12-25 18:55:54 Image size of job updated: 2023092
	1976  -  MemoryUsage of job (MB)
	2023092  -  ResidentSetSize of job (KB)
...
006 (1132.246.000) 2025-12-25 19:00:54 Image size of job updated: 2024160
	1977  -  MemoryUsage of job (MB)
	2024160  -  ResidentSetSize of job (KB)
...
006 (1132.246.000) 2025-12-25 19:05:55 Image size of job updated: 2026652
	1979  -  MemoryUsage of job (MB)
	2026316  -  ResidentSetSize of job (KB)
...
006 (1132.246.000) 2025-12-25 19:09:20 Image size of job updated: 2340900
	1979  -  MemoryUsage of job (MB)
	2026316  -  ResidentSetSize of job (KB)
...
005 (1132.246.000) 2025-12-25 19:09:21 Job terminated.
	(1) Normal termination (return value 0)
		Usr 0 00:12:44, Sys 0 00:00:31  -  Run Remote Usage
		Usr 0 00:00:00, Sys 0 00:00:00  -  Run Local Usage
		Usr 0 00:12:44, Sys 0 00:00:31  -  Total Remote Usage
		Usr 0 00:00:00, Sys 0 00:00:00  -  Total Local Usage
	0  -  Run Bytes Sent By Job
	0  -  Run Bytes Received By Job
	0  -  Total Bytes Sent By Job
	0  -  Total Bytes Received By Job
	Partitionable Resources :    Usage  Request Allocated 
	   Cpus                 :     0.70        1         1 
	   Disk (KB)            :     1           1     14765 
	   Memory (MB)          :  1979        4096      4096 
	   TimeExecute (s)      :  1119                       
	   TimeSlotBusy (s)     :  1120                       
	   xferslots            :                           0 

	Job terminated of its own accord at 2025-12-26T00:09:20Z with exit-code 0.
...
