000 (1132.238.000) 2025-12-25 18:43:11 Job submitted from host: <130.199.48.160:9618?addrs=[2620-0-210-a002--160]-9618+130.199.48.160-9618&alias=eicsub02.sdcc.bnl.gov&noUDP&sock=schedd_1122_32c5>
...
001 (1132.238.000) 2025-12-25 18:50:39 Job executing on host: <130.199.149.77:9618?addrs=[2620-0-210-9008--77]-9618+130.199.149.77-9618&alias=spool0211.sdcc.bnl.gov&noUDP&sock=startd_407708_88d7>
	SlotName: slot1_6@spool0211.sdcc.bnl.gov
	CondorScratchDir = "/home/condor/local/sdcc/execute/dir_2654930"
	Cpus = 1
	Disk = 14765
	Memory = 4096
	xferslots = 0
...
006 (1132.238.000) 2025-12-25 18:50:53 Image size of job updated: 94224
	93  -  MemoryUsage of job (MB)
	94224  -  ResidentSetSize of job (KB)
...
006 (1132.238.000) 2025-12-25 18:55:54 Image size of job updated: 2020212
	1971  -  MemoryUsage of job (MB)
	2017924  -  ResidentSetSize of job (KB)
...
006 (1132.238.000) 2025-12-25 19:00:54 Image size of job updated: 2021592
	1975  -  MemoryUsage of job (MB)
	2021592  -  ResidentSetSize of job (KB)
...
006 (1132.238.000) 2025-12-25 19:05:54 Image size of job updated: 2025696
	1978  -  MemoryUsage of job (MB)
	2025412  -  ResidentSetSize of job (KB)
...
006 (1132.238.000) 2025-12-25 19:09:09 Image size of job updated: 2338272
	1978  -  MemoryUsage of job (MB)
	2025412  -  ResidentSetSize of job (KB)
...
005 (1132.238.000) 2025-12-25 19:09:09 Job terminated.
	(1) Normal termination (return value 0)
		Usr 0 00:13:02, Sys 0 00:00:24  -  Run Remote Usage
		Usr 0 00:00:00, Sys 0 00:00:00  -  Run Local Usage
		Usr 0 00:13:02, Sys 0 00:00:24  -  Total Remote Usage
		Usr 0 00:00:00, Sys 0 00:00:00  -  Total Local Usage
	0  -  Run Bytes Sent By Job
	0  -  Run Bytes Received By Job
	0  -  Total Bytes Sent By Job
	0  -  Total Bytes Received By Job
	Partitionable Resources :    Usage  Request Allocated 
	   Cpus                 :     0.72        1         1 
	   Disk (KB)            :     1           1     14765 
	   Memory (MB)          :  1978        4096      4096 
	   TimeExecute (s)      :  1110                       
	   TimeSlotBusy (s)     :  1110                       
	   xferslots            :                           0 

	Job terminated of its own accord at 2025-12-26T00:09:09Z with exit-code 0.
...
