000 (1132.193.000) 2025-12-25 18:43:11 Job submitted from host: <130.199.48.160:9618?addrs=[2620-0-210-a002--160]-9618+130.199.48.160-9618&alias=eicsub02.sdcc.bnl.gov&noUDP&sock=schedd_1122_32c5>
...
001 (1132.193.000) 2025-12-25 18:50:37 Job executing on host: <130.199.207.205:9618?addrs=[2620-0-210-9040--205]-9618+130.199.207.205-9618&alias=spool1492.sdcc.bnl.gov&noUDP&sock=startd_25754_ea55>
	SlotName: slot1_20@spool1492.sdcc.bnl.gov
	CondorScratchDir = "/home/condor/local/sdcc/execute/dir_4152500"
	Cpus = 1
	Disk = 7408
	Memory = 4096
	xferslots = 0
...
006 (1132.193.000) 2025-12-25 18:50:45 Image size of job updated: 59140
	58  -  MemoryUsage of job (MB)
	59140  -  ResidentSetSize of job (KB)
...
006 (1132.193.000) 2025-12-25 18:55:45 Image size of job updated: 2013860
	1967  -  MemoryUsage of job (MB)
	2013388  -  ResidentSetSize of job (KB)
...
006 (1132.193.000) 2025-12-25 19:00:46 Image size of job updated: 2017660
	1971  -  MemoryUsage of job (MB)
	2017660  -  ResidentSetSize of job (KB)
...
006 (1132.193.000) 2025-12-25 19:05:46 Image size of job updated: 2019480
	1973  -  MemoryUsage of job (MB)
	2019432  -  ResidentSetSize of job (KB)
...
006 (1132.193.000) 2025-12-25 19:10:47 Image size of job updated: 2022300
	1975  -  MemoryUsage of job (MB)
	2022300  -  ResidentSetSize of job (KB)
...
006 (1132.193.000) 2025-12-25 19:13:48 Image size of job updated: 2322684
	1975  -  MemoryUsage of job (MB)
	2022300  -  ResidentSetSize of job (KB)
...
005 (1132.193.000) 2025-12-25 19:13:48 Job terminated.
	(1) Normal termination (return value 0)
		Usr 0 00:14:05, Sys 0 00:00:24  -  Run Remote Usage
		Usr 0 00:00:00, Sys 0 00:00:00  -  Run Local Usage
		Usr 0 00:14:05, Sys 0 00:00:24  -  Total Remote Usage
		Usr 0 00:00:00, Sys 0 00:00:00  -  Total Local Usage
	0  -  Run Bytes Sent By Job
	0  -  Run Bytes Received By Job
	0  -  Total Bytes Sent By Job
	0  -  Total Bytes Received By Job
	Partitionable Resources :    Usage  Request Allocated 
	   Cpus                 :     0.65        1         1 
	   Disk (KB)            :     1           1      7408 
	   Memory (MB)          :  1975        4096      4096 
	   TimeExecute (s)      :  1391                       
	   TimeSlotBusy (s)     :  1391                       
	   xferslots            :                           0 
...
