000 (1132.115.000) 2025-12-25 18:43:11 Job submitted from host: <130.199.48.160:9618?addrs=[2620-0-210-a002--160]-9618+130.199.48.160-9618&alias=eicsub02.sdcc.bnl.gov&noUDP&sock=schedd_1122_32c5>
...
001 (1132.115.000) 2025-12-25 18:48:05 Job executing on host: <130.199.157.154:9618?addrs=[2620-0-210-9006--154]-9618+130.199.157.154-9618&alias=spool0694.sdcc.bnl.gov&noUDP&sock=startd_389365_34e3>
	SlotName: slot1_6@spool0694.sdcc.bnl.gov
	CondorScratchDir = "/home/condor/local/sdcc/execute/dir_1298181"
	Cpus = 1
	Disk = 14709
	Memory = 4096
	xferslots = 0
...
006 (1132.115.000) 2025-12-25 18:48:18 Image size of job updated: 60168
	59  -  MemoryUsage of job (MB)
	60168  -  ResidentSetSize of job (KB)
...
006 (1132.115.000) 2025-12-25 18:53:18 Image size of job updated: 2020488
	1974  -  MemoryUsage of job (MB)
	2020488  -  ResidentSetSize of job (KB)
...
006 (1132.115.000) 2025-12-25 18:58:19 Image size of job updated: 2021576
	1974  -  MemoryUsage of job (MB)
	2020552  -  ResidentSetSize of job (KB)
...
006 (1132.115.000) 2025-12-25 19:03:19 Image size of job updated: 2023356
	1976  -  MemoryUsage of job (MB)
	2023356  -  ResidentSetSize of job (KB)
...
006 (1132.115.000) 2025-12-25 19:08:19 Image size of job updated: 2024680
	1977  -  MemoryUsage of job (MB)
	2024060  -  ResidentSetSize of job (KB)
...
006 (1132.115.000) 2025-12-25 19:09:29 Image size of job updated: 2321844
	1977  -  MemoryUsage of job (MB)
	2024060  -  ResidentSetSize of job (KB)
...
005 (1132.115.000) 2025-12-25 19:09:29 Job terminated.
	(1) Normal termination (return value 0)
		Usr 0 00:15:48, Sys 0 00:00:28  -  Run Remote Usage
		Usr 0 00:00:00, Sys 0 00:00:00  -  Run Local Usage
		Usr 0 00:15:48, Sys 0 00:00:28  -  Total Remote Usage
		Usr 0 00:00:00, Sys 0 00:00:00  -  Total Local Usage
	0  -  Run Bytes Sent By Job
	0  -  Run Bytes Received By Job
	0  -  Total Bytes Sent By Job
	0  -  Total Bytes Received By Job
	Partitionable Resources :    Usage  Request Allocated 
	   Cpus                 :     0.74        1         1 
	   Disk (KB)            :     1           1     14709 
	   Memory (MB)          :  1977        4096      4096 
	   TimeExecute (s)      :  1284                       
	   TimeSlotBusy (s)     :  1285                       
	   xferslots            :                           0 

	Job terminated of its own accord at 2025-12-26T00:09:29Z with exit-code 0.
...
