000 (1132.027.000) 2025-12-25 18:43:11 Job submitted from host: <130.199.48.160:9618?addrs=[2620-0-210-a002--160]-9618+130.199.48.160-9618&alias=eicsub02.sdcc.bnl.gov&noUDP&sock=schedd_1122_32c5>
...
001 (1132.027.000) 2025-12-25 18:44:42 Job executing on host: <130.199.149.198:9618?addrs=[2620-0-210-9012--198]-9618+130.199.149.198-9618&alias=spool0598.sdcc.bnl.gov&noUDP&sock=startd_385140_0c24>
	SlotName: slot1_2@spool0598.sdcc.bnl.gov
	CondorScratchDir = "/home/condor/local/sdcc/execute/dir_2991350"
	Cpus = 1
	Disk = 14709
	Memory = 4096
	xferslots = 0
...
006 (1132.027.000) 2025-12-25 18:44:56 Image size of job updated: 62168
	61  -  MemoryUsage of job (MB)
	62168  -  ResidentSetSize of job (KB)
...
006 (1132.027.000) 2025-12-25 18:49:57 Image size of job updated: 2019804
	1972  -  MemoryUsage of job (MB)
	2019244  -  ResidentSetSize of job (KB)
...
006 (1132.027.000) 2025-12-25 18:54:58 Image size of job updated: 2025760
	1979  -  MemoryUsage of job (MB)
	2025760  -  ResidentSetSize of job (KB)
...
006 (1132.027.000) 2025-12-25 18:59:58 Image size of job updated: 2028056
	1980  -  MemoryUsage of job (MB)
	2026860  -  ResidentSetSize of job (KB)
...
006 (1132.027.000) 2025-12-25 19:04:59 Image size of job updated: 2028056
	1980  -  MemoryUsage of job (MB)
	2027308  -  ResidentSetSize of job (KB)
...
006 (1132.027.000) 2025-12-25 19:06:35 Image size of job updated: 2326524
	1980  -  MemoryUsage of job (MB)
	2027308  -  ResidentSetSize of job (KB)
...
005 (1132.027.000) 2025-12-25 19:06:35 Job terminated.
	(1) Normal termination (return value 0)
		Usr 0 00:14:04, Sys 0 00:00:27  -  Run Remote Usage
		Usr 0 00:00:00, Sys 0 00:00:00  -  Run Local Usage
		Usr 0 00:14:04, Sys 0 00:00:27  -  Total Remote Usage
		Usr 0 00:00:00, Sys 0 00:00:00  -  Total Local Usage
	0  -  Run Bytes Sent By Job
	0  -  Run Bytes Received By Job
	0  -  Total Bytes Sent By Job
	0  -  Total Bytes Received By Job
	Partitionable Resources :    Usage  Request Allocated 
	   Cpus                 :     0.63        1         1 
	   Disk (KB)            :     1           1     14709 
	   Memory (MB)          :  1980        4096      4096 
	   TimeExecute (s)      :  1313                       
	   TimeSlotBusy (s)     :  1313                       
	   xferslots            :                           0 

	Job terminated of its own accord at 2025-12-26T00:06:35Z with exit-code 0.
...
