000 (1132.177.000) 2025-12-25 18:43:11 Job submitted from host: <130.199.48.160:9618?addrs=[2620-0-210-a002--160]-9618+130.199.48.160-9618&alias=eicsub02.sdcc.bnl.gov&noUDP&sock=schedd_1122_32c5>
...
001 (1132.177.000) 2025-12-25 18:50:11 Job executing on host: <130.199.201.211:9618?addrs=[2620-0-210-9020--211]-9618+130.199.201.211-9618&alias=spool0124.sdcc.bnl.gov&noUDP&sock=startd_383673_c2ad>
	SlotName: slot1_30@spool0124.sdcc.bnl.gov
	CondorScratchDir = "/home/condor/local/sdcc/execute/dir_3002205"
	Cpus = 1
	Disk = 7408
	Memory = 4096
	xferslots = 0
...
006 (1132.177.000) 2025-12-25 18:50:25 Image size of job updated: 59804
	59  -  MemoryUsage of job (MB)
	59804  -  ResidentSetSize of job (KB)
...
006 (1132.177.000) 2025-12-25 18:55:26 Image size of job updated: 2019660
	1973  -  MemoryUsage of job (MB)
	2019388  -  ResidentSetSize of job (KB)
...
006 (1132.177.000) 2025-12-25 19:00:26 Image size of job updated: 2022304
	1975  -  MemoryUsage of job (MB)
	2022148  -  ResidentSetSize of job (KB)
...
006 (1132.177.000) 2025-12-25 19:05:27 Image size of job updated: 2040852
	1992  -  MemoryUsage of job (MB)
	2039404  -  ResidentSetSize of job (KB)
...
006 (1132.177.000) 2025-12-25 19:09:54 Image size of job updated: 2348096
	1992  -  MemoryUsage of job (MB)
	2039404  -  ResidentSetSize of job (KB)
...
005 (1132.177.000) 2025-12-25 19:09:54 Job terminated.
	(1) Normal termination (return value 0)
		Usr 0 00:16:04, Sys 0 00:00:12  -  Run Remote Usage
		Usr 0 00:00:00, Sys 0 00:00:00  -  Run Local Usage
		Usr 0 00:16:04, Sys 0 00:00:12  -  Total Remote Usage
		Usr 0 00:00:00, Sys 0 00:00:00  -  Total Local Usage
	0  -  Run Bytes Sent By Job
	0  -  Run Bytes Received By Job
	0  -  Total Bytes Sent By Job
	0  -  Total Bytes Received By Job
	Partitionable Resources :    Usage  Request Allocated 
	   Cpus                 :     0.83        1         1 
	   Disk (KB)            :     1           1      7408 
	   Memory (MB)          :  1992        4096      4096 
	   TimeExecute (s)      :  1183                       
	   TimeSlotBusy (s)     :  1183                       
	   xferslots            :                           0 

	Job terminated of its own accord at 2025-12-26T00:09:54Z with exit-code 0.
...
