000 (1132.103.000) 2025-12-25 18:43:11 Job submitted from host: <130.199.48.160:9618?addrs=[2620-0-210-a002--160]-9618+130.199.48.160-9618&alias=eicsub02.sdcc.bnl.gov&noUDP&sock=schedd_1122_32c5>
...
001 (1132.103.000) 2025-12-25 18:47:39 Job executing on host: <130.199.207.196:9618?addrs=[2620-0-210-9040--196]-9618+130.199.207.196-9618&alias=spool1483.sdcc.bnl.gov&noUDP&sock=startd_25654_4441>
	SlotName: slot1_18@spool1483.sdcc.bnl.gov
	CondorScratchDir = "/home/condor/local/sdcc/execute/dir_3339398"
	Cpus = 1
	Disk = 7408
	Memory = 4096
	xferslots = 0
...
006 (1132.103.000) 2025-12-25 18:47:47 Image size of job updated: 59796
	59  -  MemoryUsage of job (MB)
	59796  -  ResidentSetSize of job (KB)
...
006 (1132.103.000) 2025-12-25 18:52:47 Image size of job updated: 2019180
	1972  -  MemoryUsage of job (MB)
	2019180  -  ResidentSetSize of job (KB)
...
006 (1132.103.000) 2025-12-25 18:57:48 Image size of job updated: 2022708
	1976  -  MemoryUsage of job (MB)
	2022708  -  ResidentSetSize of job (KB)
...
006 (1132.103.000) 2025-12-25 19:02:48 Image size of job updated: 2026120
	1979  -  MemoryUsage of job (MB)
	2026120  -  ResidentSetSize of job (KB)
...
006 (1132.103.000) 2025-12-25 19:08:55 Image size of job updated: 2086212
	1979  -  MemoryUsage of job (MB)
	2026120  -  ResidentSetSize of job (KB)
...
005 (1132.103.000) 2025-12-25 19:08:55 Job terminated.
	(1) Normal termination (return value 0)
		Usr 0 00:14:16, Sys 0 00:00:14  -  Run Remote Usage
		Usr 0 00:00:00, Sys 0 00:00:00  -  Run Local Usage
		Usr 0 00:14:16, Sys 0 00:00:14  -  Total Remote Usage
		Usr 0 00:00:00, Sys 0 00:00:00  -  Total Local Usage
	0  -  Run Bytes Sent By Job
	0  -  Run Bytes Received By Job
	0  -  Total Bytes Sent By Job
	0  -  Total Bytes Received By Job
	Partitionable Resources :    Usage  Request Allocated 
	   Cpus                 :     0.69        1         1 
	   Disk (KB)            :     1           1      7408 
	   Memory (MB)          :  1979        4096      4096 
	   TimeExecute (s)      :  1276                       
	   TimeSlotBusy (s)     :  1276                       
	   xferslots            :                           0 
...
