000 (1132.056.000) 2025-12-25 18:43:11 Job submitted from host: <130.199.48.160:9618?addrs=[2620-0-210-a002--160]-9618+130.199.48.160-9618&alias=eicsub02.sdcc.bnl.gov&noUDP&sock=schedd_1122_32c5>
...
001 (1132.056.000) 2025-12-25 18:45:45 Job executing on host: <130.199.201.154:9618?addrs=[2620-0-210-9019--154]-9618+130.199.201.154-9618&alias=spool0112.sdcc.bnl.gov&noUDP&sock=startd_150377_8588>
	SlotName: slot1_11@spool0112.sdcc.bnl.gov
	CondorScratchDir = "/home/condor/local/sdcc/execute/dir_1736795"
	Cpus = 1
	Disk = 7408
	Memory = 4096
	xferslots = 0
...
006 (1132.056.000) 2025-12-25 18:45:59 Image size of job updated: 61812
	61  -  MemoryUsage of job (MB)
	61812  -  ResidentSetSize of job (KB)
...
006 (1132.056.000) 2025-12-25 18:51:00 Image size of job updated: 2020788
	1952  -  MemoryUsage of job (MB)
	1998756  -  ResidentSetSize of job (KB)
...
006 (1132.056.000) 2025-12-25 18:56:00 Image size of job updated: 2024040
	1977  -  MemoryUsage of job (MB)
	2023948  -  ResidentSetSize of job (KB)
...
006 (1132.056.000) 2025-12-25 19:01:00 Image size of job updated: 2026016
	1977  -  MemoryUsage of job (MB)
	2023948  -  ResidentSetSize of job (KB)
...
006 (1132.056.000) 2025-12-25 19:04:53 Image size of job updated: 2314700
	1977  -  MemoryUsage of job (MB)
	2023948  -  ResidentSetSize of job (KB)
...
005 (1132.056.000) 2025-12-25 19:04:53 Job terminated.
	(1) Normal termination (return value 0)
		Usr 0 00:16:23, Sys 0 00:00:19  -  Run Remote Usage
		Usr 0 00:00:00, Sys 0 00:00:00  -  Run Local Usage
		Usr 0 00:16:23, Sys 0 00:00:19  -  Total Remote Usage
		Usr 0 00:00:00, Sys 0 00:00:00  -  Total Local Usage
	0  -  Run Bytes Sent By Job
	0  -  Run Bytes Received By Job
	0  -  Total Bytes Sent By Job
	0  -  Total Bytes Received By Job
	Partitionable Resources :    Usage  Request Allocated 
	   Cpus                 :     0.88        1         1 
	   Disk (KB)            :     1           1      7408 
	   Memory (MB)          :  1977        4096      4096 
	   TimeExecute (s)      :  1148                       
	   TimeSlotBusy (s)     :  1148                       
	   xferslots            :                           0 

	Job terminated of its own accord at 2025-12-26T00:04:53Z with exit-code 0.
...
