000 (1132.063.000) 2025-12-25 18:43:11 Job submitted from host: <130.199.48.160:9618?addrs=[2620-0-210-a002--160]-9618+130.199.48.160-9618&alias=eicsub02.sdcc.bnl.gov&noUDP&sock=schedd_1122_32c5>
...
001 (1132.063.000) 2025-12-25 18:46:00 Job executing on host: <130.199.207.202:9618?addrs=[2620-0-210-9040--202]-9618+130.199.207.202-9618&alias=spool1489.sdcc.bnl.gov&noUDP&sock=startd_25692_4b0b>
	SlotName: slot1_34@spool1489.sdcc.bnl.gov
	CondorScratchDir = "/home/condor/local/sdcc/execute/dir_868716"
	Cpus = 1
	Disk = 7408
	Memory = 4096
	xferslots = 0
...
006 (1132.063.000) 2025-12-25 18:46:09 Image size of job updated: 85580
	84  -  MemoryUsage of job (MB)
	85580  -  ResidentSetSize of job (KB)
...
006 (1132.063.000) 2025-12-25 18:51:10 Image size of job updated: 2016356
	1970  -  MemoryUsage of job (MB)
	2016356  -  ResidentSetSize of job (KB)
...
006 (1132.063.000) 2025-12-25 18:56:11 Image size of job updated: 2042128
	1995  -  MemoryUsage of job (MB)
	2042128  -  ResidentSetSize of job (KB)
...
006 (1132.063.000) 2025-12-25 19:01:11 Image size of job updated: 2042816
	1995  -  MemoryUsage of job (MB)
	2042172  -  ResidentSetSize of job (KB)
...
006 (1132.063.000) 2025-12-25 19:06:12 Image size of job updated: 2042816
	1995  -  MemoryUsage of job (MB)
	2042448  -  ResidentSetSize of job (KB)
...
006 (1132.063.000) 2025-12-25 19:11:12 Image size of job updated: 2042816
	1995  -  MemoryUsage of job (MB)
	2042500  -  ResidentSetSize of job (KB)
...
006 (1132.063.000) 2025-12-25 19:11:45 Image size of job updated: 2339812
	1995  -  MemoryUsage of job (MB)
	2042500  -  ResidentSetSize of job (KB)
...
005 (1132.063.000) 2025-12-25 19:11:45 Job terminated.
	(1) Normal termination (return value 0)
		Usr 0 00:16:22, Sys 0 00:00:23  -  Run Remote Usage
		Usr 0 00:00:00, Sys 0 00:00:00  -  Run Local Usage
		Usr 0 00:16:22, Sys 0 00:00:23  -  Total Remote Usage
		Usr 0 00:00:00, Sys 0 00:00:00  -  Total Local Usage
	0  -  Run Bytes Sent By Job
	0  -  Run Bytes Received By Job
	0  -  Total Bytes Sent By Job
	0  -  Total Bytes Received By Job
	Partitionable Resources :    Usage  Request Allocated 
	   Cpus                 :     0.47        1         1 
	   Disk (KB)            :     1           1      7408 
	   Memory (MB)          :  1995        4096      4096 
	   TimeExecute (s)      :  1545                       
	   TimeSlotBusy (s)     :  1545                       
	   xferslots            :                           0 
...
