000 (1132.198.000) 2025-12-25 18:43:11 Job submitted from host: <130.199.48.160:9618?addrs=[2620-0-210-a002--160]-9618+130.199.48.160-9618&alias=eicsub02.sdcc.bnl.gov&noUDP&sock=schedd_1122_32c5>
...
001 (1132.198.000) 2025-12-25 18:50:37 Job executing on host: <130.199.149.221:9618?addrs=[2620-0-210-9012--221]-9618+130.199.149.221-9618&alias=spool0651.sdcc.bnl.gov&noUDP&sock=startd_383117_cb21>
	SlotName: slot1_9@spool0651.sdcc.bnl.gov
	CondorScratchDir = "/home/condor/local/sdcc/execute/dir_231207"
	Cpus = 1
	Disk = 14709
	Memory = 4096
	xferslots = 0
...
006 (1132.198.000) 2025-12-25 18:50:50 Image size of job updated: 60144
	59  -  MemoryUsage of job (MB)
	60144  -  ResidentSetSize of job (KB)
...
006 (1132.198.000) 2025-12-25 18:55:50 Image size of job updated: 2017920
	1971  -  MemoryUsage of job (MB)
	2017920  -  ResidentSetSize of job (KB)
...
006 (1132.198.000) 2025-12-25 19:00:51 Image size of job updated: 2023852
	1977  -  MemoryUsage of job (MB)
	2023852  -  ResidentSetSize of job (KB)
...
006 (1132.198.000) 2025-12-25 19:05:51 Image size of job updated: 2024364
	1977  -  MemoryUsage of job (MB)
	2023852  -  ResidentSetSize of job (KB)
...
006 (1132.198.000) 2025-12-25 19:10:49 Image size of job updated: 2116328
	1977  -  MemoryUsage of job (MB)
	2023852  -  ResidentSetSize of job (KB)
...
005 (1132.198.000) 2025-12-25 19:10:49 Job terminated.
	(1) Normal termination (return value 0)
		Usr 0 00:13:54, Sys 0 00:00:34  -  Run Remote Usage
		Usr 0 00:00:00, Sys 0 00:00:00  -  Run Local Usage
		Usr 0 00:13:54, Sys 0 00:00:34  -  Total Remote Usage
		Usr 0 00:00:00, Sys 0 00:00:00  -  Total Local Usage
	0  -  Run Bytes Sent By Job
	0  -  Run Bytes Received By Job
	0  -  Total Bytes Sent By Job
	0  -  Total Bytes Received By Job
	Partitionable Resources :    Usage  Request Allocated 
	   Cpus                 :     0.84        1         1 
	   Disk (KB)            :     1           1     14709 
	   Memory (MB)          :  1977        4096      4096 
	   TimeExecute (s)      :  1212                       
	   TimeSlotBusy (s)     :  1212                       
	   xferslots            :                           0 

	Job terminated of its own accord at 2025-12-26T00:10:49Z with exit-code 0.
...
