000 (1132.226.000) 2025-12-25 18:43:11 Job submitted from host: <130.199.48.160:9618?addrs=[2620-0-210-a002--160]-9618+130.199.48.160-9618&alias=eicsub02.sdcc.bnl.gov&noUDP&sock=schedd_1122_32c5>
...
001 (1132.226.000) 2025-12-25 18:50:39 Job executing on host: <130.199.149.181:9618?addrs=[2620-0-210-9011--181]-9618+130.199.149.181-9618&alias=spool0297.sdcc.bnl.gov&noUDP&sock=startd_55508_ae45>
	SlotName: slot1_10@spool0297.sdcc.bnl.gov
	CondorScratchDir = "/home/condor/local/sdcc/execute/dir_2646361"
	Cpus = 1
	Disk = 14765
	Memory = 4096
	xferslots = 0
...
006 (1132.226.000) 2025-12-25 18:50:52 Image size of job updated: 62700
	62  -  MemoryUsage of job (MB)
	62700  -  ResidentSetSize of job (KB)
...
006 (1132.226.000) 2025-12-25 18:55:52 Image size of job updated: 2022488
	1976  -  MemoryUsage of job (MB)
	2022488  -  ResidentSetSize of job (KB)
...
006 (1132.226.000) 2025-12-25 19:00:53 Image size of job updated: 2025312
	1978  -  MemoryUsage of job (MB)
	2025312  -  ResidentSetSize of job (KB)
...
006 (1132.226.000) 2025-12-25 19:05:53 Image size of job updated: 2026000
	1979  -  MemoryUsage of job (MB)
	2026000  -  ResidentSetSize of job (KB)
...
006 (1132.226.000) 2025-12-25 19:10:54 Image size of job updated: 2027936
	1981  -  MemoryUsage of job (MB)
	2027936  -  ResidentSetSize of job (KB)
...
006 (1132.226.000) 2025-12-25 19:11:13 Image size of job updated: 2325160
	1981  -  MemoryUsage of job (MB)
	2027936  -  ResidentSetSize of job (KB)
...
005 (1132.226.000) 2025-12-25 19:11:13 Job terminated.
	(1) Normal termination (return value 0)
		Usr 0 00:13:17, Sys 0 00:00:39  -  Run Remote Usage
		Usr 0 00:00:00, Sys 0 00:00:00  -  Run Local Usage
		Usr 0 00:13:17, Sys 0 00:00:39  -  Total Remote Usage
		Usr 0 00:00:00, Sys 0 00:00:00  -  Total Local Usage
	0  -  Run Bytes Sent By Job
	0  -  Run Bytes Received By Job
	0  -  Total Bytes Sent By Job
	0  -  Total Bytes Received By Job
	Partitionable Resources :    Usage  Request Allocated 
	   Cpus                 :     0.68        1         1 
	   Disk (KB)            :     1           1     14765 
	   Memory (MB)          :  1981        4096      4096 
	   TimeExecute (s)      :  1234                       
	   TimeSlotBusy (s)     :  1234                       
	   xferslots            :                           0 

	Job terminated of its own accord at 2025-12-26T00:11:13Z with exit-code 0.
...
