/eic/u/cyang/eic/Job_submission_RCF/output_DIS_10x100_minQ2_1_with_bkg_25.10.4
/eic/u/cyang/eic/Job_submission_RCF/input_files/DIS_10x100_minQ2_1_with_bkg_25.10.4/subList_144.list
/eic/u/cyang/eic/Job_submission_RCF/output_DIS_10x100_minQ2_1_with_bkg_25.10.4/output_144.root
/eic/u/cyang/eic/Job_submission_RCF/output_DIS_10x100_minQ2_1_with_bkg_25.10.4/Signal_144.root
/eic/u/cyang/eic/Job_submission_RCF/output_DIS_10x100_minQ2_1_with_bkg_25.10.4/Bkg_144.root
[i] Add 0th file: root://dtn-eic.jlab.org//volatile/eic/EPIC/RECO/25.10.4/epic_craterlake/Bkg_1SignalPer2usFrame/DIS/NC/10x100/minQ2=1/pythia8NCDIS_10x100_minQ2=1_beamEffects_xAngle=-0.025_hiDiv_1.2894.eicrecon.edm4eic.root
[i] Add 1th file: root://dtn-eic.jlab.org//volatile/eic/EPIC/RECO/25.10.4/epic_craterlake/Bkg_1SignalPer2usFrame/DIS/NC/10x100/minQ2=1/pythia8NCDIS_10x100_minQ2=1_beamEffects_xAngle=-0.025_hiDiv_1.2895.eicrecon.edm4eic.root
[i] Add 2th file: root://dtn-eic.jlab.org//volatile/eic/EPIC/RECO/25.10.4/epic_craterlake/Bkg_1SignalPer2usFrame/DIS/NC/10x100/minQ2=1/pythia8NCDIS_10x100_minQ2=1_beamEffects_xAngle=-0.025_hiDiv_1.2896.eicrecon.edm4eic.root
[i] Add 3th file: root://dtn-eic.jlab.org//volatile/eic/EPIC/RECO/25.10.4/epic_craterlake/Bkg_1SignalPer2usFrame/DIS/NC/10x100/minQ2=1/pythia8NCDIS_10x100_minQ2=1_beamEffects_xAngle=-0.025_hiDiv_1.2897.eicrecon.edm4eic.root
[i] Add 4th file: root://dtn-eic.jlab.org//volatile/eic/EPIC/RECO/25.10.4/epic_craterlake/Bkg_1SignalPer2usFrame/DIS/NC/10x100/minQ2=1/pythia8NCDIS_10x100_minQ2=1_beamEffects_xAngle=-0.025_hiDiv_1.2898.eicrecon.edm4eic.root
[i] Add 5th file: root://dtn-eic.jlab.org//volatile/eic/EPIC/RECO/25.10.4/epic_craterlake/Bkg_1SignalPer2usFrame/DIS/NC/10x100/minQ2=1/pythia8NCDIS_10x100_minQ2=1_beamEffects_xAngle=-0.025_hiDiv_1.2899.eicrecon.edm4eic.root
[i] Add 6th file: root://dtn-eic.jlab.org//volatile/eic/EPIC/RECO/25.10.4/epic_craterlake/Bkg_1SignalPer2usFrame/DIS/NC/10x100/minQ2=1/pythia8NCDIS_10x100_minQ2=1_beamEffects_xAngle=-0.025_hiDiv_1.2900.eicrecon.edm4eic.root
[i] Add 7th file: root://dtn-eic.jlab.org//volatile/eic/EPIC/RECO/25.10.4/epic_craterlake/Bkg_1SignalPer2usFrame/DIS/NC/10x100/minQ2=1/pythia8NCDIS_10x100_minQ2=1_beamEffects_xAngle=-0.025_hiDiv_1.2901.eicrecon.edm4eic.root
[i] Add 8th file: root://dtn-eic.jlab.org//volatile/eic/EPIC/RECO/25.10.4/epic_craterlake/Bkg_1SignalPer2usFrame/DIS/NC/10x100/minQ2=1/pythia8NCDIS_10x100_minQ2=1_beamEffects_xAngle=-0.025_hiDiv_1.2902.eicrecon.edm4eic.root
[i] Add 9th file: root://dtn-eic.jlab.org//volatile/eic/EPIC/RECO/25.10.4/epic_craterlake/Bkg_1SignalPer2usFrame/DIS/NC/10x100/minQ2=1/pythia8NCDIS_10x100_minQ2=1_beamEffects_xAngle=-0.025_hiDiv_1.2903.eicrecon.edm4eic.root
[i] Add 10th file: root://dtn-eic.jlab.org//volatile/eic/EPIC/RECO/25.10.4/epic_craterlake/Bkg_1SignalPer2usFrame/DIS/NC/10x100/minQ2=1/pythia8NCDIS_10x100_minQ2=1_beamEffects_xAngle=-0.025_hiDiv_1.2904.eicrecon.edm4eic.root
[i] Add 11th file: root://dtn-eic.jlab.org//volatile/eic/EPIC/RECO/25.10.4/epic_craterlake/Bkg_1SignalPer2usFrame/DIS/NC/10x100/minQ2=1/pythia8NCDIS_10x100_minQ2=1_beamEffects_xAngle=-0.025_hiDiv_1.2905.eicrecon.edm4eic.root
[i] Add 12th file: root://dtn-eic.jlab.org//volatile/eic/EPIC/RECO/25.10.4/epic_craterlake/Bkg_1SignalPer2usFrame/DIS/NC/10x100/minQ2=1/pythia8NCDIS_10x100_minQ2=1_beamEffects_xAngle=-0.025_hiDiv_1.2906.eicrecon.edm4eic.root
[i] Add 13th file: root://dtn-eic.jlab.org//volatile/eic/EPIC/RECO/25.10.4/epic_craterlake/Bkg_1SignalPer2usFrame/DIS/NC/10x100/minQ2=1/pythia8NCDIS_10x100_minQ2=1_beamEffects_xAngle=-0.025_hiDiv_1.2907.eicrecon.edm4eic.root
[i] Add 14th file: root://dtn-eic.jlab.org//volatile/eic/EPIC/RECO/25.10.4/epic_craterlake/Bkg_1SignalPer2usFrame/DIS/NC/10x100/minQ2=1/pythia8NCDIS_10x100_minQ2=1_beamEffects_xAngle=-0.025_hiDiv_1.2908.eicrecon.edm4eic.root
[i] Add 15th file: root://dtn-eic.jlab.org//volatile/eic/EPIC/RECO/25.10.4/epic_craterlake/Bkg_1SignalPer2usFrame/DIS/NC/10x100/minQ2=1/pythia8NCDIS_10x100_minQ2=1_beamEffects_xAngle=-0.025_hiDiv_1.2909.eicrecon.edm4eic.root
[i] Add 16th file: root://dtn-eic.jlab.org//volatile/eic/EPIC/RECO/25.10.4/epic_craterlake/Bkg_1SignalPer2usFrame/DIS/NC/10x100/minQ2=1/pythia8NCDIS_10x100_minQ2=1_beamEffects_xAngle=-0.025_hiDiv_1.2910.eicrecon.edm4eic.root
[i] Add 17th file: root://dtn-eic.jlab.org//volatile/eic/EPIC/RECO/25.10.4/epic_craterlake/Bkg_1SignalPer2usFrame/DIS/NC/10x100/minQ2=1/pythia8NCDIS_10x100_minQ2=1_beamEffects_xAngle=-0.025_hiDiv_1.2911.eicrecon.edm4eic.root
[i] Add 18th file: root://dtn-eic.jlab.org//volatile/eic/EPIC/RECO/25.10.4/epic_craterlake/Bkg_1SignalPer2usFrame/DIS/NC/10x100/minQ2=1/pythia8NCDIS_10x100_minQ2=1_beamEffects_xAngle=-0.025_hiDiv_1.2912.eicrecon.edm4eic.root
[i] Add 19th file: root://dtn-eic.jlab.org//volatile/eic/EPIC/RECO/25.10.4/epic_craterlake/Bkg_1SignalPer2usFrame/DIS/NC/10x100/minQ2=1/pythia8NCDIS_10x100_minQ2=1_beamEffects_xAngle=-0.025_hiDiv_1.2913.eicrecon.edm4eic.root
[i] Read in 20 files with 960 events in total

[i] New event 0
