000 (1132.020.000) 2025-12-25 18:43:11 Job submitted from host: <130.199.48.160:9618?addrs=[2620-0-210-a002--160]-9618+130.199.48.160-9618&alias=eicsub02.sdcc.bnl.gov&noUDP&sock=schedd_1122_32c5>
...
001 (1132.020.000) 2025-12-25 18:44:17 Job executing on host: <130.199.149.165:9618?addrs=[2620-0-210-9011--165]-9618+130.199.149.165-9618&alias=spool0281.sdcc.bnl.gov&noUDP&sock=startd_55867_4cba>
	SlotName: slot1_18@spool0281.sdcc.bnl.gov
	CondorScratchDir = "/home/condor/local/sdcc/execute/dir_3637656"
	Cpus = 1
	Disk = 14765
	Memory = 4096
	xferslots = 0
...
006 (1132.020.000) 2025-12-25 18:44:30 Image size of job updated: 56412
	56  -  MemoryUsage of job (MB)
	56412  -  ResidentSetSize of job (KB)
...
006 (1132.020.000) 2025-12-25 18:49:30 Image size of job updated: 2019400
	1973  -  MemoryUsage of job (MB)
	2019400  -  ResidentSetSize of job (KB)
...
006 (1132.020.000) 2025-12-25 18:54:32 Image size of job updated: 2023172
	1976  -  MemoryUsage of job (MB)
	2023172  -  ResidentSetSize of job (KB)
...
006 (1132.020.000) 2025-12-25 18:59:32 Image size of job updated: 2024952
	1977  -  MemoryUsage of job (MB)
	2023872  -  ResidentSetSize of job (KB)
...
006 (1132.020.000) 2025-12-25 19:04:32 Image size of job updated: 2026616
	1977  -  MemoryUsage of job (MB)
	2023872  -  ResidentSetSize of job (KB)
...
006 (1132.020.000) 2025-12-25 19:06:48 Image size of job updated: 2337488
	1977  -  MemoryUsage of job (MB)
	2023872  -  ResidentSetSize of job (KB)
...
005 (1132.020.000) 2025-12-25 19:06:48 Job terminated.
	(1) Normal termination (return value 0)
		Usr 0 00:14:02, Sys 0 00:00:39  -  Run Remote Usage
		Usr 0 00:00:00, Sys 0 00:00:00  -  Run Local Usage
		Usr 0 00:14:02, Sys 0 00:00:39  -  Total Remote Usage
		Usr 0 00:00:00, Sys 0 00:00:00  -  Total Local Usage
	0  -  Run Bytes Sent By Job
	0  -  Run Bytes Received By Job
	0  -  Total Bytes Sent By Job
	0  -  Total Bytes Received By Job
	Partitionable Resources :    Usage  Request Allocated 
	   Cpus                 :     0.66        1         1 
	   Disk (KB)            :     1           1     14765 
	   Memory (MB)          :  1977        4096      4096 
	   TimeExecute (s)      :  1351                       
	   TimeSlotBusy (s)     :  1352                       
	   xferslots            :                           0 

	Job terminated of its own accord at 2025-12-26T00:06:48Z with exit-code 0.
...
