000 (1132.021.000) 2025-12-25 18:43:11 Job submitted from host: <130.199.48.160:9618?addrs=[2620-0-210-a002--160]-9618+130.199.48.160-9618&alias=eicsub02.sdcc.bnl.gov&noUDP&sock=schedd_1122_32c5>
...
001 (1132.021.000) 2025-12-25 18:44:16 Job executing on host: <130.199.149.175:9618?addrs=[2620-0-210-9011--175]-9618+130.199.149.175-9618&alias=spool0291.sdcc.bnl.gov&noUDP&sock=startd_55527_b1aa>
	SlotName: slot1_4@spool0291.sdcc.bnl.gov
	CondorScratchDir = "/home/condor/local/sdcc/execute/dir_1462453"
	Cpus = 1
	Disk = 14765
	Memory = 4096
	xferslots = 0
...
006 (1132.021.000) 2025-12-25 18:44:30 Image size of job updated: 47412
	47  -  MemoryUsage of job (MB)
	47412  -  ResidentSetSize of job (KB)
...
006 (1132.021.000) 2025-12-25 18:49:30 Image size of job updated: 2020636
	1974  -  MemoryUsage of job (MB)
	2020636  -  ResidentSetSize of job (KB)
...
006 (1132.021.000) 2025-12-25 18:54:30 Image size of job updated: 2024448
	1975  -  MemoryUsage of job (MB)
	2022288  -  ResidentSetSize of job (KB)
...
006 (1132.021.000) 2025-12-25 18:59:31 Image size of job updated: 2040932
	1993  -  MemoryUsage of job (MB)
	2040464  -  ResidentSetSize of job (KB)
...
006 (1132.021.000) 2025-12-25 19:04:31 Image size of job updated: 2040932
	1993  -  MemoryUsage of job (MB)
	2040704  -  ResidentSetSize of job (KB)
...
006 (1132.021.000) 2025-12-25 19:05:52 Image size of job updated: 2333336
	1993  -  MemoryUsage of job (MB)
	2040704  -  ResidentSetSize of job (KB)
...
005 (1132.021.000) 2025-12-25 19:05:52 Job terminated.
	(1) Normal termination (return value 0)
		Usr 0 00:13:51, Sys 0 00:00:35  -  Run Remote Usage
		Usr 0 00:00:00, Sys 0 00:00:00  -  Run Local Usage
		Usr 0 00:13:51, Sys 0 00:00:35  -  Total Remote Usage
		Usr 0 00:00:00, Sys 0 00:00:00  -  Total Local Usage
	0  -  Run Bytes Sent By Job
	0  -  Run Bytes Received By Job
	0  -  Total Bytes Sent By Job
	0  -  Total Bytes Received By Job
	Partitionable Resources :    Usage  Request Allocated 
	   Cpus                 :     0.64        1         1 
	   Disk (KB)            :     1           1     14765 
	   Memory (MB)          :  1993        4096      4096 
	   TimeExecute (s)      :  1296                       
	   TimeSlotBusy (s)     :  1296                       
	   xferslots            :                           0 

	Job terminated of its own accord at 2025-12-26T00:05:52Z with exit-code 0.
...
