INFO:    Environment variable SINGULARITY_BINDPATH is set, but APPTAINER_BINDPATH is preferred
Warning in <TClass::Init>: no dictionary for class edm4hep::Vector2i is available
Error in <TTreeReaderArrayBase::CreateContentProxy()>: The branch MCParticles.momentum.x contains data of type double. It cannot be accessed by a TTreeReaderArray<float>
Error in <TTreeReaderArrayBase::CreateContentProxy()>: The branch MCParticles.momentum.y contains data of type double. It cannot be accessed by a TTreeReaderArray<float>
Error in <TTreeReaderArrayBase::CreateContentProxy()>: The branch MCParticles.momentum.z contains data of type double. It cannot be accessed by a TTreeReaderArray<float>
Error in <TTreeReaderArrayBase::CreateContentProxy()>: The branch CentralCKFTrackParameters.covariance.covariance[21] contains data of type float. It cannot be accessed by a TTreeReaderArray<array<float,21>>
Error in <Fitting>: Fitting failed
Error in <Fitting>: Fitting failed
Error in <Fitting>: Fitting failed
Error in <Fitting>: Fitting failed
Error in <Fitting>: Fitting failed
Error in <Fitting>: Fitting failed
Error in <Fitting>: Fitting failed
Error in <Fitting>: Fitting failed
Error in <Fitting>: Fitting failed
Error in <Fitting>: Fitting failed
Error in <Fitting>: Fitting failed
Error in <Fitting>: Fitting failed
Error in <Fitting>: Fitting failed
Error in <Fitting>: Fitting failed
Error in <Fitting>: Fitting failed
Error in <Fitting>: Fitting failed
Error in <Fitting>: Fitting failed
Error in <Fitting>: Fitting failed
Error in <Fitting>: Fitting failed
Error in <Fitting>: Fitting failed
Error in <Fitting>: Fitting failed
Error in <Fitting>: Fitting failed
Error in <Fitting>: Fitting failed
Error in <Fitting>: Fitting failed
Error in <Fitting>: Fitting failed
Error in <Fitting>: Fitting failed
Error in <Fitting>: Fitting failed
Error in <Fitting>: Fitting failed
Error in <Fitting>: Fitting failed
Error in <Fitting>: Fitting failed
Error in <Fitting>: Fitting failed
Error in <Fitting>: Fitting failed
Error in <Fitting>: Fitting failed
Error in <Fitting>: Fitting failed
Error in <Fitting>: Fitting failed
Error in <Fitting>: Fitting failed
