000 (1132.042.000) 2025-12-25 18:43:11 Job submitted from host: <130.199.48.160:9618?addrs=[2620-0-210-a002--160]-9618+130.199.48.160-9618&alias=eicsub02.sdcc.bnl.gov&noUDP&sock=schedd_1122_32c5>
...
001 (1132.042.000) 2025-12-25 18:45:00 Job executing on host: <130.199.149.143:9618?addrs=[2620-0-210-9010--143]-9618+130.199.149.143-9618&alias=spool0265.sdcc.bnl.gov&noUDP&sock=startd_23707_10d2>
	SlotName: slot1_2@spool0265.sdcc.bnl.gov
	CondorScratchDir = "/home/condor/local/sdcc/execute/dir_1977971"
	Cpus = 1
	Disk = 14765
	Memory = 4096
	xferslots = 0
...
006 (1132.042.000) 2025-12-25 18:45:13 Image size of job updated: 58848
	58  -  MemoryUsage of job (MB)
	58848  -  ResidentSetSize of job (KB)
...
006 (1132.042.000) 2025-12-25 18:50:13 Image size of job updated: 2018224
	1971  -  MemoryUsage of job (MB)
	2018224  -  ResidentSetSize of job (KB)
...
006 (1132.042.000) 2025-12-25 18:55:14 Image size of job updated: 2020172
	1973  -  MemoryUsage of job (MB)
	2020084  -  ResidentSetSize of job (KB)
...
006 (1132.042.000) 2025-12-25 19:00:14 Image size of job updated: 2022768
	1976  -  MemoryUsage of job (MB)
	2022768  -  ResidentSetSize of job (KB)
...
006 (1132.042.000) 2025-12-25 19:05:15 Image size of job updated: 2022848
	1976  -  MemoryUsage of job (MB)
	2022768  -  ResidentSetSize of job (KB)
...
006 (1132.042.000) 2025-12-25 19:06:14 Image size of job updated: 2328876
	1976  -  MemoryUsage of job (MB)
	2022768  -  ResidentSetSize of job (KB)
...
005 (1132.042.000) 2025-12-25 19:06:14 Job terminated.
	(1) Normal termination (return value 0)
		Usr 0 00:13:40, Sys 0 00:00:33  -  Run Remote Usage
		Usr 0 00:00:00, Sys 0 00:00:00  -  Run Local Usage
		Usr 0 00:13:40, Sys 0 00:00:33  -  Total Remote Usage
		Usr 0 00:00:00, Sys 0 00:00:00  -  Total Local Usage
	0  -  Run Bytes Sent By Job
	0  -  Run Bytes Received By Job
	0  -  Total Bytes Sent By Job
	0  -  Total Bytes Received By Job
	Partitionable Resources :    Usage  Request Allocated 
	   Cpus                 :     0.67        1         1 
	   Disk (KB)            :     1           1     14765 
	   Memory (MB)          :  1976        4096      4096 
	   TimeExecute (s)      :  1274                       
	   TimeSlotBusy (s)     :  1274                       
	   xferslots            :                           0 

	Job terminated of its own accord at 2025-12-26T00:06:14Z with exit-code 0.
...
