000 (1132.176.000) 2025-12-25 18:43:11 Job submitted from host: <130.199.48.160:9618?addrs=[2620-0-210-a002--160]-9618+130.199.48.160-9618&alias=eicsub02.sdcc.bnl.gov&noUDP&sock=schedd_1122_32c5>
...
001 (1132.176.000) 2025-12-25 18:50:11 Job executing on host: <130.199.207.218:9618?addrs=[2620-0-210-9040--218]-9618+130.199.207.218-9618&alias=spool1505.sdcc.bnl.gov&noUDP&sock=startd_25501_d814>
	SlotName: slot1_11@spool1505.sdcc.bnl.gov
	CondorScratchDir = "/home/condor/local/sdcc/execute/dir_4108727"
	Cpus = 1
	Disk = 7408
	Memory = 4096
	xferslots = 0
...
006 (1132.176.000) 2025-12-25 18:50:20 Image size of job updated: 59812
	59  -  MemoryUsage of job (MB)
	59812  -  ResidentSetSize of job (KB)
...
006 (1132.176.000) 2025-12-25 18:55:21 Image size of job updated: 2015804
	1947  -  MemoryUsage of job (MB)
	1992992  -  ResidentSetSize of job (KB)
...
006 (1132.176.000) 2025-12-25 19:00:21 Image size of job updated: 2020856
	1974  -  MemoryUsage of job (MB)
	2020856  -  ResidentSetSize of job (KB)
...
006 (1132.176.000) 2025-12-25 19:05:22 Image size of job updated: 2021052
	1974  -  MemoryUsage of job (MB)
	2020904  -  ResidentSetSize of job (KB)
...
006 (1132.176.000) 2025-12-25 19:10:23 Image size of job updated: 2023424
	1976  -  MemoryUsage of job (MB)
	2023424  -  ResidentSetSize of job (KB)
...
006 (1132.176.000) 2025-12-25 19:13:47 Image size of job updated: 2335492
	1976  -  MemoryUsage of job (MB)
	2023424  -  ResidentSetSize of job (KB)
...
005 (1132.176.000) 2025-12-25 19:13:47 Job terminated.
	(1) Normal termination (return value 0)
		Usr 0 00:15:12, Sys 0 00:00:21  -  Run Remote Usage
		Usr 0 00:00:00, Sys 0 00:00:00  -  Run Local Usage
		Usr 0 00:15:12, Sys 0 00:00:21  -  Total Remote Usage
		Usr 0 00:00:00, Sys 0 00:00:00  -  Total Local Usage
	0  -  Run Bytes Sent By Job
	0  -  Run Bytes Received By Job
	0  -  Total Bytes Sent By Job
	0  -  Total Bytes Received By Job
	Partitionable Resources :    Usage  Request Allocated 
	   Cpus                 :     0.58        1         1 
	   Disk (KB)            :     1           1      7408 
	   Memory (MB)          :  1976        4096      4096 
	   TimeExecute (s)      :  1416                       
	   TimeSlotBusy (s)     :  1416                       
	   xferslots            :                           0 
...
