000 (1132.149.000) 2025-12-25 18:43:11 Job submitted from host: <130.199.48.160:9618?addrs=[2620-0-210-a002--160]-9618+130.199.48.160-9618&alias=eicsub02.sdcc.bnl.gov&noUDP&sock=schedd_1122_32c5>
...
001 (1132.149.000) 2025-12-25 18:49:13 Job executing on host: <130.199.157.156:9618?addrs=[2620-0-210-9006--156]-9618+130.199.157.156-9618&alias=spool0696.sdcc.bnl.gov&noUDP&sock=startd_388130_583d>
	SlotName: slot1_12@spool0696.sdcc.bnl.gov
	CondorScratchDir = "/home/condor/local/sdcc/execute/dir_2778800"
	Cpus = 1
	Disk = 14709
	Memory = 4096
	xferslots = 0
...
006 (1132.149.000) 2025-12-25 18:49:27 Image size of job updated: 93544
	92  -  MemoryUsage of job (MB)
	93544  -  ResidentSetSize of job (KB)
...
006 (1132.149.000) 2025-12-25 18:54:28 Image size of job updated: 2018060
	1971  -  MemoryUsage of job (MB)
	2018060  -  ResidentSetSize of job (KB)
...
006 (1132.149.000) 2025-12-25 18:59:29 Image size of job updated: 2019964
	1972  -  MemoryUsage of job (MB)
	2019076  -  ResidentSetSize of job (KB)
...
006 (1132.149.000) 2025-12-25 19:04:29 Image size of job updated: 2023464
	1976  -  MemoryUsage of job (MB)
	2023400  -  ResidentSetSize of job (KB)
...
006 (1132.149.000) 2025-12-25 19:09:30 Image size of job updated: 2025576
	1977  -  MemoryUsage of job (MB)
	2024316  -  ResidentSetSize of job (KB)
...
006 (1132.149.000) 2025-12-25 19:10:31 Image size of job updated: 2252032
	1977  -  MemoryUsage of job (MB)
	2024316  -  ResidentSetSize of job (KB)
...
005 (1132.149.000) 2025-12-25 19:10:31 Job terminated.
	(1) Normal termination (return value 0)
		Usr 0 00:14:48, Sys 0 00:00:25  -  Run Remote Usage
		Usr 0 00:00:00, Sys 0 00:00:00  -  Run Local Usage
		Usr 0 00:14:48, Sys 0 00:00:25  -  Total Remote Usage
		Usr 0 00:00:00, Sys 0 00:00:00  -  Total Local Usage
	0  -  Run Bytes Sent By Job
	0  -  Run Bytes Received By Job
	0  -  Total Bytes Sent By Job
	0  -  Total Bytes Received By Job
	Partitionable Resources :    Usage  Request Allocated 
	   Cpus                 :     0.69        1         1 
	   Disk (KB)            :     1           1     14709 
	   Memory (MB)          :  1977        4096      4096 
	   TimeExecute (s)      :  1278                       
	   TimeSlotBusy (s)     :  1278                       
	   xferslots            :                           0 

	Job terminated of its own accord at 2025-12-26T00:10:31Z with exit-code 0.
...
