000 (1132.146.000) 2025-12-25 18:43:11 Job submitted from host: <130.199.48.160:9618?addrs=[2620-0-210-a002--160]-9618+130.199.48.160-9618&alias=eicsub02.sdcc.bnl.gov&noUDP&sock=schedd_1122_32c5>
...
001 (1132.146.000) 2025-12-25 18:48:58 Job executing on host: <130.199.149.216:9618?addrs=[2620-0-210-9012--216]-9618+130.199.149.216-9618&alias=spool0616.sdcc.bnl.gov&noUDP&sock=startd_387247_e2e6>
	SlotName: slot1_11@spool0616.sdcc.bnl.gov
	CondorScratchDir = "/home/condor/local/sdcc/execute/dir_3237824"
	Cpus = 1
	Disk = 14709
	Memory = 4096
	xferslots = 0
...
006 (1132.146.000) 2025-12-25 18:49:06 Image size of job updated: 48892
	48  -  MemoryUsage of job (MB)
	48892  -  ResidentSetSize of job (KB)
...
006 (1132.146.000) 2025-12-25 18:54:06 Image size of job updated: 2016928
	1970  -  MemoryUsage of job (MB)
	2016788  -  ResidentSetSize of job (KB)
...
006 (1132.146.000) 2025-12-25 18:59:07 Image size of job updated: 2020492
	1973  -  MemoryUsage of job (MB)
	2020144  -  ResidentSetSize of job (KB)
...
006 (1132.146.000) 2025-12-25 19:04:07 Image size of job updated: 2022456
	1975  -  MemoryUsage of job (MB)
	2022108  -  ResidentSetSize of job (KB)
...
006 (1132.146.000) 2025-12-25 19:09:08 Image size of job updated: 2026164
	1979  -  MemoryUsage of job (MB)
	2025760  -  ResidentSetSize of job (KB)
...
006 (1132.146.000) 2025-12-25 19:09:36 Image size of job updated: 2332616
	1979  -  MemoryUsage of job (MB)
	2025760  -  ResidentSetSize of job (KB)
...
005 (1132.146.000) 2025-12-25 19:09:36 Job terminated.
	(1) Normal termination (return value 0)
		Usr 0 00:13:07, Sys 0 00:00:32  -  Run Remote Usage
		Usr 0 00:00:00, Sys 0 00:00:00  -  Run Local Usage
		Usr 0 00:13:07, Sys 0 00:00:32  -  Total Remote Usage
		Usr 0 00:00:00, Sys 0 00:00:00  -  Total Local Usage
	0  -  Run Bytes Sent By Job
	0  -  Run Bytes Received By Job
	0  -  Total Bytes Sent By Job
	0  -  Total Bytes Received By Job
	Partitionable Resources :    Usage  Request Allocated 
	   Cpus                 :     0.71        1         1 
	   Disk (KB)            :     1           1     14709 
	   Memory (MB)          :  1979        4096      4096 
	   TimeExecute (s)      :  1238                       
	   TimeSlotBusy (s)     :  1238                       
	   xferslots            :                           0 
...
