000 (1132.064.000) 2025-12-25 18:43:11 Job submitted from host: <130.199.48.160:9618?addrs=[2620-0-210-a002--160]-9618+130.199.48.160-9618&alias=eicsub02.sdcc.bnl.gov&noUDP&sock=schedd_1122_32c5>
...
001 (1132.064.000) 2025-12-25 18:46:01 Job executing on host: <130.199.157.137:9618?addrs=[2620-0-210-9006--137]-9618+130.199.157.137-9618&alias=spool0677.sdcc.bnl.gov&noUDP&sock=startd_390969_da33>
	SlotName: slot1_25@spool0677.sdcc.bnl.gov
	CondorScratchDir = "/home/condor/local/sdcc/execute/dir_4128239"
	Cpus = 1
	Disk = 14709
	Memory = 4096
	xferslots = 0
...
006 (1132.064.000) 2025-12-25 18:46:15 Image size of job updated: 93460
	92  -  MemoryUsage of job (MB)
	93460  -  ResidentSetSize of job (KB)
...
006 (1132.064.000) 2025-12-25 18:51:16 Image size of job updated: 2016696
	1970  -  MemoryUsage of job (MB)
	2016696  -  ResidentSetSize of job (KB)
...
006 (1132.064.000) 2025-12-25 18:56:16 Image size of job updated: 2038664
	1991  -  MemoryUsage of job (MB)
	2038596  -  ResidentSetSize of job (KB)
...
006 (1132.064.000) 2025-12-25 19:01:17 Image size of job updated: 2039000
	1992  -  MemoryUsage of job (MB)
	2038924  -  ResidentSetSize of job (KB)
...
006 (1132.064.000) 2025-12-25 19:06:18 Image size of job updated: 2039200
	1992  -  MemoryUsage of job (MB)
	2038988  -  ResidentSetSize of job (KB)
...
006 (1132.064.000) 2025-12-25 19:08:30 Image size of job updated: 2336832
	1992  -  MemoryUsage of job (MB)
	2038988  -  ResidentSetSize of job (KB)
...
005 (1132.064.000) 2025-12-25 19:08:30 Job terminated.
	(1) Normal termination (return value 0)
		Usr 0 00:15:23, Sys 0 00:00:23  -  Run Remote Usage
		Usr 0 00:00:00, Sys 0 00:00:00  -  Run Local Usage
		Usr 0 00:15:23, Sys 0 00:00:23  -  Total Remote Usage
		Usr 0 00:00:00, Sys 0 00:00:00  -  Total Local Usage
	0  -  Run Bytes Sent By Job
	0  -  Run Bytes Received By Job
	0  -  Total Bytes Sent By Job
	0  -  Total Bytes Received By Job
	Partitionable Resources :    Usage  Request Allocated 
	   Cpus                 :     0.78        1         1 
	   Disk (KB)            :     1           1     14709 
	   Memory (MB)          :  1992        4096      4096 
	   TimeExecute (s)      :  1349                       
	   TimeSlotBusy (s)     :  1349                       
	   xferslots            :                           0 

	Job terminated of its own accord at 2025-12-26T00:08:30Z with exit-code 0.
...
