000 (1132.209.000) 2025-12-25 18:43:11 Job submitted from host: <130.199.48.160:9618?addrs=[2620-0-210-a002--160]-9618+130.199.48.160-9618&alias=eicsub02.sdcc.bnl.gov&noUDP&sock=schedd_1122_32c5>
...
001 (1132.209.000) 2025-12-25 18:50:38 Job executing on host: <130.199.149.165:9618?addrs=[2620-0-210-9011--165]-9618+130.199.149.165-9618&alias=spool0281.sdcc.bnl.gov&noUDP&sock=startd_55867_4cba>
	SlotName: slot1_16@spool0281.sdcc.bnl.gov
	CondorScratchDir = "/home/condor/local/sdcc/execute/dir_3658864"
	Cpus = 1
	Disk = 14765
	Memory = 4096
	xferslots = 0
...
006 (1132.209.000) 2025-12-25 18:50:52 Image size of job updated: 59388
	58  -  MemoryUsage of job (MB)
	59388  -  ResidentSetSize of job (KB)
...
006 (1132.209.000) 2025-12-25 18:55:53 Image size of job updated: 2016248
	1969  -  MemoryUsage of job (MB)
	2016248  -  ResidentSetSize of job (KB)
...
006 (1132.209.000) 2025-12-25 19:00:53 Image size of job updated: 2022944
	1974  -  MemoryUsage of job (MB)
	2020852  -  ResidentSetSize of job (KB)
...
006 (1132.209.000) 2025-12-25 19:05:54 Image size of job updated: 2023004
	1976  -  MemoryUsage of job (MB)
	2023004  -  ResidentSetSize of job (KB)
...
006 (1132.209.000) 2025-12-25 19:10:54 Image size of job updated: 2039604
	1992  -  MemoryUsage of job (MB)
	2039604  -  ResidentSetSize of job (KB)
...
006 (1132.209.000) 2025-12-25 19:12:16 Image size of job updated: 2337288
	1992  -  MemoryUsage of job (MB)
	2039604  -  ResidentSetSize of job (KB)
...
005 (1132.209.000) 2025-12-25 19:12:16 Job terminated.
	(1) Normal termination (return value 0)
		Usr 0 00:14:03, Sys 0 00:00:34  -  Run Remote Usage
		Usr 0 00:00:00, Sys 0 00:00:00  -  Run Local Usage
		Usr 0 00:14:03, Sys 0 00:00:34  -  Total Remote Usage
		Usr 0 00:00:00, Sys 0 00:00:00  -  Total Local Usage
	0  -  Run Bytes Sent By Job
	0  -  Run Bytes Received By Job
	0  -  Total Bytes Sent By Job
	0  -  Total Bytes Received By Job
	Partitionable Resources :    Usage  Request Allocated 
	   Cpus                 :     0.70        1         1 
	   Disk (KB)            :     1           1     14765 
	   Memory (MB)          :  1992        4096      4096 
	   TimeExecute (s)      :  1298                       
	   TimeSlotBusy (s)     :  1298                       
	   xferslots            :                           0 

	Job terminated of its own accord at 2025-12-26T00:12:16Z with exit-code 0.
...
