000 (1132.029.000) 2025-12-25 18:43:11 Job submitted from host: <130.199.48.160:9618?addrs=[2620-0-210-a002--160]-9618+130.199.48.160-9618&alias=eicsub02.sdcc.bnl.gov&noUDP&sock=schedd_1122_32c5>
...
001 (1132.029.000) 2025-12-25 18:44:42 Job executing on host: <130.199.149.162:9618?addrs=[2620-0-210-9011--162]-9618+130.199.149.162-9618&alias=spool0278.sdcc.bnl.gov&noUDP&sock=startd_59664_0095>
	SlotName: slot1_5@spool0278.sdcc.bnl.gov
	CondorScratchDir = "/home/condor/local/sdcc/execute/dir_623911"
	Cpus = 1
	Disk = 14765
	Memory = 4096
	xferslots = 0
...
006 (1132.029.000) 2025-12-25 18:44:56 Image size of job updated: 59272
	58  -  MemoryUsage of job (MB)
	59272  -  ResidentSetSize of job (KB)
...
006 (1132.029.000) 2025-12-25 18:49:57 Image size of job updated: 2019544
	1973  -  MemoryUsage of job (MB)
	2019344  -  ResidentSetSize of job (KB)
...
006 (1132.029.000) 2025-12-25 18:54:58 Image size of job updated: 2022988
	1976  -  MemoryUsage of job (MB)
	2022988  -  ResidentSetSize of job (KB)
...
006 (1132.029.000) 2025-12-25 18:59:58 Image size of job updated: 2024716
	1976  -  MemoryUsage of job (MB)
	2023356  -  ResidentSetSize of job (KB)
...
006 (1132.029.000) 2025-12-25 19:04:59 Image size of job updated: 2025376
	1978  -  MemoryUsage of job (MB)
	2025088  -  ResidentSetSize of job (KB)
...
006 (1132.029.000) 2025-12-25 19:05:38 Image size of job updated: 2336732
	1978  -  MemoryUsage of job (MB)
	2025088  -  ResidentSetSize of job (KB)
...
005 (1132.029.000) 2025-12-25 19:05:38 Job terminated.
	(1) Normal termination (return value 0)
		Usr 0 00:13:26, Sys 0 00:00:40  -  Run Remote Usage
		Usr 0 00:00:00, Sys 0 00:00:00  -  Run Local Usage
		Usr 0 00:13:26, Sys 0 00:00:40  -  Total Remote Usage
		Usr 0 00:00:00, Sys 0 00:00:00  -  Total Local Usage
	0  -  Run Bytes Sent By Job
	0  -  Run Bytes Received By Job
	0  -  Total Bytes Sent By Job
	0  -  Total Bytes Received By Job
	Partitionable Resources :    Usage  Request Allocated 
	   Cpus                 :     0.83        1         1 
	   Disk (KB)            :     1           1     14765 
	   Memory (MB)          :  1978        4096      4096 
	   TimeExecute (s)      :  1256                       
	   TimeSlotBusy (s)     :  1256                       
	   xferslots            :                           0 

	Job terminated of its own accord at 2025-12-26T00:05:38Z with exit-code 0.
...
