000 (1132.173.000) 2025-12-25 18:43:11 Job submitted from host: <130.199.48.160:9618?addrs=[2620-0-210-a002--160]-9618+130.199.48.160-9618&alias=eicsub02.sdcc.bnl.gov&noUDP&sock=schedd_1122_32c5>
...
001 (1132.173.000) 2025-12-25 18:49:41 Job executing on host: <130.199.149.166:9618?addrs=[2620-0-210-9011--166]-9618+130.199.149.166-9618&alias=spool0282.sdcc.bnl.gov&noUDP&sock=startd_346589_2481>
	SlotName: slot1_16@spool0282.sdcc.bnl.gov
	CondorScratchDir = "/home/condor/local/sdcc/execute/dir_1811975"
	Cpus = 1
	Disk = 14765
	Memory = 4096
	xferslots = 0
...
006 (1132.173.000) 2025-12-25 18:49:54 Image size of job updated: 23508
	23  -  MemoryUsage of job (MB)
	23508  -  ResidentSetSize of job (KB)
...
006 (1132.173.000) 2025-12-25 18:54:54 Image size of job updated: 2023340
	1976  -  MemoryUsage of job (MB)
	2023304  -  ResidentSetSize of job (KB)
...
006 (1132.173.000) 2025-12-25 18:59:55 Image size of job updated: 2027200
	1980  -  MemoryUsage of job (MB)
	2026580  -  ResidentSetSize of job (KB)
...
006 (1132.173.000) 2025-12-25 19:04:56 Image size of job updated: 2031196
	1984  -  MemoryUsage of job (MB)
	2030668  -  ResidentSetSize of job (KB)
...
006 (1132.173.000) 2025-12-25 19:09:39 Image size of job updated: 2316340
	1984  -  MemoryUsage of job (MB)
	2030668  -  ResidentSetSize of job (KB)
...
005 (1132.173.000) 2025-12-25 19:09:39 Job terminated.
	(1) Normal termination (return value 0)
		Usr 0 00:13:06, Sys 0 00:00:31  -  Run Remote Usage
		Usr 0 00:00:00, Sys 0 00:00:00  -  Run Local Usage
		Usr 0 00:13:06, Sys 0 00:00:31  -  Total Remote Usage
		Usr 0 00:00:00, Sys 0 00:00:00  -  Total Local Usage
	0  -  Run Bytes Sent By Job
	0  -  Run Bytes Received By Job
	0  -  Total Bytes Sent By Job
	0  -  Total Bytes Received By Job
	Partitionable Resources :    Usage  Request Allocated 
	   Cpus                 :     0.73        1         1 
	   Disk (KB)            :     1           1     14765 
	   Memory (MB)          :  1984        4096      4096 
	   TimeExecute (s)      :  1198                       
	   TimeSlotBusy (s)     :  1199                       
	   xferslots            :                           0 

	Job terminated of its own accord at 2025-12-26T00:09:39Z with exit-code 0.
...
