000 (1132.041.000) 2025-12-25 18:43:11 Job submitted from host: <130.199.48.160:9618?addrs=[2620-0-210-a002--160]-9618+130.199.48.160-9618&alias=eicsub02.sdcc.bnl.gov&noUDP&sock=schedd_1122_32c5>
...
001 (1132.041.000) 2025-12-25 18:45:00 Job executing on host: <130.199.149.150:9618?addrs=[2620-0-210-9010--150]-9618+130.199.149.150-9618&alias=spool0272.sdcc.bnl.gov&noUDP&sock=startd_408300_e522>
	SlotName: slot1_9@spool0272.sdcc.bnl.gov
	CondorScratchDir = "/home/condor/local/sdcc/execute/dir_3533268"
	Cpus = 1
	Disk = 14765
	Memory = 4096
	xferslots = 0
...
006 (1132.041.000) 2025-12-25 18:45:13 Image size of job updated: 25108
	25  -  MemoryUsage of job (MB)
	25108  -  ResidentSetSize of job (KB)
...
006 (1132.041.000) 2025-12-25 18:50:13 Image size of job updated: 2017172
	1970  -  MemoryUsage of job (MB)
	2017172  -  ResidentSetSize of job (KB)
...
006 (1132.041.000) 2025-12-25 18:55:14 Image size of job updated: 2022828
	1976  -  MemoryUsage of job (MB)
	2022828  -  ResidentSetSize of job (KB)
...
006 (1132.041.000) 2025-12-25 19:00:14 Image size of job updated: 2024316
	1977  -  MemoryUsage of job (MB)
	2024316  -  ResidentSetSize of job (KB)
...
006 (1132.041.000) 2025-12-25 19:04:22 Image size of job updated: 2339640
	1977  -  MemoryUsage of job (MB)
	2024316  -  ResidentSetSize of job (KB)
...
005 (1132.041.000) 2025-12-25 19:04:22 Job terminated.
	(1) Normal termination (return value 0)
		Usr 0 00:13:18, Sys 0 00:00:27  -  Run Remote Usage
		Usr 0 00:00:00, Sys 0 00:00:00  -  Run Local Usage
		Usr 0 00:13:18, Sys 0 00:00:27  -  Total Remote Usage
		Usr 0 00:00:00, Sys 0 00:00:00  -  Total Local Usage
	0  -  Run Bytes Sent By Job
	0  -  Run Bytes Received By Job
	0  -  Total Bytes Sent By Job
	0  -  Total Bytes Received By Job
	Partitionable Resources :    Usage  Request Allocated 
	   Cpus                 :     0.77        1         1 
	   Disk (KB)            :     1           1     14765 
	   Memory (MB)          :  1977        4096      4096 
	   TimeExecute (s)      :  1162                       
	   TimeSlotBusy (s)     :  1162                       
	   xferslots            :                           0 

	Job terminated of its own accord at 2025-12-26T00:04:22Z with exit-code 0.
...
