000 (1132.181.000) 2025-12-25 18:43:11 Job submitted from host: <130.199.48.160:9618?addrs=[2620-0-210-a002--160]-9618+130.199.48.160-9618&alias=eicsub02.sdcc.bnl.gov&noUDP&sock=schedd_1122_32c5>
...
001 (1132.181.000) 2025-12-25 18:50:11 Job executing on host: <130.199.207.205:9618?addrs=[2620-0-210-9040--205]-9618+130.199.207.205-9618&alias=spool1492.sdcc.bnl.gov&noUDP&sock=startd_25754_ea55>
	SlotName: slot1_28@spool1492.sdcc.bnl.gov
	CondorScratchDir = "/home/condor/local/sdcc/execute/dir_4151740"
	Cpus = 1
	Disk = 7408
	Memory = 4096
	xferslots = 0
...
006 (1132.181.000) 2025-12-25 18:50:20 Image size of job updated: 96784
	95  -  MemoryUsage of job (MB)
	96784  -  ResidentSetSize of job (KB)
...
006 (1132.181.000) 2025-12-25 18:55:21 Image size of job updated: 2019104
	1972  -  MemoryUsage of job (MB)
	2019104  -  ResidentSetSize of job (KB)
...
006 (1132.181.000) 2025-12-25 19:00:21 Image size of job updated: 2024852
	1978  -  MemoryUsage of job (MB)
	2024852  -  ResidentSetSize of job (KB)
...
006 (1132.181.000) 2025-12-25 19:05:22 Image size of job updated: 2026756
	1980  -  MemoryUsage of job (MB)
	2026756  -  ResidentSetSize of job (KB)
...
006 (1132.181.000) 2025-12-25 19:10:22 Image size of job updated: 2026948
	1980  -  MemoryUsage of job (MB)
	2026948  -  ResidentSetSize of job (KB)
...
006 (1132.181.000) 2025-12-25 19:14:55 Image size of job updated: 2333516
	1980  -  MemoryUsage of job (MB)
	2026948  -  ResidentSetSize of job (KB)
...
005 (1132.181.000) 2025-12-25 19:14:55 Job terminated.
	(1) Normal termination (return value 0)
		Usr 0 00:15:45, Sys 0 00:00:19  -  Run Remote Usage
		Usr 0 00:00:00, Sys 0 00:00:00  -  Run Local Usage
		Usr 0 00:15:45, Sys 0 00:00:19  -  Total Remote Usage
		Usr 0 00:00:00, Sys 0 00:00:00  -  Total Local Usage
	0  -  Run Bytes Sent By Job
	0  -  Run Bytes Received By Job
	0  -  Total Bytes Sent By Job
	0  -  Total Bytes Received By Job
	Partitionable Resources :    Usage  Request Allocated 
	   Cpus                 :     0.62        1         1 
	   Disk (KB)            :     1           1      7408 
	   Memory (MB)          :  1980        4096      4096 
	   TimeExecute (s)      :  1484                       
	   TimeSlotBusy (s)     :  1484                       
	   xferslots            :                           0 
...
