000 (1132.159.000) 2025-12-25 18:43:11 Job submitted from host: <130.199.48.160:9618?addrs=[2620-0-210-a002--160]-9618+130.199.48.160-9618&alias=eicsub02.sdcc.bnl.gov&noUDP&sock=schedd_1122_32c5>
...
001 (1132.159.000) 2025-12-25 18:49:13 Job executing on host: <130.199.149.134:9618?addrs=[2620-0-210-9010--134]-9618+130.199.149.134-9618&alias=spool0256.sdcc.bnl.gov&noUDP&sock=startd_408511_ac84>
	SlotName: slot1_27@spool0256.sdcc.bnl.gov
	CondorScratchDir = "/home/condor/local/sdcc/execute/dir_710636"
	Cpus = 1
	Disk = 14765
	Memory = 4096
	xferslots = 0
...
006 (1132.159.000) 2025-12-25 18:49:27 Image size of job updated: 96256
	94  -  MemoryUsage of job (MB)
	96256  -  ResidentSetSize of job (KB)
...
006 (1132.159.000) 2025-12-25 18:54:28 Image size of job updated: 2021740
	1975  -  MemoryUsage of job (MB)
	2021740  -  ResidentSetSize of job (KB)
...
006 (1132.159.000) 2025-12-25 18:59:28 Image size of job updated: 2040204
	1993  -  MemoryUsage of job (MB)
	2040204  -  ResidentSetSize of job (KB)
...
006 (1132.159.000) 2025-12-25 19:04:29 Image size of job updated: 2040652
	1993  -  MemoryUsage of job (MB)
	2040588  -  ResidentSetSize of job (KB)
...
006 (1132.159.000) 2025-12-25 19:09:30 Image size of job updated: 2040804
	1993  -  MemoryUsage of job (MB)
	2040588  -  ResidentSetSize of job (KB)
...
006 (1132.159.000) 2025-12-25 19:10:57 Image size of job updated: 2346172
	1993  -  MemoryUsage of job (MB)
	2040588  -  ResidentSetSize of job (KB)
...
005 (1132.159.000) 2025-12-25 19:10:57 Job terminated.
	(1) Normal termination (return value 0)
		Usr 0 00:14:20, Sys 0 00:00:48  -  Run Remote Usage
		Usr 0 00:00:00, Sys 0 00:00:00  -  Run Local Usage
		Usr 0 00:14:20, Sys 0 00:00:48  -  Total Remote Usage
		Usr 0 00:00:00, Sys 0 00:00:00  -  Total Local Usage
	0  -  Run Bytes Sent By Job
	0  -  Run Bytes Received By Job
	0  -  Total Bytes Sent By Job
	0  -  Total Bytes Received By Job
	Partitionable Resources :    Usage  Request Allocated 
	   Cpus                 :     0.72        1         1 
	   Disk (KB)            :     1           1     14765 
	   Memory (MB)          :  1993        4096      4096 
	   TimeExecute (s)      :  1304                       
	   TimeSlotBusy (s)     :  1304                       
	   xferslots            :                           0 

	Job terminated of its own accord at 2025-12-26T00:10:57Z with exit-code 0.
...
