000 (1132.158.000) 2025-12-25 18:43:11 Job submitted from host: <130.199.48.160:9618?addrs=[2620-0-210-a002--160]-9618+130.199.48.160-9618&alias=eicsub02.sdcc.bnl.gov&noUDP&sock=schedd_1122_32c5>
...
001 (1132.158.000) 2025-12-25 18:49:13 Job executing on host: <130.199.149.134:9618?addrs=[2620-0-210-9010--134]-9618+130.199.149.134-9618&alias=spool0256.sdcc.bnl.gov&noUDP&sock=startd_408511_ac84>
	SlotName: slot1_26@spool0256.sdcc.bnl.gov
	CondorScratchDir = "/home/condor/local/sdcc/execute/dir_710635"
	Cpus = 1
	Disk = 14765
	Memory = 4096
	xferslots = 0
...
006 (1132.158.000) 2025-12-25 18:49:27 Image size of job updated: 96728
	95  -  MemoryUsage of job (MB)
	96728  -  ResidentSetSize of job (KB)
...
006 (1132.158.000) 2025-12-25 18:54:28 Image size of job updated: 2019988
	1973  -  MemoryUsage of job (MB)
	2019988  -  ResidentSetSize of job (KB)
...
006 (1132.158.000) 2025-12-25 18:59:28 Image size of job updated: 2024164
	1977  -  MemoryUsage of job (MB)
	2023932  -  ResidentSetSize of job (KB)
...
006 (1132.158.000) 2025-12-25 19:04:29 Image size of job updated: 2026484
	1979  -  MemoryUsage of job (MB)
	2026484  -  ResidentSetSize of job (KB)
...
006 (1132.158.000) 2025-12-25 19:09:30 Image size of job updated: 2028068
	1979  -  MemoryUsage of job (MB)
	2026484  -  ResidentSetSize of job (KB)
...
006 (1132.158.000) 2025-12-25 19:11:16 Image size of job updated: 2341424
	1979  -  MemoryUsage of job (MB)
	2026484  -  ResidentSetSize of job (KB)
...
005 (1132.158.000) 2025-12-25 19:11:16 Job terminated.
	(1) Normal termination (return value 0)
		Usr 0 00:14:58, Sys 0 00:00:42  -  Run Remote Usage
		Usr 0 00:00:00, Sys 0 00:00:00  -  Run Local Usage
		Usr 0 00:14:58, Sys 0 00:00:42  -  Total Remote Usage
		Usr 0 00:00:00, Sys 0 00:00:00  -  Total Local Usage
	0  -  Run Bytes Sent By Job
	0  -  Run Bytes Received By Job
	0  -  Total Bytes Sent By Job
	0  -  Total Bytes Received By Job
	Partitionable Resources :    Usage  Request Allocated 
	   Cpus                 :     0.72        1         1 
	   Disk (KB)            :     1           1     14765 
	   Memory (MB)          :  1979        4096      4096 
	   TimeExecute (s)      :  1323                       
	   TimeSlotBusy (s)     :  1323                       
	   xferslots            :                           0 

	Job terminated of its own accord at 2025-12-26T00:11:16Z with exit-code 0.
...
