000 (1132.047.000) 2025-12-25 18:43:11 Job submitted from host: <130.199.48.160:9618?addrs=[2620-0-210-a002--160]-9618+130.199.48.160-9618&alias=eicsub02.sdcc.bnl.gov&noUDP&sock=schedd_1122_32c5>
...
001 (1132.047.000) 2025-12-25 18:45:14 Job executing on host: <130.199.149.78:9618?addrs=[2620-0-210-9008--78]-9618+130.199.149.78-9618&alias=spool0212.sdcc.bnl.gov&noUDP&sock=startd_278686_b348>
	SlotName: slot1_14@spool0212.sdcc.bnl.gov
	CondorScratchDir = "/home/condor/local/sdcc/execute/dir_2809673"
	Cpus = 1
	Disk = 14765
	Memory = 4096
	xferslots = 0
...
006 (1132.047.000) 2025-12-25 18:45:27 Image size of job updated: 83508
	82  -  MemoryUsage of job (MB)
	83508  -  ResidentSetSize of job (KB)
...
006 (1132.047.000) 2025-12-25 18:50:27 Image size of job updated: 2016408
	1970  -  MemoryUsage of job (MB)
	2016408  -  ResidentSetSize of job (KB)
...
006 (1132.047.000) 2025-12-25 18:55:27 Image size of job updated: 2023884
	1977  -  MemoryUsage of job (MB)
	2023884  -  ResidentSetSize of job (KB)
...
006 (1132.047.000) 2025-12-25 19:00:28 Image size of job updated: 2040824
	1993  -  MemoryUsage of job (MB)
	2040292  -  ResidentSetSize of job (KB)
...
006 (1132.047.000) 2025-12-25 19:05:28 Image size of job updated: 2041200
	1994  -  MemoryUsage of job (MB)
	2041016  -  ResidentSetSize of job (KB)
...
006 (1132.047.000) 2025-12-25 19:06:44 Image size of job updated: 2353032
	1994  -  MemoryUsage of job (MB)
	2041016  -  ResidentSetSize of job (KB)
...
005 (1132.047.000) 2025-12-25 19:06:44 Job terminated.
	(1) Normal termination (return value 0)
		Usr 0 00:15:17, Sys 0 00:00:23  -  Run Remote Usage
		Usr 0 00:00:00, Sys 0 00:00:00  -  Run Local Usage
		Usr 0 00:15:17, Sys 0 00:00:23  -  Total Remote Usage
		Usr 0 00:00:00, Sys 0 00:00:00  -  Total Local Usage
	0  -  Run Bytes Sent By Job
	0  -  Run Bytes Received By Job
	0  -  Total Bytes Sent By Job
	0  -  Total Bytes Received By Job
	Partitionable Resources :    Usage  Request Allocated 
	   Cpus                 :     0.97        1         1 
	   Disk (KB)            :     1           1     14765 
	   Memory (MB)          :  1994        4096      4096 
	   TimeExecute (s)      :  1291                       
	   TimeSlotBusy (s)     :  1291                       
	   xferslots            :                           0 

	Job terminated of its own accord at 2025-12-26T00:06:44Z with exit-code 0.
...
