000 (1132.014.000) 2025-12-25 18:43:11 Job submitted from host: <130.199.48.160:9618?addrs=[2620-0-210-a002--160]-9618+130.199.48.160-9618&alias=eicsub02.sdcc.bnl.gov&noUDP&sock=schedd_1122_32c5>
...
001 (1132.014.000) 2025-12-25 18:43:58 Job executing on host: <130.199.149.105:9618?addrs=[2620-0-210-9009--105]-9618+130.199.149.105-9618&alias=spool0233.sdcc.bnl.gov&noUDP&sock=startd_407660_57d8>
	SlotName: slot1_13@spool0233.sdcc.bnl.gov
	CondorScratchDir = "/home/condor/local/sdcc/execute/dir_563928"
	Cpus = 1
	Disk = 14765
	Memory = 4096
	xferslots = 0
...
006 (1132.014.000) 2025-12-25 18:44:11 Image size of job updated: 28064
	28  -  MemoryUsage of job (MB)
	28064  -  ResidentSetSize of job (KB)
...
006 (1132.014.000) 2025-12-25 18:49:11 Image size of job updated: 2020192
	1973  -  MemoryUsage of job (MB)
	2019764  -  ResidentSetSize of job (KB)
...
006 (1132.014.000) 2025-12-25 18:54:12 Image size of job updated: 2021536
	1973  -  MemoryUsage of job (MB)
	2020096  -  ResidentSetSize of job (KB)
...
006 (1132.014.000) 2025-12-25 18:59:12 Image size of job updated: 2021884
	1973  -  MemoryUsage of job (MB)
	2020096  -  ResidentSetSize of job (KB)
...
006 (1132.014.000) 2025-12-25 19:04:12 Image size of job updated: 2219564
	2168  -  MemoryUsage of job (MB)
	2219564  -  ResidentSetSize of job (KB)
...
006 (1132.014.000) 2025-12-25 19:04:23 Image size of job updated: 2271692
	2168  -  MemoryUsage of job (MB)
	2219580  -  ResidentSetSize of job (KB)
...
005 (1132.014.000) 2025-12-25 19:04:23 Job terminated.
	(1) Normal termination (return value 0)
		Usr 0 00:12:55, Sys 0 00:00:39  -  Run Remote Usage
		Usr 0 00:00:00, Sys 0 00:00:00  -  Run Local Usage
		Usr 0 00:12:55, Sys 0 00:00:39  -  Total Remote Usage
		Usr 0 00:00:00, Sys 0 00:00:00  -  Total Local Usage
	0  -  Run Bytes Sent By Job
	0  -  Run Bytes Received By Job
	0  -  Total Bytes Sent By Job
	0  -  Total Bytes Received By Job
	Partitionable Resources :    Usage  Request Allocated 
	   Cpus                 :     0.64        1         1 
	   Disk (KB)            :     1           1     14765 
	   Memory (MB)          :  2168        4096      4096 
	   TimeExecute (s)      :  1225                       
	   TimeSlotBusy (s)     :  1226                       
	   xferslots            :                           0 

	Job terminated of its own accord at 2025-12-26T00:04:23Z with exit-code 0.
...
