000 (1132.164.000) 2025-12-25 18:43:11 Job submitted from host: <130.199.48.160:9618?addrs=[2620-0-210-a002--160]-9618+130.199.48.160-9618&alias=eicsub02.sdcc.bnl.gov&noUDP&sock=schedd_1122_32c5>
...
001 (1132.164.000) 2025-12-25 18:49:27 Job executing on host: <130.199.149.104:9618?addrs=[2620-0-210-9009--104]-9618+130.199.149.104-9618&alias=spool0232.sdcc.bnl.gov&noUDP&sock=startd_407891_73a4>
	SlotName: slot1_11@spool0232.sdcc.bnl.gov
	CondorScratchDir = "/home/condor/local/sdcc/execute/dir_3805139"
	Cpus = 1
	Disk = 14765
	Memory = 4096
	xferslots = 0
...
006 (1132.164.000) 2025-12-25 18:49:41 Image size of job updated: 32308
	32  -  MemoryUsage of job (MB)
	32308  -  ResidentSetSize of job (KB)
...
006 (1132.164.000) 2025-12-25 18:54:42 Image size of job updated: 2023324
	1976  -  MemoryUsage of job (MB)
	2023324  -  ResidentSetSize of job (KB)
...
006 (1132.164.000) 2025-12-25 18:59:42 Image size of job updated: 2028288
	1981  -  MemoryUsage of job (MB)
	2028288  -  ResidentSetSize of job (KB)
...
006 (1132.164.000) 2025-12-25 19:04:42 Image size of job updated: 2029220
	1981  -  MemoryUsage of job (MB)
	2028288  -  ResidentSetSize of job (KB)
...
006 (1132.164.000) 2025-12-25 19:09:43 Image size of job updated: 2032516
	1985  -  MemoryUsage of job (MB)
	2032200  -  ResidentSetSize of job (KB)
...
006 (1132.164.000) 2025-12-25 19:10:25 Image size of job updated: 2229692
	1985  -  MemoryUsage of job (MB)
	2032200  -  ResidentSetSize of job (KB)
...
005 (1132.164.000) 2025-12-25 19:10:26 Job terminated.
	(1) Normal termination (return value 0)
		Usr 0 00:13:18, Sys 0 00:00:41  -  Run Remote Usage
		Usr 0 00:00:00, Sys 0 00:00:00  -  Run Local Usage
		Usr 0 00:13:18, Sys 0 00:00:41  -  Total Remote Usage
		Usr 0 00:00:00, Sys 0 00:00:00  -  Total Local Usage
	0  -  Run Bytes Sent By Job
	0  -  Run Bytes Received By Job
	0  -  Total Bytes Sent By Job
	0  -  Total Bytes Received By Job
	Partitionable Resources :    Usage  Request Allocated 
	   Cpus                 :     0.59        1         1 
	   Disk (KB)            :     1           1     14765 
	   Memory (MB)          :  1985        4096      4096 
	   TimeExecute (s)      :  1258                       
	   TimeSlotBusy (s)     :  1258                       
	   xferslots            :                           0 

	Job terminated of its own accord at 2025-12-26T00:10:25Z with exit-code 0.
...
