000 (1132.112.000) 2025-12-25 18:43:11 Job submitted from host: <130.199.48.160:9618?addrs=[2620-0-210-a002--160]-9618+130.199.48.160-9618&alias=eicsub02.sdcc.bnl.gov&noUDP&sock=schedd_1122_32c5>
...
001 (1132.112.000) 2025-12-25 18:48:04 Job executing on host: <130.199.207.210:9618?addrs=[2620-0-210-9040--210]-9618+130.199.207.210-9618&alias=spool1497.sdcc.bnl.gov&noUDP&sock=startd_25598_8b18>
	SlotName: slot1_1@spool1497.sdcc.bnl.gov
	CondorScratchDir = "/home/condor/local/sdcc/execute/dir_342490"
	Cpus = 1
	Disk = 7408
	Memory = 4096
	xferslots = 0
...
006 (1132.112.000) 2025-12-25 18:48:12 Image size of job updated: 62112
	61  -  MemoryUsage of job (MB)
	62112  -  ResidentSetSize of job (KB)
...
006 (1132.112.000) 2025-12-25 18:53:12 Image size of job updated: 2019832
	1951  -  MemoryUsage of job (MB)
	1997540  -  ResidentSetSize of job (KB)
...
006 (1132.112.000) 2025-12-25 18:58:13 Image size of job updated: 2020900
	1973  -  MemoryUsage of job (MB)
	2020188  -  ResidentSetSize of job (KB)
...
006 (1132.112.000) 2025-12-25 19:03:13 Image size of job updated: 2024608
	1978  -  MemoryUsage of job (MB)
	2024608  -  ResidentSetSize of job (KB)
...
006 (1132.112.000) 2025-12-25 19:08:14 Image size of job updated: 2025564
	1979  -  MemoryUsage of job (MB)
	2025488  -  ResidentSetSize of job (KB)
...
006 (1132.112.000) 2025-12-25 19:12:21 Image size of job updated: 2328200
	1979  -  MemoryUsage of job (MB)
	2025488  -  ResidentSetSize of job (KB)
...
005 (1132.112.000) 2025-12-25 19:12:21 Job terminated.
	(1) Normal termination (return value 0)
		Usr 0 00:15:16, Sys 0 00:00:19  -  Run Remote Usage
		Usr 0 00:00:00, Sys 0 00:00:00  -  Run Local Usage
		Usr 0 00:15:16, Sys 0 00:00:19  -  Total Remote Usage
		Usr 0 00:00:00, Sys 0 00:00:00  -  Total Local Usage
	0  -  Run Bytes Sent By Job
	0  -  Run Bytes Received By Job
	0  -  Total Bytes Sent By Job
	0  -  Total Bytes Received By Job
	Partitionable Resources :    Usage  Request Allocated 
	   Cpus                 :     0.73        1         1 
	   Disk (KB)            :     1           1      7408 
	   Memory (MB)          :  1979        4096      4096 
	   TimeExecute (s)      :  1457                       
	   TimeSlotBusy (s)     :  1457                       
	   xferslots            :                           0 
...
