000 (1132.002.000) 2025-12-25 18:43:11 Job submitted from host: <130.199.48.160:9618?addrs=[2620-0-210-a002--160]-9618+130.199.48.160-9618&alias=eicsub02.sdcc.bnl.gov&noUDP&sock=schedd_1122_32c5>
...
001 (1132.002.000) 2025-12-25 18:43:29 Job executing on host: <130.199.149.88:9618?addrs=[2620-0-210-9008--88]-9618+130.199.149.88-9618&alias=spool0222.sdcc.bnl.gov&noUDP&sock=startd_407865_3919>
	SlotName: slot1_14@spool0222.sdcc.bnl.gov
	CondorScratchDir = "/home/condor/local/sdcc/execute/dir_1110078"
	Cpus = 1
	Disk = 14765
	Memory = 4096
	xferslots = 0
...
006 (1132.002.000) 2025-12-25 18:43:43 Image size of job updated: 36376
	36  -  MemoryUsage of job (MB)
	36376  -  ResidentSetSize of job (KB)
...
006 (1132.002.000) 2025-12-25 18:48:44 Image size of job updated: 2017508
	1971  -  MemoryUsage of job (MB)
	2017508  -  ResidentSetSize of job (KB)
...
006 (1132.002.000) 2025-12-25 18:53:44 Image size of job updated: 2020788
	1974  -  MemoryUsage of job (MB)
	2020592  -  ResidentSetSize of job (KB)
...
006 (1132.002.000) 2025-12-25 18:58:45 Image size of job updated: 2022704
	1974  -  MemoryUsage of job (MB)
	2020628  -  ResidentSetSize of job (KB)
...
006 (1132.002.000) 2025-12-25 19:03:46 Image size of job updated: 2024084
	1977  -  MemoryUsage of job (MB)
	2024084  -  ResidentSetSize of job (KB)
...
006 (1132.002.000) 2025-12-25 19:06:01 Image size of job updated: 2273108
	1977  -  MemoryUsage of job (MB)
	2024084  -  ResidentSetSize of job (KB)
...
005 (1132.002.000) 2025-12-25 19:06:01 Job terminated.
	(1) Normal termination (return value 0)
		Usr 0 00:14:27, Sys 0 00:00:39  -  Run Remote Usage
		Usr 0 00:00:00, Sys 0 00:00:00  -  Run Local Usage
		Usr 0 00:14:27, Sys 0 00:00:39  -  Total Remote Usage
		Usr 0 00:00:00, Sys 0 00:00:00  -  Total Local Usage
	0  -  Run Bytes Sent By Job
	0  -  Run Bytes Received By Job
	0  -  Total Bytes Sent By Job
	0  -  Total Bytes Received By Job
	Partitionable Resources :    Usage  Request Allocated 
	   Cpus                 :     0.70        1         1 
	   Disk (KB)            :     1           1     14765 
	   Memory (MB)          :  1977        4096      4096 
	   TimeExecute (s)      :  1352                       
	   TimeSlotBusy (s)     :  1352                       
	   xferslots            :                           0 

	Job terminated of its own accord at 2025-12-26T00:06:01Z with exit-code 0.
...
