000 (1132.143.000) 2025-12-25 18:43:11 Job submitted from host: <130.199.48.160:9618?addrs=[2620-0-210-a002--160]-9618+130.199.48.160-9618&alias=eicsub02.sdcc.bnl.gov&noUDP&sock=schedd_1122_32c5>
...
001 (1132.143.000) 2025-12-25 18:48:58 Job executing on host: <130.199.201.218:9618?addrs=[2620-0-210-9020--218]-9618+130.199.201.218-9618&alias=spool0131.sdcc.bnl.gov&noUDP&sock=startd_375180_d54a>
	SlotName: slot1_44@spool0131.sdcc.bnl.gov
	CondorScratchDir = "/home/condor/local/sdcc/execute/dir_3995465"
	Cpus = 1
	Disk = 7408
	Memory = 4096
	xferslots = 0
...
006 (1132.143.000) 2025-12-25 18:49:11 Image size of job updated: 59588
	59  -  MemoryUsage of job (MB)
	59588  -  ResidentSetSize of job (KB)
...
006 (1132.143.000) 2025-12-25 18:54:11 Image size of job updated: 2017188
	1949  -  MemoryUsage of job (MB)
	1995424  -  ResidentSetSize of job (KB)
...
006 (1132.143.000) 2025-12-25 18:59:12 Image size of job updated: 2020292
	1973  -  MemoryUsage of job (MB)
	2020292  -  ResidentSetSize of job (KB)
...
006 (1132.143.000) 2025-12-25 19:04:12 Image size of job updated: 2023576
	1973  -  MemoryUsage of job (MB)
	2020292  -  ResidentSetSize of job (KB)
...
006 (1132.143.000) 2025-12-25 19:06:58 Image size of job updated: 2321472
	1973  -  MemoryUsage of job (MB)
	2020292  -  ResidentSetSize of job (KB)
...
005 (1132.143.000) 2025-12-25 19:06:58 Job terminated.
	(1) Normal termination (return value 0)
		Usr 0 00:15:23, Sys 0 00:00:12  -  Run Remote Usage
		Usr 0 00:00:00, Sys 0 00:00:00  -  Run Local Usage
		Usr 0 00:15:23, Sys 0 00:00:12  -  Total Remote Usage
		Usr 0 00:00:00, Sys 0 00:00:00  -  Total Local Usage
	0  -  Run Bytes Sent By Job
	0  -  Run Bytes Received By Job
	0  -  Total Bytes Sent By Job
	0  -  Total Bytes Received By Job
	Partitionable Resources :    Usage  Request Allocated 
	   Cpus                 :     0.83        1         1 
	   Disk (KB)            :     1           1      7408 
	   Memory (MB)          :  1973        4096      4096 
	   TimeExecute (s)      :  1080                       
	   TimeSlotBusy (s)     :  1080                       
	   xferslots            :                           0 

	Job terminated of its own accord at 2025-12-26T00:06:58Z with exit-code 0.
...
