000 (1132.138.000) 2025-12-25 18:43:11 Job submitted from host: <130.199.48.160:9618?addrs=[2620-0-210-a002--160]-9618+130.199.48.160-9618&alias=eicsub02.sdcc.bnl.gov&noUDP&sock=schedd_1122_32c5>
...
001 (1132.138.000) 2025-12-25 18:48:44 Job executing on host: <130.199.149.236:9618?addrs=[2620-0-210-9007--236]-9618+130.199.149.236-9618&alias=spool0630.sdcc.bnl.gov&noUDP&sock=startd_381539_605b>
	SlotName: slot1_16@spool0630.sdcc.bnl.gov
	CondorScratchDir = "/home/condor/local/sdcc/execute/dir_381076"
	Cpus = 1
	Disk = 14709
	Memory = 4096
	xferslots = 0
...
006 (1132.138.000) 2025-12-25 18:48:57 Image size of job updated: 15924
	16  -  MemoryUsage of job (MB)
	15924  -  ResidentSetSize of job (KB)
...
006 (1132.138.000) 2025-12-25 18:53:57 Image size of job updated: 2022812
	1954  -  MemoryUsage of job (MB)
	2000120  -  ResidentSetSize of job (KB)
...
006 (1132.138.000) 2025-12-25 18:58:58 Image size of job updated: 2026212
	1979  -  MemoryUsage of job (MB)
	2026212  -  ResidentSetSize of job (KB)
...
006 (1132.138.000) 2025-12-25 19:03:58 Image size of job updated: 2028920
	1981  -  MemoryUsage of job (MB)
	2027556  -  ResidentSetSize of job (KB)
...
006 (1132.138.000) 2025-12-25 19:08:59 Image size of job updated: 2032380
	1985  -  MemoryUsage of job (MB)
	2032316  -  ResidentSetSize of job (KB)
...
006 (1132.138.000) 2025-12-25 19:11:34 Image size of job updated: 2288452
	1985  -  MemoryUsage of job (MB)
	2032316  -  ResidentSetSize of job (KB)
...
005 (1132.138.000) 2025-12-25 19:11:34 Job terminated.
	(1) Normal termination (return value 0)
		Usr 0 00:14:03, Sys 0 00:00:45  -  Run Remote Usage
		Usr 0 00:00:00, Sys 0 00:00:00  -  Run Local Usage
		Usr 0 00:14:03, Sys 0 00:00:45  -  Total Remote Usage
		Usr 0 00:00:00, Sys 0 00:00:00  -  Total Local Usage
	0  -  Run Bytes Sent By Job
	0  -  Run Bytes Received By Job
	0  -  Total Bytes Sent By Job
	0  -  Total Bytes Received By Job
	Partitionable Resources :    Usage  Request Allocated 
	   Cpus                 :     0.96        1         1 
	   Disk (KB)            :     1           1     14709 
	   Memory (MB)          :  1985        4096      4096 
	   TimeExecute (s)      :  1370                       
	   TimeSlotBusy (s)     :  1371                       
	   xferslots            :                           0 

	Job terminated of its own accord at 2025-12-26T00:11:34Z with exit-code 0.
...
