000 (1132.232.000) 2025-12-25 18:43:11 Job submitted from host: <130.199.48.160:9618?addrs=[2620-0-210-a002--160]-9618+130.199.48.160-9618&alias=eicsub02.sdcc.bnl.gov&noUDP&sock=schedd_1122_32c5>
...
001 (1132.232.000) 2025-12-25 18:50:39 Job executing on host: <130.199.149.171:9618?addrs=[2620-0-210-9011--171]-9618+130.199.149.171-9618&alias=spool0287.sdcc.bnl.gov&noUDP&sock=startd_55564_676f>
	SlotName: slot1_10@spool0287.sdcc.bnl.gov
	CondorScratchDir = "/home/condor/local/sdcc/execute/dir_626015"
	Cpus = 1
	Disk = 14765
	Memory = 4096
	xferslots = 0
...
006 (1132.232.000) 2025-12-25 18:50:53 Image size of job updated: 21372
	21  -  MemoryUsage of job (MB)
	21372  -  ResidentSetSize of job (KB)
...
006 (1132.232.000) 2025-12-25 18:55:54 Image size of job updated: 2017680
	1969  -  MemoryUsage of job (MB)
	2016008  -  ResidentSetSize of job (KB)
...
006 (1132.232.000) 2025-12-25 19:00:55 Image size of job updated: 2018840
	1972  -  MemoryUsage of job (MB)
	2018840  -  ResidentSetSize of job (KB)
...
006 (1132.232.000) 2025-12-25 19:05:55 Image size of job updated: 2025196
	1978  -  MemoryUsage of job (MB)
	2025196  -  ResidentSetSize of job (KB)
...
006 (1132.232.000) 2025-12-25 19:08:55 Image size of job updated: 2325300
	1978  -  MemoryUsage of job (MB)
	2025196  -  ResidentSetSize of job (KB)
...
005 (1132.232.000) 2025-12-25 19:08:55 Job terminated.
	(1) Normal termination (return value 0)
		Usr 0 00:12:18, Sys 0 00:00:30  -  Run Remote Usage
		Usr 0 00:00:00, Sys 0 00:00:00  -  Run Local Usage
		Usr 0 00:12:18, Sys 0 00:00:30  -  Total Remote Usage
		Usr 0 00:00:00, Sys 0 00:00:00  -  Total Local Usage
	0  -  Run Bytes Sent By Job
	0  -  Run Bytes Received By Job
	0  -  Total Bytes Sent By Job
	0  -  Total Bytes Received By Job
	Partitionable Resources :    Usage  Request Allocated 
	   Cpus                 :     0.77        1         1 
	   Disk (KB)            :     1           1     14765 
	   Memory (MB)          :  1978        4096      4096 
	   TimeExecute (s)      :  1096                       
	   TimeSlotBusy (s)     :  1096                       
	   xferslots            :                           0 

	Job terminated of its own accord at 2025-12-26T00:08:55Z with exit-code 0.
...
