000 (1132.241.000) 2025-12-25 18:43:11 Job submitted from host: <130.199.48.160:9618?addrs=[2620-0-210-a002--160]-9618+130.199.48.160-9618&alias=eicsub02.sdcc.bnl.gov&noUDP&sock=schedd_1122_32c5>
...
001 (1132.241.000) 2025-12-25 18:50:39 Job executing on host: <130.199.149.175:9618?addrs=[2620-0-210-9011--175]-9618+130.199.149.175-9618&alias=spool0291.sdcc.bnl.gov&noUDP&sock=startd_55527_b1aa>
	SlotName: slot1_7@spool0291.sdcc.bnl.gov
	CondorScratchDir = "/home/condor/local/sdcc/execute/dir_1475785"
	Cpus = 1
	Disk = 14765
	Memory = 4096
	xferslots = 0
...
006 (1132.241.000) 2025-12-25 18:50:52 Image size of job updated: 60188
	59  -  MemoryUsage of job (MB)
	60188  -  ResidentSetSize of job (KB)
...
006 (1132.241.000) 2025-12-25 18:55:52 Image size of job updated: 2018324
	1972  -  MemoryUsage of job (MB)
	2018324  -  ResidentSetSize of job (KB)
...
006 (1132.241.000) 2025-12-25 19:00:53 Image size of job updated: 2020148
	1972  -  MemoryUsage of job (MB)
	2018772  -  ResidentSetSize of job (KB)
...
006 (1132.241.000) 2025-12-25 19:05:53 Image size of job updated: 2039040
	1992  -  MemoryUsage of job (MB)
	2039040  -  ResidentSetSize of job (KB)
...
006 (1132.241.000) 2025-12-25 19:10:54 Image size of job updated: 2040112
	1992  -  MemoryUsage of job (MB)
	2039040  -  ResidentSetSize of job (KB)
...
006 (1132.241.000) 2025-12-25 19:12:54 Image size of job updated: 2335528
	1992  -  MemoryUsage of job (MB)
	2039040  -  ResidentSetSize of job (KB)
...
005 (1132.241.000) 2025-12-25 19:12:55 Job terminated.
	(1) Normal termination (return value 0)
		Usr 0 00:14:15, Sys 0 00:00:38  -  Run Remote Usage
		Usr 0 00:00:00, Sys 0 00:00:00  -  Run Local Usage
		Usr 0 00:14:15, Sys 0 00:00:38  -  Total Remote Usage
		Usr 0 00:00:00, Sys 0 00:00:00  -  Total Local Usage
	0  -  Run Bytes Sent By Job
	0  -  Run Bytes Received By Job
	0  -  Total Bytes Sent By Job
	0  -  Total Bytes Received By Job
	Partitionable Resources :    Usage  Request Allocated 
	   Cpus                 :     0.66        1         1 
	   Disk (KB)            :     1           1     14765 
	   Memory (MB)          :  1992        4096      4096 
	   TimeExecute (s)      :  1335                       
	   TimeSlotBusy (s)     :  1336                       
	   xferslots            :                           0 

	Job terminated of its own accord at 2025-12-26T00:12:54Z with exit-code 0.
...
