000 (1132.040.000) 2025-12-25 18:43:11 Job submitted from host: <130.199.48.160:9618?addrs=[2620-0-210-a002--160]-9618+130.199.48.160-9618&alias=eicsub02.sdcc.bnl.gov&noUDP&sock=schedd_1122_32c5>
...
001 (1132.040.000) 2025-12-25 18:45:00 Job executing on host: <130.199.149.83:9618?addrs=[2620-0-210-9008--83]-9618+130.199.149.83-9618&alias=spool0217.sdcc.bnl.gov&noUDP&sock=startd_382682_1f18>
	SlotName: slot1_1@spool0217.sdcc.bnl.gov
	CondorScratchDir = "/home/condor/local/sdcc/execute/dir_1560594"
	Cpus = 1
	Disk = 14765
	Memory = 4096
	xferslots = 0
...
006 (1132.040.000) 2025-12-25 18:45:14 Image size of job updated: 10348
	11  -  MemoryUsage of job (MB)
	10348  -  ResidentSetSize of job (KB)
...
006 (1132.040.000) 2025-12-25 18:50:15 Image size of job updated: 2017460
	1971  -  MemoryUsage of job (MB)
	2017460  -  ResidentSetSize of job (KB)
...
006 (1132.040.000) 2025-12-25 18:55:16 Image size of job updated: 2020324
	1972  -  MemoryUsage of job (MB)
	2019232  -  ResidentSetSize of job (KB)
...
006 (1132.040.000) 2025-12-25 19:00:16 Image size of job updated: 2023520
	1977  -  MemoryUsage of job (MB)
	2023520  -  ResidentSetSize of job (KB)
...
006 (1132.040.000) 2025-12-25 19:05:17 Image size of job updated: 2039656
	1992  -  MemoryUsage of job (MB)
	2039516  -  ResidentSetSize of job (KB)
...
006 (1132.040.000) 2025-12-25 19:05:59 Image size of job updated: 2345676
	1992  -  MemoryUsage of job (MB)
	2039516  -  ResidentSetSize of job (KB)
...
005 (1132.040.000) 2025-12-25 19:05:59 Job terminated.
	(1) Normal termination (return value 0)
		Usr 0 00:13:50, Sys 0 00:00:28  -  Run Remote Usage
		Usr 0 00:00:00, Sys 0 00:00:00  -  Run Local Usage
		Usr 0 00:13:50, Sys 0 00:00:28  -  Total Remote Usage
		Usr 0 00:00:00, Sys 0 00:00:00  -  Total Local Usage
	0  -  Run Bytes Sent By Job
	0  -  Run Bytes Received By Job
	0  -  Total Bytes Sent By Job
	0  -  Total Bytes Received By Job
	Partitionable Resources :    Usage  Request Allocated 
	   Cpus                 :     0.65        1         1 
	   Disk (KB)            :     1           1     14765 
	   Memory (MB)          :  1992        4096      4096 
	   TimeExecute (s)      :  1259                       
	   TimeSlotBusy (s)     :  1259                       
	   xferslots            :                           0 

	Job terminated of its own accord at 2025-12-26T00:05:59Z with exit-code 0.
...
