000 (1132.071.000) 2025-12-25 18:43:11 Job submitted from host: <130.199.48.160:9618?addrs=[2620-0-210-a002--160]-9618+130.199.48.160-9618&alias=eicsub02.sdcc.bnl.gov&noUDP&sock=schedd_1122_32c5>
...
001 (1132.071.000) 2025-12-25 18:46:29 Job executing on host: <130.199.149.227:9618?addrs=[2620-0-210-9007--227]-9618+130.199.149.227-9618&alias=spool0621.sdcc.bnl.gov&noUDP&sock=startd_380902_c620>
	SlotName: slot1_25@spool0621.sdcc.bnl.gov
	CondorScratchDir = "/home/condor/local/sdcc/execute/dir_2466616"
	Cpus = 1
	Disk = 14709
	Memory = 4096
	xferslots = 0
...
006 (1132.071.000) 2025-12-25 18:46:42 Image size of job updated: 59828
	59  -  MemoryUsage of job (MB)
	59828  -  ResidentSetSize of job (KB)
...
006 (1132.071.000) 2025-12-25 18:51:42 Image size of job updated: 2016696
	1970  -  MemoryUsage of job (MB)
	2016684  -  ResidentSetSize of job (KB)
...
006 (1132.071.000) 2025-12-25 18:56:43 Image size of job updated: 2021212
	1970  -  MemoryUsage of job (MB)
	2016684  -  ResidentSetSize of job (KB)
...
006 (1132.071.000) 2025-12-25 19:01:43 Image size of job updated: 2022880
	1976  -  MemoryUsage of job (MB)
	2022712  -  ResidentSetSize of job (KB)
...
006 (1132.071.000) 2025-12-25 19:06:44 Image size of job updated: 2024228
	1976  -  MemoryUsage of job (MB)
	2022712  -  ResidentSetSize of job (KB)
...
006 (1132.071.000) 2025-12-25 19:08:35 Image size of job updated: 2336036
	1976  -  MemoryUsage of job (MB)
	2022712  -  ResidentSetSize of job (KB)
...
005 (1132.071.000) 2025-12-25 19:08:35 Job terminated.
	(1) Normal termination (return value 0)
		Usr 0 00:13:21, Sys 0 00:00:54  -  Run Remote Usage
		Usr 0 00:00:00, Sys 0 00:00:00  -  Run Local Usage
		Usr 0 00:13:21, Sys 0 00:00:54  -  Total Remote Usage
		Usr 0 00:00:00, Sys 0 00:00:00  -  Total Local Usage
	0  -  Run Bytes Sent By Job
	0  -  Run Bytes Received By Job
	0  -  Total Bytes Sent By Job
	0  -  Total Bytes Received By Job
	Partitionable Resources :    Usage  Request Allocated 
	   Cpus                 :     0.65        1         1 
	   Disk (KB)            :     1           1     14709 
	   Memory (MB)          :  1976        4096      4096 
	   TimeExecute (s)      :  1326                       
	   TimeSlotBusy (s)     :  1327                       
	   xferslots            :                           0 

	Job terminated of its own accord at 2025-12-26T00:08:35Z with exit-code 0.
...
