000 (1132.050.000) 2025-12-25 18:43:11 Job submitted from host: <130.199.48.160:9618?addrs=[2620-0-210-a002--160]-9618+130.199.48.160-9618&alias=eicsub02.sdcc.bnl.gov&noUDP&sock=schedd_1122_32c5>
...
001 (1132.050.000) 2025-12-25 18:45:32 Job executing on host: <130.199.184.195:9618?addrs=[2620-0-210-9052--195]-9618+130.199.184.195-9618&alias=spool1770.sdcc.bnl.gov&noUDP&sock=startd_315870_f787>
	SlotName: slot1_67@spool1770.sdcc.bnl.gov
	CondorScratchDir = "/home/condor/local/sdcc/execute/dir_515207"
	Cpus = 1
	Disk = 7408
	Memory = 4096
	xferslots = 0
...
006 (1132.050.000) 2025-12-25 18:45:40 Image size of job updated: 59732
	59  -  MemoryUsage of job (MB)
	59732  -  ResidentSetSize of job (KB)
...
006 (1132.050.000) 2025-12-25 18:50:40 Image size of job updated: 2018508
	1972  -  MemoryUsage of job (MB)
	2018508  -  ResidentSetSize of job (KB)
...
006 (1132.050.000) 2025-12-25 18:55:41 Image size of job updated: 2023804
	1977  -  MemoryUsage of job (MB)
	2023804  -  ResidentSetSize of job (KB)
...
006 (1132.050.000) 2025-12-25 19:00:41 Image size of job updated: 2025340
	1978  -  MemoryUsage of job (MB)
	2025104  -  ResidentSetSize of job (KB)
...
006 (1132.050.000) 2025-12-25 19:03:36 Image size of job updated: 2331852
	1978  -  MemoryUsage of job (MB)
	2025104  -  ResidentSetSize of job (KB)
...
005 (1132.050.000) 2025-12-25 19:03:36 Job terminated.
	(1) Normal termination (return value 0)
		Usr 0 00:15:20, Sys 0 00:00:13  -  Run Remote Usage
		Usr 0 00:00:00, Sys 0 00:00:00  -  Run Local Usage
		Usr 0 00:15:20, Sys 0 00:00:13  -  Total Remote Usage
		Usr 0 00:00:00, Sys 0 00:00:00  -  Total Local Usage
	0  -  Run Bytes Sent By Job
	0  -  Run Bytes Received By Job
	0  -  Total Bytes Sent By Job
	0  -  Total Bytes Received By Job
	Partitionable Resources :    Usage  Request Allocated 
	   Cpus                 :     0.84        1         1 
	   Disk (KB)            :     1           1      7408 
	   Memory (MB)          :  1978        4096      4096 
	   TimeExecute (s)      :  1084                       
	   TimeSlotBusy (s)     :  1084                       
	   xferslots            :                           0 
...
