000 (1132.200.000) 2025-12-25 18:43:11 Job submitted from host: <130.199.48.160:9618?addrs=[2620-0-210-a002--160]-9618+130.199.48.160-9618&alias=eicsub02.sdcc.bnl.gov&noUDP&sock=schedd_1122_32c5>
...
001 (1132.200.000) 2025-12-25 18:50:37 Job executing on host: <130.199.149.78:9618?addrs=[2620-0-210-9008--78]-9618+130.199.149.78-9618&alias=spool0212.sdcc.bnl.gov&noUDP&sock=startd_278686_b348>
	SlotName: slot1_10@spool0212.sdcc.bnl.gov
	CondorScratchDir = "/home/condor/local/sdcc/execute/dir_2814671"
	Cpus = 1
	Disk = 14765
	Memory = 4096
	xferslots = 0
...
006 (1132.200.000) 2025-12-25 18:50:50 Image size of job updated: 58768
	58  -  MemoryUsage of job (MB)
	58768  -  ResidentSetSize of job (KB)
...
006 (1132.200.000) 2025-12-25 18:55:50 Image size of job updated: 2015992
	1969  -  MemoryUsage of job (MB)
	2015740  -  ResidentSetSize of job (KB)
...
006 (1132.200.000) 2025-12-25 19:00:51 Image size of job updated: 2019404
	1969  -  MemoryUsage of job (MB)
	2015740  -  ResidentSetSize of job (KB)
...
006 (1132.200.000) 2025-12-25 19:05:51 Image size of job updated: 2019404
	1972  -  MemoryUsage of job (MB)
	2018624  -  ResidentSetSize of job (KB)
...
006 (1132.200.000) 2025-12-25 19:10:52 Image size of job updated: 2022248
	1972  -  MemoryUsage of job (MB)
	2018624  -  ResidentSetSize of job (KB)
...
006 (1132.200.000) 2025-12-25 19:11:54 Image size of job updated: 2307936
	1972  -  MemoryUsage of job (MB)
	2018624  -  ResidentSetSize of job (KB)
...
005 (1132.200.000) 2025-12-25 19:11:54 Job terminated.
	(1) Normal termination (return value 0)
		Usr 0 00:14:51, Sys 0 00:00:25  -  Run Remote Usage
		Usr 0 00:00:00, Sys 0 00:00:00  -  Run Local Usage
		Usr 0 00:14:51, Sys 0 00:00:25  -  Total Remote Usage
		Usr 0 00:00:00, Sys 0 00:00:00  -  Total Local Usage
	0  -  Run Bytes Sent By Job
	0  -  Run Bytes Received By Job
	0  -  Total Bytes Sent By Job
	0  -  Total Bytes Received By Job
	Partitionable Resources :    Usage  Request Allocated 
	   Cpus                 :     0.72        1         1 
	   Disk (KB)            :     1           1     14765 
	   Memory (MB)          :  1972        4096      4096 
	   TimeExecute (s)      :  1277                       
	   TimeSlotBusy (s)     :  1277                       
	   xferslots            :                           0 

	Job terminated of its own accord at 2025-12-26T00:11:54Z with exit-code 0.
...
