000 (1132.055.000) 2025-12-25 18:43:11 Job submitted from host: <130.199.48.160:9618?addrs=[2620-0-210-a002--160]-9618+130.199.48.160-9618&alias=eicsub02.sdcc.bnl.gov&noUDP&sock=schedd_1122_32c5>
...
001 (1132.055.000) 2025-12-25 18:45:32 Job executing on host: <130.199.149.103:9618?addrs=[2620-0-210-9009--103]-9618+130.199.149.103-9618&alias=spool0231.sdcc.bnl.gov&noUDP&sock=startd_408288_18e2>
	SlotName: slot1_6@spool0231.sdcc.bnl.gov
	CondorScratchDir = "/home/condor/local/sdcc/execute/dir_3707474"
	Cpus = 1
	Disk = 14765
	Memory = 4096
	xferslots = 0
...
006 (1132.055.000) 2025-12-25 18:45:45 Image size of job updated: 19964
	20  -  MemoryUsage of job (MB)
	19964  -  ResidentSetSize of job (KB)
...
006 (1132.055.000) 2025-12-25 18:50:45 Image size of job updated: 2021816
	1975  -  MemoryUsage of job (MB)
	2021816  -  ResidentSetSize of job (KB)
...
006 (1132.055.000) 2025-12-25 18:55:46 Image size of job updated: 2024104
	1975  -  MemoryUsage of job (MB)
	2021816  -  ResidentSetSize of job (KB)
...
006 (1132.055.000) 2025-12-25 19:00:46 Image size of job updated: 2026720
	1980  -  MemoryUsage of job (MB)
	2026680  -  ResidentSetSize of job (KB)
...
006 (1132.055.000) 2025-12-25 19:05:25 Image size of job updated: 2335380
	1980  -  MemoryUsage of job (MB)
	2026680  -  ResidentSetSize of job (KB)
...
005 (1132.055.000) 2025-12-25 19:05:25 Job terminated.
	(1) Normal termination (return value 0)
		Usr 0 00:13:13, Sys 0 00:00:27  -  Run Remote Usage
		Usr 0 00:00:00, Sys 0 00:00:00  -  Run Local Usage
		Usr 0 00:13:13, Sys 0 00:00:27  -  Total Remote Usage
		Usr 0 00:00:00, Sys 0 00:00:00  -  Total Local Usage
	0  -  Run Bytes Sent By Job
	0  -  Run Bytes Received By Job
	0  -  Total Bytes Sent By Job
	0  -  Total Bytes Received By Job
	Partitionable Resources :    Usage  Request Allocated 
	   Cpus                 :     0.68        1         1 
	   Disk (KB)            :     1           1     14765 
	   Memory (MB)          :  1980        4096      4096 
	   TimeExecute (s)      :  1193                       
	   TimeSlotBusy (s)     :  1193                       
	   xferslots            :                           0 

	Job terminated of its own accord at 2025-12-26T00:05:25Z with exit-code 0.
...
