000 (1132.076.000) 2025-12-25 18:43:11 Job submitted from host: <130.199.48.160:9618?addrs=[2620-0-210-a002--160]-9618+130.199.48.160-9618&alias=eicsub02.sdcc.bnl.gov&noUDP&sock=schedd_1122_32c5>
...
001 (1132.076.000) 2025-12-25 18:46:29 Job executing on host: <130.199.149.119:9618?addrs=[2620-0-210-9009--119]-9618+130.199.149.119-9618&alias=spool0247.sdcc.bnl.gov&noUDP&sock=startd_408688_b131>
	SlotName: slot1_27@spool0247.sdcc.bnl.gov
	CondorScratchDir = "/home/condor/local/sdcc/execute/dir_2163465"
	Cpus = 1
	Disk = 14765
	Memory = 4096
	xferslots = 0
...
006 (1132.076.000) 2025-12-25 18:46:42 Image size of job updated: 42484
	42  -  MemoryUsage of job (MB)
	42484  -  ResidentSetSize of job (KB)
...
006 (1132.076.000) 2025-12-25 18:51:42 Image size of job updated: 2017188
	1969  -  MemoryUsage of job (MB)
	2016188  -  ResidentSetSize of job (KB)
...
006 (1132.076.000) 2025-12-25 18:56:43 Image size of job updated: 2023136
	1976  -  MemoryUsage of job (MB)
	2023136  -  ResidentSetSize of job (KB)
...
006 (1132.076.000) 2025-12-25 19:01:43 Image size of job updated: 2024536
	1978  -  MemoryUsage of job (MB)
	2024536  -  ResidentSetSize of job (KB)
...
006 (1132.076.000) 2025-12-25 19:06:43 Image size of job updated: 2042220
	1993  -  MemoryUsage of job (MB)
	2040696  -  ResidentSetSize of job (KB)
...
006 (1132.076.000) 2025-12-25 19:08:51 Image size of job updated: 2340140
	1993  -  MemoryUsage of job (MB)
	2040696  -  ResidentSetSize of job (KB)
...
005 (1132.076.000) 2025-12-25 19:08:51 Job terminated.
	(1) Normal termination (return value 0)
		Usr 0 00:15:02, Sys 0 00:00:37  -  Run Remote Usage
		Usr 0 00:00:00, Sys 0 00:00:00  -  Run Local Usage
		Usr 0 00:15:02, Sys 0 00:00:37  -  Total Remote Usage
		Usr 0 00:00:00, Sys 0 00:00:00  -  Total Local Usage
	0  -  Run Bytes Sent By Job
	0  -  Run Bytes Received By Job
	0  -  Total Bytes Sent By Job
	0  -  Total Bytes Received By Job
	Partitionable Resources :    Usage  Request Allocated 
	   Cpus                 :     0.82        1         1 
	   Disk (KB)            :     1           1     14765 
	   Memory (MB)          :  1993        4096      4096 
	   TimeExecute (s)      :  1342                       
	   TimeSlotBusy (s)     :  1342                       
	   xferslots            :                           0 

	Job terminated of its own accord at 2025-12-26T00:08:51Z with exit-code 0.
...
