000 (1132.088.000) 2025-12-25 18:43:11 Job submitted from host: <130.199.48.160:9618?addrs=[2620-0-210-a002--160]-9618+130.199.48.160-9618&alias=eicsub02.sdcc.bnl.gov&noUDP&sock=schedd_1122_32c5>
...
001 (1132.088.000) 2025-12-25 18:47:15 Job executing on host: <130.199.157.156:9618?addrs=[2620-0-210-9006--156]-9618+130.199.157.156-9618&alias=spool0696.sdcc.bnl.gov&noUDP&sock=startd_388130_583d>
	SlotName: slot1_13@spool0696.sdcc.bnl.gov
	CondorScratchDir = "/home/condor/local/sdcc/execute/dir_2759230"
	Cpus = 1
	Disk = 14709
	Memory = 4096
	xferslots = 0
...
006 (1132.088.000) 2025-12-25 18:47:29 Image size of job updated: 60180
	59  -  MemoryUsage of job (MB)
	60180  -  ResidentSetSize of job (KB)
...
006 (1132.088.000) 2025-12-25 18:52:30 Image size of job updated: 2019252
	1972  -  MemoryUsage of job (MB)
	2018344  -  ResidentSetSize of job (KB)
...
006 (1132.088.000) 2025-12-25 18:57:30 Image size of job updated: 2020600
	1972  -  MemoryUsage of job (MB)
	2018528  -  ResidentSetSize of job (KB)
...
006 (1132.088.000) 2025-12-25 19:02:31 Image size of job updated: 2037644
	1990  -  MemoryUsage of job (MB)
	2037440  -  ResidentSetSize of job (KB)
...
006 (1132.088.000) 2025-12-25 19:07:32 Image size of job updated: 2039548
	1992  -  MemoryUsage of job (MB)
	2039308  -  ResidentSetSize of job (KB)
...
006 (1132.088.000) 2025-12-25 19:10:09 Image size of job updated: 2334892
	1992  -  MemoryUsage of job (MB)
	2039308  -  ResidentSetSize of job (KB)
...
005 (1132.088.000) 2025-12-25 19:10:09 Job terminated.
	(1) Normal termination (return value 0)
		Usr 0 00:15:49, Sys 0 00:00:28  -  Run Remote Usage
		Usr 0 00:00:00, Sys 0 00:00:00  -  Run Local Usage
		Usr 0 00:15:49, Sys 0 00:00:28  -  Total Remote Usage
		Usr 0 00:00:00, Sys 0 00:00:00  -  Total Local Usage
	0  -  Run Bytes Sent By Job
	0  -  Run Bytes Received By Job
	0  -  Total Bytes Sent By Job
	0  -  Total Bytes Received By Job
	Partitionable Resources :    Usage  Request Allocated 
	   Cpus                 :     0.78        1         1 
	   Disk (KB)            :     1           1     14709 
	   Memory (MB)          :  1992        4096      4096 
	   TimeExecute (s)      :  1374                       
	   TimeSlotBusy (s)     :  1376                       
	   xferslots            :                           0 

	Job terminated of its own accord at 2025-12-26T00:10:09Z with exit-code 0.
...
