000 (1132.224.000) 2025-12-25 18:43:11 Job submitted from host: <130.199.48.160:9618?addrs=[2620-0-210-a002--160]-9618+130.199.48.160-9618&alias=eicsub02.sdcc.bnl.gov&noUDP&sock=schedd_1122_32c5>
...
001 (1132.224.000) 2025-12-25 18:50:39 Job executing on host: <130.199.149.187:9618?addrs=[2620-0-210-9011--187]-9618+130.199.149.187-9618&alias=spool0593.sdcc.bnl.gov&noUDP&sock=startd_102345_fffe>
	SlotName: slot1_8@spool0593.sdcc.bnl.gov
	CondorScratchDir = "/home/condor/local/sdcc/execute/dir_4137782"
	Cpus = 1
	Disk = 14709
	Memory = 4096
	xferslots = 0
...
006 (1132.224.000) 2025-12-25 18:50:52 Image size of job updated: 60644
	60  -  MemoryUsage of job (MB)
	60644  -  ResidentSetSize of job (KB)
...
006 (1132.224.000) 2025-12-25 18:55:52 Image size of job updated: 2018192
	1971  -  MemoryUsage of job (MB)
	2018192  -  ResidentSetSize of job (KB)
...
006 (1132.224.000) 2025-12-25 19:00:53 Image size of job updated: 2021660
	1973  -  MemoryUsage of job (MB)
	2019984  -  ResidentSetSize of job (KB)
...
006 (1132.224.000) 2025-12-25 19:05:53 Image size of job updated: 2024456
	1976  -  MemoryUsage of job (MB)
	2022772  -  ResidentSetSize of job (KB)
...
006 (1132.224.000) 2025-12-25 19:10:54 Image size of job updated: 2024528
	1978  -  MemoryUsage of job (MB)
	2024528  -  ResidentSetSize of job (KB)
...
006 (1132.224.000) 2025-12-25 19:11:33 Image size of job updated: 2330724
	1978  -  MemoryUsage of job (MB)
	2024528  -  ResidentSetSize of job (KB)
...
005 (1132.224.000) 2025-12-25 19:11:33 Job terminated.
	(1) Normal termination (return value 0)
		Usr 0 00:13:48, Sys 0 00:00:36  -  Run Remote Usage
		Usr 0 00:00:00, Sys 0 00:00:00  -  Run Local Usage
		Usr 0 00:13:48, Sys 0 00:00:36  -  Total Remote Usage
		Usr 0 00:00:00, Sys 0 00:00:00  -  Total Local Usage
	0  -  Run Bytes Sent By Job
	0  -  Run Bytes Received By Job
	0  -  Total Bytes Sent By Job
	0  -  Total Bytes Received By Job
	Partitionable Resources :    Usage  Request Allocated 
	   Cpus                 :     0.65        1         1 
	   Disk (KB)            :     1           1     14709 
	   Memory (MB)          :  1978        4096      4096 
	   TimeExecute (s)      :  1254                       
	   TimeSlotBusy (s)     :  1255                       
	   xferslots            :                           0 

	Job terminated of its own accord at 2025-12-26T00:11:33Z with exit-code 0.
...
