000 (1132.097.000) 2025-12-25 18:43:11 Job submitted from host: <130.199.48.160:9618?addrs=[2620-0-210-a002--160]-9618+130.199.48.160-9618&alias=eicsub02.sdcc.bnl.gov&noUDP&sock=schedd_1122_32c5>
...
001 (1132.097.000) 2025-12-25 18:47:39 Job executing on host: <130.199.149.187:9618?addrs=[2620-0-210-9011--187]-9618+130.199.149.187-9618&alias=spool0593.sdcc.bnl.gov&noUDP&sock=startd_102345_fffe>
	SlotName: slot1_10@spool0593.sdcc.bnl.gov
	CondorScratchDir = "/home/condor/local/sdcc/execute/dir_4131872"
	Cpus = 1
	Disk = 14709
	Memory = 4096
	xferslots = 0
...
006 (1132.097.000) 2025-12-25 18:47:52 Image size of job updated: 44716
	44  -  MemoryUsage of job (MB)
	44716  -  ResidentSetSize of job (KB)
...
006 (1132.097.000) 2025-12-25 18:52:52 Image size of job updated: 2019424
	1972  -  MemoryUsage of job (MB)
	2018988  -  ResidentSetSize of job (KB)
...
006 (1132.097.000) 2025-12-25 18:57:53 Image size of job updated: 2025108
	1978  -  MemoryUsage of job (MB)
	2024892  -  ResidentSetSize of job (KB)
...
006 (1132.097.000) 2025-12-25 19:02:53 Image size of job updated: 2027240
	1980  -  MemoryUsage of job (MB)
	2027240  -  ResidentSetSize of job (KB)
...
006 (1132.097.000) 2025-12-25 19:07:43 Image size of job updated: 2334436
	1980  -  MemoryUsage of job (MB)
	2027240  -  ResidentSetSize of job (KB)
...
005 (1132.097.000) 2025-12-25 19:07:43 Job terminated.
	(1) Normal termination (return value 0)
		Usr 0 00:12:53, Sys 0 00:00:35  -  Run Remote Usage
		Usr 0 00:00:00, Sys 0 00:00:00  -  Run Local Usage
		Usr 0 00:12:53, Sys 0 00:00:35  -  Total Remote Usage
		Usr 0 00:00:00, Sys 0 00:00:00  -  Total Local Usage
	0  -  Run Bytes Sent By Job
	0  -  Run Bytes Received By Job
	0  -  Total Bytes Sent By Job
	0  -  Total Bytes Received By Job
	Partitionable Resources :    Usage  Request Allocated 
	   Cpus                 :     0.78        1         1 
	   Disk (KB)            :     1           1     14709 
	   Memory (MB)          :  1980        4096      4096 
	   TimeExecute (s)      :  1204                       
	   TimeSlotBusy (s)     :  1205                       
	   xferslots            :                           0 

	Job terminated of its own accord at 2025-12-26T00:07:43Z with exit-code 0.
...
