000 (1132.244.000) 2025-12-25 18:43:11 Job submitted from host: <130.199.48.160:9618?addrs=[2620-0-210-a002--160]-9618+130.199.48.160-9618&alias=eicsub02.sdcc.bnl.gov&noUDP&sock=schedd_1122_32c5>
...
001 (1132.244.000) 2025-12-25 18:50:41 Job executing on host: <130.199.149.86:9618?addrs=[2620-0-210-9008--86]-9618+130.199.149.86-9618&alias=spool0220.sdcc.bnl.gov&noUDP&sock=startd_269605_adaf>
	SlotName: slot1_8@spool0220.sdcc.bnl.gov
	CondorScratchDir = "/home/condor/local/sdcc/execute/dir_1152985"
	Cpus = 1
	Disk = 14765
	Memory = 4096
	xferslots = 0
...
006 (1132.244.000) 2025-12-25 18:50:54 Image size of job updated: 24880
	25  -  MemoryUsage of job (MB)
	24880  -  ResidentSetSize of job (KB)
...
006 (1132.244.000) 2025-12-25 18:55:54 Image size of job updated: 2023864
	1977  -  MemoryUsage of job (MB)
	2023864  -  ResidentSetSize of job (KB)
...
006 (1132.244.000) 2025-12-25 19:00:55 Image size of job updated: 2024296
	1977  -  MemoryUsage of job (MB)
	2024036  -  ResidentSetSize of job (KB)
...
006 (1132.244.000) 2025-12-25 19:05:55 Image size of job updated: 2025024
	1978  -  MemoryUsage of job (MB)
	2025024  -  ResidentSetSize of job (KB)
...
006 (1132.244.000) 2025-12-25 19:10:55 Image size of job updated: 2045344
	1997  -  MemoryUsage of job (MB)
	2044736  -  ResidentSetSize of job (KB)
...
006 (1132.244.000) 2025-12-25 19:11:27 Image size of job updated: 2313296
	1997  -  MemoryUsage of job (MB)
	2044736  -  ResidentSetSize of job (KB)
...
005 (1132.244.000) 2025-12-25 19:11:27 Job terminated.
	(1) Normal termination (return value 0)
		Usr 0 00:13:47, Sys 0 00:00:32  -  Run Remote Usage
		Usr 0 00:00:00, Sys 0 00:00:00  -  Run Local Usage
		Usr 0 00:13:47, Sys 0 00:00:32  -  Total Remote Usage
		Usr 0 00:00:00, Sys 0 00:00:00  -  Total Local Usage
	0  -  Run Bytes Sent By Job
	0  -  Run Bytes Received By Job
	0  -  Total Bytes Sent By Job
	0  -  Total Bytes Received By Job
	Partitionable Resources :    Usage  Request Allocated 
	   Cpus                 :     0.92        1         1 
	   Disk (KB)            :     1           1     14765 
	   Memory (MB)          :  1997        4096      4096 
	   TimeExecute (s)      :  1246                       
	   TimeSlotBusy (s)     :  1247                       
	   xferslots            :                           0 

	Job terminated of its own accord at 2025-12-26T00:11:27Z with exit-code 0.
...
