000 (1132.117.000) 2025-12-25 18:43:11 Job submitted from host: <130.199.48.160:9618?addrs=[2620-0-210-a002--160]-9618+130.199.48.160-9618&alias=eicsub02.sdcc.bnl.gov&noUDP&sock=schedd_1122_32c5>
...
001 (1132.117.000) 2025-12-25 18:48:04 Job executing on host: <130.199.151.23:9618?addrs=[2620-0-210-9043--23]-9618+130.199.151.23-9618&alias=spool1601.sdcc.bnl.gov&noUDP&sock=startd_95617_ac43>
	SlotName: slot1_13@spool1601.sdcc.bnl.gov
	CondorScratchDir = "/home/condor/local/sdcc/execute/dir_4090121"
	Cpus = 1
	Disk = 7408
	Memory = 4096
	xferslots = 0
...
006 (1132.117.000) 2025-12-25 18:48:12 Image size of job updated: 59732
	59  -  MemoryUsage of job (MB)
	59732  -  ResidentSetSize of job (KB)
...
006 (1132.117.000) 2025-12-25 18:53:12 Image size of job updated: 2018092
	1971  -  MemoryUsage of job (MB)
	2018092  -  ResidentSetSize of job (KB)
...
006 (1132.117.000) 2025-12-25 18:58:13 Image size of job updated: 2019228
	1972  -  MemoryUsage of job (MB)
	2019228  -  ResidentSetSize of job (KB)
...
006 (1132.117.000) 2025-12-25 19:08:14 Image size of job updated: 2020496
	1973  -  MemoryUsage of job (MB)
	2019584  -  ResidentSetSize of job (KB)
...
006 (1132.117.000) 2025-12-25 19:13:15 Image size of job updated: 2023484
	1977  -  MemoryUsage of job (MB)
	2023484  -  ResidentSetSize of job (KB)
...
006 (1132.117.000) 2025-12-25 19:13:51 Image size of job updated: 2323004
	1977  -  MemoryUsage of job (MB)
	2023484  -  ResidentSetSize of job (KB)
...
005 (1132.117.000) 2025-12-25 19:13:51 Job terminated.
	(1) Normal termination (return value 0)
		Usr 0 00:16:52, Sys 0 00:00:24  -  Run Remote Usage
		Usr 0 00:00:00, Sys 0 00:00:00  -  Run Local Usage
		Usr 0 00:16:52, Sys 0 00:00:24  -  Total Remote Usage
		Usr 0 00:00:00, Sys 0 00:00:00  -  Total Local Usage
	0  -  Run Bytes Sent By Job
	0  -  Run Bytes Received By Job
	0  -  Total Bytes Sent By Job
	0  -  Total Bytes Received By Job
	Partitionable Resources :    Usage  Request Allocated 
	   Cpus                 :     0.61        1         1 
	   Disk (KB)            :     1           1      7408 
	   Memory (MB)          :  1977        4096      4096 
	   TimeExecute (s)      :  1547                       
	   TimeSlotBusy (s)     :  1547                       
	   xferslots            :                           0 
...
