000 (1132.065.000) 2025-12-25 18:43:11 Job submitted from host: <130.199.48.160:9618?addrs=[2620-0-210-a002--160]-9618+130.199.48.160-9618&alias=eicsub02.sdcc.bnl.gov&noUDP&sock=schedd_1122_32c5>
...
001 (1132.065.000) 2025-12-25 18:46:14 Job executing on host: <130.199.207.222:9618?addrs=[2620-0-210-9040--222]-9618+130.199.207.222-9618&alias=spool1509.sdcc.bnl.gov&noUDP&sock=startd_103281_3b6e>
	SlotName: slot1_15@spool1509.sdcc.bnl.gov
	CondorScratchDir = "/home/condor/local/sdcc/execute/dir_1296704"
	Cpus = 1
	Disk = 7408
	Memory = 4096
	xferslots = 0
...
006 (1132.065.000) 2025-12-25 18:46:23 Image size of job updated: 59668
	59  -  MemoryUsage of job (MB)
	59668  -  ResidentSetSize of job (KB)
...
006 (1132.065.000) 2025-12-25 18:51:24 Image size of job updated: 2016920
	1970  -  MemoryUsage of job (MB)
	2016920  -  ResidentSetSize of job (KB)
...
006 (1132.065.000) 2025-12-25 18:56:24 Image size of job updated: 2020672
	1972  -  MemoryUsage of job (MB)
	2018864  -  ResidentSetSize of job (KB)
...
006 (1132.065.000) 2025-12-25 19:01:25 Image size of job updated: 2021124
	1974  -  MemoryUsage of job (MB)
	2021124  -  ResidentSetSize of job (KB)
...
006 (1132.065.000) 2025-12-25 19:06:25 Image size of job updated: 2022828
	1976  -  MemoryUsage of job (MB)
	2022460  -  ResidentSetSize of job (KB)
...
006 (1132.065.000) 2025-12-25 19:10:12 Image size of job updated: 2337916
	1976  -  MemoryUsage of job (MB)
	2022460  -  ResidentSetSize of job (KB)
...
005 (1132.065.000) 2025-12-25 19:10:12 Job terminated.
	(1) Normal termination (return value 0)
		Usr 0 00:15:41, Sys 0 00:00:19  -  Run Remote Usage
		Usr 0 00:00:00, Sys 0 00:00:00  -  Run Local Usage
		Usr 0 00:15:41, Sys 0 00:00:19  -  Total Remote Usage
		Usr 0 00:00:00, Sys 0 00:00:00  -  Total Local Usage
	0  -  Run Bytes Sent By Job
	0  -  Run Bytes Received By Job
	0  -  Total Bytes Sent By Job
	0  -  Total Bytes Received By Job
	Partitionable Resources :    Usage  Request Allocated 
	   Cpus                 :     0.73        1         1 
	   Disk (KB)            :     1           1      7408 
	   Memory (MB)          :  1976        4096      4096 
	   TimeExecute (s)      :  1438                       
	   TimeSlotBusy (s)     :  1438                       
	   xferslots            :                           0 
...
