000 (1132.122.000) 2025-12-25 18:43:11 Job submitted from host: <130.199.48.160:9618?addrs=[2620-0-210-a002--160]-9618+130.199.48.160-9618&alias=eicsub02.sdcc.bnl.gov&noUDP&sock=schedd_1122_32c5>
...
001 (1132.122.000) 2025-12-25 18:48:29 Job executing on host: <130.199.149.220:9618?addrs=[2620-0-210-9012--220]-9618+130.199.149.220-9618&alias=spool0650.sdcc.bnl.gov&noUDP&sock=startd_383250_e2e4>
	SlotName: slot1_29@spool0650.sdcc.bnl.gov
	CondorScratchDir = "/home/condor/local/sdcc/execute/dir_1364664"
	Cpus = 1
	Disk = 14709
	Memory = 4096
	xferslots = 0
...
006 (1132.122.000) 2025-12-25 18:48:42 Image size of job updated: 93096
	91  -  MemoryUsage of job (MB)
	93096  -  ResidentSetSize of job (KB)
...
006 (1132.122.000) 2025-12-25 18:53:42 Image size of job updated: 2016000
	1969  -  MemoryUsage of job (MB)
	2016000  -  ResidentSetSize of job (KB)
...
006 (1132.122.000) 2025-12-25 18:58:43 Image size of job updated: 2021428
	1973  -  MemoryUsage of job (MB)
	2019808  -  ResidentSetSize of job (KB)
...
006 (1132.122.000) 2025-12-25 19:03:43 Image size of job updated: 2022976
	1976  -  MemoryUsage of job (MB)
	2022976  -  ResidentSetSize of job (KB)
...
006 (1132.122.000) 2025-12-25 19:08:43 Image size of job updated: 2026156
	1979  -  MemoryUsage of job (MB)
	2026156  -  ResidentSetSize of job (KB)
...
006 (1132.122.000) 2025-12-25 19:10:33 Image size of job updated: 2332948
	1979  -  MemoryUsage of job (MB)
	2026156  -  ResidentSetSize of job (KB)
...
005 (1132.122.000) 2025-12-25 19:10:33 Job terminated.
	(1) Normal termination (return value 0)
		Usr 0 00:14:30, Sys 0 00:00:34  -  Run Remote Usage
		Usr 0 00:00:00, Sys 0 00:00:00  -  Run Local Usage
		Usr 0 00:14:30, Sys 0 00:00:34  -  Total Remote Usage
		Usr 0 00:00:00, Sys 0 00:00:00  -  Total Local Usage
	0  -  Run Bytes Sent By Job
	0  -  Run Bytes Received By Job
	0  -  Total Bytes Sent By Job
	0  -  Total Bytes Received By Job
	Partitionable Resources :    Usage  Request Allocated 
	   Cpus                 :     0.78        1         1 
	   Disk (KB)            :     1           1     14709 
	   Memory (MB)          :  1979        4096      4096 
	   TimeExecute (s)      :  1324                       
	   TimeSlotBusy (s)     :  1324                       
	   xferslots            :                           0 

	Job terminated of its own accord at 2025-12-26T00:10:33Z with exit-code 0.
...
