000 (1132.116.000) 2025-12-25 18:43:11 Job submitted from host: <130.199.48.160:9618?addrs=[2620-0-210-a002--160]-9618+130.199.48.160-9618&alias=eicsub02.sdcc.bnl.gov&noUDP&sock=schedd_1122_32c5>
...
001 (1132.116.000) 2025-12-25 18:48:04 Job executing on host: <130.199.207.226:9618?addrs=[2620-0-210-9040--226]-9618+130.199.207.226-9618&alias=spool1513.sdcc.bnl.gov&noUDP&sock=startd_62318_f5b4>
	SlotName: slot1_41@spool1513.sdcc.bnl.gov
	CondorScratchDir = "/home/condor/local/sdcc/execute/dir_2601655"
	Cpus = 1
	Disk = 7408
	Memory = 4096
	xferslots = 0
...
006 (1132.116.000) 2025-12-25 18:48:12 Image size of job updated: 59696
	59  -  MemoryUsage of job (MB)
	59696  -  ResidentSetSize of job (KB)
...
006 (1132.116.000) 2025-12-25 18:53:12 Image size of job updated: 2016056
	1969  -  MemoryUsage of job (MB)
	2015916  -  ResidentSetSize of job (KB)
...
006 (1132.116.000) 2025-12-25 18:58:13 Image size of job updated: 2017376
	1971  -  MemoryUsage of job (MB)
	2017376  -  ResidentSetSize of job (KB)
...
006 (1132.116.000) 2025-12-25 19:03:13 Image size of job updated: 2018920
	1972  -  MemoryUsage of job (MB)
	2018860  -  ResidentSetSize of job (KB)
...
006 (1132.116.000) 2025-12-25 19:08:14 Image size of job updated: 2021420
	1972  -  MemoryUsage of job (MB)
	2018860  -  ResidentSetSize of job (KB)
...
006 (1132.116.000) 2025-12-25 19:12:00 Image size of job updated: 2271988
	1972  -  MemoryUsage of job (MB)
	2018860  -  ResidentSetSize of job (KB)
...
005 (1132.116.000) 2025-12-25 19:12:00 Job terminated.
	(1) Normal termination (return value 0)
		Usr 0 00:15:45, Sys 0 00:00:18  -  Run Remote Usage
		Usr 0 00:00:00, Sys 0 00:00:00  -  Run Local Usage
		Usr 0 00:15:45, Sys 0 00:00:18  -  Total Remote Usage
		Usr 0 00:00:00, Sys 0 00:00:00  -  Total Local Usage
	0  -  Run Bytes Sent By Job
	0  -  Run Bytes Received By Job
	0  -  Total Bytes Sent By Job
	0  -  Total Bytes Received By Job
	Partitionable Resources :    Usage  Request Allocated 
	   Cpus                 :     0.67        1         1 
	   Disk (KB)            :     1           1      7408 
	   Memory (MB)          :  1972        4096      4096 
	   TimeExecute (s)      :  1436                       
	   TimeSlotBusy (s)     :  1436                       
	   xferslots            :                           0 
...
