000 (1132.098.000) 2025-12-25 18:43:11 Job submitted from host: <130.199.48.160:9618?addrs=[2620-0-210-a002--160]-9618+130.199.48.160-9618&alias=eicsub02.sdcc.bnl.gov&noUDP&sock=schedd_1122_32c5>
...
001 (1132.098.000) 2025-12-25 18:47:39 Job executing on host: <130.199.207.200:9618?addrs=[2620-0-210-9040--200]-9618+130.199.207.200-9618&alias=spool1487.sdcc.bnl.gov&noUDP&sock=startd_25626_67ac>
	SlotName: slot1_13@spool1487.sdcc.bnl.gov
	CondorScratchDir = "/home/condor/local/sdcc/execute/dir_2722057"
	Cpus = 1
	Disk = 7408
	Memory = 4096
	xferslots = 0
...
006 (1132.098.000) 2025-12-25 18:47:47 Image size of job updated: 61784
	61  -  MemoryUsage of job (MB)
	61784  -  ResidentSetSize of job (KB)
...
006 (1132.098.000) 2025-12-25 18:52:47 Image size of job updated: 2019232
	1972  -  MemoryUsage of job (MB)
	2019232  -  ResidentSetSize of job (KB)
...
006 (1132.098.000) 2025-12-25 18:57:48 Image size of job updated: 2020224
	1973  -  MemoryUsage of job (MB)
	2020224  -  ResidentSetSize of job (KB)
...
006 (1132.098.000) 2025-12-25 19:02:48 Image size of job updated: 2041132
	1994  -  MemoryUsage of job (MB)
	2041132  -  ResidentSetSize of job (KB)
...
006 (1132.098.000) 2025-12-25 19:07:48 Image size of job updated: 2041200
	1994  -  MemoryUsage of job (MB)
	2041132  -  ResidentSetSize of job (KB)
...
006 (1132.098.000) 2025-12-25 19:11:15 Image size of job updated: 2340052
	1994  -  MemoryUsage of job (MB)
	2041132  -  ResidentSetSize of job (KB)
...
005 (1132.098.000) 2025-12-25 19:11:15 Job terminated.
	(1) Normal termination (return value 0)
		Usr 0 00:15:08, Sys 0 00:00:20  -  Run Remote Usage
		Usr 0 00:00:00, Sys 0 00:00:00  -  Run Local Usage
		Usr 0 00:15:08, Sys 0 00:00:20  -  Total Remote Usage
		Usr 0 00:00:00, Sys 0 00:00:00  -  Total Local Usage
	0  -  Run Bytes Sent By Job
	0  -  Run Bytes Received By Job
	0  -  Total Bytes Sent By Job
	0  -  Total Bytes Received By Job
	Partitionable Resources :    Usage  Request Allocated 
	   Cpus                 :     0.68        1         1 
	   Disk (KB)            :     1           1      7408 
	   Memory (MB)          :  1994        4096      4096 
	   TimeExecute (s)      :  1416                       
	   TimeSlotBusy (s)     :  1417                       
	   xferslots            :                           0 
...
