000 (1132.018.000) 2025-12-25 18:43:11 Job submitted from host: <130.199.48.160:9618?addrs=[2620-0-210-a002--160]-9618+130.199.48.160-9618&alias=eicsub02.sdcc.bnl.gov&noUDP&sock=schedd_1122_32c5>
...
001 (1132.018.000) 2025-12-25 18:44:16 Job executing on host: <130.199.207.209:9618?addrs=[2620-0-210-9040--209]-9618+130.199.207.209-9618&alias=spool1496.sdcc.bnl.gov&noUDP&sock=startd_25916_2fb2>
	SlotName: slot1_17@spool1496.sdcc.bnl.gov
	CondorScratchDir = "/home/condor/local/sdcc/execute/dir_2847015"
	Cpus = 1
	Disk = 7408
	Memory = 4096
	xferslots = 0
...
006 (1132.018.000) 2025-12-25 18:44:25 Image size of job updated: 62732
	62  -  MemoryUsage of job (MB)
	62732  -  ResidentSetSize of job (KB)
...
006 (1132.018.000) 2025-12-25 18:49:26 Image size of job updated: 2021508
	1953  -  MemoryUsage of job (MB)
	1999188  -  ResidentSetSize of job (KB)
...
006 (1132.018.000) 2025-12-25 18:54:26 Image size of job updated: 2022908
	1975  -  MemoryUsage of job (MB)
	2021484  -  ResidentSetSize of job (KB)
...
006 (1132.018.000) 2025-12-25 18:59:27 Image size of job updated: 2028264
	1981  -  MemoryUsage of job (MB)
	2028264  -  ResidentSetSize of job (KB)
...
006 (1132.018.000) 2025-12-25 19:04:27 Image size of job updated: 2029028
	1981  -  MemoryUsage of job (MB)
	2028264  -  ResidentSetSize of job (KB)
...
006 (1132.018.000) 2025-12-25 19:08:28 Image size of job updated: 2193436
	1981  -  MemoryUsage of job (MB)
	2028264  -  ResidentSetSize of job (KB)
...
005 (1132.018.000) 2025-12-25 19:08:28 Job terminated.
	(1) Normal termination (return value 0)
		Usr 0 00:16:09, Sys 0 00:00:24  -  Run Remote Usage
		Usr 0 00:00:00, Sys 0 00:00:00  -  Run Local Usage
		Usr 0 00:16:09, Sys 0 00:00:24  -  Total Remote Usage
		Usr 0 00:00:00, Sys 0 00:00:00  -  Total Local Usage
	0  -  Run Bytes Sent By Job
	0  -  Run Bytes Received By Job
	0  -  Total Bytes Sent By Job
	0  -  Total Bytes Received By Job
	Partitionable Resources :    Usage  Request Allocated 
	   Cpus                 :     0.69        1         1 
	   Disk (KB)            :     1           1      7408 
	   Memory (MB)          :  1981        4096      4096 
	   TimeExecute (s)      :  1452                       
	   TimeSlotBusy (s)     :  1452                       
	   xferslots            :                           0 
...
