000 (1132.049.000) 2025-12-25 18:43:11 Job submitted from host: <130.199.48.160:9618?addrs=[2620-0-210-a002--160]-9618+130.199.48.160-9618&alias=eicsub02.sdcc.bnl.gov&noUDP&sock=schedd_1122_32c5>
...
001 (1132.049.000) 2025-12-25 18:45:32 Job executing on host: <130.199.184.201:9618?addrs=130.199.184.201-9618&alias=spool1776.sdcc.bnl.gov&noUDP&sock=startd_107283_d08b>
	SlotName: slot1_50@spool1776.sdcc.bnl.gov
	CondorScratchDir = "/home/condor/local/sdcc/execute/dir_362197"
	Cpus = 1
	Disk = 7408
	Memory = 4096
	xferslots = 0
...
006 (1132.049.000) 2025-12-25 18:45:40 Image size of job updated: 62724
	62  -  MemoryUsage of job (MB)
	62724  -  ResidentSetSize of job (KB)
...
006 (1132.049.000) 2025-12-25 18:50:40 Image size of job updated: 2021160
	1974  -  MemoryUsage of job (MB)
	2020464  -  ResidentSetSize of job (KB)
...
006 (1132.049.000) 2025-12-25 18:55:41 Image size of job updated: 2042644
	1995  -  MemoryUsage of job (MB)
	2042644  -  ResidentSetSize of job (KB)
...
006 (1132.049.000) 2025-12-25 19:03:23 Image size of job updated: 2352700
	1995  -  MemoryUsage of job (MB)
	2042644  -  ResidentSetSize of job (KB)
...
005 (1132.049.000) 2025-12-25 19:03:23 Job terminated.
	(1) Normal termination (return value 0)
		Usr 0 00:15:13, Sys 0 00:00:11  -  Run Remote Usage
		Usr 0 00:00:00, Sys 0 00:00:00  -  Run Local Usage
		Usr 0 00:15:13, Sys 0 00:00:11  -  Total Remote Usage
		Usr 0 00:00:00, Sys 0 00:00:00  -  Total Local Usage
	0  -  Run Bytes Sent By Job
	0  -  Run Bytes Received By Job
	0  -  Total Bytes Sent By Job
	0  -  Total Bytes Received By Job
	Partitionable Resources :    Usage  Request Allocated 
	   Cpus                 :     0.79        1         1 
	   Disk (KB)            :     1           1      7408 
	   Memory (MB)          :  1995        4096      4096 
	   TimeExecute (s)      :  1071                       
	   TimeSlotBusy (s)     :  1072                       
	   xferslots            :                           0 
...
