000 (1132.058.000) 2025-12-25 18:43:11 Job submitted from host: <130.199.48.160:9618?addrs=[2620-0-210-a002--160]-9618+130.199.48.160-9618&alias=eicsub02.sdcc.bnl.gov&noUDP&sock=schedd_1122_32c5>
...
001 (1132.058.000) 2025-12-25 18:45:45 Job executing on host: <130.199.157.137:9618?addrs=[2620-0-210-9006--137]-9618+130.199.157.137-9618&alias=spool0677.sdcc.bnl.gov&noUDP&sock=startd_390969_da33>
	SlotName: slot1_55@spool0677.sdcc.bnl.gov
	CondorScratchDir = "/home/condor/local/sdcc/execute/dir_4127976"
	Cpus = 1
	Disk = 14709
	Memory = 4096
	xferslots = 0
...
006 (1132.058.000) 2025-12-25 18:45:59 Image size of job updated: 96724
	95  -  MemoryUsage of job (MB)
	96724  -  ResidentSetSize of job (KB)
...
006 (1132.058.000) 2025-12-25 18:51:00 Image size of job updated: 2020380
	1974  -  MemoryUsage of job (MB)
	2020380  -  ResidentSetSize of job (KB)
...
006 (1132.058.000) 2025-12-25 18:56:00 Image size of job updated: 2021816
	1975  -  MemoryUsage of job (MB)
	2021460  -  ResidentSetSize of job (KB)
...
006 (1132.058.000) 2025-12-25 19:01:00 Image size of job updated: 2023204
	1975  -  MemoryUsage of job (MB)
	2022300  -  ResidentSetSize of job (KB)
...
006 (1132.058.000) 2025-12-25 19:06:01 Image size of job updated: 2024816
	1977  -  MemoryUsage of job (MB)
	2024200  -  ResidentSetSize of job (KB)
...
006 (1132.058.000) 2025-12-25 19:09:29 Image size of job updated: 2333740
	1977  -  MemoryUsage of job (MB)
	2024200  -  ResidentSetSize of job (KB)
...
005 (1132.058.000) 2025-12-25 19:09:29 Job terminated.
	(1) Normal termination (return value 0)
		Usr 0 00:16:27, Sys 0 00:00:31  -  Run Remote Usage
		Usr 0 00:00:00, Sys 0 00:00:00  -  Run Local Usage
		Usr 0 00:16:27, Sys 0 00:00:31  -  Total Remote Usage
		Usr 0 00:00:00, Sys 0 00:00:00  -  Total Local Usage
	0  -  Run Bytes Sent By Job
	0  -  Run Bytes Received By Job
	0  -  Total Bytes Sent By Job
	0  -  Total Bytes Received By Job
	Partitionable Resources :    Usage  Request Allocated 
	   Cpus                 :     0.70        1         1 
	   Disk (KB)            :     1           1     14709 
	   Memory (MB)          :  1977        4096      4096 
	   TimeExecute (s)      :  1424                       
	   TimeSlotBusy (s)     :  1424                       
	   xferslots            :                           0 

	Job terminated of its own accord at 2025-12-26T00:09:29Z with exit-code 0.
...
