000 (1132.214.000) 2025-12-25 18:43:11 Job submitted from host: <130.199.48.160:9618?addrs=[2620-0-210-a002--160]-9618+130.199.48.160-9618&alias=eicsub02.sdcc.bnl.gov&noUDP&sock=schedd_1122_32c5>
...
001 (1132.214.000) 2025-12-25 18:50:39 Job executing on host: <130.199.149.110:9618?addrs=[2620-0-210-9009--110]-9618+130.199.149.110-9618&alias=spool0238.sdcc.bnl.gov&noUDP&sock=startd_408132_b9a5>
	SlotName: slot1_11@spool0238.sdcc.bnl.gov
	CondorScratchDir = "/home/condor/local/sdcc/execute/dir_3277128"
	Cpus = 1
	Disk = 14765
	Memory = 4096
	xferslots = 0
...
006 (1132.214.000) 2025-12-25 18:50:52 Image size of job updated: 23612
	24  -  MemoryUsage of job (MB)
	23612  -  ResidentSetSize of job (KB)
...
006 (1132.214.000) 2025-12-25 18:55:52 Image size of job updated: 2018872
	1972  -  MemoryUsage of job (MB)
	2018872  -  ResidentSetSize of job (KB)
...
006 (1132.214.000) 2025-12-25 19:00:53 Image size of job updated: 2042600
	1994  -  MemoryUsage of job (MB)
	2041044  -  ResidentSetSize of job (KB)
...
006 (1132.214.000) 2025-12-25 19:10:40 Image size of job updated: 2352516
	1994  -  MemoryUsage of job (MB)
	2041044  -  ResidentSetSize of job (KB)
...
005 (1132.214.000) 2025-12-25 19:10:40 Job terminated.
	(1) Normal termination (return value 0)
		Usr 0 00:13:51, Sys 0 00:00:27  -  Run Remote Usage
		Usr 0 00:00:00, Sys 0 00:00:00  -  Run Local Usage
		Usr 0 00:13:51, Sys 0 00:00:27  -  Total Remote Usage
		Usr 0 00:00:00, Sys 0 00:00:00  -  Total Local Usage
	0  -  Run Bytes Sent By Job
	0  -  Run Bytes Received By Job
	0  -  Total Bytes Sent By Job
	0  -  Total Bytes Received By Job
	Partitionable Resources :    Usage  Request Allocated 
	   Cpus                 :     0.69        1         1 
	   Disk (KB)            :     1           1     14765 
	   Memory (MB)          :  1994        4096      4096 
	   TimeExecute (s)      :  1201                       
	   TimeSlotBusy (s)     :  1202                       
	   xferslots            :                           0 

	Job terminated of its own accord at 2025-12-26T00:10:40Z with exit-code 0.
...
