000 (1132.165.000) 2025-12-25 18:43:11 Job submitted from host: <130.199.48.160:9618?addrs=[2620-0-210-a002--160]-9618+130.199.48.160-9618&alias=eicsub02.sdcc.bnl.gov&noUDP&sock=schedd_1122_32c5>
...
001 (1132.165.000) 2025-12-25 18:49:27 Job executing on host: <130.199.149.104:9618?addrs=[2620-0-210-9009--104]-9618+130.199.149.104-9618&alias=spool0232.sdcc.bnl.gov&noUDP&sock=startd_407891_73a4>
	SlotName: slot1_14@spool0232.sdcc.bnl.gov
	CondorScratchDir = "/home/condor/local/sdcc/execute/dir_3805140"
	Cpus = 1
	Disk = 14765
	Memory = 4096
	xferslots = 0
...
006 (1132.165.000) 2025-12-25 18:49:41 Image size of job updated: 31380
	31  -  MemoryUsage of job (MB)
	31380  -  ResidentSetSize of job (KB)
...
006 (1132.165.000) 2025-12-25 18:54:42 Image size of job updated: 2019924
	1973  -  MemoryUsage of job (MB)
	2019924  -  ResidentSetSize of job (KB)
...
006 (1132.165.000) 2025-12-25 18:59:42 Image size of job updated: 2023388
	1976  -  MemoryUsage of job (MB)
	2023196  -  ResidentSetSize of job (KB)
...
006 (1132.165.000) 2025-12-25 19:04:42 Image size of job updated: 2023696
	1976  -  MemoryUsage of job (MB)
	2023196  -  ResidentSetSize of job (KB)
...
006 (1132.165.000) 2025-12-25 19:09:43 Image size of job updated: 2027520
	1980  -  MemoryUsage of job (MB)
	2026752  -  ResidentSetSize of job (KB)
...
006 (1132.165.000) 2025-12-25 19:11:51 Image size of job updated: 2333300
	1980  -  MemoryUsage of job (MB)
	2026752  -  ResidentSetSize of job (KB)
...
005 (1132.165.000) 2025-12-25 19:11:51 Job terminated.
	(1) Normal termination (return value 0)
		Usr 0 00:14:44, Sys 0 00:00:44  -  Run Remote Usage
		Usr 0 00:00:00, Sys 0 00:00:00  -  Run Local Usage
		Usr 0 00:14:44, Sys 0 00:00:44  -  Total Remote Usage
		Usr 0 00:00:00, Sys 0 00:00:00  -  Total Local Usage
	0  -  Run Bytes Sent By Job
	0  -  Run Bytes Received By Job
	0  -  Total Bytes Sent By Job
	0  -  Total Bytes Received By Job
	Partitionable Resources :    Usage  Request Allocated 
	   Cpus                 :     0.74        1         1 
	   Disk (KB)            :     1           1     14765 
	   Memory (MB)          :  1980        4096      4096 
	   TimeExecute (s)      :  1344                       
	   TimeSlotBusy (s)     :  1344                       
	   xferslots            :                           0 

	Job terminated of its own accord at 2025-12-26T00:11:51Z with exit-code 0.
...
