000 (1132.129.000) 2025-12-25 18:43:11 Job submitted from host: <130.199.48.160:9618?addrs=[2620-0-210-a002--160]-9618+130.199.48.160-9618&alias=eicsub02.sdcc.bnl.gov&noUDP&sock=schedd_1122_32c5>
...
001 (1132.129.000) 2025-12-25 18:48:30 Job executing on host: <130.199.149.237:9618?addrs=[2620-0-210-9007--237]-9618+130.199.149.237-9618&alias=spool0631.sdcc.bnl.gov&noUDP&sock=startd_379241_16a1>
	SlotName: slot1_10@spool0631.sdcc.bnl.gov
	CondorScratchDir = "/home/condor/local/sdcc/execute/dir_2497879"
	Cpus = 1
	Disk = 14709
	Memory = 4096
	xferslots = 0
...
006 (1132.129.000) 2025-12-25 18:48:44 Image size of job updated: 93372
	92  -  MemoryUsage of job (MB)
	93372  -  ResidentSetSize of job (KB)
...
006 (1132.129.000) 2025-12-25 18:53:45 Image size of job updated: 2020544
	1974  -  MemoryUsage of job (MB)
	2020544  -  ResidentSetSize of job (KB)
...
006 (1132.129.000) 2025-12-25 18:58:46 Image size of job updated: 2027392
	1980  -  MemoryUsage of job (MB)
	2027392  -  ResidentSetSize of job (KB)
...
006 (1132.129.000) 2025-12-25 19:03:46 Image size of job updated: 2027520
	1980  -  MemoryUsage of job (MB)
	2027392  -  ResidentSetSize of job (KB)
...
006 (1132.129.000) 2025-12-25 19:07:17 Image size of job updated: 2344000
	1980  -  MemoryUsage of job (MB)
	2027392  -  ResidentSetSize of job (KB)
...
005 (1132.129.000) 2025-12-25 19:07:18 Job terminated.
	(1) Normal termination (return value 0)
		Usr 0 00:13:14, Sys 0 00:00:32  -  Run Remote Usage
		Usr 0 00:00:00, Sys 0 00:00:00  -  Run Local Usage
		Usr 0 00:13:14, Sys 0 00:00:32  -  Total Remote Usage
		Usr 0 00:00:00, Sys 0 00:00:00  -  Total Local Usage
	0  -  Run Bytes Sent By Job
	0  -  Run Bytes Received By Job
	0  -  Total Bytes Sent By Job
	0  -  Total Bytes Received By Job
	Partitionable Resources :    Usage  Request Allocated 
	   Cpus                 :     0.68        1         1 
	   Disk (KB)            :     1           1     14709 
	   Memory (MB)          :  1980        4096      4096 
	   TimeExecute (s)      :  1127                       
	   TimeSlotBusy (s)     :  1128                       
	   xferslots            :                           0 

	Job terminated of its own accord at 2025-12-26T00:07:17Z with exit-code 0.
...
