000 (1132.074.000) 2025-12-25 18:43:11 Job submitted from host: <130.199.48.160:9618?addrs=[2620-0-210-a002--160]-9618+130.199.48.160-9618&alias=eicsub02.sdcc.bnl.gov&noUDP&sock=schedd_1122_32c5>
...
001 (1132.074.000) 2025-12-25 18:46:29 Job executing on host: <130.199.149.119:9618?addrs=[2620-0-210-9009--119]-9618+130.199.149.119-9618&alias=spool0247.sdcc.bnl.gov&noUDP&sock=startd_408688_b131>
	SlotName: slot1_24@spool0247.sdcc.bnl.gov
	CondorScratchDir = "/home/condor/local/sdcc/execute/dir_2163463"
	Cpus = 1
	Disk = 14765
	Memory = 4096
	xferslots = 0
...
006 (1132.074.000) 2025-12-25 18:46:42 Image size of job updated: 40880
	40  -  MemoryUsage of job (MB)
	40880  -  ResidentSetSize of job (KB)
...
006 (1132.074.000) 2025-12-25 18:51:42 Image size of job updated: 2019936
	1973  -  MemoryUsage of job (MB)
	2019936  -  ResidentSetSize of job (KB)
...
006 (1132.074.000) 2025-12-25 18:56:43 Image size of job updated: 2020948
	1974  -  MemoryUsage of job (MB)
	2020676  -  ResidentSetSize of job (KB)
...
006 (1132.074.000) 2025-12-25 19:01:43 Image size of job updated: 2022864
	1974  -  MemoryUsage of job (MB)
	2020676  -  ResidentSetSize of job (KB)
...
006 (1132.074.000) 2025-12-25 19:06:43 Image size of job updated: 2341524
	2287  -  MemoryUsage of job (MB)
	2341524  -  ResidentSetSize of job (KB)
...
005 (1132.074.000) 2025-12-25 19:06:45 Job terminated.
	(1) Normal termination (return value 0)
		Usr 0 00:13:05, Sys 0 00:00:39  -  Run Remote Usage
		Usr 0 00:00:00, Sys 0 00:00:00  -  Run Local Usage
		Usr 0 00:13:05, Sys 0 00:00:39  -  Total Remote Usage
		Usr 0 00:00:00, Sys 0 00:00:00  -  Total Local Usage
	0  -  Run Bytes Sent By Job
	0  -  Run Bytes Received By Job
	0  -  Total Bytes Sent By Job
	0  -  Total Bytes Received By Job
	Partitionable Resources :    Usage  Request Allocated 
	   Cpus                 :     0.62        1         1 
	   Disk (KB)            :     1           1     14765 
	   Memory (MB)          :  2287        4096      4096 
	   TimeExecute (s)      :  1215                       
	   TimeSlotBusy (s)     :  1216                       
	   xferslots            :                           0 

	Job terminated of its own accord at 2025-12-26T00:06:44Z with exit-code 0.
...
