000 (1132.172.000) 2025-12-25 18:43:11 Job submitted from host: <130.199.48.160:9618?addrs=[2620-0-210-a002--160]-9618+130.199.48.160-9618&alias=eicsub02.sdcc.bnl.gov&noUDP&sock=schedd_1122_32c5>
...
001 (1132.172.000) 2025-12-25 18:49:40 Job executing on host: <130.199.207.205:9618?addrs=[2620-0-210-9040--205]-9618+130.199.207.205-9618&alias=spool1492.sdcc.bnl.gov&noUDP&sock=startd_25754_ea55>
	SlotName: slot1_25@spool1492.sdcc.bnl.gov
	CondorScratchDir = "/home/condor/local/sdcc/execute/dir_4151306"
	Cpus = 1
	Disk = 7408
	Memory = 4096
	xferslots = 0
...
006 (1132.172.000) 2025-12-25 18:49:49 Image size of job updated: 61840
	61  -  MemoryUsage of job (MB)
	61840  -  ResidentSetSize of job (KB)
...
006 (1132.172.000) 2025-12-25 18:54:49 Image size of job updated: 2016652
	1970  -  MemoryUsage of job (MB)
	2016652  -  ResidentSetSize of job (KB)
...
006 (1132.172.000) 2025-12-25 18:59:49 Image size of job updated: 2038468
	1991  -  MemoryUsage of job (MB)
	2038468  -  ResidentSetSize of job (KB)
...
006 (1132.172.000) 2025-12-25 19:04:50 Image size of job updated: 2038668
	1991  -  MemoryUsage of job (MB)
	2038540  -  ResidentSetSize of job (KB)
...
006 (1132.172.000) 2025-12-25 19:09:50 Image size of job updated: 2040472
	1991  -  MemoryUsage of job (MB)
	2038540  -  ResidentSetSize of job (KB)
...
006 (1132.172.000) 2025-12-25 19:14:27 Image size of job updated: 2350324
	1991  -  MemoryUsage of job (MB)
	2038540  -  ResidentSetSize of job (KB)
...
005 (1132.172.000) 2025-12-25 19:14:27 Job terminated.
	(1) Normal termination (return value 0)
		Usr 0 00:15:50, Sys 0 00:00:20  -  Run Remote Usage
		Usr 0 00:00:00, Sys 0 00:00:00  -  Run Local Usage
		Usr 0 00:15:50, Sys 0 00:00:20  -  Total Remote Usage
		Usr 0 00:00:00, Sys 0 00:00:00  -  Total Local Usage
	0  -  Run Bytes Sent By Job
	0  -  Run Bytes Received By Job
	0  -  Total Bytes Sent By Job
	0  -  Total Bytes Received By Job
	Partitionable Resources :    Usage  Request Allocated 
	   Cpus                 :     0.68        1         1 
	   Disk (KB)            :     1           1      7408 
	   Memory (MB)          :  1991        4096      4096 
	   TimeExecute (s)      :  1487                       
	   TimeSlotBusy (s)     :  1487                       
	   xferslots            :                           0 
...
