000 (1132.000.000) 2025-12-25 18:43:11 Job submitted from host: <130.199.48.160:9618?addrs=[2620-0-210-a002--160]-9618+130.199.48.160-9618&alias=eicsub02.sdcc.bnl.gov&noUDP&sock=schedd_1122_32c5>
...
001 (1132.000.000) 2025-12-25 18:43:30 Job executing on host: <130.199.157.150:9618?addrs=[2620-0-210-9006--150]-9618+130.199.157.150-9618&alias=spool0690.sdcc.bnl.gov&noUDP&sock=startd_388981_acea>
	SlotName: slot1_31@spool0690.sdcc.bnl.gov
	CondorScratchDir = "/home/condor/local/sdcc/execute/dir_482855"
	Cpus = 1
	Disk = 14709
	Memory = 4096
	xferslots = 0
...
006 (1132.000.000) 2025-12-25 18:43:43 Image size of job updated: 15208
	8  -  MemoryUsage of job (MB)
	7916  -  ResidentSetSize of job (KB)
...
006 (1132.000.000) 2025-12-25 18:48:43 Image size of job updated: 2012944
	1966  -  MemoryUsage of job (MB)
	2012944  -  ResidentSetSize of job (KB)
...
006 (1132.000.000) 2025-12-25 18:53:43 Image size of job updated: 2017980
	1971  -  MemoryUsage of job (MB)
	2017980  -  ResidentSetSize of job (KB)
...
006 (1132.000.000) 2025-12-25 18:58:44 Image size of job updated: 2020788
	1971  -  MemoryUsage of job (MB)
	2017980  -  ResidentSetSize of job (KB)
...
006 (1132.000.000) 2025-12-25 19:03:44 Image size of job updated: 2022860
	1976  -  MemoryUsage of job (MB)
	2022860  -  ResidentSetSize of job (KB)
...
006 (1132.000.000) 2025-12-25 19:06:30 Image size of job updated: 2319344
	1976  -  MemoryUsage of job (MB)
	2022860  -  ResidentSetSize of job (KB)
...
005 (1132.000.000) 2025-12-25 19:06:30 Job terminated.
	(1) Normal termination (return value 0)
		Usr 0 00:15:42, Sys 0 00:00:25  -  Run Remote Usage
		Usr 0 00:00:00, Sys 0 00:00:00  -  Run Local Usage
		Usr 0 00:15:42, Sys 0 00:00:25  -  Total Remote Usage
		Usr 0 00:00:00, Sys 0 00:00:00  -  Total Local Usage
	0  -  Run Bytes Sent By Job
	0  -  Run Bytes Received By Job
	0  -  Total Bytes Sent By Job
	0  -  Total Bytes Received By Job
	Partitionable Resources :    Usage  Request Allocated 
	   Cpus                 :     0.74        1         1 
	   Disk (KB)            :     1           1     14709 
	   Memory (MB)          :  1976        4096      4096 
	   TimeExecute (s)      :  1380                       
	   TimeSlotBusy (s)     :  1381                       
	   xferslots            :                           0 

	Job terminated of its own accord at 2025-12-26T00:06:30Z with exit-code 0.
...
