000 (1132.153.000) 2025-12-25 18:43:11 Job submitted from host: <130.199.48.160:9618?addrs=[2620-0-210-a002--160]-9618+130.199.48.160-9618&alias=eicsub02.sdcc.bnl.gov&noUDP&sock=schedd_1122_32c5>
...
001 (1132.153.000) 2025-12-25 18:49:13 Job executing on host: <130.199.149.134:9618?addrs=[2620-0-210-9010--134]-9618+130.199.149.134-9618&alias=spool0256.sdcc.bnl.gov&noUDP&sock=startd_408511_ac84>
	SlotName: slot1_17@spool0256.sdcc.bnl.gov
	CondorScratchDir = "/home/condor/local/sdcc/execute/dir_710624"
	Cpus = 1
	Disk = 14765
	Memory = 4096
	xferslots = 0
...
006 (1132.153.000) 2025-12-25 18:49:26 Image size of job updated: 70828
	70  -  MemoryUsage of job (MB)
	70828  -  ResidentSetSize of job (KB)
...
006 (1132.153.000) 2025-12-25 18:54:26 Image size of job updated: 2016868
	1950  -  MemoryUsage of job (MB)
	1996784  -  ResidentSetSize of job (KB)
...
006 (1132.153.000) 2025-12-25 18:59:27 Image size of job updated: 2020704
	1974  -  MemoryUsage of job (MB)
	2020704  -  ResidentSetSize of job (KB)
...
006 (1132.153.000) 2025-12-25 19:04:28 Image size of job updated: 2022516
	1976  -  MemoryUsage of job (MB)
	2022516  -  ResidentSetSize of job (KB)
...
006 (1132.153.000) 2025-12-25 19:09:28 Image size of job updated: 2023884
	1976  -  MemoryUsage of job (MB)
	2022516  -  ResidentSetSize of job (KB)
...
006 (1132.153.000) 2025-12-25 19:10:45 Image size of job updated: 2322160
	1976  -  MemoryUsage of job (MB)
	2022516  -  ResidentSetSize of job (KB)
...
005 (1132.153.000) 2025-12-25 19:10:45 Job terminated.
	(1) Normal termination (return value 0)
		Usr 0 00:14:42, Sys 0 00:00:47  -  Run Remote Usage
		Usr 0 00:00:00, Sys 0 00:00:00  -  Run Local Usage
		Usr 0 00:14:42, Sys 0 00:00:47  -  Total Remote Usage
		Usr 0 00:00:00, Sys 0 00:00:00  -  Total Local Usage
	0  -  Run Bytes Sent By Job
	0  -  Run Bytes Received By Job
	0  -  Total Bytes Sent By Job
	0  -  Total Bytes Received By Job
	Partitionable Resources :    Usage  Request Allocated 
	   Cpus                 :     0.65        1         1 
	   Disk (KB)            :     1           1     14765 
	   Memory (MB)          :  1976        4096      4096 
	   TimeExecute (s)      :  1292                       
	   TimeSlotBusy (s)     :  1292                       
	   xferslots            :                           0 

	Job terminated of its own accord at 2025-12-26T00:10:45Z with exit-code 0.
...
