000 (1132.135.000) 2025-12-25 18:43:11 Job submitted from host: <130.199.48.160:9618?addrs=[2620-0-210-a002--160]-9618+130.199.48.160-9618&alias=eicsub02.sdcc.bnl.gov&noUDP&sock=schedd_1122_32c5>
...
001 (1132.135.000) 2025-12-25 18:48:43 Job executing on host: <130.199.157.130:9618?addrs=[2620-0-210-9006--130]-9618+130.199.157.130-9618&alias=spool0670.sdcc.bnl.gov&noUDP&sock=startd_388092_5173>
	SlotName: slot1_27@spool0670.sdcc.bnl.gov
	CondorScratchDir = "/home/condor/local/sdcc/execute/dir_3962380"
	Cpus = 1
	Disk = 14709
	Memory = 4096
	xferslots = 0
...
006 (1132.135.000) 2025-12-25 18:48:57 Image size of job updated: 92980
	91  -  MemoryUsage of job (MB)
	92980  -  ResidentSetSize of job (KB)
...
006 (1132.135.000) 2025-12-25 18:53:58 Image size of job updated: 2016976
	1970  -  MemoryUsage of job (MB)
	2016976  -  ResidentSetSize of job (KB)
...
006 (1132.135.000) 2025-12-25 18:58:58 Image size of job updated: 2017876
	1971  -  MemoryUsage of job (MB)
	2017620  -  ResidentSetSize of job (KB)
...
006 (1132.135.000) 2025-12-25 19:03:59 Image size of job updated: 2038524
	1991  -  MemoryUsage of job (MB)
	2038524  -  ResidentSetSize of job (KB)
...
006 (1132.135.000) 2025-12-25 19:09:00 Image size of job updated: 2038780
	1991  -  MemoryUsage of job (MB)
	2038524  -  ResidentSetSize of job (KB)
...
006 (1132.135.000) 2025-12-25 19:09:42 Image size of job updated: 2345060
	1991  -  MemoryUsage of job (MB)
	2038524  -  ResidentSetSize of job (KB)
...
005 (1132.135.000) 2025-12-25 19:09:42 Job terminated.
	(1) Normal termination (return value 0)
		Usr 0 00:15:56, Sys 0 00:00:21  -  Run Remote Usage
		Usr 0 00:00:00, Sys 0 00:00:00  -  Run Local Usage
		Usr 0 00:15:56, Sys 0 00:00:21  -  Total Remote Usage
		Usr 0 00:00:00, Sys 0 00:00:00  -  Total Local Usage
	0  -  Run Bytes Sent By Job
	0  -  Run Bytes Received By Job
	0  -  Total Bytes Sent By Job
	0  -  Total Bytes Received By Job
	Partitionable Resources :    Usage  Request Allocated 
	   Cpus                 :     0.82        1         1 
	   Disk (KB)            :     1           1     14709 
	   Memory (MB)          :  1991        4096      4096 
	   TimeExecute (s)      :  1259                       
	   TimeSlotBusy (s)     :  1259                       
	   xferslots            :                           0 

	Job terminated of its own accord at 2025-12-26T00:09:42Z with exit-code 0.
...
