000 (1132.202.000) 2025-12-25 18:43:11 Job submitted from host: <130.199.48.160:9618?addrs=[2620-0-210-a002--160]-9618+130.199.48.160-9618&alias=eicsub02.sdcc.bnl.gov&noUDP&sock=schedd_1122_32c5>
...
001 (1132.202.000) 2025-12-25 18:50:37 Job executing on host: <130.199.149.173:9618?addrs=[2620-0-210-9011--173]-9618+130.199.149.173-9618&alias=spool0289.sdcc.bnl.gov&noUDP&sock=startd_278562_74b5>
	SlotName: slot1_14@spool0289.sdcc.bnl.gov
	CondorScratchDir = "/home/condor/local/sdcc/execute/dir_3463422"
	Cpus = 1
	Disk = 14765
	Memory = 4096
	xferslots = 0
...
006 (1132.202.000) 2025-12-25 18:50:50 Image size of job updated: 59084
	58  -  MemoryUsage of job (MB)
	59084  -  ResidentSetSize of job (KB)
...
006 (1132.202.000) 2025-12-25 18:55:50 Image size of job updated: 2015548
	1968  -  MemoryUsage of job (MB)
	2015116  -  ResidentSetSize of job (KB)
...
006 (1132.202.000) 2025-12-25 19:00:51 Image size of job updated: 2020160
	1973  -  MemoryUsage of job (MB)
	2020160  -  ResidentSetSize of job (KB)
...
006 (1132.202.000) 2025-12-25 19:05:51 Image size of job updated: 2022996
	1976  -  MemoryUsage of job (MB)
	2022988  -  ResidentSetSize of job (KB)
...
006 (1132.202.000) 2025-12-25 19:10:51 Image size of job updated: 2025828
	1979  -  MemoryUsage of job (MB)
	2025828  -  ResidentSetSize of job (KB)
...
006 (1132.202.000) 2025-12-25 19:11:18 Image size of job updated: 2337628
	1979  -  MemoryUsage of job (MB)
	2025828  -  ResidentSetSize of job (KB)
...
005 (1132.202.000) 2025-12-25 19:11:18 Job terminated.
	(1) Normal termination (return value 0)
		Usr 0 00:14:11, Sys 0 00:00:32  -  Run Remote Usage
		Usr 0 00:00:00, Sys 0 00:00:00  -  Run Local Usage
		Usr 0 00:14:11, Sys 0 00:00:32  -  Total Remote Usage
		Usr 0 00:00:00, Sys 0 00:00:00  -  Total Local Usage
	0  -  Run Bytes Sent By Job
	0  -  Run Bytes Received By Job
	0  -  Total Bytes Sent By Job
	0  -  Total Bytes Received By Job
	Partitionable Resources :    Usage  Request Allocated 
	   Cpus                 :     0.76        1         1 
	   Disk (KB)            :     1           1     14765 
	   Memory (MB)          :  1979        4096      4096 
	   TimeExecute (s)      :  1241                       
	   TimeSlotBusy (s)     :  1241                       
	   xferslots            :                           0 

	Job terminated of its own accord at 2025-12-26T00:11:18Z with exit-code 0.
...
