000 (1132.182.000) 2025-12-25 18:43:11 Job submitted from host: <130.199.48.160:9618?addrs=[2620-0-210-a002--160]-9618+130.199.48.160-9618&alias=eicsub02.sdcc.bnl.gov&noUDP&sock=schedd_1122_32c5>
...
001 (1132.182.000) 2025-12-25 18:50:12 Job executing on host: <130.199.149.249:9618?addrs=[2620-0-210-9007--249]-9618+130.199.149.249-9618&alias=spool0643.sdcc.bnl.gov&noUDP&sock=startd_107614_926b>
	SlotName: slot1_6@spool0643.sdcc.bnl.gov
	CondorScratchDir = "/home/condor/local/sdcc/execute/dir_3957656"
	Cpus = 1
	Disk = 14709
	Memory = 4096
	xferslots = 0
...
006 (1132.182.000) 2025-12-25 18:50:25 Image size of job updated: 11800
	12  -  MemoryUsage of job (MB)
	11800  -  ResidentSetSize of job (KB)
...
006 (1132.182.000) 2025-12-25 18:55:25 Image size of job updated: 2017084
	1970  -  MemoryUsage of job (MB)
	2017084  -  ResidentSetSize of job (KB)
...
006 (1132.182.000) 2025-12-25 19:00:26 Image size of job updated: 2021148
	1974  -  MemoryUsage of job (MB)
	2021148  -  ResidentSetSize of job (KB)
...
006 (1132.182.000) 2025-12-25 19:05:27 Image size of job updated: 2021824
	1975  -  MemoryUsage of job (MB)
	2021688  -  ResidentSetSize of job (KB)
...
006 (1132.182.000) 2025-12-25 19:10:27 Image size of job updated: 2022740
	1976  -  MemoryUsage of job (MB)
	2022740  -  ResidentSetSize of job (KB)
...
006 (1132.182.000) 2025-12-25 19:11:20 Image size of job updated: 2337456
	1976  -  MemoryUsage of job (MB)
	2022740  -  ResidentSetSize of job (KB)
...
005 (1132.182.000) 2025-12-25 19:11:20 Job terminated.
	(1) Normal termination (return value 0)
		Usr 0 00:12:26, Sys 0 00:00:37  -  Run Remote Usage
		Usr 0 00:00:00, Sys 0 00:00:00  -  Run Local Usage
		Usr 0 00:12:26, Sys 0 00:00:37  -  Total Remote Usage
		Usr 0 00:00:00, Sys 0 00:00:00  -  Total Local Usage
	0  -  Run Bytes Sent By Job
	0  -  Run Bytes Received By Job
	0  -  Total Bytes Sent By Job
	0  -  Total Bytes Received By Job
	Partitionable Resources :    Usage  Request Allocated 
	   Cpus                 :     0.63        1         1 
	   Disk (KB)            :     1           1     14709 
	   Memory (MB)          :  1976        4096      4096 
	   TimeExecute (s)      :  1269                       
	   TimeSlotBusy (s)     :  1269                       
	   xferslots            :                           0 

	Job terminated of its own accord at 2025-12-26T00:11:20Z with exit-code 0.
...
