000 (1132.243.000) 2025-12-25 18:43:11 Job submitted from host: <130.199.48.160:9618?addrs=[2620-0-210-a002--160]-9618+130.199.48.160-9618&alias=eicsub02.sdcc.bnl.gov&noUDP&sock=schedd_1122_32c5>
...
001 (1132.243.000) 2025-12-25 18:50:41 Job executing on host: <130.199.149.180:9618?addrs=[2620-0-210-9011--180]-9618+130.199.149.180-9618&alias=spool0296.sdcc.bnl.gov&noUDP&sock=startd_407872_703f>
	SlotName: slot1_9@spool0296.sdcc.bnl.gov
	CondorScratchDir = "/home/condor/local/sdcc/execute/dir_3323151"
	Cpus = 1
	Disk = 14765
	Memory = 4096
	xferslots = 0
...
006 (1132.243.000) 2025-12-25 18:50:54 Image size of job updated: 27724
	28  -  MemoryUsage of job (MB)
	27724  -  ResidentSetSize of job (KB)
...
006 (1132.243.000) 2025-12-25 18:55:54 Image size of job updated: 2019924
	1973  -  MemoryUsage of job (MB)
	2019564  -  ResidentSetSize of job (KB)
...
006 (1132.243.000) 2025-12-25 19:00:55 Image size of job updated: 2021172
	1974  -  MemoryUsage of job (MB)
	2021004  -  ResidentSetSize of job (KB)
...
006 (1132.243.000) 2025-12-25 19:05:56 Image size of job updated: 2024348
	1977  -  MemoryUsage of job (MB)
	2024348  -  ResidentSetSize of job (KB)
...
006 (1132.243.000) 2025-12-25 19:10:01 Image size of job updated: 2321284
	1977  -  MemoryUsage of job (MB)
	2024348  -  ResidentSetSize of job (KB)
...
005 (1132.243.000) 2025-12-25 19:10:01 Job terminated.
	(1) Normal termination (return value 0)
		Usr 0 00:13:49, Sys 0 00:00:26  -  Run Remote Usage
		Usr 0 00:00:00, Sys 0 00:00:00  -  Run Local Usage
		Usr 0 00:13:49, Sys 0 00:00:26  -  Total Remote Usage
		Usr 0 00:00:00, Sys 0 00:00:00  -  Total Local Usage
	0  -  Run Bytes Sent By Job
	0  -  Run Bytes Received By Job
	0  -  Total Bytes Sent By Job
	0  -  Total Bytes Received By Job
	Partitionable Resources :    Usage  Request Allocated 
	   Cpus                 :     0.74        1         1 
	   Disk (KB)            :     1           1     14765 
	   Memory (MB)          :  1977        4096      4096 
	   TimeExecute (s)      :  1160                       
	   TimeSlotBusy (s)     :  1161                       
	   xferslots            :                           0 

	Job terminated of its own accord at 2025-12-26T00:10:01Z with exit-code 0.
...
