000 (1132.036.000) 2025-12-25 18:43:11 Job submitted from host: <130.199.48.160:9618?addrs=[2620-0-210-a002--160]-9618+130.199.48.160-9618&alias=eicsub02.sdcc.bnl.gov&noUDP&sock=schedd_1122_32c5>
...
001 (1132.036.000) 2025-12-25 18:45:00 Job executing on host: <130.199.201.151:9618?addrs=[2620-0-210-9019--151]-9618+130.199.201.151-9618&alias=spool0109.sdcc.bnl.gov&noUDP&sock=startd_142231_6a5a>
	SlotName: slot1_58@spool0109.sdcc.bnl.gov
	CondorScratchDir = "/home/condor/local/sdcc/execute/dir_1758138"
	Cpus = 1
	Disk = 7408
	Memory = 4096
	xferslots = 0
...
006 (1132.036.000) 2025-12-25 18:45:13 Image size of job updated: 60304
	59  -  MemoryUsage of job (MB)
	60304  -  ResidentSetSize of job (KB)
...
006 (1132.036.000) 2025-12-25 18:50:13 Image size of job updated: 2019040
	1971  -  MemoryUsage of job (MB)
	2017720  -  ResidentSetSize of job (KB)
...
006 (1132.036.000) 2025-12-25 18:55:14 Image size of job updated: 2040332
	1993  -  MemoryUsage of job (MB)
	2039832  -  ResidentSetSize of job (KB)
...
006 (1132.036.000) 2025-12-25 19:00:15 Image size of job updated: 2040332
	1993  -  MemoryUsage of job (MB)
	2039848  -  ResidentSetSize of job (KB)
...
006 (1132.036.000) 2025-12-25 19:04:21 Image size of job updated: 2351808
	1993  -  MemoryUsage of job (MB)
	2039848  -  ResidentSetSize of job (KB)
...
005 (1132.036.000) 2025-12-25 19:04:21 Job terminated.
	(1) Normal termination (return value 0)
		Usr 0 00:15:56, Sys 0 00:00:12  -  Run Remote Usage
		Usr 0 00:00:00, Sys 0 00:00:00  -  Run Local Usage
		Usr 0 00:15:56, Sys 0 00:00:12  -  Total Remote Usage
		Usr 0 00:00:00, Sys 0 00:00:00  -  Total Local Usage
	0  -  Run Bytes Sent By Job
	0  -  Run Bytes Received By Job
	0  -  Total Bytes Sent By Job
	0  -  Total Bytes Received By Job
	Partitionable Resources :    Usage  Request Allocated 
	   Cpus                 :     0.89        1         1 
	   Disk (KB)            :     1           1      7408 
	   Memory (MB)          :  1993        4096      4096 
	   TimeExecute (s)      :  1161                       
	   TimeSlotBusy (s)     :  1162                       
	   xferslots            :                           0 

	Job terminated of its own accord at 2025-12-26T00:04:21Z with exit-code 0.
...
