000 (1132.081.000) 2025-12-25 18:43:11 Job submitted from host: <130.199.48.160:9618?addrs=[2620-0-210-a002--160]-9618+130.199.48.160-9618&alias=eicsub02.sdcc.bnl.gov&noUDP&sock=schedd_1122_32c5>
...
001 (1132.081.000) 2025-12-25 18:46:43 Job executing on host: <130.199.201.159:9618?addrs=[2620-0-210-9019--159]-9618+130.199.201.159-9618&alias=spool0117.sdcc.bnl.gov&noUDP&sock=startd_383229_3d74>
	SlotName: slot1_38@spool0117.sdcc.bnl.gov
	CondorScratchDir = "/home/condor/local/sdcc/execute/dir_2608851"
	Cpus = 1
	Disk = 7408
	Memory = 4096
	xferslots = 0
...
006 (1132.081.000) 2025-12-25 18:46:57 Image size of job updated: 62712
	62  -  MemoryUsage of job (MB)
	62712  -  ResidentSetSize of job (KB)
...
006 (1132.081.000) 2025-12-25 18:51:58 Image size of job updated: 2021956
	1975  -  MemoryUsage of job (MB)
	2021784  -  ResidentSetSize of job (KB)
...
006 (1132.081.000) 2025-12-25 18:56:59 Image size of job updated: 2024944
	1977  -  MemoryUsage of job (MB)
	2024372  -  ResidentSetSize of job (KB)
...
006 (1132.081.000) 2025-12-25 19:01:59 Image size of job updated: 2026356
	1977  -  MemoryUsage of job (MB)
	2024372  -  ResidentSetSize of job (KB)
...
006 (1132.081.000) 2025-12-25 19:04:28 Image size of job updated: 2338160
	1977  -  MemoryUsage of job (MB)
	2024372  -  ResidentSetSize of job (KB)
...
005 (1132.081.000) 2025-12-25 19:04:28 Job terminated.
	(1) Normal termination (return value 0)
		Usr 0 00:14:26, Sys 0 00:00:16  -  Run Remote Usage
		Usr 0 00:00:00, Sys 0 00:00:00  -  Run Local Usage
		Usr 0 00:14:26, Sys 0 00:00:16  -  Total Remote Usage
		Usr 0 00:00:00, Sys 0 00:00:00  -  Total Local Usage
	0  -  Run Bytes Sent By Job
	0  -  Run Bytes Received By Job
	0  -  Total Bytes Sent By Job
	0  -  Total Bytes Received By Job
	Partitionable Resources :    Usage  Request Allocated 
	   Cpus                 :     0.88        1         1 
	   Disk (KB)            :     1           1      7408 
	   Memory (MB)          :  1977        4096      4096 
	   TimeExecute (s)      :  1065                       
	   TimeSlotBusy (s)     :  1065                       
	   xferslots            :                           0 

	Job terminated of its own accord at 2025-12-26T00:04:28Z with exit-code 0.
...
