000 (1132.001.000) 2025-12-25 18:43:11 Job submitted from host: <130.199.48.160:9618?addrs=[2620-0-210-a002--160]-9618+130.199.48.160-9618&alias=eicsub02.sdcc.bnl.gov&noUDP&sock=schedd_1122_32c5>
...
001 (1132.001.000) 2025-12-25 18:43:31 Job executing on host: <130.199.157.137:9618?addrs=[2620-0-210-9006--137]-9618+130.199.157.137-9618&alias=spool0677.sdcc.bnl.gov&noUDP&sock=startd_390969_da33>
	SlotName: slot1_10@spool0677.sdcc.bnl.gov
	CondorScratchDir = "/home/condor/local/sdcc/execute/dir_4122219"
	Cpus = 1
	Disk = 14709
	Memory = 4096
	xferslots = 0
...
006 (1132.001.000) 2025-12-25 18:43:44 Image size of job updated: 61520
	61  -  MemoryUsage of job (MB)
	61520  -  ResidentSetSize of job (KB)
...
006 (1132.001.000) 2025-12-25 18:48:44 Image size of job updated: 2019672
	1973  -  MemoryUsage of job (MB)
	2019672  -  ResidentSetSize of job (KB)
...
006 (1132.001.000) 2025-12-25 18:53:45 Image size of job updated: 2024908
	1978  -  MemoryUsage of job (MB)
	2024908  -  ResidentSetSize of job (KB)
...
006 (1132.001.000) 2025-12-25 18:58:45 Image size of job updated: 2028236
	1981  -  MemoryUsage of job (MB)
	2028236  -  ResidentSetSize of job (KB)
...
006 (1132.001.000) 2025-12-25 19:03:45 Image size of job updated: 2029216
	1981  -  MemoryUsage of job (MB)
	2028236  -  ResidentSetSize of job (KB)
...
006 (1132.001.000) 2025-12-25 19:07:15 Image size of job updated: 2335768
	1981  -  MemoryUsage of job (MB)
	2028236  -  ResidentSetSize of job (KB)
...
005 (1132.001.000) 2025-12-25 19:07:15 Job terminated.
	(1) Normal termination (return value 0)
		Usr 0 00:16:27, Sys 0 00:00:31  -  Run Remote Usage
		Usr 0 00:00:00, Sys 0 00:00:00  -  Run Local Usage
		Usr 0 00:16:27, Sys 0 00:00:31  -  Total Remote Usage
		Usr 0 00:00:00, Sys 0 00:00:00  -  Total Local Usage
	0  -  Run Bytes Sent By Job
	0  -  Run Bytes Received By Job
	0  -  Total Bytes Sent By Job
	0  -  Total Bytes Received By Job
	Partitionable Resources :    Usage  Request Allocated 
	   Cpus                 :     0.73        1         1 
	   Disk (KB)            :     1           1     14709 
	   Memory (MB)          :  1981        4096      4096 
	   TimeExecute (s)      :  1424                       
	   TimeSlotBusy (s)     :  1425                       
	   xferslots            :                           0 

	Job terminated of its own accord at 2025-12-26T00:07:15Z with exit-code 0.
...
