000 (1132.126.000) 2025-12-25 18:43:11 Job submitted from host: <130.199.48.160:9618?addrs=[2620-0-210-a002--160]-9618+130.199.48.160-9618&alias=eicsub02.sdcc.bnl.gov&noUDP&sock=schedd_1122_32c5>
...
001 (1132.126.000) 2025-12-25 18:48:30 Job executing on host: <130.199.149.131:9618?addrs=[2620-0-210-9010--131]-9618+130.199.149.131-9618&alias=spool0253.sdcc.bnl.gov&noUDP&sock=startd_408187_21c9>
	SlotName: slot1_18@spool0253.sdcc.bnl.gov
	CondorScratchDir = "/home/condor/local/sdcc/execute/dir_3827917"
	Cpus = 1
	Disk = 14765
	Memory = 4096
	xferslots = 0
...
006 (1132.126.000) 2025-12-25 18:48:44 Image size of job updated: 60172
	59  -  MemoryUsage of job (MB)
	60172  -  ResidentSetSize of job (KB)
...
006 (1132.126.000) 2025-12-25 18:53:45 Image size of job updated: 2018320
	1972  -  MemoryUsage of job (MB)
	2018320  -  ResidentSetSize of job (KB)
...
006 (1132.126.000) 2025-12-25 18:58:45 Image size of job updated: 2021864
	1975  -  MemoryUsage of job (MB)
	2021496  -  ResidentSetSize of job (KB)
...
006 (1132.126.000) 2025-12-25 19:03:46 Image size of job updated: 2023848
	1975  -  MemoryUsage of job (MB)
	2022220  -  ResidentSetSize of job (KB)
...
006 (1132.126.000) 2025-12-25 19:08:46 Image size of job updated: 2312220
	1975  -  MemoryUsage of job (MB)
	2022220  -  ResidentSetSize of job (KB)
...
005 (1132.126.000) 2025-12-25 19:08:46 Job terminated.
	(1) Normal termination (return value 0)
		Usr 0 00:12:54, Sys 0 00:00:33  -  Run Remote Usage
		Usr 0 00:00:00, Sys 0 00:00:00  -  Run Local Usage
		Usr 0 00:12:54, Sys 0 00:00:33  -  Total Remote Usage
		Usr 0 00:00:00, Sys 0 00:00:00  -  Total Local Usage
	0  -  Run Bytes Sent By Job
	0  -  Run Bytes Received By Job
	0  -  Total Bytes Sent By Job
	0  -  Total Bytes Received By Job
	Partitionable Resources :    Usage  Request Allocated 
	   Cpus                 :     0.70        1         1 
	   Disk (KB)            :     1           1     14765 
	   Memory (MB)          :  1975        4096      4096 
	   TimeExecute (s)      :  1216                       
	   TimeSlotBusy (s)     :  1216                       
	   xferslots            :                           0 

	Job terminated of its own accord at 2025-12-26T00:08:46Z with exit-code 0.
...
