000 (1132.191.000) 2025-12-25 18:43:11 Job submitted from host: <130.199.48.160:9618?addrs=[2620-0-210-a002--160]-9618+130.199.48.160-9618&alias=eicsub02.sdcc.bnl.gov&noUDP&sock=schedd_1122_32c5>
...
001 (1132.191.000) 2025-12-25 18:50:37 Job executing on host: <130.199.207.202:9618?addrs=[2620-0-210-9040--202]-9618+130.199.207.202-9618&alias=spool1489.sdcc.bnl.gov&noUDP&sock=startd_25692_4b0b>
	SlotName: slot1_31@spool1489.sdcc.bnl.gov
	CondorScratchDir = "/home/condor/local/sdcc/execute/dir_875902"
	Cpus = 1
	Disk = 7408
	Memory = 4096
	xferslots = 0
...
006 (1132.191.000) 2025-12-25 18:50:45 Image size of job updated: 62564
	62  -  MemoryUsage of job (MB)
	62564  -  ResidentSetSize of job (KB)
...
006 (1132.191.000) 2025-12-25 18:55:45 Image size of job updated: 2017980
	1971  -  MemoryUsage of job (MB)
	2017980  -  ResidentSetSize of job (KB)
...
006 (1132.191.000) 2025-12-25 19:00:46 Image size of job updated: 2023424
	1976  -  MemoryUsage of job (MB)
	2023424  -  ResidentSetSize of job (KB)
...
006 (1132.191.000) 2025-12-25 19:05:46 Image size of job updated: 2027592
	1981  -  MemoryUsage of job (MB)
	2027592  -  ResidentSetSize of job (KB)
...
006 (1132.191.000) 2025-12-25 19:10:47 Image size of job updated: 2028032
	1981  -  MemoryUsage of job (MB)
	2028032  -  ResidentSetSize of job (KB)
...
006 (1132.191.000) 2025-12-25 19:15:47 Image size of job updated: 2031332
	1984  -  MemoryUsage of job (MB)
	2031332  -  ResidentSetSize of job (KB)
...
006 (1132.191.000) 2025-12-25 19:16:59 Image size of job updated: 2331012
	1984  -  MemoryUsage of job (MB)
	2031332  -  ResidentSetSize of job (KB)
...
005 (1132.191.000) 2025-12-25 19:16:59 Job terminated.
	(1) Normal termination (return value 0)
		Usr 0 00:16:46, Sys 0 00:00:19  -  Run Remote Usage
		Usr 0 00:00:00, Sys 0 00:00:00  -  Run Local Usage
		Usr 0 00:16:46, Sys 0 00:00:19  -  Total Remote Usage
		Usr 0 00:00:00, Sys 0 00:00:00  -  Total Local Usage
	0  -  Run Bytes Sent By Job
	0  -  Run Bytes Received By Job
	0  -  Total Bytes Sent By Job
	0  -  Total Bytes Received By Job
	Partitionable Resources :    Usage  Request Allocated 
	   Cpus                 :     0.65        1         1 
	   Disk (KB)            :     1           1      7408 
	   Memory (MB)          :  1984        4096      4096 
	   TimeExecute (s)      :  1582                       
	   TimeSlotBusy (s)     :  1582                       
	   xferslots            :                           0 
...
