000 (1132.100.000) 2025-12-25 18:43:11 Job submitted from host: <130.199.48.160:9618?addrs=[2620-0-210-a002--160]-9618+130.199.48.160-9618&alias=eicsub02.sdcc.bnl.gov&noUDP&sock=schedd_1122_32c5>
...
001 (1132.100.000) 2025-12-25 18:47:39 Job executing on host: <130.199.207.203:9618?addrs=[2620-0-210-9040--203]-9618+130.199.207.203-9618&alias=spool1490.sdcc.bnl.gov&noUDP&sock=startd_27352_a985>
	SlotName: slot1_28@spool1490.sdcc.bnl.gov
	CondorScratchDir = "/home/condor/local/sdcc/execute/dir_1676290"
	Cpus = 1
	Disk = 7408
	Memory = 4096
	xferslots = 0
...
006 (1132.100.000) 2025-12-25 18:47:47 Image size of job updated: 59784
	59  -  MemoryUsage of job (MB)
	59784  -  ResidentSetSize of job (KB)
...
006 (1132.100.000) 2025-12-25 18:52:47 Image size of job updated: 2019488
	1971  -  MemoryUsage of job (MB)
	2017816  -  ResidentSetSize of job (KB)
...
006 (1132.100.000) 2025-12-25 18:57:48 Image size of job updated: 2020500
	1974  -  MemoryUsage of job (MB)
	2020500  -  ResidentSetSize of job (KB)
...
006 (1132.100.000) 2025-12-25 19:02:48 Image size of job updated: 2023024
	1976  -  MemoryUsage of job (MB)
	2023024  -  ResidentSetSize of job (KB)
...
006 (1132.100.000) 2025-12-25 19:07:48 Image size of job updated: 2041064
	1994  -  MemoryUsage of job (MB)
	2041064  -  ResidentSetSize of job (KB)
...
006 (1132.100.000) 2025-12-25 19:11:41 Image size of job updated: 2358440
	1994  -  MemoryUsage of job (MB)
	2041064  -  ResidentSetSize of job (KB)
...
005 (1132.100.000) 2025-12-25 19:11:41 Job terminated.
	(1) Normal termination (return value 0)
		Usr 0 00:15:07, Sys 0 00:00:24  -  Run Remote Usage
		Usr 0 00:00:00, Sys 0 00:00:00  -  Run Local Usage
		Usr 0 00:15:07, Sys 0 00:00:24  -  Total Remote Usage
		Usr 0 00:00:00, Sys 0 00:00:00  -  Total Local Usage
	0  -  Run Bytes Sent By Job
	0  -  Run Bytes Received By Job
	0  -  Total Bytes Sent By Job
	0  -  Total Bytes Received By Job
	Partitionable Resources :    Usage  Request Allocated 
	   Cpus                 :     0.55        1         1 
	   Disk (KB)            :     1           1      7408 
	   Memory (MB)          :  1994        4096      4096 
	   TimeExecute (s)      :  1442                       
	   TimeSlotBusy (s)     :  1443                       
	   xferslots            :                           0 
...
