000 (1132.186.000) 2025-12-25 18:43:11 Job submitted from host: <130.199.48.160:9618?addrs=[2620-0-210-a002--160]-9618+130.199.48.160-9618&alias=eicsub02.sdcc.bnl.gov&noUDP&sock=schedd_1122_32c5>
...
001 (1132.186.000) 2025-12-25 18:50:39 Job executing on host: <130.199.157.145:9618?addrs=[2620-0-210-9006--145]-9618+130.199.157.145-9618&alias=spool0685.sdcc.bnl.gov&noUDP&sock=startd_388951_2e4a>
	SlotName: slot1_9@spool0685.sdcc.bnl.gov
	CondorScratchDir = "/home/condor/local/sdcc/execute/dir_3949289"
	Cpus = 1
	Disk = 14709
	Memory = 4096
	xferslots = 0
...
006 (1132.186.000) 2025-12-25 18:50:53 Image size of job updated: 60648
	60  -  MemoryUsage of job (MB)
	60648  -  ResidentSetSize of job (KB)
...
006 (1132.186.000) 2025-12-25 18:55:54 Image size of job updated: 2018144
	1971  -  MemoryUsage of job (MB)
	2017808  -  ResidentSetSize of job (KB)
...
006 (1132.186.000) 2025-12-25 19:00:54 Image size of job updated: 2019520
	1972  -  MemoryUsage of job (MB)
	2019144  -  ResidentSetSize of job (KB)
...
006 (1132.186.000) 2025-12-25 19:05:54 Image size of job updated: 2025180
	1978  -  MemoryUsage of job (MB)
	2025156  -  ResidentSetSize of job (KB)
...
006 (1132.186.000) 2025-12-25 19:10:55 Image size of job updated: 2025788
	1979  -  MemoryUsage of job (MB)
	2025788  -  ResidentSetSize of job (KB)
...
006 (1132.186.000) 2025-12-25 19:13:38 Image size of job updated: 2294736
	1979  -  MemoryUsage of job (MB)
	2025788  -  ResidentSetSize of job (KB)
...
005 (1132.186.000) 2025-12-25 19:13:38 Job terminated.
	(1) Normal termination (return value 0)
		Usr 0 00:15:37, Sys 0 00:00:23  -  Run Remote Usage
		Usr 0 00:00:00, Sys 0 00:00:00  -  Run Local Usage
		Usr 0 00:15:37, Sys 0 00:00:23  -  Total Remote Usage
		Usr 0 00:00:00, Sys 0 00:00:00  -  Total Local Usage
	0  -  Run Bytes Sent By Job
	0  -  Run Bytes Received By Job
	0  -  Total Bytes Sent By Job
	0  -  Total Bytes Received By Job
	Partitionable Resources :    Usage  Request Allocated 
	   Cpus                 :     0.69        1         1 
	   Disk (KB)            :     1           1     14709 
	   Memory (MB)          :  1979        4096      4096 
	   TimeExecute (s)      :  1379                       
	   TimeSlotBusy (s)     :  1379                       
	   xferslots            :                           0 

	Job terminated of its own accord at 2025-12-26T00:13:38Z with exit-code 0.
...
