000 (1132.210.000) 2025-12-25 18:43:11 Job submitted from host: <130.199.48.160:9618?addrs=[2620-0-210-a002--160]-9618+130.199.48.160-9618&alias=eicsub02.sdcc.bnl.gov&noUDP&sock=schedd_1122_32c5>
...
001 (1132.210.000) 2025-12-25 18:50:38 Job executing on host: <130.199.149.119:9618?addrs=[2620-0-210-9009--119]-9618+130.199.149.119-9618&alias=spool0247.sdcc.bnl.gov&noUDP&sock=startd_408688_b131>
	SlotName: slot1_15@spool0247.sdcc.bnl.gov
	CondorScratchDir = "/home/condor/local/sdcc/execute/dir_2172625"
	Cpus = 1
	Disk = 14765
	Memory = 4096
	xferslots = 0
...
006 (1132.210.000) 2025-12-25 18:50:52 Image size of job updated: 60900
	60  -  MemoryUsage of job (MB)
	60900  -  ResidentSetSize of job (KB)
...
006 (1132.210.000) 2025-12-25 18:55:52 Image size of job updated: 2031852
	1985  -  MemoryUsage of job (MB)
	2031852  -  ResidentSetSize of job (KB)
...
006 (1132.210.000) 2025-12-25 19:00:52 Image size of job updated: 2032608
	1985  -  MemoryUsage of job (MB)
	2031852  -  ResidentSetSize of job (KB)
...
006 (1132.210.000) 2025-12-25 19:05:53 Image size of job updated: 2033540
	1985  -  MemoryUsage of job (MB)
	2032156  -  ResidentSetSize of job (KB)
...
006 (1132.210.000) 2025-12-25 19:10:53 Image size of job updated: 2033732
	1987  -  MemoryUsage of job (MB)
	2033732  -  ResidentSetSize of job (KB)
...
006 (1132.210.000) 2025-12-25 19:12:39 Image size of job updated: 2282904
	1987  -  MemoryUsage of job (MB)
	2033732  -  ResidentSetSize of job (KB)
...
005 (1132.210.000) 2025-12-25 19:12:39 Job terminated.
	(1) Normal termination (return value 0)
		Usr 0 00:14:50, Sys 0 00:00:39  -  Run Remote Usage
		Usr 0 00:00:00, Sys 0 00:00:00  -  Run Local Usage
		Usr 0 00:14:50, Sys 0 00:00:39  -  Total Remote Usage
		Usr 0 00:00:00, Sys 0 00:00:00  -  Total Local Usage
	0  -  Run Bytes Sent By Job
	0  -  Run Bytes Received By Job
	0  -  Total Bytes Sent By Job
	0  -  Total Bytes Received By Job
	Partitionable Resources :    Usage  Request Allocated 
	   Cpus                 :     0.66        1         1 
	   Disk (KB)            :     1           1     14765 
	   Memory (MB)          :  1987        4096      4096 
	   TimeExecute (s)      :  1321                       
	   TimeSlotBusy (s)     :  1321                       
	   xferslots            :                           0 

	Job terminated of its own accord at 2025-12-26T00:12:39Z with exit-code 0.
...
