000 (1132.225.000) 2025-12-25 18:43:11 Job submitted from host: <130.199.48.160:9618?addrs=[2620-0-210-a002--160]-9618+130.199.48.160-9618&alias=eicsub02.sdcc.bnl.gov&noUDP&sock=schedd_1122_32c5>
...
001 (1132.225.000) 2025-12-25 18:50:39 Job executing on host: <130.199.149.131:9618?addrs=[2620-0-210-9010--131]-9618+130.199.149.131-9618&alias=spool0253.sdcc.bnl.gov&noUDP&sock=startd_408187_21c9>
	SlotName: slot1_6@spool0253.sdcc.bnl.gov
	CondorScratchDir = "/home/condor/local/sdcc/execute/dir_3835048"
	Cpus = 1
	Disk = 14765
	Memory = 4096
	xferslots = 0
...
006 (1132.225.000) 2025-12-25 18:50:52 Image size of job updated: 60480
	60  -  MemoryUsage of job (MB)
	60480  -  ResidentSetSize of job (KB)
...
006 (1132.225.000) 2025-12-25 18:55:52 Image size of job updated: 2016680
	1970  -  MemoryUsage of job (MB)
	2016636  -  ResidentSetSize of job (KB)
...
006 (1132.225.000) 2025-12-25 19:00:53 Image size of job updated: 2018572
	1970  -  MemoryUsage of job (MB)
	2016636  -  ResidentSetSize of job (KB)
...
006 (1132.225.000) 2025-12-25 19:05:53 Image size of job updated: 2028248
	1981  -  MemoryUsage of job (MB)
	2027756  -  ResidentSetSize of job (KB)
...
006 (1132.225.000) 2025-12-25 19:10:54 Image size of job updated: 2028248
	1981  -  MemoryUsage of job (MB)
	2027760  -  ResidentSetSize of job (KB)
...
006 (1132.225.000) 2025-12-25 19:12:51 Image size of job updated: 2339724
	1981  -  MemoryUsage of job (MB)
	2027760  -  ResidentSetSize of job (KB)
...
005 (1132.225.000) 2025-12-25 19:12:51 Job terminated.
	(1) Normal termination (return value 0)
		Usr 0 00:14:39, Sys 0 00:00:31  -  Run Remote Usage
		Usr 0 00:00:00, Sys 0 00:00:00  -  Run Local Usage
		Usr 0 00:14:39, Sys 0 00:00:31  -  Total Remote Usage
		Usr 0 00:00:00, Sys 0 00:00:00  -  Total Local Usage
	0  -  Run Bytes Sent By Job
	0  -  Run Bytes Received By Job
	0  -  Total Bytes Sent By Job
	0  -  Total Bytes Received By Job
	Partitionable Resources :    Usage  Request Allocated 
	   Cpus                 :     0.66        1         1 
	   Disk (KB)            :     1           1     14765 
	   Memory (MB)          :  1981        4096      4096 
	   TimeExecute (s)      :  1332                       
	   TimeSlotBusy (s)     :  1332                       
	   xferslots            :                           0 

	Job terminated of its own accord at 2025-12-26T00:12:51Z with exit-code 0.
...
