000 (1132.125.000) 2025-12-25 18:43:11 Job submitted from host: <130.199.48.160:9618?addrs=[2620-0-210-a002--160]-9618+130.199.48.160-9618&alias=eicsub02.sdcc.bnl.gov&noUDP&sock=schedd_1122_32c5>
...
001 (1132.125.000) 2025-12-25 18:48:30 Job executing on host: <130.199.149.152:9618?addrs=[2620-0-210-9010--152]-9618+130.199.149.152-9618&alias=spool0274.sdcc.bnl.gov&noUDP&sock=startd_309538_f806>
	SlotName: slot1_8@spool0274.sdcc.bnl.gov
	CondorScratchDir = "/home/condor/local/sdcc/execute/dir_1219358"
	Cpus = 1
	Disk = 14765
	Memory = 4096
	xferslots = 0
...
006 (1132.125.000) 2025-12-25 18:48:44 Image size of job updated: 22784
	23  -  MemoryUsage of job (MB)
	22784  -  ResidentSetSize of job (KB)
...
006 (1132.125.000) 2025-12-25 18:53:45 Image size of job updated: 2018176
	1971  -  MemoryUsage of job (MB)
	2018176  -  ResidentSetSize of job (KB)
...
006 (1132.125.000) 2025-12-25 18:58:45 Image size of job updated: 2019972
	1973  -  MemoryUsage of job (MB)
	2019972  -  ResidentSetSize of job (KB)
...
006 (1132.125.000) 2025-12-25 19:03:45 Image size of job updated: 2024388
	1973  -  MemoryUsage of job (MB)
	2019972  -  ResidentSetSize of job (KB)
...
006 (1132.125.000) 2025-12-25 19:08:07 Image size of job updated: 2343660
	1973  -  MemoryUsage of job (MB)
	2019972  -  ResidentSetSize of job (KB)
...
005 (1132.125.000) 2025-12-25 19:08:08 Job terminated.
	(1) Normal termination (return value 0)
		Usr 0 00:12:55, Sys 0 00:00:31  -  Run Remote Usage
		Usr 0 00:00:00, Sys 0 00:00:00  -  Run Local Usage
		Usr 0 00:12:55, Sys 0 00:00:31  -  Total Remote Usage
		Usr 0 00:00:00, Sys 0 00:00:00  -  Total Local Usage
	0  -  Run Bytes Sent By Job
	0  -  Run Bytes Received By Job
	0  -  Total Bytes Sent By Job
	0  -  Total Bytes Received By Job
	Partitionable Resources :    Usage  Request Allocated 
	   Cpus                 :     0.68        1         1 
	   Disk (KB)            :     1           1     14765 
	   Memory (MB)          :  1973        4096      4096 
	   TimeExecute (s)      :  1177                       
	   TimeSlotBusy (s)     :  1178                       
	   xferslots            :                           0 

	Job terminated of its own accord at 2025-12-26T00:08:07Z with exit-code 0.
...
