000 (1132.062.000) 2025-12-25 18:43:11 Job submitted from host: <130.199.48.160:9618?addrs=[2620-0-210-a002--160]-9618+130.199.48.160-9618&alias=eicsub02.sdcc.bnl.gov&noUDP&sock=schedd_1122_32c5>
...
001 (1132.062.000) 2025-12-25 18:46:00 Job executing on host: <130.199.149.254:9618?addrs=[2620-0-210-9007--254]-9618+130.199.149.254-9618&alias=spool0649.sdcc.bnl.gov&noUDP&sock=startd_111645_5523>
	SlotName: slot1_12@spool0649.sdcc.bnl.gov
	CondorScratchDir = "/home/condor/local/sdcc/execute/dir_2731717"
	Cpus = 1
	Disk = 14709
	Memory = 4096
	xferslots = 0
...
006 (1132.062.000) 2025-12-25 18:46:14 Image size of job updated: 27932
	28  -  MemoryUsage of job (MB)
	27932  -  ResidentSetSize of job (KB)
...
006 (1132.062.000) 2025-12-25 18:51:15 Image size of job updated: 2021272
	1974  -  MemoryUsage of job (MB)
	2021272  -  ResidentSetSize of job (KB)
...
006 (1132.062.000) 2025-12-25 18:56:15 Image size of job updated: 2021836
	1974  -  MemoryUsage of job (MB)
	2021272  -  ResidentSetSize of job (KB)
...
006 (1132.062.000) 2025-12-25 19:01:15 Image size of job updated: 2022612
	1975  -  MemoryUsage of job (MB)
	2022348  -  ResidentSetSize of job (KB)
...
006 (1132.062.000) 2025-12-25 19:05:50 Image size of job updated: 2326056
	1975  -  MemoryUsage of job (MB)
	2022348  -  ResidentSetSize of job (KB)
...
005 (1132.062.000) 2025-12-25 19:05:50 Job terminated.
	(1) Normal termination (return value 0)
		Usr 0 00:12:39, Sys 0 00:00:36  -  Run Remote Usage
		Usr 0 00:00:00, Sys 0 00:00:00  -  Run Local Usage
		Usr 0 00:12:39, Sys 0 00:00:36  -  Total Remote Usage
		Usr 0 00:00:00, Sys 0 00:00:00  -  Total Local Usage
	0  -  Run Bytes Sent By Job
	0  -  Run Bytes Received By Job
	0  -  Total Bytes Sent By Job
	0  -  Total Bytes Received By Job
	Partitionable Resources :    Usage  Request Allocated 
	   Cpus                 :     0.61        1         1 
	   Disk (KB)            :     1           1     14709 
	   Memory (MB)          :  1975        4096      4096 
	   TimeExecute (s)      :  1190                       
	   TimeSlotBusy (s)     :  1190                       
	   xferslots            :                           0 

	Job terminated of its own accord at 2025-12-26T00:05:50Z with exit-code 0.
...
