000 (1132.059.000) 2025-12-25 18:43:11 Job submitted from host: <130.199.48.160:9618?addrs=[2620-0-210-a002--160]-9618+130.199.48.160-9618&alias=eicsub02.sdcc.bnl.gov&noUDP&sock=schedd_1122_32c5>
...
001 (1132.059.000) 2025-12-25 18:46:00 Job executing on host: <130.199.201.152:9618?addrs=[2620-0-210-9019--152]-9618+130.199.201.152-9618&alias=spool0110.sdcc.bnl.gov&noUDP&sock=startd_146470_0164>
	SlotName: slot1_52@spool0110.sdcc.bnl.gov
	CondorScratchDir = "/home/condor/local/sdcc/execute/dir_1192697"
	Cpus = 1
	Disk = 7408
	Memory = 4096
	xferslots = 0
...
006 (1132.059.000) 2025-12-25 18:46:14 Image size of job updated: 62552
	62  -  MemoryUsage of job (MB)
	62552  -  ResidentSetSize of job (KB)
...
006 (1132.059.000) 2025-12-25 18:51:15 Image size of job updated: 2019292
	1972  -  MemoryUsage of job (MB)
	2019292  -  ResidentSetSize of job (KB)
...
006 (1132.059.000) 2025-12-25 18:56:16 Image size of job updated: 2023372
	1976  -  MemoryUsage of job (MB)
	2023372  -  ResidentSetSize of job (KB)
...
006 (1132.059.000) 2025-12-25 19:01:16 Image size of job updated: 2043360
	1994  -  MemoryUsage of job (MB)
	2041248  -  ResidentSetSize of job (KB)
...
006 (1132.059.000) 2025-12-25 19:04:53 Image size of job updated: 2349324
	1994  -  MemoryUsage of job (MB)
	2041248  -  ResidentSetSize of job (KB)
...
005 (1132.059.000) 2025-12-25 19:04:53 Job terminated.
	(1) Normal termination (return value 0)
		Usr 0 00:15:29, Sys 0 00:00:11  -  Run Remote Usage
		Usr 0 00:00:00, Sys 0 00:00:00  -  Run Local Usage
		Usr 0 00:15:29, Sys 0 00:00:11  -  Total Remote Usage
		Usr 0 00:00:00, Sys 0 00:00:00  -  Total Local Usage
	0  -  Run Bytes Sent By Job
	0  -  Run Bytes Received By Job
	0  -  Total Bytes Sent By Job
	0  -  Total Bytes Received By Job
	Partitionable Resources :    Usage  Request Allocated 
	   Cpus                 :     0.84        1         1 
	   Disk (KB)            :     1           1      7408 
	   Memory (MB)          :  1994        4096      4096 
	   TimeExecute (s)      :  1133                       
	   TimeSlotBusy (s)     :  1133                       
	   xferslots            :                           0 

	Job terminated of its own accord at 2025-12-26T00:04:53Z with exit-code 0.
...
