/eic/u/cyang/eic/Job_submission_RCF/output_DIS_10x100_minQ2_1_with_bkg_25.10.4
/eic/u/cyang/eic/Job_submission_RCF/input_files/DIS_10x100_minQ2_1_with_bkg_25.10.4/subList_015.list
/eic/u/cyang/eic/Job_submission_RCF/output_DIS_10x100_minQ2_1_with_bkg_25.10.4/output_015.root
/eic/u/cyang/eic/Job_submission_RCF/output_DIS_10x100_minQ2_1_with_bkg_25.10.4/Signal_015.root
/eic/u/cyang/eic/Job_submission_RCF/output_DIS_10x100_minQ2_1_with_bkg_25.10.4/Bkg_015.root
[i] Add 0th file: root://dtn-eic.jlab.org//volatile/eic/EPIC/RECO/25.10.4/epic_craterlake/Bkg_1SignalPer2usFrame/DIS/NC/10x100/minQ2=1/pythia8NCDIS_10x100_minQ2=1_beamEffects_xAngle=-0.025_hiDiv_1.0301.eicrecon.edm4eic.root
[i] Add 1th file: root://dtn-eic.jlab.org//volatile/eic/EPIC/RECO/25.10.4/epic_craterlake/Bkg_1SignalPer2usFrame/DIS/NC/10x100/minQ2=1/pythia8NCDIS_10x100_minQ2=1_beamEffects_xAngle=-0.025_hiDiv_1.0302.eicrecon.edm4eic.root
[i] Add 2th file: root://dtn-eic.jlab.org//volatile/eic/EPIC/RECO/25.10.4/epic_craterlake/Bkg_1SignalPer2usFrame/DIS/NC/10x100/minQ2=1/pythia8NCDIS_10x100_minQ2=1_beamEffects_xAngle=-0.025_hiDiv_1.0303.eicrecon.edm4eic.root
[i] Add 3th file: root://dtn-eic.jlab.org//volatile/eic/EPIC/RECO/25.10.4/epic_craterlake/Bkg_1SignalPer2usFrame/DIS/NC/10x100/minQ2=1/pythia8NCDIS_10x100_minQ2=1_beamEffects_xAngle=-0.025_hiDiv_1.0304.eicrecon.edm4eic.root
[i] Add 4th file: root://dtn-eic.jlab.org//volatile/eic/EPIC/RECO/25.10.4/epic_craterlake/Bkg_1SignalPer2usFrame/DIS/NC/10x100/minQ2=1/pythia8NCDIS_10x100_minQ2=1_beamEffects_xAngle=-0.025_hiDiv_1.0305.eicrecon.edm4eic.root
[i] Add 5th file: root://dtn-eic.jlab.org//volatile/eic/EPIC/RECO/25.10.4/epic_craterlake/Bkg_1SignalPer2usFrame/DIS/NC/10x100/minQ2=1/pythia8NCDIS_10x100_minQ2=1_beamEffects_xAngle=-0.025_hiDiv_1.0306.eicrecon.edm4eic.root
[i] Add 6th file: root://dtn-eic.jlab.org//volatile/eic/EPIC/RECO/25.10.4/epic_craterlake/Bkg_1SignalPer2usFrame/DIS/NC/10x100/minQ2=1/pythia8NCDIS_10x100_minQ2=1_beamEffects_xAngle=-0.025_hiDiv_1.0307.eicrecon.edm4eic.root
[i] Add 7th file: root://dtn-eic.jlab.org//volatile/eic/EPIC/RECO/25.10.4/epic_craterlake/Bkg_1SignalPer2usFrame/DIS/NC/10x100/minQ2=1/pythia8NCDIS_10x100_minQ2=1_beamEffects_xAngle=-0.025_hiDiv_1.0308.eicrecon.edm4eic.root
[i] Add 8th file: root://dtn-eic.jlab.org//volatile/eic/EPIC/RECO/25.10.4/epic_craterlake/Bkg_1SignalPer2usFrame/DIS/NC/10x100/minQ2=1/pythia8NCDIS_10x100_minQ2=1_beamEffects_xAngle=-0.025_hiDiv_1.0309.eicrecon.edm4eic.root
[i] Add 9th file: root://dtn-eic.jlab.org//volatile/eic/EPIC/RECO/25.10.4/epic_craterlake/Bkg_1SignalPer2usFrame/DIS/NC/10x100/minQ2=1/pythia8NCDIS_10x100_minQ2=1_beamEffects_xAngle=-0.025_hiDiv_1.0310.eicrecon.edm4eic.root
[i] Add 10th file: root://dtn-eic.jlab.org//volatile/eic/EPIC/RECO/25.10.4/epic_craterlake/Bkg_1SignalPer2usFrame/DIS/NC/10x100/minQ2=1/pythia8NCDIS_10x100_minQ2=1_beamEffects_xAngle=-0.025_hiDiv_1.0311.eicrecon.edm4eic.root
[i] Add 11th file: root://dtn-eic.jlab.org//volatile/eic/EPIC/RECO/25.10.4/epic_craterlake/Bkg_1SignalPer2usFrame/DIS/NC/10x100/minQ2=1/pythia8NCDIS_10x100_minQ2=1_beamEffects_xAngle=-0.025_hiDiv_1.0312.eicrecon.edm4eic.root
[i] Add 12th file: root://dtn-eic.jlab.org//volatile/eic/EPIC/RECO/25.10.4/epic_craterlake/Bkg_1SignalPer2usFrame/DIS/NC/10x100/minQ2=1/pythia8NCDIS_10x100_minQ2=1_beamEffects_xAngle=-0.025_hiDiv_1.0313.eicrecon.edm4eic.root
[i] Add 13th file: root://dtn-eic.jlab.org//volatile/eic/EPIC/RECO/25.10.4/epic_craterlake/Bkg_1SignalPer2usFrame/DIS/NC/10x100/minQ2=1/pythia8NCDIS_10x100_minQ2=1_beamEffects_xAngle=-0.025_hiDiv_1.0314.eicrecon.edm4eic.root
[i] Add 14th file: root://dtn-eic.jlab.org//volatile/eic/EPIC/RECO/25.10.4/epic_craterlake/Bkg_1SignalPer2usFrame/DIS/NC/10x100/minQ2=1/pythia8NCDIS_10x100_minQ2=1_beamEffects_xAngle=-0.025_hiDiv_1.0315.eicrecon.edm4eic.root
[i] Add 15th file: root://dtn-eic.jlab.org//volatile/eic/EPIC/RECO/25.10.4/epic_craterlake/Bkg_1SignalPer2usFrame/DIS/NC/10x100/minQ2=1/pythia8NCDIS_10x100_minQ2=1_beamEffects_xAngle=-0.025_hiDiv_1.0316.eicrecon.edm4eic.root
[i] Add 16th file: root://dtn-eic.jlab.org//volatile/eic/EPIC/RECO/25.10.4/epic_craterlake/Bkg_1SignalPer2usFrame/DIS/NC/10x100/minQ2=1/pythia8NCDIS_10x100_minQ2=1_beamEffects_xAngle=-0.025_hiDiv_1.0317.eicrecon.edm4eic.root
[i] Add 17th file: root://dtn-eic.jlab.org//volatile/eic/EPIC/RECO/25.10.4/epic_craterlake/Bkg_1SignalPer2usFrame/DIS/NC/10x100/minQ2=1/pythia8NCDIS_10x100_minQ2=1_beamEffects_xAngle=-0.025_hiDiv_1.0318.eicrecon.edm4eic.root
[i] Add 18th file: root://dtn-eic.jlab.org//volatile/eic/EPIC/RECO/25.10.4/epic_craterlake/Bkg_1SignalPer2usFrame/DIS/NC/10x100/minQ2=1/pythia8NCDIS_10x100_minQ2=1_beamEffects_xAngle=-0.025_hiDiv_1.0319.eicrecon.edm4eic.root
[i] Add 19th file: root://dtn-eic.jlab.org//volatile/eic/EPIC/RECO/25.10.4/epic_craterlake/Bkg_1SignalPer2usFrame/DIS/NC/10x100/minQ2=1/pythia8NCDIS_10x100_minQ2=1_beamEffects_xAngle=-0.025_hiDiv_1.0320.eicrecon.edm4eic.root
[i] Read in 20 files with 960 events in total

[i] New event 0
