000 (1132.083.000) 2025-12-25 18:43:11 Job submitted from host: <130.199.48.160:9618?addrs=[2620-0-210-a002--160]-9618+130.199.48.160-9618&alias=eicsub02.sdcc.bnl.gov&noUDP&sock=schedd_1122_32c5>
...
001 (1132.083.000) 2025-12-25 18:46:58 Job executing on host: <130.199.207.226:9618?addrs=[2620-0-210-9040--226]-9618+130.199.207.226-9618&alias=spool1513.sdcc.bnl.gov&noUDP&sock=startd_62318_f5b4>
	SlotName: slot1_39@spool1513.sdcc.bnl.gov
	CondorScratchDir = "/home/condor/local/sdcc/execute/dir_2600132"
	Cpus = 1
	Disk = 7408
	Memory = 4096
	xferslots = 0
...
006 (1132.083.000) 2025-12-25 18:47:06 Image size of job updated: 70080
	69  -  MemoryUsage of job (MB)
	70080  -  ResidentSetSize of job (KB)
...
006 (1132.083.000) 2025-12-25 18:52:06 Image size of job updated: 2017476
	1970  -  MemoryUsage of job (MB)
	2017084  -  ResidentSetSize of job (KB)
...
006 (1132.083.000) 2025-12-25 18:57:07 Image size of job updated: 2019240
	1972  -  MemoryUsage of job (MB)
	2019036  -  ResidentSetSize of job (KB)
...
006 (1132.083.000) 2025-12-25 19:02:07 Image size of job updated: 2021524
	1974  -  MemoryUsage of job (MB)
	2021272  -  ResidentSetSize of job (KB)
...
006 (1132.083.000) 2025-12-25 19:07:07 Image size of job updated: 2022836
	1976  -  MemoryUsage of job (MB)
	2022836  -  ResidentSetSize of job (KB)
...
006 (1132.083.000) 2025-12-25 19:11:05 Image size of job updated: 2339504
	1976  -  MemoryUsage of job (MB)
	2022836  -  ResidentSetSize of job (KB)
...
005 (1132.083.000) 2025-12-25 19:11:05 Job terminated.
	(1) Normal termination (return value 0)
		Usr 0 00:15:50, Sys 0 00:00:19  -  Run Remote Usage
		Usr 0 00:00:00, Sys 0 00:00:00  -  Run Local Usage
		Usr 0 00:15:50, Sys 0 00:00:19  -  Total Remote Usage
		Usr 0 00:00:00, Sys 0 00:00:00  -  Total Local Usage
	0  -  Run Bytes Sent By Job
	0  -  Run Bytes Received By Job
	0  -  Total Bytes Sent By Job
	0  -  Total Bytes Received By Job
	Partitionable Resources :    Usage  Request Allocated 
	   Cpus                 :     0.67        1         1 
	   Disk (KB)            :     1           1      7408 
	   Memory (MB)          :  1976        4096      4096 
	   TimeExecute (s)      :  1447                       
	   TimeSlotBusy (s)     :  1447                       
	   xferslots            :                           0 
...
