000 (1132.154.000) 2025-12-25 18:43:11 Job submitted from host: <130.199.48.160:9618?addrs=[2620-0-210-a002--160]-9618+130.199.48.160-9618&alias=eicsub02.sdcc.bnl.gov&noUDP&sock=schedd_1122_32c5>
...
001 (1132.154.000) 2025-12-25 18:49:13 Job executing on host: <130.199.149.134:9618?addrs=[2620-0-210-9010--134]-9618+130.199.149.134-9618&alias=spool0256.sdcc.bnl.gov&noUDP&sock=startd_408511_ac84>
	SlotName: slot1_18@spool0256.sdcc.bnl.gov
	CondorScratchDir = "/home/condor/local/sdcc/execute/dir_710625"
	Cpus = 1
	Disk = 14765
	Memory = 4096
	xferslots = 0
...
006 (1132.154.000) 2025-12-25 18:49:26 Image size of job updated: 84072
	83  -  MemoryUsage of job (MB)
	84072  -  ResidentSetSize of job (KB)
...
006 (1132.154.000) 2025-12-25 18:54:26 Image size of job updated: 2018496
	1972  -  MemoryUsage of job (MB)
	2018496  -  ResidentSetSize of job (KB)
...
006 (1132.154.000) 2025-12-25 18:59:27 Image size of job updated: 2020648
	1974  -  MemoryUsage of job (MB)
	2020648  -  ResidentSetSize of job (KB)
...
006 (1132.154.000) 2025-12-25 19:04:27 Image size of job updated: 2022988
	1975  -  MemoryUsage of job (MB)
	2021796  -  ResidentSetSize of job (KB)
...
006 (1132.154.000) 2025-12-25 19:09:28 Image size of job updated: 2024724
	1977  -  MemoryUsage of job (MB)
	2024332  -  ResidentSetSize of job (KB)
...
006 (1132.154.000) 2025-12-25 19:10:43 Image size of job updated: 2336356
	1977  -  MemoryUsage of job (MB)
	2024332  -  ResidentSetSize of job (KB)
...
005 (1132.154.000) 2025-12-25 19:10:44 Job terminated.
	(1) Normal termination (return value 0)
		Usr 0 00:15:02, Sys 0 00:00:40  -  Run Remote Usage
		Usr 0 00:00:00, Sys 0 00:00:00  -  Run Local Usage
		Usr 0 00:15:02, Sys 0 00:00:40  -  Total Remote Usage
		Usr 0 00:00:00, Sys 0 00:00:00  -  Total Local Usage
	0  -  Run Bytes Sent By Job
	0  -  Run Bytes Received By Job
	0  -  Total Bytes Sent By Job
	0  -  Total Bytes Received By Job
	Partitionable Resources :    Usage  Request Allocated 
	   Cpus                 :     0.73        1         1 
	   Disk (KB)            :     1           1     14765 
	   Memory (MB)          :  1977        4096      4096 
	   TimeExecute (s)      :  1291                       
	   TimeSlotBusy (s)     :  1291                       
	   xferslots            :                           0 

	Job terminated of its own accord at 2025-12-26T00:10:43Z with exit-code 0.
...
