000 (1132.204.000) 2025-12-25 18:43:11 Job submitted from host: <130.199.48.160:9618?addrs=[2620-0-210-a002--160]-9618+130.199.48.160-9618&alias=eicsub02.sdcc.bnl.gov&noUDP&sock=schedd_1122_32c5>
...
001 (1132.204.000) 2025-12-25 18:50:37 Job executing on host: <130.199.149.89:9618?addrs=[2620-0-210-9008--89]-9618+130.199.149.89-9618&alias=spool0223.sdcc.bnl.gov&noUDP&sock=startd_55811_9390>
	SlotName: slot1_10@spool0223.sdcc.bnl.gov
	CondorScratchDir = "/home/condor/local/sdcc/execute/dir_9693"
	Cpus = 1
	Disk = 14765
	Memory = 4096
	xferslots = 0
...
006 (1132.204.000) 2025-12-25 18:50:51 Image size of job updated: 49468
	49  -  MemoryUsage of job (MB)
	49468  -  ResidentSetSize of job (KB)
...
006 (1132.204.000) 2025-12-25 18:55:52 Image size of job updated: 2016132
	1969  -  MemoryUsage of job (MB)
	2016004  -  ResidentSetSize of job (KB)
...
006 (1132.204.000) 2025-12-25 19:00:52 Image size of job updated: 2017660
	1971  -  MemoryUsage of job (MB)
	2017660  -  ResidentSetSize of job (KB)
...
006 (1132.204.000) 2025-12-25 19:05:53 Image size of job updated: 2021592
	1975  -  MemoryUsage of job (MB)
	2021592  -  ResidentSetSize of job (KB)
...
006 (1132.204.000) 2025-12-25 19:10:54 Image size of job updated: 2025344
	1978  -  MemoryUsage of job (MB)
	2025088  -  ResidentSetSize of job (KB)
...
006 (1132.204.000) 2025-12-25 19:11:21 Image size of job updated: 2310248
	1978  -  MemoryUsage of job (MB)
	2025088  -  ResidentSetSize of job (KB)
...
005 (1132.204.000) 2025-12-25 19:11:21 Job terminated.
	(1) Normal termination (return value 0)
		Usr 0 00:13:36, Sys 0 00:00:36  -  Run Remote Usage
		Usr 0 00:00:00, Sys 0 00:00:00  -  Run Local Usage
		Usr 0 00:13:36, Sys 0 00:00:36  -  Total Remote Usage
		Usr 0 00:00:00, Sys 0 00:00:00  -  Total Local Usage
	0  -  Run Bytes Sent By Job
	0  -  Run Bytes Received By Job
	0  -  Total Bytes Sent By Job
	0  -  Total Bytes Received By Job
	Partitionable Resources :    Usage  Request Allocated 
	   Cpus                 :     0.65        1         1 
	   Disk (KB)            :     1           1     14765 
	   Memory (MB)          :  1978        4096      4096 
	   TimeExecute (s)      :  1244                       
	   TimeSlotBusy (s)     :  1244                       
	   xferslots            :                           0 

	Job terminated of its own accord at 2025-12-26T00:11:21Z with exit-code 0.
...
