000 (1132.086.000) 2025-12-25 18:43:11 Job submitted from host: <130.199.48.160:9618?addrs=[2620-0-210-a002--160]-9618+130.199.48.160-9618&alias=eicsub02.sdcc.bnl.gov&noUDP&sock=schedd_1122_32c5>
...
001 (1132.086.000) 2025-12-25 18:46:59 Job executing on host: <130.199.157.177:9618?addrs=[2620-0-210-9018--177]-9618+130.199.157.177-9618&alias=spool0849.sdcc.bnl.gov&noUDP&sock=startd_371271_af1b>
	SlotName: slot1_24@spool0849.sdcc.bnl.gov
	CondorScratchDir = "/home/condor/local/sdcc/execute/dir_3566857"
	Cpus = 1
	Disk = 7408
	Memory = 4096
	xferslots = 0
...
006 (1132.086.000) 2025-12-25 18:47:13 Image size of job updated: 22640
	23  -  MemoryUsage of job (MB)
	22640  -  ResidentSetSize of job (KB)
...
006 (1132.086.000) 2025-12-25 18:52:14 Image size of job updated: 2018872
	1951  -  MemoryUsage of job (MB)
	1997268  -  ResidentSetSize of job (KB)
...
006 (1132.086.000) 2025-12-25 18:57:14 Image size of job updated: 2040296
	1993  -  MemoryUsage of job (MB)
	2040296  -  ResidentSetSize of job (KB)
...
006 (1132.086.000) 2025-12-25 19:02:14 Image size of job updated: 2040940
	1993  -  MemoryUsage of job (MB)
	2040296  -  ResidentSetSize of job (KB)
...
006 (1132.086.000) 2025-12-25 19:07:15 Image size of job updated: 2041852
	1993  -  MemoryUsage of job (MB)
	2040396  -  ResidentSetSize of job (KB)
...
006 (1132.086.000) 2025-12-25 19:09:29 Image size of job updated: 2337664
	1993  -  MemoryUsage of job (MB)
	2040396  -  ResidentSetSize of job (KB)
...
005 (1132.086.000) 2025-12-25 19:09:29 Job terminated.
	(1) Normal termination (return value 0)
		Usr 0 00:17:10, Sys 0 00:00:21  -  Run Remote Usage
		Usr 0 00:00:00, Sys 0 00:00:00  -  Run Local Usage
		Usr 0 00:17:10, Sys 0 00:00:21  -  Total Remote Usage
		Usr 0 00:00:00, Sys 0 00:00:00  -  Total Local Usage
	0  -  Run Bytes Sent By Job
	0  -  Run Bytes Received By Job
	0  -  Total Bytes Sent By Job
	0  -  Total Bytes Received By Job
	Partitionable Resources :    Usage  Request Allocated 
	   Cpus                 :     0.80        1         1 
	   Disk (KB)            :     1           1      7408 
	   Memory (MB)          :  1993        4096      4096 
	   TimeExecute (s)      :  1350                       
	   TimeSlotBusy (s)     :  1350                       
	   xferslots            :                           0 

	Job terminated of its own accord at 2025-12-26T00:09:29Z with exit-code 0.
...
